DDR d5483af87d cym 23/11/23-16:15:24,fwver: v1.15
LPDDR4X, 2112MHz
channel[0] BW=16 Col=10 Bk=8 CS0 Row=16 CS1 Row=16 CS=2 Die BW=16 Size=2048MB
channel[1] BW=16 Col=10 Bk=8 CS0 Row=16 CS1 Row=16 CS=2 Die BW=16 Size=2048MB
channel[2] BW=16 Col=10 Bk=8 CS0 Row=16 CS1 Row=16 CS=2 Die BW=16 Size=2048MB
channel[3] BW=16 Col=10 Bk=8 CS0 Row=16 CS1 Row=16 CS=2 Die BW=16 Size=2048MB
Manufacturer ID:0x13
CH0 RX Vref:30.5%, TX Vref:19.8%,18.8%
CH1 RX Vref:33.9%, TX Vref:18.8%,18.8%
CH2 RX Vref:38.5%, TX Vref:18.8%,18.8%
CH3 RX Vref:38.9%, TX Vref:18.8%,18.8%
change to F1: 528MHz
change to F2: 1068MHz
change to F3: 1560MHz
change to F0: 2112MHz
out
U-Boot SPL board init
U-Boot SPL 2017.09-g82435751526-231214-dirty #zhangzj (Dec 14 2023 - 09:16:28)
unknown raw ID 0 0 0
unrecognized JEDEC id bytes: 00, 00, 00
Trying to boot from MMC2
MMC: no card present
mmc_init: -123, time 0
spl: mmc init failed with error: -123
Trying to boot from MMC1
SPL: A/B-slot: _a, successful: 0, tries-remain: 7
Trying fit image at 0x4000 sector
## Verified-boot: 0
## Checking atf-1 0x00040000 ... sha256(a7d1d8d191...) + OK
## Checking u-boot 0x00a00000 ... sha256(860c44efbf...) + OK
## Checking fdt-1 0x00b0ede0 ... sha256(a64644397b...) + OK
## Checking atf-2 0x000f0000 ... sha256(aa71013e72...) + OK
## Checking atf-3 0xff100000 ... sha256(4b2065349b...) + OK
## Checking tee-1 0x08400000 ... sha256(617eb0ee15...) + OK
Jumping to U-Boot(0x00a00000) via ARM Trusted Firmware(0x00040000)
Total: 97.6/266.852 ms

INFO:    Preloader serial: 2
NOTICE:  BL31: v2.3():v2.3-682-g4ca8a8422:derrick.huang, fwver: v1.45
NOTICE:  BL31: Built : 10:11:21, Dec 27 2023
INFO:    spec: 0x1
INFO:    code: 0x88
INFO:    ext 32k is not valid
INFO:    ddr: stride-en 4CH
INFO:    GICv3 without legacy support detected.
INFO:    ARM GICv3 driver initialized in EL3
INFO:    valid_cpu_msk=0xff bcore0_rst = 0x0, bcore1_rst = 0x0
INFO:    l3 cache partition cfg-0
INFO:    system boots from cpu-hwid-0
INFO:    disable memory repair
INFO:    idle_st=0x21fff, pd_st=0x11fff9, repair_st=0xfff70001
INFO:    dfs DDR fsp_params[0].freq_mhz= 2112MHz
INFO:    dfs DDR fsp_params[1].freq_mhz= 528MHz
INFO:    dfs DDR fsp_params[2].freq_mhz= 1068MHz
INFO:    dfs DDR fsp_params[3].freq_mhz= 1560MHz
INFO:    BL31: Initialising Exception Handling Framework
INFO:    BL31: Initializing runtime services
INFO:    BL31: Initializing BL32
I/TC: 
I/TC: OP-TEE version: 3.13.0-760-g540ade275 #zhangzj (gcc version 10.2.1 20201103 (GNU Toolchain for the A-profile Architecture 10.2-2020.11 (arm-10.16))) #3 Tue Dec  5 14:36:05 CST 2023 aarch64, fwver: null 
I/TC: OP-TEE memory: TEEOS 0x200000 TA 0xc00000 SHM 0x200000
I/TC: Primary CPU initializing
I/TC: Primary CPU switching to normal world boot
INFO:    BL31: Preparing for EL3 exit to normal world
INFO:    Entry point address = 0xa00000
INFO:    SPSR = 0x3c9


U-Boot 2024.01-rc5-g6aa243c3f8-dirty (Mar 18 2024 - 13:55:03 +0800)

Model: ArmSoM Sige7 Board
DRAM:  8 GiB (effective 7.7 GiB)
pcie_dw_rockchip pcie@fe180000: failed to get pcie phy (ret=-19)
pcie_dw_rockchip pcie@fe150000: PCIe-3 Link Fail
Core:  339 devices, 28 uclasses, devicetree: separate
MMC:   mmc@fe2c0000: 1, mmc@fe2d0000: 2, mmc@fe2e0000: 0
Loading Environment from MMC... OK
In:    serial@feb50000
Out:   serial@feb50000
Err:   serial@feb50000
Model: ArmSoM Sige7 Board
Net:   eth0: eth_rtl8169, eth1: eth_rtl8169
Hit any key to stop autoboot:  2  1  0 
Scanning for bootflows in all bootdevs
Seq  Method       State   Uclass    Part  Name                      Filename
---  -----------  ------  --------  ----  ------------------------  ----------------
Scanning global bootmeth 'efi_mgr':
Card did not respond to voltage select! : -110
Card did not respond to voltage select! : -110
Bus usb@fc800000: USB EHCI 1.00
Bus usb@fc840000: USB OHCI 1.0
Bus usb@fc880000: USB EHCI 1.00
Bus usb@fc8c0000: USB OHCI 1.0
scanning bus usb@fc800000 for devices... 1 USB Device(s) found
scanning bus usb@fc840000 for devices... 1 USB Device(s) found
scanning bus usb@fc880000 for devices... 2 USB Device(s) found
scanning bus usb@fc8c0000 for devices... 1 USB Device(s) found
Scanning bootdev 'usb_mass_storage.lun0.bootdev':
  0  efi          ready   usb_mass_    2  usb_mass_storage.lun0.boo efi/boot/bootaa64.efi
** Booting bootflow 'usb_mass_storage.lun0.bootdev.part_2' with efi
Booting /efi\boot\bootaa64.efi
error: file `/boot/' not found.
GNU GRUB  version 2.12~rc1

вввввв”Ђвввввввввввввввввввввввввввввввввввввввввв”Ђввввввввввввввввввввввввввввввввввввввввввввввввввввввввввввввввввввввввввввввввв”Ђвввввввввввввввввввввввввввввввввввввввввввввввввввввв”Ђввввввввввввввввввввввввввввввввввввввввввввввввввввввввввввввввввввввввввввввввввввв”Ђвввввввввввввввввввввввввввввввввв     Use the в and в keys to select which entry is highlighted.                                                              
      Press enter to boot the selected OS, `e' to edit the commands before booting or `c' for a command-line.                  *Try or Install Ubuntu Server                                                                                                    Boot from next volume                                                                                                           UEFI Firmware Settings                                                                                                                                                                                                                                                                                                                                                                                                                                                                                                                                                                                                                                                                                                                                                                                                                                                                                                                                                                                                                                                                                                                                                                                                                                                                                                                                                                                                                                                                                                                                                                                                                                                                                                                                                                                                                                                                                                                                                                                                                                                                                                                                                                                                                                                                                                                                                                                                                                                                                                             The highlighted entry will be executed automatically in 30s.                                                                       The highlighted entry will be executed automatically in 29s.                                                                                                                                                                                                                                                                                                                                          GNU GRUB  version 2.12~rc1

ввввввввввввввввввввв”Ђвввввввввввввввввввввввввввввввввввввввввв”Ђввввввввввввввввввввввввввввввввввввввввввввввввввввввввввввввввввввввввввввввввввввввввввввввввввввввввввввввввввввввввввввввввввввввввввв”Ђввввввввввввввввввввввввввввввввввввввввввввввввввввввввввввввввввввввввввввввввв”Ђввввввввввввввввввв     Minimum Emacs-like screen editing is supported. TAB lists completions. Press Ctrl-x or F10 to boot, Ctrl-c or F2 for a  
      command-line or ESC to discard edits and return to the GRUB menu.                                                       setparams 'Try or Install Ubuntu Server'                                                                                                                                                                                                                                set gfxpayload=keep                                                                                                             linux        /casper/vmlinuz  ---                                                                                               initrd        /casper/initrd                                                                                                                                                                                                                                                                                                                                                                                                                                                                                                                                                                                                                                                                                                                                                                                                                                                                                                                                                                                                                                                                                                                                                                                                                                                                                                                                                                                                                                                                                                                                                                                                                                                                                                                                                                                                                                                                                                                                                                                                                                                                                                                                                                                                                                Booting a command list

EFI stub: Booting Linux Kernel...
EFI stub: EFI_RNG_PROTOCOL unavailable
EFI stub: Loaded initrd from LINUX_EFI_INITRD_MEDIA_GUID device path
EFI stub: Using DTB from configuration table
EFI stub: Exiting boot services...
I/TC: Secondary CPU 1 initializing
I/TC: Secondary CPU 1 switching to normal world boot
I/TC: Secondary CPU 2 initializing
I/TC: Secondary CPU 2 switching to normal world boot
I/TC: Secondary CPU 3 initializing
I/TC: Secondary CPU 3 switching to normal world boot
I/TC: Secondary CPU 4 initializing
I/TC: Secondary CPU 4 switching to normal world boot
I/TC: Secondary CPU 5 initializing
I/TC: Secondary CPU 5 switching to normal world boot
I/TC: Secondary CPU 6 initializing
I/TC: Secondary CPU 6 switching to normal world boot
I/TC: Secondary CPU 7 initializing
I/TC: Secondary CPU 7 switching to normal world boot
[    0.000000] Booting Linux on physical CPU 0x0000000000 [0x412fd050]
[    0.000000] Linux version 6.6.0-14-generic (buildd@bos03-arm64-023) (aarch64-linux-gnu-gcc-13 (Ubuntu 13.2.0-7ubuntu1) 13.2.0, GNU ld (GNU Binutils for Ubuntu) 2.41) #14-Ubuntu SMP PREEMPT_DYNAMIC Thu Nov 30 10:53:08 UTC 2023 (Ubuntu 6.6.0-14.14-generic 6.6.3)
[    0.000000] KASLR disabled due to lack of seed
[    0.000000] Machine model: ArmSoM Sige7 Board
[    0.000000] efi: EFI v2.10 by Das U-Boot
[    0.000000] efi: ESRT=0xece6a040 RTPROP=0xece6c040 SMBIOS=0xece93000 MOKvar=0xecd5c000 INITRD=0xe3c6c040 MEMRESERVE=0xe3c6b040 
[    0.000000] secureboot: Secure boot disabled
[    0.000000] esrt: Reserving ESRT space from 0x00000000ece6a040 to 0x00000000ece6a078.
[    0.000000] OF: reserved mem: 0x0000000008400000..0x00000000093fffff (16384 KiB) nomap non-reusable optee@8400000
[    0.000000] OF: reserved mem: 0x00000003fc000000..0x00000003fc4fffff (5120 KiB) nomap non-reusable gap1@3,fc000000
[    0.000000] OF: reserved mem: 0x00000003fff00000..0x00000003ffffffff (1024 KiB) nomap non-reusable gap2@3,fff00000
[    0.000000] NUMA: No NUMA configuration found
[    0.000000] NUMA: Faking a node at [mem 0x0000000000200000-0x00000001ffffffff]
[    0.000000] NUMA: NODE_DATA [mem 0x1feffe600-0x1ff003fff]
[    0.000000] Zone ranges:
[    0.000000]   DMA      [mem 0x0000000000200000-0x00000000ffffffff]
[    0.000000]   DMA32    empty
[    0.000000]   Normal   [mem 0x0000000100000000-0x00000001ffffffff]
[    0.000000]   Device   empty
[    0.000000] Movable zone start for each node
[    0.000000] Early memory node ranges
[    0.000000]   node   0: [mem 0x0000000000200000-0x0000000000b0dfff]
[    0.000000]   node   0: [mem 0x0000000000b0e000-0x0000000000b28fff]
[    0.000000]   node   0: [mem 0x0000000000b29000-0x00000000083fffff]
[    0.000000]   node   0: [mem 0x0000000008400000-0x00000000093fffff]
[    0.000000]   node   0: [mem 0x0000000009400000-0x00000000ecd5bfff]
[    0.000000]   node   0: [mem 0x00000000ecd5c000-0x00000000ecd5cfff]
[    0.000000]   node   0: [mem 0x00000000ecd5d000-0x00000000ece6bfff]
[    0.000000]   node   0: [mem 0x00000000ece6c000-0x00000000ece6cfff]
[    0.000000]   node   0: [mem 0x00000000ece6d000-0x00000000ece6ffff]
[    0.000000]   node   0: [mem 0x00000000ece70000-0x00000000ece71fff]
[    0.000000]   node   0: [mem 0x00000000ece72000-0x00000000ece72fff]
[    0.000000]   node   0: [mem 0x00000000ece73000-0x00000000ece93fff]
[    0.000000]   node   0: [mem 0x00000000ece94000-0x00000000efebffff]
[    0.000000]   node   0: [mem 0x00000000efec0000-0x00000000efecffff]
[    0.000000]   node   0: [mem 0x00000000efed0000-0x00000000efffffff]
[    0.000000]   node   0: [mem 0x0000000100000000-0x00000001ffffffff]
[    0.000000] Initmem setup node 0 [mem 0x0000000000200000-0x00000001ffffffff]
[    0.000000] On node 0, zone DMA: 512 pages in unavailable ranges
[    0.000000] cma: Reserved 32 MiB at 0x00000000ede00000 on node -1
[    0.000000] psci: probing for conduit method from DT.
[    0.000000] psci: PSCIv1.1 detected in firmware.
[    0.000000] psci: Using standard PSCI v0.2 function IDs
[    0.000000] psci: Trusted OS migration not required
[    0.000000] psci: SMC Calling Convention v1.2
[    0.000000] percpu: Embedded 54 pages/cpu s94248 r8192 d118744 u221184
[    0.000000] Detected VIPT I-cache on CPU0
[    0.000000] CPU features: detected: GIC system register CPU interface
[    0.000000] CPU features: detected: Virtualization Host Extensions
[    0.000000] CPU features: detected: Qualcomm erratum 1009, or ARM erratum 1286807, 2441009
[    0.000000] CPU features: detected: ARM errata 1165522, 1319367, or 1530923
[    0.000000] alternatives: applying boot alternatives
[    0.000000] Kernel command line: BOOT_IMAGE=/casper/vmlinuz ---
[    0.000000] Unknown kernel command line parameters "--- BOOT_IMAGE=/casper/vmlinuz", will be passed to user space.
[    0.000000] Dentry cache hash table entries: 1048576 (order: 11, 8388608 bytes, linear)
[    0.000000] Inode-cache hash table entries: 524288 (order: 10, 4194304 bytes, linear)
[    0.000000] Fallback order for Node 0: 0 
[    0.000000] Built 1 zonelists, mobility grouping on.  Total pages: 1999368
[    0.000000] Policy zone: Normal
[    0.000000] mem auto-init: stack:all(zero), heap alloc:on, heap free:off
[    0.000000] software IO TLB: area num 8.
[    0.000000] software IO TLB: mapped [mem 0x00000000e8d5c000-0x00000000ecd5c000] (64MB)
[    0.000000] Memory: 7693236K/8124416K available (22208K kernel code, 5082K rwdata, 15384K rodata, 11968K init, 1191K bss, 398412K reserved, 32768K cma-reserved)
[    0.000000] SLUB: HWalign=64, Order=0-3, MinObjects=0, CPUs=8, Nodes=1
[    0.000000] ftrace: allocating 60036 entries in 235 pages
[    0.000000] ftrace: allocated 235 pages with 6 groups
[    0.000000] trace event string verifier disabled
[    0.000000] Dynamic Preempt: voluntary
[    0.000000] rcu: Preemptible hierarchical RCU implementation.
[    0.000000] rcu: 	RCU restricting CPUs from NR_CPUS=512 to nr_cpu_ids=8.
[    0.000000] 	Trampoline variant of Tasks RCU enabled.
[    0.000000] 	Rude variant of Tasks RCU enabled.
[    0.000000] 	Tracing variant of Tasks RCU enabled.
[    0.000000] rcu: RCU calculated value of scheduler-enlistment delay is 25 jiffies.
[    0.000000] rcu: Adjusting geometry for rcu_fanout_leaf=16, nr_cpu_ids=8
[    0.000000] NR_IRQS: 64, nr_irqs: 64, preallocated irqs: 0
[    0.000000] GICv3: GIC: Using split EOI/Deactivate mode
[    0.000000] GICv3: 480 SPIs implemented
[    0.000000] GICv3: 0 Extended SPIs implemented
[    0.000000] GICv3: MBI range [424:479]
[    0.000000] GICv3: Using MBI frame 0x00000000fe610000
[    0.000000] Root IRQ handler: gic_handle_irq
[    0.000000] GICv3: GICv3 features: 16 PPIs
[    0.000000] GICv3: CPU0: found redistributor 0 region 0:0x00000000fe680000
[    0.000000] ITS [mem 0xfe640000-0xfe65ffff]
[    0.000000] GIC: enabling workaround for ITS: Rockchip erratum RK3588001
[    0.000000] ITS@0x00000000fe640000: allocated 8192 Devices @100290000 (indirect, esz 8, psz 64K, shr 0)
[    0.000000] ITS@0x00000000fe640000: allocated 32768 Interrupt Collections @1002a0000 (flat, esz 2, psz 64K, shr 0)
[    0.000000] ITS: using cache flushing for cmd queue
[    0.000000] ITS [mem 0xfe660000-0xfe67ffff]
[    0.000000] GIC: enabling workaround for ITS: Rockchip erratum RK3588001
[    0.000000] ITS@0x00000000fe660000: allocated 8192 Devices @1002c0000 (indirect, esz 8, psz 64K, shr 0)
[    0.000000] ITS@0x00000000fe660000: allocated 32768 Interrupt Collections @1002d0000 (flat, esz 2, psz 64K, shr 0)
[    0.000000] ITS: using cache flushing for cmd queue
[    0.000000] GICv3: using LPI property table @0x00000001002e0000
[    0.000000] GIC: using cache flushing for LPI property table
[    0.000000] GICv3: CPU0: using allocated LPI pending table @0x00000001002f0000
[    0.000000] GICv3: GIC: PPI partition interrupt-partition-0[0] { /cpus/cpu@0[0] /cpus/cpu@100[1] /cpus/cpu@200[2] /cpus/cpu@300[3] }
[    0.000000] GICv3: GIC: PPI partition interrupt-partition-1[1] { /cpus/cpu@400[4] /cpus/cpu@500[5] /cpus/cpu@600[6] /cpus/cpu@700[7] }
[    0.000000] rcu: srcu_init: Setting srcu_struct sizes based on contention.
[    0.000000] arch_timer: cp15 timer(s) running at 24.00MHz (phys).
[    0.000000] clocksource: arch_sys_counter: mask: 0xffffffffffffff max_cycles: 0x588fe9dc0, max_idle_ns: 440795202592 ns
[    0.000001] sched_clock: 56 bits at 24MHz, resolution 41ns, wraps every 4398046511097ns
[    0.004205] Console: colour dummy device 80x25
[    0.004221] printk: console [tty0] enabled
[    0.007993] Calibrating delay loop (skipped), value calculated using timer frequency.. 48.00 BogoMIPS (lpj=96000)
[    0.008038] pid_max: default: 32768 minimum: 301
[    0.012787] LSM: initializing lsm=lockdown,capability,landlock,yama,apparmor,integrity
[    0.012884] landlock: Up and running.
[    0.012903] Yama: becoming mindful.
[    0.013621] AppArmor: AppArmor initialized
[    0.015628] Mount-cache hash table entries: 16384 (order: 5, 131072 bytes, linear)
[    0.015689] Mountpoint-cache hash table entries: 16384 (order: 5, 131072 bytes, linear)
[    0.023633] RCU Tasks: Setting shift to 3 and lim to 1 rcu_task_cb_adjust=1.
[    0.023809] RCU Tasks Rude: Setting shift to 3 and lim to 1 rcu_task_cb_adjust=1.
[    0.023994] RCU Tasks Trace: Setting shift to 3 and lim to 1 rcu_task_cb_adjust=1.
[    0.024561] rcu: Hierarchical SRCU implementation.
[    0.024588] rcu: 	Max phase no-delay instances is 1000.
[    0.026378] Platform MSI: msi-controller@fe640000 domain created
[    0.026430] Platform MSI: msi-controller@fe660000 domain created
[    0.026670] PCI/MSI: /interrupt-controller@fe600000/msi-controller@fe640000 domain created
[    0.026734] PCI/MSI: /interrupt-controller@fe600000/msi-controller@fe660000 domain created
[    0.026994] fsl-mc MSI: msi-controller@fe640000 domain created
[    0.027042] fsl-mc MSI: msi-controller@fe660000 domain created
[    0.033289] Remapping and enabling EFI services.
[    0.034391] smp: Bringing up secondary CPUs ...
[    0.036363] Detected VIPT I-cache on CPU1
[    0.036456] GICv3: CPU1: found redistributor 100 region 0:0x00000000fe6a0000
[    0.036478] GICv3: CPU1: using allocated LPI pending table @0x0000000100300000
[    0.036536] CPU1: Booted secondary processor 0x0000000100 [0x412fd050]
[    0.038745] Detected VIPT I-cache on CPU2
[    0.038825] GICv3: CPU2: found redistributor 200 region 0:0x00000000fe6c0000
[    0.038843] GICv3: CPU2: using allocated LPI pending table @0x0000000100310000
[    0.038895] CPU2: Booted secondary processor 0x0000000200 [0x412fd050]
[    0.041003] Detected VIPT I-cache on CPU3
[    0.041083] GICv3: CPU3: found redistributor 300 region 0:0x00000000fe6e0000
[    0.041101] GICv3: CPU3: using allocated LPI pending table @0x0000000100320000
[    0.041151] CPU3: Booted secondary processor 0x0000000300 [0x412fd050]
[    0.043218] CPU features: detected: Spectre-v4
[    0.043224] CPU features: detected: Spectre-BHB
[    0.043231] Detected PIPT I-cache on CPU4
[    0.043277] GICv3: CPU4: found redistributor 400 region 0:0x00000000fe700000
[    0.043287] GICv3: CPU4: using allocated LPI pending table @0x0000000100330000
[    0.043317] CPU4: Booted secondary processor 0x0000000400 [0x414fd0b0]
[    0.045268] Detected PIPT I-cache on CPU5
[    0.045329] GICv3: CPU5: found redistributor 500 region 0:0x00000000fe720000
[    0.045339] GICv3: CPU5: using allocated LPI pending table @0x0000000100340000
[    0.045371] CPU5: Booted secondary processor 0x0000000500 [0x414fd0b0]
[    0.047287] Detected PIPT I-cache on CPU6
[    0.047341] GICv3: CPU6: found redistributor 600 region 0:0x00000000fe740000
[    0.047351] GICv3: CPU6: using allocated LPI pending table @0x0000000100350000
[    0.047382] CPU6: Booted secondary processor 0x0000000600 [0x414fd0b0]
[    0.049358] Detected PIPT I-cache on CPU7
[    0.049414] GICv3: CPU7: found redistributor 700 region 0:0x00000000fe760000
[    0.049424] GICv3: CPU7: using allocated LPI pending table @0x0000000100360000
[    0.049455] CPU7: Booted secondary processor 0x0000000700 [0x414fd0b0]
[    0.049608] smp: Brought up 1 node, 8 CPUs
[    0.050022] SMP: Total of 8 processors activated.
[    0.050043] CPU features: detected: 32-bit EL0 Support
[    0.050062] CPU features: detected: Data cache clean to the PoU not required for I/D coherence
[    0.050088] CPU features: detected: Common not Private translations
[    0.050108] CPU features: detected: CRC32 instructions
[    0.050126] CPU features: detected: Data cache clean to Point of Persistence
[    0.050150] CPU features: detected: RCpc load-acquire (LDAPR)
[    0.050169] CPU features: detected: LSE atomic instructions
[    0.050188] CPU features: detected: Privileged Access Never
[    0.050206] CPU features: detected: RAS Extension Support
[    0.050228] CPU features: detected: Speculative Store Bypassing Safe (SSBS)
[    0.050507] CPU: All CPU(s) started at EL2
[    0.050532] alternatives: applying system-wide alternatives
[    0.059307] devtmpfs: initialized
[    0.085903] clocksource: jiffies: mask: 0xffffffff max_cycles: 0xffffffff, max_idle_ns: 7645041785100000 ns
[    0.085941] futex hash table entries: 2048 (order: 5, 131072 bytes, linear)
[    0.087027] pinctrl core: initialized pinctrl subsystem
[    0.088768] SMBIOS 3.0 present.
[    0.088788] DMI: Unknown Unknown Product/Unknown Product, BIOS 2024.01-rc5-g6aa243c3f8-dirty 01/01/2024
[    0.089928] NET: Registered PF_NETLINK/PF_ROUTE protocol family
[    0.091327] DMA: preallocated 1024 KiB GFP_KERNEL pool for atomic allocations
[    0.091943] DMA: preallocated 1024 KiB GFP_KERNEL|GFP_DMA pool for atomic allocations
[    0.092353] DMA: preallocated 1024 KiB GFP_KERNEL|GFP_DMA32 pool for atomic allocations
[    0.092388] audit: initializing netlink subsys (disabled)
[    0.092610] audit: type=2000 audit(0.088:1): state=initialized audit_enabled=0 res=1
[    0.093457] thermal_sys: Registered thermal governor 'fair_share'
[    0.093463] thermal_sys: Registered thermal governor 'bang_bang'
[    0.093474] thermal_sys: Registered thermal governor 'step_wise'
[    0.093481] thermal_sys: Registered thermal governor 'user_space'
[    0.093487] thermal_sys: Registered thermal governor 'power_allocator'
[    0.093521] cpuidle: using governor ladder
[    0.093544] cpuidle: using governor menu
[    0.093669] hw-breakpoint: found 6 breakpoint and 4 watchpoint registers.
[    0.093853] ASID allocator initialised with 65536 entries
[    0.095597] Serial: AMBA PL011 UART driver
[    0.118798] Modules: 18752 pages in range for non-PLT usage
[    0.118804] Modules: 510272 pages in range for PLT usage
[    0.119981] HugeTLB: registered 1.00 GiB page size, pre-allocated 0 pages
[    0.119998] HugeTLB: 0 KiB vmemmap can be freed for a 1.00 GiB page
[    0.120007] HugeTLB: registered 32.0 MiB page size, pre-allocated 0 pages
[    0.120015] HugeTLB: 0 KiB vmemmap can be freed for a 32.0 MiB page
[    0.120023] HugeTLB: registered 2.00 MiB page size, pre-allocated 0 pages
[    0.120031] HugeTLB: 0 KiB vmemmap can be freed for a 2.00 MiB page
[    0.120039] HugeTLB: registered 64.0 KiB page size, pre-allocated 0 pages
[    0.120046] HugeTLB: 0 KiB vmemmap can be freed for a 64.0 KiB page
[    0.123148] fbcon: Taking over console
[    0.123168] ACPI: Interpreter disabled.
[    0.124357] iommu: Default domain type: Translated
[    0.124368] iommu: DMA domain TLB invalidation policy: strict mode
[    0.125083] SCSI subsystem initialized
[    0.125366] usbcore: registered new interface driver usbfs
[    0.125387] usbcore: registered new interface driver hub
[    0.125409] usbcore: registered new device driver usb
[    0.125659] pps_core: LinuxPPS API ver. 1 registered
[    0.125668] pps_core: Software ver. 5.3.6 - Copyright 2005-2007 Rodolfo Giometti <giometti@linux.it>
[    0.125682] PTP clock support registered
[    0.126007] EDAC MC: Ver: 3.0.0
[    0.126533] scmi_core: SCMI protocol bus registered
[    0.127054] efivars: Registered efivars operations
[    0.128263] NetLabel: Initializing
[    0.128273] NetLabel:  domain hash size = 128
[    0.128279] NetLabel:  protocols = UNLABELED CIPSOv4 CALIPSO
[    0.128343] NetLabel:  unlabeled traffic allowed by default
[    0.128613] mctp: management component transport protocol core
[    0.128622] NET: Registered PF_MCTP protocol family
[    0.128841] vgaarb: loaded
[    0.129349] clocksource: Switched to clocksource arch_sys_counter
[    0.178123] VFS: Disk quotas dquot_6.6.0
[    0.178300] VFS: Dquot-cache hash table entries: 512 (order 0, 4096 bytes)
[    0.178841] AppArmor: AppArmor Filesystem Enabled
[    0.178889] pnp: PnP ACPI: disabled
[    0.187921] NET: Registered PF_INET protocol family
[    0.188124] IP idents hash table entries: 131072 (order: 8, 1048576 bytes, linear)
[    0.193502] tcp_listen_portaddr_hash hash table entries: 4096 (order: 4, 65536 bytes, linear)
[    0.193609] Table-perturb hash table entries: 65536 (order: 6, 262144 bytes, linear)
[    0.193711] TCP established hash table entries: 65536 (order: 7, 524288 bytes, linear)
[    0.194435] TCP bind hash table entries: 65536 (order: 9, 2097152 bytes, linear)
[    0.196324] TCP: Hash tables configured (established 65536 bind 65536)
[    0.196693] MPTCP token hash table entries: 8192 (order: 5, 196608 bytes, linear)
[    0.196860] UDP hash table entries: 4096 (order: 5, 131072 bytes, linear)
[    0.197061] UDP-Lite hash table entries: 4096 (order: 5, 131072 bytes, linear)
[    0.197589] NET: Registered PF_UNIX/PF_LOCAL protocol family
[    0.197638] NET: Registered PF_XDP protocol family
[    0.197652] PCI: CLS 0 bytes, default 64
[    0.197866] Trying to unpack rootfs image as initramfs...
[    0.201550] kvm [1]: IPA Size Limit: 40 bits
[    0.201588] kvm [1]: GICv3: no GICV resource entry
[    0.201596] kvm [1]: disabling GICv2 emulation
[    0.201618] kvm [1]: GIC system register CPU interface enabled
[    0.201644] kvm [1]: vgic interrupt IRQ18
[    0.201691] kvm [1]: VHE mode initialized successfully
[    0.202829] Initialise system trusted keyrings
[    0.202864] Key type blacklist registered
[    0.203098] workingset: timestamp_bits=40 max_order=21 bucket_order=0
[    0.203147] zbud: loaded
[    0.208926] squashfs: version 4.0 (2009/01/31) Phillip Lougher
[    0.211656] fuse: init (API version 7.39)
[    0.212476] integrity: Platform Keyring initialized
[    0.212500] integrity: Machine keyring initialized
[    0.234408] Key type asymmetric registered
[    0.234418] Asymmetric key parser 'x509' registered
[    0.234469] Block layer SCSI generic (bsg) driver version 0.4 loaded (major 242)
[    0.234728] io scheduler mq-deadline registered
[    0.240961] shpchp: Standard Hot Plug PCI Controller Driver version: 0.4
[    0.257206] Serial: 8250/16550 driver, 32 ports, IRQ sharing enabled
[    0.265260] feb50000.serial: ttyS2 at MMIO 0xfeb50000 (irq = 26, base_baud = 1500000) is a 16550A
[    0.265419] printk: console [ttyS2] enabled
[    0.404884] feb90000.serial: ttyS0 at MMIO 0xfeb90000 (irq = 27, base_baud = 1500000) is a 16550A
[    0.406704] SuperH (H)SCI(F) driver initialized
[    0.407698] msm_serial: driver initialized
[    0.416656] loop: module loaded
[    0.418714] tun: Universal TUN/TAP device driver, 1.6
[    0.420088] PPP generic driver version 2.4.2
[    0.421495] mousedev: PS/2 mouse device common for all mice
[    0.422569] i2c_dev: i2c /dev entries driver
[    0.424193] device-mapper: core: CONFIG_IMA_DISABLE_HTABLE is disabled. Duplicate IMA measurements will not be recorded in the IMA log.
[    0.425331] device-mapper: uevent: version 1.0.3
[    0.426044] device-mapper: ioctl: 4.48.0-ioctl (2023-03-01) initialised: dm-devel@redhat.com
[    0.429768] ledtrig-cpu: registered to indicate activity on CPUs
[    0.430754] scmi_protocol scmi_dev.1: Enabled polling mode TX channel - prot_id:16
[    0.432290] arm-scmi firmware:scmi: SCMI RAW Mode initialized for instance 0
[    0.432920] arm-scmi firmware:scmi: SCMI RAW Mode COEX enabled !
[    0.433679] arm-scmi firmware:scmi: SCMI Notifications - Core Enabled.
[    0.434297] arm-scmi firmware:scmi: SCMI Protocol v2.0 'rockchip:' Firmware version 0x0
[    0.441157] SMCCC: SOC_ID: ARCH_SOC_ID not implemented, skipping ....
[    0.444513] hw perfevents: enabled with armv8_cortex_a55 PMU driver, 7 counters available
[    0.447042] hw perfevents: enabled with armv8_cortex_a76 PMU driver, 7 counters available
[    0.448237] watchdog: Delayed init of the lockup detector failed: -19
[    0.448807] watchdog: Hard watchdog permanently disabled
[    0.450172] drop_monitor: Initializing network drop monitor service
[    0.496254] NET: Registered PF_INET6 protocol family
[    0.712189] Freeing initrd memory: 101720K
[    0.759107] Segment Routing with IPv6
[    0.759505] In-situ OAM (IOAM) with IPv6
[    0.759931] NET: Registered PF_PACKET protocol family
[    0.760861] Key type dns_resolver registered
[    0.766233] registered taskstats version 1
[    0.768650] Loading compiled-in X.509 certificates
[    0.771501] Loaded X.509 cert 'Build time autogenerated kernel key: 5cc52cdc086f55b317420bbda770f3d98816c38b'
[    0.774298] Loaded X.509 cert 'Canonical Ltd. Live Patch Signing: 14df34d1a87cf37625abec039ef2bf521249b969'
[    0.777079] Loaded X.509 cert 'Canonical Ltd. Kernel Module Signing: 88f752e560a1e0737e31163a466ad7b70a850c19'
[    0.777965] blacklist: Loading compiled-in revocation X.509 certificates
[    0.778610] Loaded X.509 cert 'Canonical Ltd. Secure Boot Signing: 61482aa2830d0ab2ad5af10b7250da9033ddcef0'
[    0.779521] Loaded X.509 cert 'Canonical Ltd. Secure Boot Signing (2017): 242ade75ac4a15e50d50c84b0d45ff3eae707a03'
[    0.780476] Loaded X.509 cert 'Canonical Ltd. Secure Boot Signing (ESM 2018): 365188c1d374d6b07c3c8f240f8ef722433d6a8b'
[    0.781466] Loaded X.509 cert 'Canonical Ltd. Secure Boot Signing (2019): c0746fd6c5da3ae827864651ad66ae47fe24b3e8'
[    0.782422] Loaded X.509 cert 'Canonical Ltd. Secure Boot Signing (2021 v1): a8d54bbb3825cfb94fa13c9f8a594a195c107b8d'
[    0.783408] Loaded X.509 cert 'Canonical Ltd. Secure Boot Signing (2021 v2): 4cf046892d6fd3c9a5b03f98d845f90851dc6a8c'
[    0.784381] Loaded X.509 cert 'Canonical Ltd. Secure Boot Signing (2021 v3): 100437bb6de6e469b581e61cd66bce3ef4ed53af'
[    0.785368] Loaded X.509 cert 'Canonical Ltd. Secure Boot Signing (Ubuntu Core 2019): c1d57b8f6b743f23ee41f4f7ee292f06eecadfb9'
[    0.799339] Key type .fscrypt registered
[    0.799690] Key type fscrypt-provisioning registered
[    0.847996] Key type encrypted registered
[    0.848373] AppArmor: AppArmor sha1 policy hashing enabled
[    0.849592] ima: secureboot mode disabled
[    0.849960] ima: No TPM chip found, activating TPM-bypass!
[    0.850468] Loading compiled-in module X.509 certificates
[    0.852913] Loaded X.509 cert 'Build time autogenerated kernel key: 5cc52cdc086f55b317420bbda770f3d98816c38b'
[    0.853800] ima: Allocated hash algorithm: sha256
[    0.854269] ima: No architecture policies found
[    0.854713] evm: Initialising EVM extended attributes:
[    0.855166] evm: security.selinux
[    0.855461] evm: security.SMACK64
[    0.855755] evm: security.SMACK64EXEC
[    0.856079] evm: security.SMACK64TRANSMUTE
[    0.856441] evm: security.SMACK64MMAP
[    0.856766] evm: security.apparmor
[    0.857067] evm: security.ima
[    0.857331] evm: security.capability
[    0.857657] evm: HMAC attrs: 0x1
[    0.902617] clk: Disabling unused clocks
[    0.903679] dw-apb-uart feb50000.serial: forbid DMA for kernel console
[    0.910580] Freeing unused kernel memory: 11968K
[    0.991794] Checked W+X mappings: passed, no W+X pages found
[    0.992320] Run /init as init process
Loading, please wait...
Starting systemd-udevd version 253.5-1ubuntu7
[    2.229802] sdhci: Secure Digital Host Controller Interface driver
[    2.230395] sdhci: Copyright(c) Pierre Ossman
[    2.253774] sdhci-pltfm: SDHCI platform and OF driver helper
[    2.266302] dma-pl330 fea10000.dma-controller: Loaded driver for PL330 DMAC-241330
[    2.266991] dma-pl330 fea10000.dma-controller: 	DBUFF-128x8bytes Num_Chans-8 Num_Peri-32 Num_Events-16
[    2.270218] Synopsys Designware Multimedia Card Interface Driver
[    2.274882] dma-pl330 fea30000.dma-controller: Loaded driver for PL330 DMAC-241330
[    2.275224] i2c 2-0011: Fixed dependency cycle(s) with /i2s@fe470000/port/endpoint
[    2.275554] dma-pl330 fea30000.dma-controller: 	DBUFF-128x8bytes Num_Chans-8 Num_Peri-32 Num_Events-16
[    2.305364] gpio gpiochip0: Static allocation of GPIO base is deprecated, use dynamic allocation.
[    2.327161] spi spi2.0: Fixed dependency cycle(s) with /spi@feb20000/pmic@0/regulators/dcdc-reg7
[    2.337459] mmc0: SDHCI controller on fe2e0000.mmc [fe2e0000.mmc] using ADMA
[    2.341736] spi spi2.0: Fixed dependency cycle(s) with /spi@feb20000/pmic@0/dvs3-null-pins
[    2.342485] spi spi2.0: Fixed dependency cycle(s) with /spi@feb20000/pmic@0/dvs2-null-pins
[    2.343218] spi spi2.0: Fixed dependency cycle(s) with /spi@feb20000/pmic@0/dvs1-null-pins
[    2.349014] rockchip-gpio fd8a0000.gpio: probed /pinctrl/gpio@fd8a0000
[    2.353468] gpio gpiochip1: Static allocation of GPIO base is deprecated, use dynamic allocation.
[    2.358134] dma-pl330 fed10000.dma-controller: Loaded driver for PL330 DMAC-241330
[    2.358812] dma-pl330 fed10000.dma-controller: 	DBUFF-128x8bytes Num_Chans-8 Num_Peri-32 Num_Events-16
[    2.378464] rockchip-gpio fec20000.gpio: probed /pinctrl/gpio@fec20000
[    2.384838] gpio gpiochip2: Static allocation of GPIO base is deprecated, use dynamic allocation.
[    2.403734] ehci-platform fc800000.usb: EHCI Host Controller
[    2.403782] rockchip-gpio fec30000.gpio: probed /pinctrl/gpio@fec30000
[    2.404952] ehci-platform fc800000.usb: new USB bus registered, assigned bus number 1
[    2.406199] ehci-platform fc800000.usb: irq 46, io mem 0xfc800000
[    2.410477] ohci-platform fc840000.usb: Generic Platform OHCI controller
[    2.410503] gpio gpiochip3: Static allocation of GPIO base is deprecated, use dynamic allocation.
[    2.413395] ohci-platform fc840000.usb: new USB bus registered, assigned bus number 2
[    2.414211] ohci-platform fc840000.usb: irq 47, io mem 0xfc840000
[    2.421401] ehci-platform fc800000.usb: USB 2.0 started, EHCI 1.00
[    2.426188] usb usb1: New USB device found, idVendor=1d6b, idProduct=0002, bcdDevice= 6.06
[    2.426930] usb usb1: New USB device strings: Mfr=3, Product=2, SerialNumber=1
[    2.427568] usb usb1: Product: EHCI Host Controller
[    2.427999] usb usb1: Manufacturer: Linux 6.6.0-14-generic ehci_hcd
[    2.428552] usb usb1: SerialNumber: fc800000.usb
[    2.443121] mmc0: new HS400 Enhanced strobe MMC card at address 0001
[    2.445242] rockchip-gpio fec40000.gpio: probed /pinctrl/gpio@fec40000
[    2.454108] gpio gpiochip4: Static allocation of GPIO base is deprecated, use dynamic allocation.
[    2.457647] rockchip-gpio fec50000.gpio: probed /pinctrl/gpio@fec50000
[    2.462824] hub 1-0:1.0: USB hub found
[    2.463200] hub 1-0:1.0: 1 port detected
[    2.470634] mmcblk0: mmc0:0001 ARV11X 58.3 GiB
[    2.496514] rockchip-dw-pcie a40000000.pcie: host bridge /pcie@fe150000 ranges:
[    2.497191] rockchip-dw-pcie a40000000.pcie:       IO 0x00f0100000..0x00f01fffff -> 0x00f0100000
[    2.497993] rockchip-dw-pcie a40000000.pcie:      MEM 0x00f0200000..0x00f0ffffff -> 0x00f0200000
[    2.498768] rockchip-dw-pcie a40000000.pcie:      MEM 0x0900000000..0x093fffffff -> 0x0040000000
[    2.507583] rockchip-dw-pcie a40000000.pcie: iATU: unroll T, 8 ob, 8 ib, align 64K, limit 8G
[    2.529934]  mmcblk0: p1 p2 p3 p4 p5 p6 p7
[    2.564263] usb usb2: New USB device found, idVendor=1d6b, idProduct=0001, bcdDevice= 6.06
[    2.565051] usb usb2: New USB device strings: Mfr=3, Product=2, SerialNumber=1
[    2.565760] usb usb2: Product: Generic Platform OHCI controller
[    2.566302] usb usb2: Manufacturer: Linux 6.6.0-14-generic ohci_hcd
[    2.566872] usb usb2: SerialNumber: fc840000.usb
[    2.621717] hub 2-0:1.0: USB hub found
[    2.622418] hub 2-0:1.0: 1 port detected
[    2.632940] fan53555-regulator 0-0042: FAN53555 Option[10] Rev[1] Detected!
[    2.633627] fan53555-regulator 0-0043: FAN53555 Option[10] Rev[1] Detected!
[    2.709251] rtc-hym8563 1-0051: no valid clock/calendar values available
[    2.710061] mmcblk0boot0: mmc0:0001 ARV11X 4.00 MiB
[    2.713771] rtc-hym8563 1-0051: registered as rtc0
[    2.715311] rtc-hym8563 1-0051: no valid clock/calendar values available
[    2.715913] rtc-hym8563 1-0051: hctosys: unable to read the hardware clock
[    2.716077] mmcblk0boot1: mmc0:0001 ARV11X 4.00 MiB
[    2.720435] mmcblk0rpmb: mmc0:0001 ARV11X 4.00 MiB, chardev (238:0)
[    2.763764] rk808-regulator rk808-regulator.2.auto: there is no dvs0 gpio
[    2.764435] rk808-regulator rk808-regulator.2.auto: there is no dvs1 gpio
[    2.773525] vdd_2v0_pldo_s3: Bringing 1975000uV into 2000000-2000000uV
[    2.777037] vcc_3v3_s3: Bringing 3275000uV into 3300000-3300000uV
[    2.779999] vcc_1v8_s3: Bringing 1775000uV into 1800000-1800000uV
[    3.614203] rockchip-dw-pcie a40000000.pcie: Phy link never came up
[    3.615329] rockchip-dw-pcie a40000000.pcie: PCI host bridge to bus 0000:00
[    3.616011] pci_bus 0000:00: root bus resource [bus 00-0f]
[    3.616546] pci_bus 0000:00: root bus resource [io  0x0000-0xfffff] (bus address [0xf0100000-0xf01fffff])
[    3.617459] pci_bus 0000:00: root bus resource [mem 0xf0200000-0xf0ffffff]
[    3.618089] pci_bus 0000:00: root bus resource [mem 0x900000000-0x93fffffff] (bus address [0x40000000-0x7fffffff])
[    3.619089] pci 0000:00:00.0: [1d87:3588] type 01 class 0x060400
[    3.619657] pci 0000:00:00.0: reg 0x10: [mem 0x00000000-0x3fffffff]
[    3.620237] pci 0000:00:00.0: reg 0x14: [mem 0x00000000-0x3fffffff]
[    3.620816] pci 0000:00:00.0: reg 0x38: [mem 0x00000000-0x0000ffff pref]
[    3.621538] pci 0000:00:00.0: supports D1 D2
[    3.621935] pci 0000:00:00.0: PME# supported from D0 D1 D3hot
[    3.628590] pci_bus 0000:01: busn_res: can not insert [bus 01-ff] under [bus 00-0f] (conflicts with (null) [bus 00-0f])
[    3.629814] pci 0000:00:00.0: BAR 0: assigned [mem 0x900000000-0x93fffffff]
[    3.630465] pci 0000:00:00.0: BAR 1: no space for [mem size 0x40000000]
[    3.631070] pci 0000:00:00.0: BAR 1: failed to assign [mem size 0x40000000]
[    3.631706] pci 0000:00:00.0: BAR 6: assigned [mem 0xf0200000-0xf020ffff pref]
[    3.632368] pci 0000:00:00.0: PCI bridge to [bus 01-ff]
[    3.637981] pcieport 0000:00:00.0: PME: Signaling with IRQ 78
[    3.639375] pcieport 0000:00:00.0: AER: enabled with IRQ 79
[    3.641930] rockchip-dw-pcie a40800000.pcie: host bridge /pcie@fe170000 ranges:
[    3.642660] rockchip-dw-pcie a40800000.pcie:       IO 0x00f2100000..0x00f21fffff -> 0x00f2100000
[    3.643477] rockchip-dw-pcie a40800000.pcie:      MEM 0x00f2200000..0x00f2ffffff -> 0x00f2200000
[    3.644283] rockchip-dw-pcie a40800000.pcie:      MEM 0x0980000000..0x09bfffffff -> 0x0040000000
[    3.645266] rockchip-dw-pcie a40800000.pcie: iATU: unroll T, 8 ob, 8 ib, align 64K, limit 8G
[    3.853680] rockchip-dw-pcie a40800000.pcie: PCIe Gen.2 x1 link up
[    3.854516] rockchip-dw-pcie a40800000.pcie: PCI host bridge to bus 0002:20
[    3.855180] pci_bus 0002:20: root bus resource [bus 20-2f]
[    3.855718] pci_bus 0002:20: root bus resource [io  0x100000-0x1fffff] (bus address [0xf2100000-0xf21fffff])
[    3.856607] pci_bus 0002:20: root bus resource [mem 0xf2200000-0xf2ffffff]
[    3.857235] pci_bus 0002:20: root bus resource [mem 0x980000000-0x9bfffffff] (bus address [0x40000000-0x7fffffff])
[    3.858295] pci 0002:20:00.0: [1d87:3588] type 01 class 0x060400
[    3.858871] pci 0002:20:00.0: reg 0x38: [mem 0x00000000-0x0000ffff pref]
[    3.859576] pci 0002:20:00.0: supports D1 D2
[    3.859974] pci 0002:20:00.0: PME# supported from D0 D1 D3hot
[    3.866543] pci 0002:20:00.0: Primary bus is hard wired to 0
[    3.867071] pci 0002:20:00.0: bridge configuration invalid ([bus 01-ff]), reconfiguring
[    3.868064] pci 0002:21:00.0: [10ec:8125] type 00 class 0x020000
[    3.868682] pci 0002:21:00.0: reg 0x10: [io  0x0000-0x00ff]
[    3.869268] pci 0002:21:00.0: reg 0x18: [mem 0x00000000-0x0000ffff 64bit]
[    3.869961] pci 0002:21:00.0: reg 0x20: [mem 0x00000000-0x00003fff 64bit]
[    3.871023] pci 0002:21:00.0: supports D1 D2
[    3.871419] pci 0002:21:00.0: PME# supported from D0 D1 D2 D3hot D3cold
[    3.885592] pci_bus 0002:21: busn_res: [bus 21-2f] end is updated to 21
[    3.886199] pci 0002:20:00.0: BAR 14: assigned [mem 0xf2200000-0xf22fffff]
[    3.886809] pci 0002:20:00.0: BAR 6: assigned [mem 0xf2300000-0xf230ffff pref]
[    3.887447] pci 0002:20:00.0: BAR 13: assigned [io  0x100000-0x100fff]
[    3.888026] pci 0002:21:00.0: BAR 2: assigned [mem 0xf2200000-0xf220ffff 64bit]
[    3.888705] pci 0002:21:00.0: BAR 4: assigned [mem 0xf2210000-0xf2213fff 64bit]
[    3.889406] pci 0002:21:00.0: BAR 0: assigned [io  0x100000-0x1000ff]
[    3.889984] pci 0002:20:00.0: PCI bridge to [bus 21]
[    3.890424] pci 0002:20:00.0:   bridge window [io  0x100000-0x100fff]
[    3.890993] pci 0002:20:00.0:   bridge window [mem 0xf2200000-0xf22fffff]
[    3.895791] pcieport 0002:20:00.0: PME: Signaling with IRQ 90
[    3.896663] pcieport 0002:20:00.0: AER: enabled with IRQ 91
[    3.901243] r8169 0002:21:00.0: enabling device (0000 -> 0003)
[    3.905693] rockchip-dw-pcie a41000000.pcie: host bridge /pcie@fe190000 ranges:
[    3.905785] dwmmc_rockchip fe2c0000.mmc: IDMAC supports 32-bit address mode.
[    3.906380] rockchip-dw-pcie a41000000.pcie:       IO 0x00f4100000..0x00f41fffff -> 0x00f4100000
[    3.907012] dwmmc_rockchip fe2c0000.mmc: Using internal DMA controller.
[    3.907742] rockchip-dw-pcie a41000000.pcie:      MEM 0x00f4200000..0x00f4ffffff -> 0x00f4200000
[    3.908313] dwmmc_rockchip fe2c0000.mmc: Version ID is 270a
[    3.909070] rockchip-dw-pcie a41000000.pcie:      MEM 0x0a00000000..0x0a3fffffff -> 0x0040000000
[    3.909630] dwmmc_rockchip fe2c0000.mmc: DW MMC controller at irq 92,32 bit host data width,256 deep fifo
[    3.910440] rockchip-dw-pcie a41000000.pcie: iATU: unroll T, 8 ob, 8 ib, align 64K, limit 8G
[    3.912327] dwmmc_rockchip fe2c0000.mmc: Got CD GPIO
[    3.925745] mmc_host mmc1: Bus speed (slot 0) = 400000Hz (slot req 400000Hz, actual 400000HZ div = 0)
[    3.930521] r8169 0002:21:00.0 eth0: RTL8125B, f6:75:99:ea:fe:1a, XID 641, IRQ 94
[    3.931192] r8169 0002:21:00.0 eth0: jumbo features [frames: 9194 bytes, tx checksumming: ko]
[    3.961578] r8169 0002:21:00.0 enP2p33s0: renamed from eth0
[    4.109458] rockchip-dw-pcie a41000000.pcie: PCIe Gen.2 x1 link up
[    4.110188] rockchip-dw-pcie a41000000.pcie: PCI host bridge to bus 0004:40
[    4.110807] pci_bus 0004:40: root bus resource [bus 40-4f]
[    4.111295] pci_bus 0004:40: root bus resource [io  0x200000-0x2fffff] (bus address [0xf4100000-0xf41fffff])
[    4.112159] pci_bus 0004:40: root bus resource [mem 0xf4200000-0xf4ffffff]
[    4.112766] pci_bus 0004:40: root bus resource [mem 0xa00000000-0xa3fffffff] (bus address [0x40000000-0x7fffffff])
[    4.113721] pci 0004:40:00.0: [1d87:3588] type 01 class 0x060400
[    4.114266] pci 0004:40:00.0: reg 0x38: [mem 0x00000000-0x0000ffff pref]
[    4.114913] pci 0004:40:00.0: supports D1 D2
[    4.115292] pci 0004:40:00.0: PME# supported from D0 D1 D3hot
[    4.118281] pci 0004:40:00.0: Primary bus is hard wired to 0
[    4.118787] pci 0004:40:00.0: bridge configuration invalid ([bus 01-ff]), reconfiguring
[    4.119652] pci 0004:41:00.0: [10ec:8125] type 00 class 0x020000
[    4.120235] pci 0004:41:00.0: reg 0x10: [io  0x0000-0x00ff]
[    4.120794] pci 0004:41:00.0: reg 0x18: [mem 0x00000000-0x0000ffff 64bit]
[    4.121445] pci 0004:41:00.0: reg 0x20: [mem 0x00000000-0x00003fff 64bit]
[    4.122435] pci 0004:41:00.0: supports D1 D2
[    4.122815] pci 0004:41:00.0: PME# supported from D0 D1 D2 D3hot D3cold
[    4.133528] pci_bus 0004:41: busn_res: [bus 41-4f] end is updated to 41
[    4.134136] pci 0004:40:00.0: BAR 14: assigned [mem 0xf4200000-0xf42fffff]
[    4.134745] pci 0004:40:00.0: BAR 6: assigned [mem 0xf4300000-0xf430ffff pref]
[    4.135384] pci 0004:40:00.0: BAR 13: assigned [io  0x200000-0x200fff]
[    4.135963] pci 0004:41:00.0: BAR 2: assigned [mem 0xf4200000-0xf420ffff 64bit]
[    4.136642] pci 0004:41:00.0: BAR 4: assigned [mem 0xf4210000-0xf4213fff 64bit]
[    4.137320] pci 0004:41:00.0: BAR 0: assigned [io  0x200000-0x2000ff]
[    4.137908] pci 0004:40:00.0: PCI bridge to [bus 41]
[    4.138348] pci 0004:40:00.0:   bridge window [io  0x200000-0x200fff]
[    4.138916] pci 0004:40:00.0:   bridge window [mem 0xf4200000-0xf42fffff]
[    4.141595] pcieport 0004:40:00.0: PME: Signaling with IRQ 105
[    4.143069] pcieport 0004:40:00.0: AER: enabled with IRQ 106
[    4.143846] r8169 0004:41:00.0: enabling device (0000 -> 0003)
[    4.170979] r8169 0004:41:00.0 eth0: RTL8125B, f6:75:99:ea:fe:1b, XID 641, IRQ 107
[    4.171662] r8169 0004:41:00.0 eth0: jumbo features [frames: 9194 bytes, tx checksumming: ko]
[    4.175796] dwmmc_rockchip fe2d0000.mmc: IDMAC supports 32-bit address mode.
[    4.176567] dwmmc_rockchip fe2d0000.mmc: Using internal DMA controller.
[    4.177177] dwmmc_rockchip fe2d0000.mmc: Version ID is 270a
[    4.177769] dwmmc_rockchip fe2d0000.mmc: DW MMC controller at irq 108,32 bit host data width,256 deep fifo
[    4.178558] ehci-platform fc880000.usb: EHCI Host Controller
[    4.178640] ohci-platform fc8c0000.usb: Generic Platform OHCI controller
[    4.179180] ehci-platform fc880000.usb: new USB bus registered, assigned bus number 3
[    4.179368] mmc_host mmc2: card is non-removable.
[    4.179718] ohci-platform fc8c0000.usb: new USB bus registered, assigned bus number 4
[    4.180707] ehci-platform fc880000.usb: irq 109, io mem 0xfc880000
[    4.180915] ohci-platform fc8c0000.usb: irq 110, io mem 0xfc8c0000
[    4.192295] mmc_host mmc2: Bus speed (slot 0) = 400000Hz (slot req 400000Hz, actual 400000HZ div = 0)
[    4.197536] ehci-platform fc880000.usb: USB 2.0 started, EHCI 1.00
[    4.198584] usb usb3: New USB device found, idVendor=1d6b, idProduct=0002, bcdDevice= 6.06
[    4.199346] usb usb3: New USB device strings: Mfr=3, Product=2, SerialNumber=1
[    4.200005] usb usb3: Product: EHCI Host Controller
[    4.200454] usb usb3: Manufacturer: Linux 6.6.0-14-generic ehci_hcd
[    4.201024] usb usb3: SerialNumber: fc880000.usb
[    4.201717] r8169 0004:41:00.0 enP4p65s0: renamed from eth0
[    4.202483] hub 3-0:1.0: USB hub found
[    4.202971] hub 3-0:1.0: 1 port detected
[    4.229591] mmc_host mmc2: Bus speed (slot 0) = 300000Hz (slot req 300000Hz, actual 300000HZ div = 0)
[    4.245875] usb usb4: New USB device found, idVendor=1d6b, idProduct=0001, bcdDevice= 6.06
[    4.246612] usb usb4: New USB device strings: Mfr=3, Product=2, SerialNumber=1
[    4.247252] usb usb4: Product: Generic Platform OHCI controller
[    4.247773] usb usb4: Manufacturer: Linux 6.6.0-14-generic ohci_hcd
[    4.248325] usb usb4: SerialNumber: fc8c0000.usb
[    4.249223] hub 4-0:1.0: USB hub found
[    4.249614] hub 4-0:1.0: 1 port detected
Begin: Loading essential drivers ... [    4.265618] mmc_host mmc2: Bus speed (slot 0) = 200000Hz (slot req 200000Hz, actual 200000HZ div = 0)
[    4.309622] mmc_host mmc2: Bus speed (slot 0) = 187500Hz (slot req 187500Hz, actual 187500HZ div = 0)
[    4.341255] mmc2: Failed to initialize a non-removable card
[    4.437412] raid6: neonx8   gen()  1525 MB/s
[    4.461564] usb 3-1: new high-speed USB device number 2 using ehci-platform
[    4.505421] raid6: neonx4   gen()  1500 MB/s
[    4.573405] raid6: neonx2   gen()  1461 MB/s
[    4.619240] usb 3-1: New USB device found, idVendor=048d, idProduct=1234, bcdDevice= 1.00
[    4.619997] usb 3-1: New USB device strings: Mfr=1, Product=2, SerialNumber=3
[    4.620645] usb 3-1: Product: UDisk           
[    4.621055] usb 3-1: Manufacturer: General 
[    4.621468] usb 3-1: SerialNumber: Р
[    4.634529] usb-storage 3-1:1.0: USB Mass Storage device detected
[    4.635954] scsi host0: usb-storage 3-1:1.0
[    4.637052] usbcore: registered new interface driver usb-storage
[    4.641373] raid6: neonx1   gen()  1263 MB/s
[    4.642010] usbcore: registered new interface driver uas
[    4.709512] raid6: int64x8  gen()   919 MB/s
[    4.777495] raid6: int64x4  gen()  1080 MB/s
[    4.845426] raid6: int64x2  gen()  1007 MB/s
[    4.913523] raid6: int64x1  gen()   791 MB/s
[    4.913922] raid6: using algorithm neonx8 gen() 1525 MB/s
[    4.981423] raid6: .... xor() 1133 MB/s, rmw enabled
[    4.981884] raid6: using neon recovery algorithm
[    4.988489] xor: measuring software checksum speed
[    4.990753]    8regs           :  5424 MB/sec
[    4.992974]    32regs          :  5370 MB/sec
[    4.994777]    arm64_neon      :  6978 MB/sec
[    4.995163] xor: using function: arm64_neon (6978 MB/sec)
[    4.998982] async_tx: api initialized (async)
done.
Begin: Running /scripts/init-premount ... done.
Begin: Mounting root file system ... Begin: Running /scripts/nfs-top ... done.
Begin: Running /scripts/nfs-premount ... done.
[    5.666961] scsi 0:0:0:0: Direct-Access     General  UDisk            5.00 PQ: 0 ANSI: 2
[    5.669199] sd 0:0:0:0: Attached scsi generic sg0 type 0
[    5.670794] sd 0:0:0:0: [sda] 61440000 512-byte logical blocks: (31.5 GB/29.3 GiB)
[    5.672471] sd 0:0:0:0: [sda] Write Protect is off
[    5.673637] sd 0:0:0:0: [sda] No Caching mode page found
[    5.674122] sd 0:0:0:0: [sda] Assuming drive cache: write through
[    5.730142]  sda: sda1 sda2
[    5.731913] sd 0:0:0:0: [sda] Attached SCSI removable disk
[    5.845743] evict_inodes inode (____ptrval____), i_count = 1, was skipped!
[    5.846397] evict_inodes inode (____ptrval____), i_count = 1, was skipped!
Begin: Running /scripts/casper-premount ... done.
done.
[    8.973228]  sda: sda1 sda2 sda3
48+0 records in
48+0 records out
[   14.818490] platform a40c00000.pcie: deferred probe pending
[   17.541439] random: crng init done
[   31.713855] vdd_gpu_s0: disabling

DDR d5483af87d cym 23/11/23-16:15:24,fwver: v1.15
LPDDR4X, 2112MHz
channel[0] BW=16 Col=10 Bk=8 CS0 Row=16 CS1 Row=16 CS=2 Die BW=16 Size=2048MB
channel[1] BW=16 Col=10 Bk=8 CS0 Row=16 CS1 Row=16 CS=2 Die BW=16 Size=2048MB
channel[2] BW=16 Col=10 Bk=8 CS0 Row=16 CS1 Row=16 CS=2 Die BW=16 Size=2048MB
channel[3] BW=16 Col=10 Bk=8 CS0 Row=16 CS1 Row=16 CS=2 Die BW=16 Size=2048MB
Manufacturer ID:0x13
CH0 RX Vref:31.0%, TX Vref:19.8%,18.8%
CH1 RX Vref:33.0%, TX Vref:19.8%,19.8%
CH2 RX Vref:39.3%, TX Vref:18.8%,18.8%
CH3 RX Vref:38.6%, TX Vref:18.8%,18.8%
change to F1: 528MHz
change to F2: 1068MHz
change to F3: 1560MHz
change to F0: 2112MHz
out
U-Boot SPL board init
U-Boot SPL 2017.09-g82435751526-231214-dirty #zhangzj (Dec 14 2023 - 09:16:28)
unknown raw ID 0 0 0
unrecognized JEDEC id bytes: 00, 00, 00
Trying to boot from MMC2
MMC: no card present
mmc_init: -123, time 0
spl: mmc init failed with error: -123
Trying to boot from MMC1
SPL: A/B-slot: _a, successful: 0, tries-remain: 7
Trying fit image at 0x4000 sector
## Verified-boot: 0
## Checking atf-1 0x00040000 ... sha256(a7d1d8d191...) + OK
## Checking u-boot 0x00a00000 ... sha256(860c44efbf...) + OK
## Checking fdt-1 0x00b0ede0 ... sha256(a64644397b...) + OK
## Checking atf-2 0x000f0000 ... sha256(aa71013e72...) + OK
## Checking atf-3 0xff100000 ... sha256(4b2065349b...) + OK
## Checking tee-1 0x08400000 ... sha256(617eb0ee15...) + OK
Jumping to U-Boot(0x00a00000) via ARM Trusted Firmware(0x00040000)
Total: 97.94/268.462 ms

INFO:    Preloader serial: 2
NOTICE:  BL31: v2.3():v2.3-682-g4ca8a8422:derrick.huang, fwver: v1.45
NOTICE:  BL31: Built : 10:11:21, Dec 27 2023
INFO:    spec: 0x1
INFO:    code: 0x88
INFO:    ext 32k is not valid
INFO:    ddr: stride-en 4CH
INFO:    GICv3 without legacy support detected.
INFO:    ARM GICv3 driver initialized in EL3
INFO:    valid_cpu_msk=0xff bcore0_rst = 0x0, bcore1_rst = 0x0
INFO:    l3 cache partition cfg-0
INFO:    system boots from cpu-hwid-0
INFO:    disable memory repair
INFO:    idle_st=0x21fff, pd_st=0x11fff9, repair_st=0xfff70001
INFO:    dfs DDR fsp_params[0].freq_mhz= 2112MHz
INFO:    dfs DDR fsp_params[1].freq_mhz= 528MHz
INFO:    dfs DDR fsp_params[2].freq_mhz= 1068MHz
INFO:    dfs DDR fsp_params[3].freq_mhz= 1560MHz
INFO:    BL31: Initialising Exception Handling Framework
INFO:    BL31: Initializing runtime services
INFO:    BL31: Initializing BL32
I/TC: 
I/TC: OP-TEE version: 3.13.0-760-g540ade275 #zhangzj (gcc version 10.2.1 20201103 (GNU Toolchain for the A-profile Architecture 10.2-2020.11 (arm-10.16))) #3 Tue Dec  5 14:36:05 CST 2023 aarch64, fwver: null 
I/TC: OP-TEE memory: TEEOS 0x200000 TA 0xc00000 SHM 0x200000
I/TC: Primary CPU initializing
I/TC: Primary CPU switching to normal world boot
INFO:    BL31: Preparing for EL3 exit to normal world
INFO:    Entry point address = 0xa00000
INFO:    SPSR = 0x3c9


U-Boot 2024.01-rc5-g6aa243c3f8-dirty (Mar 18 2024 - 13:55:03 +0800)

Model: ArmSoM Sige7 Board
DRAM:  8 GiB (effective 7.7 GiB)
pcie_dw_rockchip pcie@fe180000: failed to get pcie phy (ret=-19)
pcie_dw_rockchip pcie@fe150000: PCIe-3 Link Fail
Core:  339 devices, 28 uclasses, devicetree: separate
MMC:   mmc@fe2c0000: 1, mmc@fe2d0000: 2, mmc@fe2e0000: 0
Loading Environment from MMC... OK
In:    serial@feb50000
Out:   serial@feb50000
Err:   serial@feb50000
Model: ArmSoM Sige7 Board
Net:   eth0: eth_rtl8169, eth1: eth_rtl8169
Hit any key to stop autoboot:  2  1  0 
Scanning for bootflows in all bootdevs
Seq  Method       State   Uclass    Part  Name                      Filename
---  -----------  ------  --------  ----  ------------------------  ----------------
Scanning global bootmeth 'efi_mgr':
Card did not respond to voltage select! : -110
Card did not respond to voltage select! : -110
Bus usb@fc800000: USB EHCI 1.00
Bus usb@fc840000: USB OHCI 1.0
Bus usb@fc880000: USB EHCI 1.00
Bus usb@fc8c0000: USB OHCI 1.0
scanning bus usb@fc800000 for devices... 1 USB Device(s) found
scanning bus usb@fc840000 for devices... 1 USB Device(s) found
scanning bus usb@fc880000 for devices... 2 USB Device(s) found
scanning bus usb@fc8c0000 for devices... 1 USB Device(s) found
Scanning bootdev 'usb_mass_storage.lun0.bootdev':
  0  efi          ready   usb_mass_    2  usb_mass_storage.lun0.boo efi/boot/bootaa64.efi
** Booting bootflow 'usb_mass_storage.lun0.bootdev.part_2' with efi
Booting /efi\boot\bootaa64.efi
error: file `/boot/' not found.
GNU GRUB  version 2.12~rc1

вввввв”Ђвввввввввввввввввввввввввввввввввввввввввв”Ђввввввввввввввввввввввввввввввввввввввввввввввввввввввввввввввввввввввввввввввввв”Ђвввввввввввввввввввввввввввввввввввввввввввввввввввввв”Ђввввввввввввввввввввввввввввввввввввввввввввввввввввввввввввввввввввввввввввввввввввв”Ђвввввввввввввввввввввввввввввввввв     Use the в and в keys to select which entry is highlighted.                                                              
      Press enter to boot the selected OS, `e' to edit the commands before booting or `c' for a command-line.                  *Try or Install Ubuntu Server                                                                                                    Boot from next volume                                                                                                           UEFI Firmware Settings                                                                                                                                                                                                                                                                                                                                                                                                                                                                                                                                                                                                                                                                                                                                                                                                                                                                                                                                                                                                                                                                                                                                                                                                                                                                                                                                                                                                                                                                                                                                                                                                                                                                                                                                                                                                                                                                                                                                                                                                                                                                                                                                                                                                                                                                                                                                                                                                                                                                                                             The highlighted entry will be executed automatically in 30s.                                                                                                                                                                                                                                                                                                                                          GNU GRUB  version 2.12~rc1

ввввввввввввввввввввв”Ђвввввввввввввввввввввввввввввввввввввввввв”Ђввввввввввввввввввввввввввввввввввввввввввввввввввввввввввввввввввввввввввввввввввввввввввввввввввввввввввввввввввввввввввввввввввввввввввв”Ђввввввввввввввввввввввввввввввввввввввввввввввввввввввввввввввввввввввввввввввввв”Ђввввввввввввввввввв     Minimum Emacs-like screen editing is supported. TAB lists completions. Press Ctrl-x or F10 to boot, Ctrl-c or F2 for a  
      command-line or ESC to discard edits and return to the GRUB menu.                                                       setparams 'Try or Install Ubuntu Server'                                                                                                                                                                                                                                set gfxpayload=keep                                                                                                             linux        /casper/vmlinuz  ---                                                                                               initrd        /casper/initrd                                                                                                                                                                                                                                                                                                                                                                                                                                                                                                                                                                                                                                                                                                                                                                                                                                                                                                                                                                                                                                                                                                                                                                                                                                                                                                                                                                                                                                                                                                                                                                                                                                                                                                                                                                                                                                                                                                                                                                                                                                                                                                                                                                                                                                      linux        /casper/vmlinuz  --                                                                                                linux        /casper/vmlinuz  -                                                                                                 linux        /casper/vmlinuz                                                                                                    linux        /casper/vmlinuz  l                                                                                                 linux        /casper/vmlinuz  lo                                                                                                linux        /casper/vmlinuz  log                                                                                               linux        /casper/vmlinuz  logl                                                                                              linux        /casper/vmlinuz  logle                                                                                             linux        /casper/vmlinuz  loglev                                                                                            linux        /casper/vmlinuz  logleve                                                                                           linux        /casper/vmlinuz  loglevel                                                                                          linux        /casper/vmlinuz  loglevel=                                                                                         linux        /casper/vmlinuz  loglevel=8                                                                                  Booting a command list

EFI stub: Booting Linux Kernel...
EFI stub: EFI_RNG_PROTOCOL unavailable
EFI stub: Loaded initrd from LINUX_EFI_INITRD_MEDIA_GUID device path
EFI stub: Using DTB from configuration table
EFI stub: Exiting boot services...
I/TC: Secondary CPU 1 initializing
I/TC: Secondary CPU 1 switching to normal world boot
I/TC: Secondary CPU 2 initializing
I/TC: Secondary CPU 2 switching to normal world boot
I/TC: Secondary CPU 3 initializing
I/TC: Secondary CPU 3 switching to normal world boot
I/TC: Secondary CPU 4 initializing
I/TC: Secondary CPU 4 switching to normal world boot
I/TC: Secondary CPU 5 initializing
I/TC: Secondary CPU 5 switching to normal world boot
I/TC: Secondary CPU 6 initializing
I/TC: Secondary CPU 6 switching to normal world boot
I/TC: Secondary CPU 7 initializing
I/TC: Secondary CPU 7 switching to normal world boot
[    0.000000] Booting Linux on physical CPU 0x0000000000 [0x412fd050]
[    0.000000] Linux version 6.6.0-14-generic (buildd@bos03-arm64-023) (aarch64-linux-gnu-gcc-13 (Ubuntu 13.2.0-7ubuntu1) 13.2.0, GNU ld (GNU Binutils for Ubuntu) 2.41) #14-Ubuntu SMP PREEMPT_DYNAMIC Thu Nov 30 10:53:08 UTC 2023 (Ubuntu 6.6.0-14.14-generic 6.6.3)
[    0.000000] KASLR disabled due to lack of seed
[    0.000000] Machine model: ArmSoM Sige7 Board
[    0.000000] efi: EFI v2.10 by Das U-Boot
[    0.000000] efi: ESRT=0xece6a040 RTPROP=0xece6c040 SMBIOS=0xece93000 MOKvar=0xecd5a000 INITRD=0xe3c6a040 MEMRESERVE=0xe3c69040 
[    0.000000] secureboot: Secure boot disabled
[    0.000000] esrt: Reserving ESRT space from 0x00000000ece6a040 to 0x00000000ece6a078.
[    0.000000] OF: reserved mem: 0x0000000008400000..0x00000000093fffff (16384 KiB) nomap non-reusable optee@8400000
[    0.000000] OF: reserved mem: 0x00000003fc000000..0x00000003fc4fffff (5120 KiB) nomap non-reusable gap1@3,fc000000
[    0.000000] OF: reserved mem: 0x00000003fff00000..0x00000003ffffffff (1024 KiB) nomap non-reusable gap2@3,fff00000
[    0.000000] NUMA: No NUMA configuration found
[    0.000000] NUMA: Faking a node at [mem 0x0000000000200000-0x00000001ffffffff]
[    0.000000] NUMA: NODE_DATA [mem 0x1feffe600-0x1ff003fff]
[    0.000000] Zone ranges:
[    0.000000]   DMA      [mem 0x0000000000200000-0x00000000ffffffff]
[    0.000000]   DMA32    empty
[    0.000000]   Normal   [mem 0x0000000100000000-0x00000001ffffffff]
[    0.000000]   Device   empty
[    0.000000] Movable zone start for each node
[    0.000000] Early memory node ranges
[    0.000000]   node   0: [mem 0x0000000000200000-0x0000000000b0dfff]
[    0.000000]   node   0: [mem 0x0000000000b0e000-0x0000000000b28fff]
[    0.000000]   node   0: [mem 0x0000000000b29000-0x00000000083fffff]
[    0.000000]   node   0: [mem 0x0000000008400000-0x00000000093fffff]
[    0.000000]   node   0: [mem 0x0000000009400000-0x00000000ecd59fff]
[    0.000000]   node   0: [mem 0x00000000ecd5a000-0x00000000ecd5afff]
[    0.000000]   node   0: [mem 0x00000000ecd5b000-0x00000000ece6bfff]
[    0.000000]   node   0: [mem 0x00000000ece6c000-0x00000000ece6cfff]
[    0.000000]   node   0: [mem 0x00000000ece6d000-0x00000000ece6ffff]
[    0.000000]   node   0: [mem 0x00000000ece70000-0x00000000ece71fff]
[    0.000000]   node   0: [mem 0x00000000ece72000-0x00000000ece72fff]
[    0.000000]   node   0: [mem 0x00000000ece73000-0x00000000ece93fff]
[    0.000000]   node   0: [mem 0x00000000ece94000-0x00000000efebffff]
[    0.000000]   node   0: [mem 0x00000000efec0000-0x00000000efecffff]
[    0.000000]   node   0: [mem 0x00000000efed0000-0x00000000efffffff]
[    0.000000]   node   0: [mem 0x0000000100000000-0x00000001ffffffff]
[    0.000000] Initmem setup node 0 [mem 0x0000000000200000-0x00000001ffffffff]
[    0.000000] On node 0, zone DMA: 512 pages in unavailable ranges
[    0.000000] cma: Reserved 32 MiB at 0x00000000ede00000 on node -1
[    0.000000] psci: probing for conduit method from DT.
[    0.000000] psci: PSCIv1.1 detected in firmware.
[    0.000000] psci: Using standard PSCI v0.2 function IDs
[    0.000000] psci: Trusted OS migration not required
[    0.000000] psci: SMC Calling Convention v1.2
[    0.000000] percpu: Embedded 54 pages/cpu s94248 r8192 d118744 u221184
[    0.000000] pcpu-alloc: s94248 r8192 d118744 u221184 alloc=54*4096
[    0.000000] pcpu-alloc: [0] 0 [0] 1 [0] 2 [0] 3 [0] 4 [0] 5 [0] 6 [0] 7 
[    0.000000] Detected VIPT I-cache on CPU0
[    0.000000] CPU features: detected: GIC system register CPU interface
[    0.000000] CPU features: detected: Virtualization Host Extensions
[    0.000000] CPU features: detected: Qualcomm erratum 1009, or ARM erratum 1286807, 2441009
[    0.000000] CPU features: detected: ARM errata 1165522, 1319367, or 1530923
[    0.000000] alternatives: applying boot alternatives
[    0.000000] Kernel command line: BOOT_IMAGE=/casper/vmlinuz loglevel=8
[    0.000000] Unknown kernel command line parameters "BOOT_IMAGE=/casper/vmlinuz", will be passed to user space.
[    0.000000] Dentry cache hash table entries: 1048576 (order: 11, 8388608 bytes, linear)
[    0.000000] Inode-cache hash table entries: 524288 (order: 10, 4194304 bytes, linear)
[    0.000000] Fallback order for Node 0: 0 
[    0.000000] Built 1 zonelists, mobility grouping on.  Total pages: 1999368
[    0.000000] Policy zone: Normal
[    0.000000] mem auto-init: stack:all(zero), heap alloc:on, heap free:off
[    0.000000] software IO TLB: area num 8.
[    0.000000] software IO TLB: mapped [mem 0x00000000e8d5a000-0x00000000ecd5a000] (64MB)
[    0.000000] Memory: 7693236K/8124416K available (22208K kernel code, 5082K rwdata, 15384K rodata, 11968K init, 1191K bss, 398412K reserved, 32768K cma-reserved)
[    0.000000] SLUB: HWalign=64, Order=0-3, MinObjects=0, CPUs=8, Nodes=1
[    0.000000] ftrace: allocating 60036 entries in 235 pages
[    0.000000] ftrace: allocated 235 pages with 6 groups
[    0.000000] trace event string verifier disabled
[    0.000000] Dynamic Preempt: voluntary
[    0.000000] rcu: Preemptible hierarchical RCU implementation.
[    0.000000] rcu: 	RCU restricting CPUs from NR_CPUS=512 to nr_cpu_ids=8.
[    0.000000] 	Trampoline variant of Tasks RCU enabled.
[    0.000000] 	Rude variant of Tasks RCU enabled.
[    0.000000] 	Tracing variant of Tasks RCU enabled.
[    0.000000] rcu: RCU calculated value of scheduler-enlistment delay is 25 jiffies.
[    0.000000] rcu: Adjusting geometry for rcu_fanout_leaf=16, nr_cpu_ids=8
[    0.000000] NR_IRQS: 64, nr_irqs: 64, preallocated irqs: 0
[    0.000000] GICv3: GIC: Using split EOI/Deactivate mode
[    0.000000] GICv3: 480 SPIs implemented
[    0.000000] GICv3: 0 Extended SPIs implemented
[    0.000000] GICv3: MBI range [424:479]
[    0.000000] GICv3: Using MBI frame 0x00000000fe610000
[    0.000000] Root IRQ handler: gic_handle_irq
[    0.000000] GICv3: GICv3 features: 16 PPIs
[    0.000000] GICv3: CPU0: found redistributor 0 region 0:0x00000000fe680000
[    0.000000] ITS [mem 0xfe640000-0xfe65ffff]
[    0.000000] GIC: enabling workaround for ITS: Rockchip erratum RK3588001
[    0.000000] ITS@0x00000000fe640000: allocated 8192 Devices @100290000 (indirect, esz 8, psz 64K, shr 0)
[    0.000000] ITS@0x00000000fe640000: allocated 32768 Interrupt Collections @1002a0000 (flat, esz 2, psz 64K, shr 0)
[    0.000000] ITS: using cache flushing for cmd queue
[    0.000000] ITS [mem 0xfe660000-0xfe67ffff]
[    0.000000] GIC: enabling workaround for ITS: Rockchip erratum RK3588001
[    0.000000] ITS@0x00000000fe660000: allocated 8192 Devices @1002c0000 (indirect, esz 8, psz 64K, shr 0)
[    0.000000] ITS@0x00000000fe660000: allocated 32768 Interrupt Collections @1002d0000 (flat, esz 2, psz 64K, shr 0)
[    0.000000] ITS: using cache flushing for cmd queue
[    0.000000] GICv3: using LPI property table @0x00000001002e0000
[    0.000000] GIC: using cache flushing for LPI property table
[    0.000000] GICv3: CPU0: using allocated LPI pending table @0x00000001002f0000
[    0.000000] GICv3: GIC: PPI partition interrupt-partition-0[0] { /cpus/cpu@0[0] /cpus/cpu@100[1] /cpus/cpu@200[2] /cpus/cpu@300[3] }
[    0.000000] GICv3: GIC: PPI partition interrupt-partition-1[1] { /cpus/cpu@400[4] /cpus/cpu@500[5] /cpus/cpu@600[6] /cpus/cpu@700[7] }
[    0.000000] rcu: srcu_init: Setting srcu_struct sizes based on contention.
[    0.000000] arch_timer: cp15 timer(s) running at 24.00MHz (phys).
[    0.000000] clocksource: arch_sys_counter: mask: 0xffffffffffffff max_cycles: 0x588fe9dc0, max_idle_ns: 440795202592 ns
[    0.000001] sched_clock: 56 bits at 24MHz, resolution 41ns, wraps every 4398046511097ns
[    0.004210] Console: colour dummy device 80x25
[    0.004226] printk: console [tty0] enabled
[    0.008016] Calibrating delay loop (skipped), value calculated using timer frequency.. 48.00 BogoMIPS (lpj=96000)
[    0.008061] pid_max: default: 32768 minimum: 301
[    0.012858] LSM: initializing lsm=lockdown,capability,landlock,yama,apparmor,integrity
[    0.012956] landlock: Up and running.
[    0.012975] Yama: becoming mindful.
[    0.013671] AppArmor: AppArmor initialized
[    0.015627] Mount-cache hash table entries: 16384 (order: 5, 131072 bytes, linear)
[    0.015687] Mountpoint-cache hash table entries: 16384 (order: 5, 131072 bytes, linear)
[    0.023575] RCU Tasks: Setting shift to 3 and lim to 1 rcu_task_cb_adjust=1.
[    0.023752] RCU Tasks Rude: Setting shift to 3 and lim to 1 rcu_task_cb_adjust=1.
[    0.023935] RCU Tasks Trace: Setting shift to 3 and lim to 1 rcu_task_cb_adjust=1.
[    0.024448] rcu: Hierarchical SRCU implementation.
[    0.024475] rcu: 	Max phase no-delay instances is 1000.
[    0.026340] Platform MSI: msi-controller@fe640000 domain created
[    0.026393] Platform MSI: msi-controller@fe660000 domain created
[    0.026648] PCI/MSI: /interrupt-controller@fe600000/msi-controller@fe640000 domain created
[    0.026712] PCI/MSI: /interrupt-controller@fe600000/msi-controller@fe660000 domain created
[    0.026967] fsl-mc MSI: msi-controller@fe640000 domain created
[    0.027015] fsl-mc MSI: msi-controller@fe660000 domain created
[    0.033241] Remapping and enabling EFI services.
[    0.034323] smp: Bringing up secondary CPUs ...
[    0.036285] Detected VIPT I-cache on CPU1
[    0.036372] GICv3: CPU1: found redistributor 100 region 0:0x00000000fe6a0000
[    0.036393] GICv3: CPU1: using allocated LPI pending table @0x0000000100300000
[    0.036452] CPU1: Booted secondary processor 0x0000000100 [0x412fd050]
[    0.038613] Detected VIPT I-cache on CPU2
[    0.038693] GICv3: CPU2: found redistributor 200 region 0:0x00000000fe6c0000
[    0.038711] GICv3: CPU2: using allocated LPI pending table @0x0000000100310000
[    0.038761] CPU2: Booted secondary processor 0x0000000200 [0x412fd050]
[    0.040834] Detected VIPT I-cache on CPU3
[    0.040914] GICv3: CPU3: found redistributor 300 region 0:0x00000000fe6e0000
[    0.040932] GICv3: CPU3: using allocated LPI pending table @0x0000000100320000
[    0.040982] CPU3: Booted secondary processor 0x0000000300 [0x412fd050]
[    0.043074] CPU features: detected: Spectre-v4
[    0.043080] CPU features: detected: Spectre-BHB
[    0.043086] Detected PIPT I-cache on CPU4
[    0.043133] GICv3: CPU4: found redistributor 400 region 0:0x00000000fe700000
[    0.043143] GICv3: CPU4: using allocated LPI pending table @0x0000000100330000
[    0.043173] CPU4: Booted secondary processor 0x0000000400 [0x414fd0b0]
[    0.045117] Detected PIPT I-cache on CPU5
[    0.045177] GICv3: CPU5: found redistributor 500 region 0:0x00000000fe720000
[    0.045187] GICv3: CPU5: using allocated LPI pending table @0x0000000100340000
[    0.045220] CPU5: Booted secondary processor 0x0000000500 [0x414fd0b0]
[    0.047184] Detected PIPT I-cache on CPU6
[    0.047240] GICv3: CPU6: found redistributor 600 region 0:0x00000000fe740000
[    0.047250] GICv3: CPU6: using allocated LPI pending table @0x0000000100350000
[    0.047281] CPU6: Booted secondary processor 0x0000000600 [0x414fd0b0]
[    0.049209] Detected PIPT I-cache on CPU7
[    0.049266] GICv3: CPU7: found redistributor 700 region 0:0x00000000fe760000
[    0.049277] GICv3: CPU7: using allocated LPI pending table @0x0000000100360000
[    0.049308] CPU7: Booted secondary processor 0x0000000700 [0x414fd0b0]
[    0.049460] smp: Brought up 1 node, 8 CPUs
[    0.049874] SMP: Total of 8 processors activated.
[    0.049895] CPU features: detected: 32-bit EL0 Support
[    0.049914] CPU features: detected: Data cache clean to the PoU not required for I/D coherence
[    0.049940] CPU features: detected: Common not Private translations
[    0.049959] CPU features: detected: CRC32 instructions
[    0.049977] CPU features: detected: Data cache clean to Point of Persistence
[    0.050002] CPU features: detected: RCpc load-acquire (LDAPR)
[    0.050021] CPU features: detected: LSE atomic instructions
[    0.050040] CPU features: detected: Privileged Access Never
[    0.050058] CPU features: detected: RAS Extension Support
[    0.050080] CPU features: detected: Speculative Store Bypassing Safe (SSBS)
[    0.050353] CPU: All CPU(s) started at EL2
[    0.050379] alternatives: applying system-wide alternatives
[    0.059059] devtmpfs: initialized
[    0.085810] clocksource: jiffies: mask: 0xffffffff max_cycles: 0xffffffff, max_idle_ns: 7645041785100000 ns
[    0.085849] futex hash table entries: 2048 (order: 5, 131072 bytes, linear)
[    0.086964] pinctrl core: initialized pinctrl subsystem
[    0.088766] SMBIOS 3.0 present.
[    0.088786] DMI: Unknown Unknown Product/Unknown Product, BIOS 2024.01-rc5-g6aa243c3f8-dirty 01/01/2024
[    0.089910] NET: Registered PF_NETLINK/PF_ROUTE protocol family
[    0.091332] DMA: preallocated 1024 KiB GFP_KERNEL pool for atomic allocations
[    0.091943] DMA: preallocated 1024 KiB GFP_KERNEL|GFP_DMA pool for atomic allocations
[    0.092348] DMA: preallocated 1024 KiB GFP_KERNEL|GFP_DMA32 pool for atomic allocations
[    0.092383] audit: initializing netlink subsys (disabled)
[    0.092615] audit: type=2000 audit(0.088:1): state=initialized audit_enabled=0 res=1
[    0.093415] thermal_sys: Registered thermal governor 'fair_share'
[    0.093420] thermal_sys: Registered thermal governor 'bang_bang'
[    0.093432] thermal_sys: Registered thermal governor 'step_wise'
[    0.093439] thermal_sys: Registered thermal governor 'user_space'
[    0.093445] thermal_sys: Registered thermal governor 'power_allocator'
[    0.093490] cpuidle: using governor ladder
[    0.093514] cpuidle: using governor menu
[    0.093632] hw-breakpoint: found 6 breakpoint and 4 watchpoint registers.
[    0.093814] ASID allocator initialised with 65536 entries
[    0.095543] Serial: AMBA PL011 UART driver
[    0.118689] Modules: 18752 pages in range for non-PLT usage
[    0.118695] Modules: 510272 pages in range for PLT usage
[    0.119826] HugeTLB: registered 1.00 GiB page size, pre-allocated 0 pages
[    0.119843] HugeTLB: 0 KiB vmemmap can be freed for a 1.00 GiB page
[    0.119852] HugeTLB: registered 32.0 MiB page size, pre-allocated 0 pages
[    0.119860] HugeTLB: 0 KiB vmemmap can be freed for a 32.0 MiB page
[    0.119868] HugeTLB: registered 2.00 MiB page size, pre-allocated 0 pages
[    0.119875] HugeTLB: 0 KiB vmemmap can be freed for a 2.00 MiB page
[    0.119884] HugeTLB: registered 64.0 KiB page size, pre-allocated 0 pages
[    0.119891] HugeTLB: 0 KiB vmemmap can be freed for a 64.0 KiB page
[    0.122980] fbcon: Taking over console
[    0.123000] ACPI: Interpreter disabled.
[    0.124193] iommu: Default domain type: Translated
[    0.124203] iommu: DMA domain TLB invalidation policy: strict mode
[    0.124937] SCSI subsystem initialized
[    0.125134] libata version 3.00 loaded.
[    0.125233] usbcore: registered new interface driver usbfs
[    0.125254] usbcore: registered new interface driver hub
[    0.125276] usbcore: registered new device driver usb
[    0.125527] pps_core: LinuxPPS API ver. 1 registered
[    0.125536] pps_core: Software ver. 5.3.6 - Copyright 2005-2007 Rodolfo Giometti <giometti@linux.it>
[    0.125550] PTP clock support registered
[    0.125892] EDAC MC: Ver: 3.0.0
[    0.126408] scmi_core: SCMI protocol bus registered
[    0.126903] efivars: Registered efivars operations
[    0.128125] NetLabel: Initializing
[    0.128135] NetLabel:  domain hash size = 128
[    0.128141] NetLabel:  protocols = UNLABELED CIPSOv4 CALIPSO
[    0.128198] NetLabel:  unlabeled traffic allowed by default
[    0.128469] mctp: management component transport protocol core
[    0.128478] NET: Registered PF_MCTP protocol family
[    0.128672] vgaarb: loaded
[    0.129229] clocksource: Switched to clocksource arch_sys_counter
[    0.177980] VFS: Disk quotas dquot_6.6.0
[    0.178159] VFS: Dquot-cache hash table entries: 512 (order 0, 4096 bytes)
[    0.178701] AppArmor: AppArmor Filesystem Enabled
[    0.178753] pnp: PnP ACPI: disabled
[    0.187894] NET: Registered PF_INET protocol family
[    0.188105] IP idents hash table entries: 131072 (order: 8, 1048576 bytes, linear)
[    0.193478] tcp_listen_portaddr_hash hash table entries: 4096 (order: 4, 65536 bytes, linear)
[    0.193583] Table-perturb hash table entries: 65536 (order: 6, 262144 bytes, linear)
[    0.193662] TCP established hash table entries: 65536 (order: 7, 524288 bytes, linear)
[    0.194406] TCP bind hash table entries: 65536 (order: 9, 2097152 bytes, linear)
[    0.196295] TCP: Hash tables configured (established 65536 bind 65536)
[    0.196657] MPTCP token hash table entries: 8192 (order: 5, 196608 bytes, linear)
[    0.196825] UDP hash table entries: 4096 (order: 5, 131072 bytes, linear)
[    0.197026] UDP-Lite hash table entries: 4096 (order: 5, 131072 bytes, linear)
[    0.197563] NET: Registered PF_UNIX/PF_LOCAL protocol family
[    0.197605] NET: Registered PF_XDP protocol family
[    0.197619] PCI: CLS 0 bytes, default 64
[    0.197822] Trying to unpack rootfs image as initramfs...
[    0.201427] kvm [1]: IPA Size Limit: 40 bits
[    0.201466] kvm [1]: GICv3: no GICV resource entry
[    0.201474] kvm [1]: disabling GICv2 emulation
[    0.201497] kvm [1]: GIC system register CPU interface enabled
[    0.201516] kvm [1]: vgic interrupt IRQ18
[    0.201563] kvm [1]: VHE mode initialized successfully
[    0.202679] Initialise system trusted keyrings
[    0.202725] Key type blacklist registered
[    0.202949] workingset: timestamp_bits=40 max_order=21 bucket_order=0
[    0.202999] zbud: loaded
[    0.208769] squashfs: version 4.0 (2009/01/31) Phillip Lougher
[    0.211484] fuse: init (API version 7.39)
[    0.212287] integrity: Platform Keyring initialized
[    0.212321] integrity: Machine keyring initialized
[    0.234268] Key type asymmetric registered
[    0.234278] Asymmetric key parser 'x509' registered
[    0.234327] Block layer SCSI generic (bsg) driver version 0.4 loaded (major 242)
[    0.234550] io scheduler mq-deadline registered
[    0.240697] shpchp: Standard Hot Plug PCI Controller Driver version: 0.4
[    0.256715] Serial: 8250/16550 driver, 32 ports, IRQ sharing enabled
[    0.264698] feb50000.serial: ttyS2 at MMIO 0xfeb50000 (irq = 26, base_baud = 1500000) is a 16550A
[    0.264837] printk: console [ttyS2] enabled
[    0.405810] feb90000.serial: ttyS0 at MMIO 0xfeb90000 (irq = 27, base_baud = 1500000) is a 16550A
[    0.407581] SuperH (H)SCI(F) driver initialized
[    0.408560] msm_serial: driver initialized
[    0.418730] loop: module loaded
[    0.420980] tun: Universal TUN/TAP device driver, 1.6
[    0.422686] PPP generic driver version 2.4.2
[    0.424118] mousedev: PS/2 mouse device common for all mice
[    0.425193] i2c_dev: i2c /dev entries driver
[    0.426819] device-mapper: core: CONFIG_IMA_DISABLE_HTABLE is disabled. Duplicate IMA measurements will not be recorded in the IMA log.
[    0.427967] device-mapper: uevent: version 1.0.3
[    0.428636] device-mapper: ioctl: 4.48.0-ioctl (2023-03-01) initialised: dm-devel@redhat.com
[    0.432439] ledtrig-cpu: registered to indicate activity on CPUs
[    0.433366] scmi_protocol scmi_dev.1: Enabled polling mode TX channel - prot_id:16
[    0.434806] arm-scmi firmware:scmi: SCMI RAW Mode initialized for instance 0
[    0.435431] arm-scmi firmware:scmi: SCMI RAW Mode COEX enabled !
[    0.436036] arm-scmi firmware:scmi: SCMI Notifications - Core Enabled.
[    0.436646] arm-scmi firmware:scmi: SCMI Protocol v2.0 'rockchip:' Firmware version 0x0
[    0.443450] SMCCC: SOC_ID: ARCH_SOC_ID not implemented, skipping ....
[    0.447265] hw perfevents: enabled with armv8_cortex_a55 PMU driver, 7 counters available
[    0.448977] hw perfevents: enabled with armv8_cortex_a76 PMU driver, 7 counters available
[    0.450211] watchdog: Delayed init of the lockup detector failed: -19
[    0.450781] watchdog: Hard watchdog permanently disabled
[    0.451973] drop_monitor: Initializing network drop monitor service
[    0.497978] NET: Registered PF_INET6 protocol family
[    0.711505] Freeing initrd memory: 101720K
[    0.758807] Segment Routing with IPv6
[    0.759192] In-situ OAM (IOAM) with IPv6
[    0.759631] NET: Registered PF_PACKET protocol family
[    0.760563] Key type dns_resolver registered
[    0.765869] registered taskstats version 1
[    0.768100] Loading compiled-in X.509 certificates
[    0.770895] Loaded X.509 cert 'Build time autogenerated kernel key: 5cc52cdc086f55b317420bbda770f3d98816c38b'
[    0.773692] Loaded X.509 cert 'Canonical Ltd. Live Patch Signing: 14df34d1a87cf37625abec039ef2bf521249b969'
[    0.776448] Loaded X.509 cert 'Canonical Ltd. Kernel Module Signing: 88f752e560a1e0737e31163a466ad7b70a850c19'
[    0.777357] blacklist: Loading compiled-in revocation X.509 certificates
[    0.777995] Loaded X.509 cert 'Canonical Ltd. Secure Boot Signing: 61482aa2830d0ab2ad5af10b7250da9033ddcef0'
[    0.778897] Loaded X.509 cert 'Canonical Ltd. Secure Boot Signing (2017): 242ade75ac4a15e50d50c84b0d45ff3eae707a03'
[    0.779862] Loaded X.509 cert 'Canonical Ltd. Secure Boot Signing (ESM 2018): 365188c1d374d6b07c3c8f240f8ef722433d6a8b'
[    0.780866] Loaded X.509 cert 'Canonical Ltd. Secure Boot Signing (2019): c0746fd6c5da3ae827864651ad66ae47fe24b3e8'
[    0.781824] Loaded X.509 cert 'Canonical Ltd. Secure Boot Signing (2021 v1): a8d54bbb3825cfb94fa13c9f8a594a195c107b8d'
[    0.782806] Loaded X.509 cert 'Canonical Ltd. Secure Boot Signing (2021 v2): 4cf046892d6fd3c9a5b03f98d845f90851dc6a8c'
[    0.783831] Loaded X.509 cert 'Canonical Ltd. Secure Boot Signing (2021 v3): 100437bb6de6e469b581e61cd66bce3ef4ed53af'
[    0.784805] Loaded X.509 cert 'Canonical Ltd. Secure Boot Signing (Ubuntu Core 2019): c1d57b8f6b743f23ee41f4f7ee292f06eecadfb9'
[    0.798727] Key type .fscrypt registered
[    0.799079] Key type fscrypt-provisioning registered
[    0.847331] Key type encrypted registered
[    0.847706] AppArmor: AppArmor sha1 policy hashing enabled
[    0.848749] ima: secureboot mode disabled
[    0.849117] ima: No TPM chip found, activating TPM-bypass!
[    0.849634] Loading compiled-in module X.509 certificates
[    0.852076] Loaded X.509 cert 'Build time autogenerated kernel key: 5cc52cdc086f55b317420bbda770f3d98816c38b'
[    0.852949] ima: Allocated hash algorithm: sha256
[    0.853416] ima: No architecture policies found
[    0.853849] evm: Initialising EVM extended attributes:
[    0.854303] evm: security.selinux
[    0.854598] evm: security.SMACK64
[    0.854891] evm: security.SMACK64EXEC
[    0.855216] evm: security.SMACK64TRANSMUTE
[    0.855578] evm: security.SMACK64MMAP
[    0.855902] evm: security.apparmor
[    0.856204] evm: security.ima
[    0.856468] evm: security.capability
[    0.856784] evm: HMAC attrs: 0x1
[    0.901755] clk: Disabling unused clocks
[    0.902837] dw-apb-uart feb50000.serial: forbid DMA for kernel console
[    0.909742] Freeing unused kernel memory: 11968K
[    0.991591] Checked W+X mappings: passed, no W+X pages found
[    0.992115] Run /init as init process
[    0.992443]   with arguments:
[    0.992709]     /init
[    0.992913]   with environment:
[    0.993193]     HOME=/
[    0.993421]     TERM=linux
[    0.993663]     BOOT_IMAGE=/casper/vmlinuz
Loading, please wait...
Starting systemd-udevd version 253.5-1ubuntu7
[    2.231749] Synopsys Designware Multimedia Card Interface Driver
[    2.247634] i2c 2-0011: Fixed dependency cycle(s) with /i2s@fe470000/port/endpoint
[    2.257624] sdhci: Secure Digital Host Controller Interface driver
[    2.258183] sdhci: Copyright(c) Pierre Ossman
[    2.269246] sdhci-pltfm: SDHCI platform and OF driver helper
[    2.278597] dma-pl330 fea10000.dma-controller: Loaded driver for PL330 DMAC-241330
[    2.279282] dma-pl330 fea10000.dma-controller: 	DBUFF-128x8bytes Num_Chans-8 Num_Peri-32 Num_Events-16
[    2.292897] gpio gpiochip0: Static allocation of GPIO base is deprecated, use dynamic allocation.
[    2.298372] rockchip-gpio fd8a0000.gpio: probed /pinctrl/gpio@fd8a0000
[    2.307183] dma-pl330 fea30000.dma-controller: Loaded driver for PL330 DMAC-241330
[    2.307865] dma-pl330 fea30000.dma-controller: 	DBUFF-128x8bytes Num_Chans-8 Num_Peri-32 Num_Events-16
[    2.314269] gpio gpiochip1: Static allocation of GPIO base is deprecated, use dynamic allocation.
[    2.321116] rockchip-gpio fec20000.gpio: probed /pinctrl/gpio@fec20000
[    2.325819] gpio gpiochip2: Static allocation of GPIO base is deprecated, use dynamic allocation.
[    2.333260] mmc0: SDHCI controller on fe2e0000.mmc [fe2e0000.mmc] using ADMA
[    2.337960] rockchip-gpio fec30000.gpio: probed /pinctrl/gpio@fec30000
[    2.347783] gpio gpiochip3: Static allocation of GPIO base is deprecated, use dynamic allocation.
[    2.358137] rockchip-gpio fec40000.gpio: probed /pinctrl/gpio@fec40000
[    2.359568] gpio gpiochip4: Static allocation of GPIO base is deprecated, use dynamic allocation.
[    2.376270] rockchip-gpio fec50000.gpio: probed /pinctrl/gpio@fec50000
[    2.377895] spi spi2.0: Fixed dependency cycle(s) with /spi@feb20000/pmic@0/regulators/dcdc-reg7
[    2.378902] spi spi2.0: Fixed dependency cycle(s) with /spi@feb20000/pmic@0/dvs3-null-pins
[    2.379673] spi spi2.0: Fixed dependency cycle(s) with /spi@feb20000/pmic@0/dvs2-null-pins
[    2.380905] spi spi2.0: Fixed dependency cycle(s) with /spi@feb20000/pmic@0/dvs1-null-pins
[    2.415783] dma-pl330 fed10000.dma-controller: Loaded driver for PL330 DMAC-241330
[    2.416509] dma-pl330 fed10000.dma-controller: 	DBUFF-128x8bytes Num_Chans-8 Num_Peri-32 Num_Events-16
[    2.437766] mmc0: new HS400 Enhanced strobe MMC card at address 0001
[    2.461909] mmcblk0: mmc0:0001 ARV11X 58.3 GiB
[    2.499466] ohci-platform fc840000.usb: Generic Platform OHCI controller
[    2.504365] ehci-platform fc800000.usb: EHCI Host Controller
[    2.507398] ohci-platform fc840000.usb: new USB bus registered, assigned bus number 1
[    2.507417] ehci-platform fc800000.usb: new USB bus registered, assigned bus number 2
[    2.508309] ohci-platform fc840000.usb: irq 48, io mem 0xfc840000
[    2.509810] ehci-platform fc800000.usb: irq 49, io mem 0xfc800000
[    2.525291] ehci-platform fc800000.usb: USB 2.0 started, EHCI 1.00
[    2.529069] usb usb2: New USB device found, idVendor=1d6b, idProduct=0002, bcdDevice= 6.06
[    2.529907] usb usb2: New USB device strings: Mfr=3, Product=2, SerialNumber=1
[    2.530568] usb usb2: Product: EHCI Host Controller
[    2.531016] usb usb2: Manufacturer: Linux 6.6.0-14-generic ehci_hcd
[    2.531587] usb usb2: SerialNumber: fc800000.usb
[    2.562532]  mmcblk0: p1 p2 p3 p4 p5 p6 p7
[    2.600775] rockchip-dw-pcie a40000000.pcie: host bridge /pcie@fe150000 ranges:
[    2.601474] rockchip-dw-pcie a40000000.pcie:       IO 0x00f0100000..0x00f01fffff -> 0x00f0100000
[    2.602258] rockchip-dw-pcie a40000000.pcie:      MEM 0x00f0200000..0x00f0ffffff -> 0x00f0200000
[    2.603034] rockchip-dw-pcie a40000000.pcie:      MEM 0x0900000000..0x093fffffff -> 0x0040000000
[    2.603118] hub 2-0:1.0: USB hub found
[    2.604507] hub 2-0:1.0: 1 port detected
[    2.611832] rockchip-dw-pcie a40000000.pcie: iATU: unroll T, 8 ob, 8 ib, align 64K, limit 8G
[    2.620386] usb usb1: New USB device found, idVendor=1d6b, idProduct=0001, bcdDevice= 6.06
[    2.621163] usb usb1: New USB device strings: Mfr=3, Product=2, SerialNumber=1
[    2.621853] usb usb1: Product: Generic Platform OHCI controller
[    2.622395] usb usb1: Manufacturer: Linux 6.6.0-14-generic ohci_hcd
[    2.622965] usb usb1: SerialNumber: fc840000.usb
[    2.631641] fan53555-regulator 0-0043: FAN53555 Option[10] Rev[1] Detected!
[    2.635219] fan53555-regulator 0-0042: FAN53555 Option[10] Rev[1] Detected!
[    2.641126] hub 1-0:1.0: USB hub found
[    2.641741] hub 1-0:1.0: 1 port detected
[    2.662826] rtc-hym8563 1-0051: no valid clock/calendar values available
[    2.678435] rtc-hym8563 1-0051: registered as rtc0
[    2.680032] rtc-hym8563 1-0051: no valid clock/calendar values available
[    2.680380] mmcblk0boot0: mmc0:0001 ARV11X 4.00 MiB
[    2.680638] rtc-hym8563 1-0051: hctosys: unable to read the hardware clock
[    2.688912] mmcblk0boot1: mmc0:0001 ARV11X 4.00 MiB
[    2.691594] mmcblk0rpmb: mmc0:0001 ARV11X 4.00 MiB, chardev (238:0)
[    2.715724] rk808-regulator rk808-regulator.2.auto: there is no dvs0 gpio
[    2.716347] rk808-regulator rk808-regulator.2.auto: there is no dvs1 gpio
[    2.721478] vdd_2v0_pldo_s3: Bringing 1975000uV into 2000000-2000000uV
[    2.722898] vcc_3v3_s3: Bringing 3275000uV into 3300000-3300000uV
[    2.724607] vcc_1v8_s3: Bringing 1775000uV into 1800000-1800000uV
[    3.718171] rockchip-dw-pcie a40000000.pcie: Phy link never came up
[    3.719037] rockchip-dw-pcie a40000000.pcie: PCI host bridge to bus 0000:00
[    3.719657] pci_bus 0000:00: root bus resource [bus 00-0f]
[    3.720157] pci_bus 0000:00: root bus resource [io  0x0000-0xfffff] (bus address [0xf0100000-0xf01fffff])
[    3.720999] pci_bus 0000:00: root bus resource [mem 0xf0200000-0xf0ffffff]
[    3.721625] pci_bus 0000:00: root bus resource [mem 0x900000000-0x93fffffff] (bus address [0x40000000-0x7fffffff])
[    3.722552] pci 0000:00:00.0: [1d87:3588] type 01 class 0x060400
[    3.723091] pci 0000:00:00.0: reg 0x10: [mem 0x00000000-0x3fffffff]
[    3.723648] pci 0000:00:00.0: reg 0x14: [mem 0x00000000-0x3fffffff]
[    3.724203] pci 0000:00:00.0: reg 0x38: [mem 0x00000000-0x0000ffff pref]
[    3.724850] pci 0000:00:00.0: supports D1 D2
[    3.725235] pci 0000:00:00.0: PME# supported from D0 D1 D3hot
[    3.728239] pci_bus 0000:01: busn_res: can not insert [bus 01-ff] under [bus 00-0f] (conflicts with (null) [bus 00-0f])
[    3.729296] pci 0000:00:00.0: BAR 0: assigned [mem 0x900000000-0x93fffffff]
[    3.729914] pci 0000:00:00.0: BAR 1: no space for [mem size 0x40000000]
[    3.730498] pci 0000:00:00.0: BAR 1: failed to assign [mem size 0x40000000]
[    3.731112] pci 0000:00:00.0: BAR 6: assigned [mem 0xf0200000-0xf020ffff pref]
[    3.731751] pci 0000:00:00.0: PCI bridge to [bus 01-ff]
[    3.734263] pcieport 0000:00:00.0: PME: Signaling with IRQ 78
[    3.735478] pcieport 0000:00:00.0: AER: enabled with IRQ 79
[    3.736754] rockchip-dw-pcie a40800000.pcie: host bridge /pcie@fe170000 ranges:
[    3.737437] rockchip-dw-pcie a40800000.pcie:       IO 0x00f2100000..0x00f21fffff -> 0x00f2100000
[    3.738219] rockchip-dw-pcie a40800000.pcie:      MEM 0x00f2200000..0x00f2ffffff -> 0x00f2200000
[    3.738995] rockchip-dw-pcie a40800000.pcie:      MEM 0x0980000000..0x09bfffffff -> 0x0040000000
[    3.739880] rockchip-dw-pcie a40800000.pcie: iATU: unroll T, 8 ob, 8 ib, align 64K, limit 8G
[    3.945552] rockchip-dw-pcie a40800000.pcie: PCIe Gen.2 x1 link up
[    3.946428] rockchip-dw-pcie a40800000.pcie: PCI host bridge to bus 0002:20
[    3.947072] pci_bus 0002:20: root bus resource [bus 20-2f]
[    3.947611] pci_bus 0002:20: root bus resource [io  0x100000-0x1fffff] (bus address [0xf2100000-0xf21fffff])
[    3.948501] pci_bus 0002:20: root bus resource [mem 0xf2200000-0xf2ffffff]
[    3.949130] pci_bus 0002:20: root bus resource [mem 0x980000000-0x9bfffffff] (bus address [0x40000000-0x7fffffff])
[    3.950167] pci 0002:20:00.0: [1d87:3588] type 01 class 0x060400
[    3.950740] pci 0002:20:00.0: reg 0x38: [mem 0x00000000-0x0000ffff pref]
[    3.951426] pci 0002:20:00.0: supports D1 D2
[    3.951822] pci 0002:20:00.0: PME# supported from D0 D1 D3hot
[    3.958518] pci 0002:20:00.0: Primary bus is hard wired to 0
[    3.959060] pci 0002:20:00.0: bridge configuration invalid ([bus 01-ff]), reconfiguring
[    3.960122] pci 0002:21:00.0: [10ec:8125] type 00 class 0x020000
[    3.960743] pci 0002:21:00.0: reg 0x10: [io  0x0000-0x00ff]
[    3.961363] pci 0002:21:00.0: reg 0x18: [mem 0x00000000-0x0000ffff 64bit]
[    3.962031] pci 0002:21:00.0: reg 0x20: [mem 0x00000000-0x00003fff 64bit]
[    3.963124] pci 0002:21:00.0: supports D1 D2
[    3.963523] pci 0002:21:00.0: PME# supported from D0 D1 D2 D3hot D3cold
[    3.975127] pci_bus 0002:21: busn_res: [bus 21-2f] end is updated to 21
[    3.975790] pci 0002:20:00.0: BAR 14: assigned [mem 0xf2200000-0xf22fffff]
[    3.976423] pci 0002:20:00.0: BAR 6: assigned [mem 0xf2300000-0xf230ffff pref]
[    3.977085] pci 0002:20:00.0: BAR 13: assigned [io  0x100000-0x100fff]
[    3.977727] pci 0002:21:00.0: BAR 2: assigned [mem 0xf2200000-0xf220ffff 64bit]
[    3.978448] pci 0002:21:00.0: BAR 4: assigned [mem 0xf2210000-0xf2213fff 64bit]
[    3.978499] pci 0002:21:00.0: BAR 0: assigned [io  0x100000-0x1000ff]
[    3.979772] pci 0002:20:00.0: PCI bridge to [bus 21]
[    3.979784] pci 0002:20:00.0:   bridge window [io  0x100000-0x100fff]
