DDR d5483af87d cym 23/11/23-16:15:24,fwver: v1.15
LPDDR4X, 2112MHz
channel[0] BW=16 Col=10 Bk=8 CS0 Row=16 CS1 Row=16 CS=2 Die BW=16 Size=2048MB
channel[1] BW=16 Col=10 Bk=8 CS0 Row=16 CS1 Row=16 CS=2 Die BW=16 Size=2048MB
channel[2] BW=16 Col=10 Bk=8 CS0 Row=16 CS1 Row=16 CS=2 Die BW=16 Size=2048MB
channel[3] BW=16 Col=10 Bk=8 CS0 Row=16 CS1 Row=16 CS=2 Die BW=16 Size=2048MB
Manufacturer ID:0x1
CH0 RX Vref:27.9%, TX Vref:19.8%,19.8%
CH1 RX Vref:28.5%, TX Vref:21.8%,21.8%
CH2 RX Vref:28.5%, TX Vref:20.8%,21.8%
CH3 RX Vref:29.3%, TX Vref:21.8%,21.8%
change to F1: 528MHz
change to F2: 1068MHz
change to F3: 1560MHz
change to F0: 2112MHz
out
U-Boot SPL board init
U-Boot SPL 2017.09-g82435751526-231214-dirty #zhangzj (Dec 14 2023 - 09:16:28)
unknown raw ID 0 0 0
unrecognized JEDEC id bytes: 00, 00, 00
Trying to boot from MMC2
MMC: no card present
mmc_init: -123, time 1
spl: mmc init failed with error: -123
Trying to boot from MMC1
SPL: A/B-slot: _a, successful: 0, tries-remain: 7
Trying fit image at 0x4000 sector
## Verified-boot: 0
## Checking atf-1 0x00040000 ... sha256(b40ce543bb...) + OK
## Checking u-boot 0x00a00000 ... sha256(7b97a8a68e...) + OK
## Checking fdt-1 0x00b062f0 ... sha256(a29cfc9d82...) + OK
## Checking atf-2 0x000f0000 ... sha256(f202de33d9...) + OK
## Checking atf-3 0xff100000 ... sha256(af08976afd...) + OK
## Checking tee-1 0x08400000 ... sha256(617eb0ee15...) + OK
Jumping to U-Boot(0x00a00000) via ARM Trusted Firmware(0x00040000)
Total: 94.920/255.144 ms

INFO:    Preloader serial: 2
NOTICE:  BL31: v2.3():v2.3-616-gdc1125f48:finley.xiao
NOTICE:  BL31: Built : 16:41:17, Jul 13 2023
INFO:    spec: 0x1
INFO:    ext 32k is valid
INFO:    ddr: stride-en 4CH
INFO:    GICv3 without legacy support detected.
INFO:    ARM GICv3 driver initialized in EL3
INFO:    valid_cpu_msk=0xff bcore0_rst = 0x0, bcore1_rst = 0x0
INFO:    system boots from cpu-hwid-0
INFO:    idle_st=0x21fff, pd_st=0x11fff9, repair_st=0xfff70001
ERROR:   dfs get fsp_params[0] error, 0xfead0004 != 0xfead0003
ERROR:   dfs get fsp_params[1] error, 0x1111 != 0xfead0003
ERROR:   dfs get fsp_params[2] error, 0x0 != 0xfead0003
ERROR:   dfs get fsp_params[3] error, 0x60241520 != 0xfead0003
ERROR:   loader&trust unmatch!!! Please update trust if need enable dmc
INFO:    BL31: Initialising Exception Handling Framework
INFO:    BL31: Initializing runtime services
INFO:    BL31: Initializing BL32
I/TC: 
I/TC: OP-TEE version: 3.13.0-760-g540ade275 #zhangzj (gcc version 10.2.1 20201103 (GNU Toolchain for the A-profile Architecture 10.2-2020.11 (arm-10.16))) #3 Tue Dec  5 14:36:05 CST 2023 aarch64, fwver: null 
I/TC: OP-TEE memory: TEEOS 0x200000 TA 0xc00000 SHM 0x200000
I/TC: Primary CPU initializing
I/TC: Primary CPU switching to normal world boot
INFO:    BL31: Preparing for EL3 exit to normal world
INFO:    Entry point address = 0xa00000
INFO:    SPSR = 0x3c9


U-Boot 2024.01-rc5-g19b365eb3a (Apr 22 2024 - 11:18:55 +0800)

Model: Rockchip Toybrick RK3588 X0 Board
DRAM:  8 GiB (effective 7.7 GiB)
Core:  331 devices, 28 uclasses, devicetree: separate
MMC:   mmc@fe2e0000: 0
Loading Environment from MMC... OK
In:    serial@feb50000
Out:   serial@feb50000
Err:   serial@feb50000
Model: Rockchip Toybrick RK3588 X0 Board
Net:   eth0: ethernet@fe1b0000
Hit any key to stop autoboot:  2  1  0 
Scanning for bootflows in all bootdevs
Seq  Method       State   Uclass    Part  Name                      Filename
---  -----------  ------  --------  ----  ------------------------  ----------------
Scanning bootdev 'mmc@fe2e0000.bootdev':
Unknown uclass 'nvme' in label
Unknown uclass 'scsi' in label
Bus usb@fc800000: USB EHCI 1.00
Bus usb@fc840000: USB OHCI 1.0
Bus usb@fc880000: USB EHCI 1.00
Bus usb@fc8c0000: USB OHCI 1.0
scanning bus usb@fc800000 for devices... 1 USB Device(s) found
scanning bus usb@fc840000 for devices... 1 USB Device(s) found
scanning bus usb@fc880000 for devices... 2 USB Device(s) found
scanning bus usb@fc8c0000 for devices... 1 USB Device(s) found
Scanning bootdev 'usb_mass_storage.lun0.bootdev':
  0  efi          ready   usb_mass_    2  usb_mass_storage.lun0.boo efi/boot/bootaa64.efi
** Booting bootflow 'usb_mass_storage.lun0.bootdev.part_2' with efi
Booting /efi\boot\bootaa64.efi
ethernet@fe1b0000 Waiting for PHY auto negotiation to complete......... TIMEOUT !
phy_startup() failed: -110FAILED: -110error: file `/boot/' not found.
GNU GRUB  version 2.12~rc1

ввввввввввв”Ђввввввввввввввввввввввввввввввввввввввввввввввввввввввввввввввввввввввввввввввввввввв”Ђвввввввввввввввввввввввввввввввввввввв”Ђвввввввввввввввввввввввввввввввввввввввввввввввввввввввввввввввввввввввввввввввввввввввввввввввввввввв”Ђвввввввввввввввввввввввввввввввввввввввввв”Ђввввввввввввввввввввввввввввввввввввввввввввввввввввввввввввввввввввввввввввввввв”Ђввввввввввввввввввввввввввввввввв     Use the в and в keys to select which entry is highlighted.                                                                                                    
      Press enter to boot the selected OS, `e' to edit the commands before booting or `c' for a command-line.                                                        *Try or Install Ubuntu Server                                                                                                                                          Boot from next volume                                                                                                                                                 UEFI Firmware Settings                                                                                                                                                                                                                                                                                                                                                                                                                                                                                                                                                                                                                                                                                                                                                                                                                                                                                                                                                                                                                                                                                                                                                                                                                                                                                                                                                                                                                                                                                                                                                                                                                                                                                                                                                                                                                                                                                                                                                                                                                                                                                                                                                                                                                                                                                                                                                                                                                                                                                                                                                                                                                                                                                                                                                                                                                                                                                                                                                                                                                                                                                                                                                                                                                                                                                                                                                                                                                                                                                                                                                                                                                                                                                                                                                                                                                                                                                                                                                                                                                                                                                                                                                                                                                                                                                                                                                                                                                                                                         The highlighted entry will be executed automatically in 30s.                                                                                                                                                                                                                                                                                                                                                                                                                                                            EFI stub: Booting Linux Kernel...
EFI stub: EFI_RNG_PROTOCOL unavailable
EFI stub: Loaded initrd from LINUX_EFI_INITRD_MEDIA_GUID device path
EFI stub: Using DTB from configuration table
EFI stub: Exiting boot services...
I/TC: Secondary CPU 1 initializing
I/TC: Secondary CPU 1 switching to normal world boot
I/TC: Secondary CPU 2 initializing
I/TC: Secondary CPU 2 switching to normal world boot
I/TC: Secondary CPU 3 initializing
I/TC: Secondary CPU 3 switching to normal world boot
I/TC: Secondary CPU 4 initializing
I/TC: Secondary CPU 4 switching to normal world boot
I/TC: Secondary CPU 5 initializing
I/TC: Secondary CPU 5 switching to normal world boot
I/TC: Secondary CPU 6 initializing
I/TC: Secondary CPU 6 switching to normal world boot
I/TC: Secondary CPU 7 initializing
I/TC: Secondary CPU 7 switching to normal world boot
[    0.000000] Booting Linux on physical CPU 0x0000000000 [0x412fd050]
[    0.000000] Linux version 6.6.0-14-generic (buildd@bos03-arm64-023) (aarch64-linux-gnu-gcc-13 (Ubuntu 13.2.0-7ubuntu1) 13.2.0, GNU ld (GNU Binutils for Ubuntu) 2.41) #14-Ubuntu SMP PREEMPT_DYNAMIC Thu Nov 30 10:53:08 UTC 2023 (Ubuntu 6.6.0-14.14-generic 6.6.3)
[    0.000000] KASLR disabled due to lack of seed
[    0.000000] Machine model: Rockchip Toybrick RK3588 X0 Board
[    0.000000] efi: EFI v2.10 by Das U-Boot
[    0.000000] efi: ESRT=0xece6e040 RTPROP=0xece70040 SMBIOS=0xecea0000 MOKvar=0xecd69000 INITRD=0xe3c79040 MEMRESERVE=0xe3c78040 
[    0.000000] secureboot: Secure boot disabled
[    0.000000] esrt: Reserving ESRT space from 0x00000000ece6e040 to 0x00000000ece6e078.
[    0.000000] OF: reserved mem: 0x0000000008400000..0x00000000093fffff (16384 KiB) nomap non-reusable optee@8400000
[    0.000000] OF: reserved mem: 0x00000003fc000000..0x00000003fc4fffff (5120 KiB) nomap non-reusable gap1@3,fc000000
[    0.000000] OF: reserved mem: 0x00000003fff00000..0x00000003ffffffff (1024 KiB) nomap non-reusable gap2@3,fff00000
[    0.000000] NUMA: No NUMA configuration found
[    0.000000] NUMA: Faking a node at [mem 0x0000000000200000-0x00000001ffffffff]
[    0.000000] NUMA: NODE_DATA [mem 0x1feffd600-0x1ff002fff]
[    0.000000] Zone ranges:
[    0.000000]   DMA      [mem 0x0000000000200000-0x00000000ffffffff]
[    0.000000]   DMA32    empty
[    0.000000]   Normal   [mem 0x0000000100000000-0x00000001ffffffff]
[    0.000000]   Device   empty
[    0.000000] Movable zone start for each node
[    0.000000] Early memory node ranges
[    0.000000]   node   0: [mem 0x0000000000200000-0x0000000000b05fff]
[    0.000000]   node   0: [mem 0x0000000000b06000-0x0000000000b20fff]
[    0.000000]   node   0: [mem 0x0000000000b21000-0x00000000083fffff]
[    0.000000]   node   0: [mem 0x0000000008400000-0x00000000093fffff]
[    0.000000]   node   0: [mem 0x0000000009400000-0x00000000ecd68fff]
[    0.000000]   node   0: [mem 0x00000000ecd69000-0x00000000ecd69fff]
[    0.000000]   node   0: [mem 0x00000000ecd6a000-0x00000000ece6ffff]
[    0.000000]   node   0: [mem 0x00000000ece70000-0x00000000ece70fff]
[    0.000000]   node   0: [mem 0x00000000ece71000-0x00000000ece73fff]
[    0.000000]   node   0: [mem 0x00000000ece74000-0x00000000ece95fff]
[    0.000000]   node   0: [mem 0x00000000ece96000-0x00000000ece9ffff]
[    0.000000]   node   0: [mem 0x00000000ecea0000-0x00000000ecea0fff]
[    0.000000]   node   0: [mem 0x00000000ecea1000-0x00000000efecffff]
[    0.000000]   node   0: [mem 0x00000000efed0000-0x00000000efedffff]
[    0.000000]   node   0: [mem 0x00000000efee0000-0x00000000efffffff]
[    0.000000]   node   0: [mem 0x0000000100000000-0x00000001ffffffff]
[    0.000000] Initmem setup node 0 [mem 0x0000000000200000-0x00000001ffffffff]
[    0.000000] On node 0, zone DMA: 512 pages in unavailable ranges
[    0.000000] cma: Reserved 32 MiB at 0x00000000ede00000 on node -1
[    0.000000] psci: probing for conduit method from DT.
[    0.000000] psci: PSCIv1.1 detected in firmware.
[    0.000000] psci: Using standard PSCI v0.2 function IDs
[    0.000000] psci: Trusted OS migration not required
[    0.000000] psci: SMC Calling Convention v1.2
[    0.000000] percpu: Embedded 54 pages/cpu s94248 r8192 d118744 u221184
[    0.000000] Detected VIPT I-cache on CPU0
[    0.000000] CPU features: detected: GIC system register CPU interface
[    0.000000] CPU features: detected: Virtualization Host Extensions
[    0.000000] CPU features: detected: Qualcomm erratum 1009, or ARM erratum 1286807, 2441009
[    0.000000] CPU features: detected: ARM errata 1165522, 1319367, or 1530923
[    0.000000] alternatives: applying boot alternatives
[    0.000000] Kernel command line: BOOT_IMAGE=/casper/vmlinuz ---
[    0.000000] Unknown kernel command line parameters "--- BOOT_IMAGE=/casper/vmlinuz", will be passed to user space.
[    0.000000] Dentry cache hash table entries: 1048576 (order: 11, 8388608 bytes, linear)
[    0.000000] Inode-cache hash table entries: 524288 (order: 10, 4194304 bytes, linear)
[    0.000000] Fallback order for Node 0: 0 
[    0.000000] Built 1 zonelists, mobility grouping on.  Total pages: 1999368
[    0.000000] Policy zone: Normal
[    0.000000] mem auto-init: stack:all(zero), heap alloc:on, heap free:off
[    0.000000] software IO TLB: area num 8.
[    0.000000] software IO TLB: mapped [mem 0x00000000e8d69000-0x00000000ecd69000] (64MB)
[    0.000000] Memory: 7693224K/8124416K available (22208K kernel code, 5082K rwdata, 15384K rodata, 11968K init, 1191K bss, 398424K reserved, 32768K cma-reserved)
[    0.000000] SLUB: HWalign=64, Order=0-3, MinObjects=0, CPUs=8, Nodes=1
[    0.000000] ftrace: allocating 60036 entries in 235 pages
[    0.000000] ftrace: allocated 235 pages with 6 groups
[    0.000000] trace event string verifier disabled
[    0.000000] Dynamic Preempt: voluntary
[    0.000000] rcu: Preemptible hierarchical RCU implementation.
[    0.000000] rcu: 	RCU restricting CPUs from NR_CPUS=512 to nr_cpu_ids=8.
[    0.000000] 	Trampoline variant of Tasks RCU enabled.
[    0.000000] 	Rude variant of Tasks RCU enabled.
[    0.000000] 	Tracing variant of Tasks RCU enabled.
[    0.000000] rcu: RCU calculated value of scheduler-enlistment delay is 25 jiffies.
[    0.000000] rcu: Adjusting geometry for rcu_fanout_leaf=16, nr_cpu_ids=8
[    0.000000] NR_IRQS: 64, nr_irqs: 64, preallocated irqs: 0
[    0.000000] GICv3: GIC: Using split EOI/Deactivate mode
[    0.000000] GICv3: 480 SPIs implemented
[    0.000000] GICv3: 0 Extended SPIs implemented
[    0.000000] GICv3: MBI range [424:479]
[    0.000000] GICv3: Using MBI frame 0x00000000fe610000
[    0.000000] Root IRQ handler: gic_handle_irq
[    0.000000] GICv3: GICv3 features: 16 PPIs
[    0.000000] GICv3: CPU0: found redistributor 0 region 0:0x00000000fe680000
[    0.000000] ITS [mem 0xfe640000-0xfe65ffff]
[    0.000000] GIC: enabling workaround for ITS: Rockchip erratum RK3588001
[    0.000000] ITS@0x00000000fe640000: allocated 8192 Devices @100290000 (indirect, esz 8, psz 64K, shr 0)
[    0.000000] ITS@0x00000000fe640000: allocated 32768 Interrupt Collections @1002a0000 (flat, esz 2, psz 64K, shr 0)
[    0.000000] ITS: using cache flushing for cmd queue
[    0.000000] ITS [mem 0xfe660000-0xfe67ffff]
[    0.000000] GIC: enabling workaround for ITS: Rockchip erratum RK3588001
[    0.000000] ITS@0x00000000fe660000: allocated 8192 Devices @1002c0000 (indirect, esz 8, psz 64K, shr 0)
[    0.000000] ITS@0x00000000fe660000: allocated 32768 Interrupt Collections @1002d0000 (flat, esz 2, psz 64K, shr 0)
[    0.000000] ITS: using cache flushing for cmd queue
[    0.000000] GICv3: using LPI property table @0x00000001002e0000
[    0.000000] GIC: using cache flushing for LPI property table
[    0.000000] GICv3: CPU0: using allocated LPI pending table @0x00000001002f0000
[    0.000000] GICv3: GIC: PPI partition interrupt-partition-0[0] { /cpus/cpu@0[0] /cpus/cpu@100[1] /cpus/cpu@200[2] /cpus/cpu@300[3] }
[    0.000000] GICv3: GIC: PPI partition interrupt-partition-1[1] { /cpus/cpu@400[4] /cpus/cpu@500[5] /cpus/cpu@600[6] /cpus/cpu@700[7] }
[    0.000000] rcu: srcu_init: Setting srcu_struct sizes based on contention.
[    0.000000] arch_timer: cp15 timer(s) running at 24.00MHz (phys).
[    0.000000] clocksource: arch_sys_counter: mask: 0xffffffffffffff max_cycles: 0x588fe9dc0, max_idle_ns: 440795202592 ns
[    0.000001] sched_clock: 56 bits at 24MHz, resolution 41ns, wraps every 4398046511097ns
[    0.004238] Console: colour dummy device 80x25
[    0.004254] printk: console [tty0] enabled
[    0.008026] Calibrating delay loop (skipped), value calculated using timer frequency.. 48.00 BogoMIPS (lpj=96000)
[    0.008070] pid_max: default: 32768 minimum: 301
[    0.012895] LSM: initializing lsm=lockdown,capability,landlock,yama,apparmor,integrity
[    0.013026] landlock: Up and running.
[    0.013047] Yama: becoming mindful.
[    0.013653] AppArmor: AppArmor initialized
[    0.015581] Mount-cache hash table entries: 16384 (order: 5, 131072 bytes, linear)
[    0.015641] Mountpoint-cache hash table entries: 16384 (order: 5, 131072 bytes, linear)
[    0.023618] RCU Tasks: Setting shift to 3 and lim to 1 rcu_task_cb_adjust=1.
[    0.023808] RCU Tasks Rude: Setting shift to 3 and lim to 1 rcu_task_cb_adjust=1.
[    0.023998] RCU Tasks Trace: Setting shift to 3 and lim to 1 rcu_task_cb_adjust=1.
[    0.024552] rcu: Hierarchical SRCU implementation.
[    0.024580] rcu: 	Max phase no-delay instances is 1000.
[    0.026364] Platform MSI: msi-controller@fe640000 domain created
[    0.026416] Platform MSI: msi-controller@fe660000 domain created
[    0.026665] PCI/MSI: /interrupt-controller@fe600000/msi-controller@fe640000 domain created
[    0.026728] PCI/MSI: /interrupt-controller@fe600000/msi-controller@fe660000 domain created
[    0.026988] fsl-mc MSI: msi-controller@fe640000 domain created
[    0.027036] fsl-mc MSI: msi-controller@fe660000 domain created
[    0.033336] Remapping and enabling EFI services.
[    0.034467] smp: Bringing up secondary CPUs ...
[    0.036427] Detected VIPT I-cache on CPU1
[    0.036516] GICv3: CPU1: found redistributor 100 region 0:0x00000000fe6a0000
[    0.036539] GICv3: CPU1: using allocated LPI pending table @0x0000000100300000
[    0.036600] CPU1: Booted secondary processor 0x0000000100 [0x412fd050]
[    0.038786] Detected VIPT I-cache on CPU2
[    0.038866] GICv3: CPU2: found redistributor 200 region 0:0x00000000fe6c0000
[    0.038884] GICv3: CPU2: using allocated LPI pending table @0x0000000100310000
[    0.038935] CPU2: Booted secondary processor 0x0000000200 [0x412fd050]
[    0.041029] Detected VIPT I-cache on CPU3
[    0.041110] GICv3: CPU3: found redistributor 300 region 0:0x00000000fe6e0000
[    0.041128] GICv3: CPU3: using allocated LPI pending table @0x0000000100320000
[    0.041178] CPU3: Booted secondary processor 0x0000000300 [0x412fd050]
[    0.043240] CPU features: detected: Spectre-v4
[    0.043247] CPU features: detected: Spectre-BHB
[    0.043253] Detected PIPT I-cache on CPU4
[    0.043300] GICv3: CPU4: found redistributor 400 region 0:0x00000000fe700000
[    0.043310] GICv3: CPU4: using allocated LPI pending table @0x0000000100330000
[    0.043339] CPU4: Booted secondary processor 0x0000000400 [0x414fd0b0]
[    0.045288] Detected PIPT I-cache on CPU5
[    0.045348] GICv3: CPU5: found redistributor 500 region 0:0x00000000fe720000
[    0.045359] GICv3: CPU5: using allocated LPI pending table @0x0000000100340000
[    0.045391] CPU5: Booted secondary processor 0x0000000500 [0x414fd0b0]
[    0.047315] Detected PIPT I-cache on CPU6
[    0.047371] GICv3: CPU6: found redistributor 600 region 0:0x00000000fe740000
[    0.047381] GICv3: CPU6: using allocated LPI pending table @0x0000000100350000
[    0.047412] CPU6: Booted secondary processor 0x0000000600 [0x414fd0b0]
[    0.049411] Detected PIPT I-cache on CPU7
[    0.049468] GICv3: CPU7: found redistributor 700 region 0:0x00000000fe760000
[    0.049478] GICv3: CPU7: using allocated LPI pending table @0x0000000100360000
[    0.049509] CPU7: Booted secondary processor 0x0000000700 [0x414fd0b0]
[    0.049661] smp: Brought up 1 node, 8 CPUs
[    0.050075] SMP: Total of 8 processors activated.
[    0.050095] CPU features: detected: 32-bit EL0 Support
[    0.050114] CPU features: detected: Data cache clean to the PoU not required for I/D coherence
[    0.050140] CPU features: detected: Common not Private translations
[    0.050159] CPU features: detected: CRC32 instructions
[    0.050177] CPU features: detected: Data cache clean to Point of Persistence
[    0.050202] CPU features: detected: RCpc load-acquire (LDAPR)
[    0.050220] CPU features: detected: LSE atomic instructions
[    0.050240] CPU features: detected: Privileged Access Never
[    0.050258] CPU features: detected: RAS Extension Support
[    0.050280] CPU features: detected: Speculative Store Bypassing Safe (SSBS)
[    0.050554] CPU: All CPU(s) started at EL2
[    0.050580] alternatives: applying system-wide alternatives
[    0.059348] devtmpfs: initialized
[    0.086043] clocksource: jiffies: mask: 0xffffffff max_cycles: 0xffffffff, max_idle_ns: 7645041785100000 ns
[    0.086082] futex hash table entries: 2048 (order: 5, 131072 bytes, linear)
[    0.087183] pinctrl core: initialized pinctrl subsystem
[    0.088925] SMBIOS 3.0 present.
[    0.088944] DMI: Unknown Unknown Product/Unknown Product, BIOS 2024.01-rc5-g19b365eb3a 01/01/2024
[    0.090072] NET: Registered PF_NETLINK/PF_ROUTE protocol family
[    0.091497] DMA: preallocated 1024 KiB GFP_KERNEL pool for atomic allocations
[    0.092111] DMA: preallocated 1024 KiB GFP_KERNEL|GFP_DMA pool for atomic allocations
[    0.092516] DMA: preallocated 1024 KiB GFP_KERNEL|GFP_DMA32 pool for atomic allocations
[    0.092551] audit: initializing netlink subsys (disabled)
[    0.092782] audit: type=2000 audit(0.088:1): state=initialized audit_enabled=0 res=1
[    0.093641] thermal_sys: Registered thermal governor 'fair_share'
[    0.093646] thermal_sys: Registered thermal governor 'bang_bang'
[    0.093658] thermal_sys: Registered thermal governor 'step_wise'
[    0.093664] thermal_sys: Registered thermal governor 'user_space'
[    0.093671] thermal_sys: Registered thermal governor 'power_allocator'
[    0.093705] cpuidle: using governor ladder
[    0.093728] cpuidle: using governor menu
[    0.093833] hw-breakpoint: found 6 breakpoint and 4 watchpoint registers.
[    0.094015] ASID allocator initialised with 65536 entries
[    0.095773] Serial: AMBA PL011 UART driver
[    0.117374] Modules: 18752 pages in range for non-PLT usage
[    0.117380] Modules: 510272 pages in range for PLT usage
[    0.118506] HugeTLB: registered 1.00 GiB page size, pre-allocated 0 pages
[    0.118524] HugeTLB: 0 KiB vmemmap can be freed for a 1.00 GiB page
[    0.118533] HugeTLB: registered 32.0 MiB page size, pre-allocated 0 pages
[    0.118541] HugeTLB: 0 KiB vmemmap can be freed for a 32.0 MiB page
[    0.118549] HugeTLB: registered 2.00 MiB page size, pre-allocated 0 pages
[    0.118557] HugeTLB: 0 KiB vmemmap can be freed for a 2.00 MiB page
[    0.118565] HugeTLB: registered 64.0 KiB page size, pre-allocated 0 pages
[    0.118572] HugeTLB: 0 KiB vmemmap can be freed for a 64.0 KiB page
[    0.121703] fbcon: Taking over console
[    0.121722] ACPI: Interpreter disabled.
[    0.122851] iommu: Default domain type: Translated
[    0.122862] iommu: DMA domain TLB invalidation policy: strict mode
[    0.123598] SCSI subsystem initialized
[    0.123895] usbcore: registered new interface driver usbfs
[    0.123916] usbcore: registered new interface driver hub
[    0.123945] usbcore: registered new device driver usb
[    0.124173] pps_core: LinuxPPS API ver. 1 registered
[    0.124181] pps_core: Software ver. 5.3.6 - Copyright 2005-2007 Rodolfo Giometti <giometti@linux.it>
[    0.124204] PTP clock support registered
[    0.124531] EDAC MC: Ver: 3.0.0
[    0.125051] scmi_core: SCMI protocol bus registered
[    0.125565] efivars: Registered efivars operations
[    0.126777] NetLabel: Initializing
[    0.126787] NetLabel:  domain hash size = 128
[    0.126793] NetLabel:  protocols = UNLABELED CIPSOv4 CALIPSO
[    0.126850] NetLabel:  unlabeled traffic allowed by default
[    0.127115] mctp: management component transport protocol core
[    0.127124] NET: Registered PF_MCTP protocol family
[    0.127315] vgaarb: loaded
[    0.127779] clocksource: Switched to clocksource arch_sys_counter
[    0.176547] VFS: Disk quotas dquot_6.6.0
[    0.176725] VFS: Dquot-cache hash table entries: 512 (order 0, 4096 bytes)
[    0.177263] AppArmor: AppArmor Filesystem Enabled
[    0.177324] pnp: PnP ACPI: disabled
[    0.186345] NET: Registered PF_INET protocol family
[    0.186549] IP idents hash table entries: 131072 (order: 8, 1048576 bytes, linear)
[    0.191918] tcp_listen_portaddr_hash hash table entries: 4096 (order: 4, 65536 bytes, linear)
[    0.192023] Table-perturb hash table entries: 65536 (order: 6, 262144 bytes, linear)
[    0.192135] TCP established hash table entries: 65536 (order: 7, 524288 bytes, linear)
[    0.192859] TCP bind hash table entries: 65536 (order: 9, 2097152 bytes, linear)
[    0.194749] TCP: Hash tables configured (established 65536 bind 65536)
[    0.195118] MPTCP token hash table entries: 8192 (order: 5, 196608 bytes, linear)
[    0.195284] UDP hash table entries: 4096 (order: 5, 131072 bytes, linear)
[    0.195485] UDP-Lite hash table entries: 4096 (order: 5, 131072 bytes, linear)
[    0.196013] NET: Registered PF_UNIX/PF_LOCAL protocol family
[    0.196042] NET: Registered PF_XDP protocol family
[    0.196056] PCI: CLS 0 bytes, default 64
[    0.196261] Trying to unpack rootfs image as initramfs...
[    0.199979] kvm [1]: IPA Size Limit: 40 bits
[    0.200021] kvm [1]: GICv3: no GICV resource entry
[    0.200029] kvm [1]: disabling GICv2 emulation
[    0.200053] kvm [1]: GIC system register CPU interface enabled
[    0.200081] kvm [1]: vgic interrupt IRQ18
[    0.200115] kvm [1]: VHE mode initialized successfully
[    0.201246] Initialise system trusted keyrings
[    0.201291] Key type blacklist registered
[    0.201551] workingset: timestamp_bits=40 max_order=21 bucket_order=0
[    0.201601] zbud: loaded
[    0.207396] squashfs: version 4.0 (2009/01/31) Phillip Lougher
[    0.210121] fuse: init (API version 7.39)
[    0.210946] integrity: Platform Keyring initialized
[    0.210979] integrity: Machine keyring initialized
[    0.232938] Key type asymmetric registered
[    0.232947] Asymmetric key parser 'x509' registered
[    0.233002] Block layer SCSI generic (bsg) driver version 0.4 loaded (major 242)
[    0.233258] io scheduler mq-deadline registered
[    0.239259] shpchp: Standard Hot Plug PCI Controller Driver version: 0.4
[    0.254947] Serial: 8250/16550 driver, 32 ports, IRQ sharing enabled
[    0.263048] feb50000.serial: ttyS2 at MMIO 0xfeb50000 (irq = 26, base_baud = 1500000) is a 16550A
[    0.263192] printk: console [ttyS2] enabled
[    0.403034] SuperH (H)SCI(F) driver initialized
[    0.404127] msm_serial: driver initialized
[    0.413110] loop: module loaded
[    0.415167] tun: Universal TUN/TAP device driver, 1.6
[    0.416470] PPP generic driver version 2.4.2
[    0.417848] mousedev: PS/2 mouse device common for all mice
[    0.418908] i2c_dev: i2c /dev entries driver
[    0.420505] device-mapper: core: CONFIG_IMA_DISABLE_HTABLE is disabled. Duplicate IMA measurements will not be recorded in the IMA log.
[    0.421643] device-mapper: uevent: version 1.0.3
[    0.422282] device-mapper: ioctl: 4.48.0-ioctl (2023-03-01) initialised: dm-devel@redhat.com
[    0.425502] ledtrig-cpu: registered to indicate activity on CPUs
[    0.426364] scmi_protocol scmi_dev.1: Enabled polling mode TX channel - prot_id:16
[    0.427751] arm-scmi firmware:scmi: SCMI RAW Mode initialized for instance 0
[    0.428390] arm-scmi firmware:scmi: SCMI RAW Mode COEX enabled !
[    0.428986] arm-scmi firmware:scmi: SCMI Notifications - Core Enabled.
[    0.429596] arm-scmi firmware:scmi: SCMI Protocol v2.0 'rockchip:' Firmware version 0x0
[    0.436327] SMCCC: SOC_ID: ARCH_SOC_ID not implemented, skipping ....
[    0.439762] hw perfevents: enabled with armv8_cortex_a55 PMU driver, 7 counters available
[    0.442488] hw perfevents: enabled with armv8_cortex_a76 PMU driver, 7 counters available
[    0.443673] watchdog: Delayed init of the lockup detector failed: -19
[    0.444259] watchdog: Hard watchdog permanently disabled
[    0.445250] drop_monitor: Initializing network drop monitor service
[    0.491225] NET: Registered PF_INET6 protocol family
[    0.712217] Freeing initrd memory: 101720K
[    0.759438] Segment Routing with IPv6
[    0.759850] In-situ OAM (IOAM) with IPv6
[    0.760311] NET: Registered PF_PACKET protocol family
[    0.761305] Key type dns_resolver registered
[    0.766808] registered taskstats version 1
[    0.769634] Loading compiled-in X.509 certificates
[    0.772698] Loaded X.509 cert 'Build time autogenerated kernel key: 5cc52cdc086f55b317420bbda770f3d98816c38b'
[    0.775476] Loaded X.509 cert 'Canonical Ltd. Live Patch Signing: 14df34d1a87cf37625abec039ef2bf521249b969'
[    0.778275] Loaded X.509 cert 'Canonical Ltd. Kernel Module Signing: 88f752e560a1e0737e31163a466ad7b70a850c19'
[    0.779153] blacklist: Loading compiled-in revocation X.509 certificates
[    0.779836] Loaded X.509 cert 'Canonical Ltd. Secure Boot Signing: 61482aa2830d0ab2ad5af10b7250da9033ddcef0'
[    0.780739] Loaded X.509 cert 'Canonical Ltd. Secure Boot Signing (2017): 242ade75ac4a15e50d50c84b0d45ff3eae707a03'
[    0.781690] Loaded X.509 cert 'Canonical Ltd. Secure Boot Signing (ESM 2018): 365188c1d374d6b07c3c8f240f8ef722433d6a8b'
[    0.782671] Loaded X.509 cert 'Canonical Ltd. Secure Boot Signing (2019): c0746fd6c5da3ae827864651ad66ae47fe24b3e8'
[    0.783626] Loaded X.509 cert 'Canonical Ltd. Secure Boot Signing (2021 v1): a8d54bbb3825cfb94fa13c9f8a594a195c107b8d'
[    0.784615] Loaded X.509 cert 'Canonical Ltd. Secure Boot Signing (2021 v2): 4cf046892d6fd3c9a5b03f98d845f90851dc6a8c'
[    0.785596] Loaded X.509 cert 'Canonical Ltd. Secure Boot Signing (2021 v3): 100437bb6de6e469b581e61cd66bce3ef4ed53af'
[    0.786569] Loaded X.509 cert 'Canonical Ltd. Secure Boot Signing (Ubuntu Core 2019): c1d57b8f6b743f23ee41f4f7ee292f06eecadfb9'
[    0.800501] Key type .fscrypt registered
[    0.800853] Key type fscrypt-provisioning registered
[    0.851949] Key type encrypted registered
[    0.852324] AppArmor: AppArmor sha1 policy hashing enabled
[    0.853722] ima: secureboot mode disabled
[    0.854091] ima: No TPM chip found, activating TPM-bypass!
[    0.854607] Loading compiled-in module X.509 certificates
[    0.857051] Loaded X.509 cert 'Build time autogenerated kernel key: 5cc52cdc086f55b317420bbda770f3d98816c38b'
[    0.857926] ima: Allocated hash algorithm: sha256
[    0.858395] ima: No architecture policies found
[    0.858826] evm: Initialising EVM extended attributes:
[    0.859280] evm: security.selinux
[    0.859575] evm: security.SMACK64
[    0.859876] evm: security.SMACK64EXEC
[    0.860200] evm: security.SMACK64TRANSMUTE
[    0.860562] evm: security.SMACK64MMAP
[    0.860886] evm: security.apparmor
[    0.861188] evm: security.ima
[    0.861452] evm: security.capability
[    0.861768] evm: HMAC attrs: 0x1
[    0.904299] clk: Disabling unused clocks
[    0.905369] dw-apb-uart feb50000.serial: forbid DMA for kernel console
[    0.912272] Freeing unused kernel memory: 11968K
[    0.994171] Checked W+X mappings: passed, no W+X pages found
[    0.994696] Run /init as init process
Loading, please wait...
Starting systemd-udevd version 253.5-1ubuntu7
[    2.142641] dma-pl330 fea10000.dma-controller: Loaded driver for PL330 DMAC-241330
[    2.143324] dma-pl330 fea10000.dma-controller: 	DBUFF-128x8bytes Num_Chans-8 Num_Peri-32 Num_Events-16
[    2.145983] dma-pl330 fea30000.dma-controller: Loaded driver for PL330 DMAC-241330
[    2.146660] dma-pl330 fea30000.dma-controller: 	DBUFF-128x8bytes Num_Chans-8 Num_Peri-32 Num_Events-16
[    2.180159] ahci-dwc fe210000.sata: supply ahci not found, using dummy regulator
[    2.187891] sdhci: Secure Digital Host Controller Interface driver
[    2.188450] sdhci: Copyright(c) Pierre Ossman
[    2.212489] ahci-dwc fe210000.sata: supply phy not found, using dummy regulator
[    2.218106] platform fe210000.sata:sata-port@0: supply target not found, using dummy regulator
[    2.218533] sdhci-pltfm: SDHCI platform and OF driver helper
[    2.229713] dma-pl330 fed10000.dma-controller: Loaded driver for PL330 DMAC-241330
[    2.230140] spi spi2.0: Fixed dependency cycle(s) with /spi@feb20000/pmci@0/regulators/DCDC_REG7
[    2.230388] dma-pl330 fed10000.dma-controller: 	DBUFF-128x8bytes Num_Chans-8 Num_Peri-32 Num_Events-16
[    2.235528] spi spi2.0: Fixed dependency cycle(s) with /spi@feb20000/pmci@0/pinctrl_rk806/dvs3-null-pins
[    2.236411] spi spi2.0: Fixed dependency cycle(s) with /spi@feb20000/pmci@0/pinctrl_rk806/dvs2-null-pins
[    2.237251] spi spi2.0: Fixed dependency cycle(s) with /spi@feb20000/pmci@0/pinctrl_rk806/dvs1-null-pins
[    2.271147] rk_gmac-dwmac fe1b0000.ethernet: IRQ eth_lpi not found
[    2.271402] gpio gpiochip0: Static allocation of GPIO base is deprecated, use dynamic allocation.
[    2.271995] rk_gmac-dwmac fe1b0000.ethernet: supply phy not found, using dummy regulator
[    2.299805] rk_gmac-dwmac fe1b0000.ethernet: clock input or output? (output).
[    2.300453] rk_gmac-dwmac fe1b0000.ethernet: TX delay(0x43).
[    2.300955] rk_gmac-dwmac fe1b0000.ethernet: RX delay(0x0).
[    2.301464] rk_gmac-dwmac fe1b0000.ethernet: integrated PHY? (no).
[    2.307812] rk_gmac-dwmac fe1b0000.ethernet: init for RGMII_RXID
[    2.308826] rk_gmac-dwmac fe1b0000.ethernet: User ID: 0x30, Synopsys ID: 0x51
[    2.309496] rk_gmac-dwmac fe1b0000.ethernet: 	DWMAC4/5
[    2.309971] rk_gmac-dwmac fe1b0000.ethernet: DMA HW capability register supported
[    2.310649] rk_gmac-dwmac fe1b0000.ethernet: RX Checksum Offload Engine supported
[    2.311327] rk_gmac-dwmac fe1b0000.ethernet: TX Checksum insertion supported
[    2.312035] rk_gmac-dwmac fe1b0000.ethernet: Wake-Up On Lan supported
[    2.313261] rockchip-gpio fd8a0000.gpio: probed /pinctrl/gpio@fd8a0000
[    2.314067] rk_gmac-dwmac fe1b0000.ethernet: TSO supported
[    2.314562] rk_gmac-dwmac fe1b0000.ethernet: Enable RX Mitigation via HW Watchdog Timer
[    2.315276] rk_gmac-dwmac fe1b0000.ethernet: device MAC address 16:38:63:31:3f:da
[    2.315975] rk_gmac-dwmac fe1b0000.ethernet: Enabled L3L4 Flow TC (entries=2)
[    2.316605] rk_gmac-dwmac fe1b0000.ethernet: Enabled RFS Flow TC (entries=10)
[    2.317234] rk_gmac-dwmac fe1b0000.ethernet: TSO feature enabled
[    2.317762] rk_gmac-dwmac fe1b0000.ethernet: SPH feature enabled
[    2.317843] gpio gpiochip1: Static allocation of GPIO base is deprecated, use dynamic allocation.
[    2.318286] rk_gmac-dwmac fe1b0000.ethernet: Using 32/32 bits DMA host/device width
[    2.319464] rockchip-gpio fec20000.gpio: probed /pinctrl/gpio@fec20000
[    2.321560] ahci-dwc fe210000.sata: supply ahci not found, using dummy regulator
[    2.326168] ahci-dwc fe210000.sata: supply phy not found, using dummy regulator
[    2.327091] platform fe210000.sata:sata-port@0: supply target not found, using dummy regulator
[    2.327361] gpio gpiochip2: Static allocation of GPIO base is deprecated, use dynamic allocation.
[    2.335902] mmc0: SDHCI controller on fe2e0000.mmc [fe2e0000.mmc] using ADMA
[    2.341095] ahci-dwc fe210000.sata: PMPn is limited up to 5 ports
[    2.341708] ahci-dwc fe210000.sata: forcing port_map 0x0 -> 0x1
[    2.342191] rockchip-gpio fec30000.gpio: probed /pinctrl/gpio@fec30000
[    2.342226] ahci-dwc fe210000.sata: masking port_map 0x1 -> 0x1
[    2.343019] gpio gpiochip3: Static allocation of GPIO base is deprecated, use dynamic allocation.
[    2.343417] ahci-dwc fe210000.sata: AHCI 0001.0300 32 slots 1 ports 6 Gbps 0x1 impl platform mode
[    2.344896] ahci-dwc fe210000.sata: flags: ncq sntf pm led clo only pmp fbs pio slum part ccc apst 
[    2.357492] rockchip-gpio fec40000.gpio: probed /pinctrl/gpio@fec40000
[    2.363703] gpio gpiochip4: Static allocation of GPIO base is deprecated, use dynamic allocation.
[    2.383432] mmc0: new HS400 Enhanced strobe MMC card at address 0001
[    2.390150] mmcblk0: mmc0:0001 TX2932 29.1 GiB
[    2.393645] rockchip-gpio fec50000.gpio: probed /pinctrl/gpio@fec50000
[    2.445046] scsi host0: ahci-dwc
[    2.473835] ata1: SATA max UDMA/133 mmio [mem 0xfe210000-0xfe210fff] port 0x100 irq 46
[    2.530352] rockchip-dw-pcie a40c00000.pcie: host bridge /pcie@fe180000 ranges:
[    2.531032] rockchip-dw-pcie a40c00000.pcie:       IO 0x00f3100000..0x00f31fffff -> 0x00f3100000
[    2.531850] rockchip-dw-pcie a40c00000.pcie:      MEM 0x00f3200000..0x00f3ffffff -> 0x00f3200000
[    2.532625] rockchip-dw-pcie a40c00000.pcie:      MEM 0x09c0000000..0x09ffffffff -> 0x0040000000
[    2.551105] rockchip-dw-pcie a40c00000.pcie: iATU: unroll T, 8 ob, 8 ib, align 64K, limit 8G
[    2.628941] fan53555-regulator 0-0042: FAN53555 Option[10] Rev[1] Detected!
[    2.629442] fan53555-regulator 0-0043: FAN53555 Option[10] Rev[1] Detected!
[    2.648494]  mmcblk0: p1 p2 p3 p4 p5 p6 p7
[    2.651575] mmcblk0boot0: mmc0:0001 TX2932 4.00 MiB
[    2.655103] mmcblk0boot1: mmc0:0001 TX2932 4.00 MiB
[    2.658954] mmcblk0rpmb: mmc0:0001 TX2932 4.00 MiB, chardev (238:0)
[    2.671156] rtc-hym8563 1-0051: no valid clock/calendar values available
[    2.672279] rtc-hym8563 1-0051: registered as rtc0
[    2.673721] rtc-hym8563 1-0051: no valid clock/calendar values available
[    2.674314] rtc-hym8563 1-0051: hctosys: unable to read the hardware clock
[    2.759808] rockchip-dw-pcie a40c00000.pcie: PCIe Gen.1 x1 link up
[    2.760706] rockchip-dw-pcie a40c00000.pcie: PCI host bridge to bus 0003:30
[    2.761326] pci_bus 0003:30: root bus resource [bus 30-3f]
[    2.761814] pci_bus 0003:30: root bus resource [io  0x0000-0xfffff] (bus address [0xf3100000-0xf31fffff])
[    2.762655] pci_bus 0003:30: root bus resource [mem 0xf3200000-0xf3ffffff]
[    2.763263] pci_bus 0003:30: root bus resource [mem 0x9c0000000-0x9ffffffff] (bus address [0x40000000-0x7fffffff])
[    2.764222] pci 0003:30:00.0: [1d87:3588] type 01 class 0x060400
[    2.764768] pci 0003:30:00.0: reg 0x38: [mem 0x00000000-0x0000ffff pref]
[    2.765413] pci 0003:30:00.0: supports D1 D2
[    2.765793] pci 0003:30:00.0: PME# supported from D0 D1 D3hot
[    2.768793] pci 0003:30:00.0: Primary bus is hard wired to 0
[    2.769302] pci 0003:30:00.0: bridge configuration invalid ([bus 01-ff]), reconfiguring
[    2.770217] pci 0003:31:00.0: [10ec:8168] type 00 class 0x020000
[    2.770816] pci 0003:31:00.0: reg 0x10: initial BAR value 0x00000000 invalid
[    2.771437] pci 0003:31:00.0: reg 0x10: [io  size 0x0100]
[    2.772022] pci 0003:31:00.0: reg 0x18: [mem 0x00000000-0x00000fff 64bit]
[    2.772673] pci 0003:31:00.0: reg 0x20: [mem 0x00000000-0x00003fff 64bit]
[    2.773720] pci 0003:31:00.0: supports D1 D2
[    2.774099] pci 0003:31:00.0: PME# supported from D0 D1 D2 D3hot D3cold
[    2.783969] pci_bus 0003:31: busn_res: [bus 31-3f] end is updated to 31
[    2.784586] pci 0003:30:00.0: BAR 14: assigned [mem 0xf3200000-0xf32fffff]
[    2.785197] pci 0003:30:00.0: BAR 6: assigned [mem 0xf3300000-0xf330ffff pref]
[    2.785835] pci 0003:30:00.0: BAR 13: assigned [io  0x1000-0x1fff]
[    2.786393] pci 0003:31:00.0: BAR 4: assigned [mem 0xf3200000-0xf3203fff 64bit]
[    2.787084] pci 0003:31:00.0: BAR 2: assigned [mem 0xf3204000-0xf3204fff 64bit]
[    2.787786] pci 0003:31:00.0: BAR 0: assigned [io  0x1000-0x10ff]
[    2.788337] pci 0003:30:00.0: PCI bridge to [bus 31]
[    2.788777] pci 0003:30:00.0:   bridge window [io  0x1000-0x1fff]
[    2.789315] pci 0003:30:00.0:   bridge window [mem 0xf3200000-0xf32fffff]
[    2.790765] ata1: SATA link down (SStatus 0 SControl 300)
[    2.803577] pcieport 0003:30:00.0: PME: Signaling with IRQ 60
[    2.808125] pcieport 0003:30:00.0: AER: enabled with IRQ 61
[    2.812507] r8169 0003:31:00.0: enabling device (0000 -> 0003)
[    2.828649] r8169 0003:31:00.0: can't read MAC address, setting random one
[    2.843148] r8169 0003:31:00.0 eth0: RTL8168h/8111h, 96:a2:75:2f:10:60, XID 541, IRQ 62
[    2.843965] r8169 0003:31:00.0 eth0: jumbo features [frames: 9194 bytes, tx checksumming: ko]
[    2.868212] rk_gmac-dwmac fe1b0000.ethernet: IRQ eth_lpi not found
[    2.869155] rk_gmac-dwmac fe1b0000.ethernet: supply phy not found, using dummy regulator
[    2.870074] rk_gmac-dwmac fe1b0000.ethernet: clock input or output? (output).
[    2.870730] rk_gmac-dwmac fe1b0000.ethernet: TX delay(0x43).
[    2.871249] rk_gmac-dwmac fe1b0000.ethernet: RX delay(0x0).
[    2.871767] rk_gmac-dwmac fe1b0000.ethernet: integrated PHY? (no).
[    2.877407] rk_gmac-dwmac fe1b0000.ethernet: init for RGMII_RXID
[    2.878380] rk_gmac-dwmac fe1b0000.ethernet: User ID: 0x30, Synopsys ID: 0x51
[    2.879050] rk_gmac-dwmac fe1b0000.ethernet: 	DWMAC4/5
[    2.879524] rk_gmac-dwmac fe1b0000.ethernet: DMA HW capability register supported
[    2.880229] rk_gmac-dwmac fe1b0000.ethernet: RX Checksum Offload Engine supported
[    2.880908] rk_gmac-dwmac fe1b0000.ethernet: TX Checksum insertion supported
[    2.881545] rk_gmac-dwmac fe1b0000.ethernet: Wake-Up On Lan supported
[    2.882128] rk_gmac-dwmac fe1b0000.ethernet: TSO supported
[    2.882628] rk_gmac-dwmac fe1b0000.ethernet: Enable RX Mitigation via HW Watchdog Timer
[    2.883368] rk_gmac-dwmac fe1b0000.ethernet: device MAC address ae:da:8d:3d:66:67
[    2.884089] rk_gmac-dwmac fe1b0000.ethernet: Enabled L3L4 Flow TC (entries=2)
[    2.884739] rk_gmac-dwmac fe1b0000.ethernet: Enabled RFS Flow TC (entries=10)
[    2.885388] rk_gmac-dwmac fe1b0000.ethernet: TSO feature enabled
[    2.885934] rk_gmac-dwmac fe1b0000.ethernet: SPH feature enabled
[    2.886480] rk_gmac-dwmac fe1b0000.ethernet: Using 32/32 bits DMA host/device width
[    2.888126] r8169 0003:31:00.0 enP3p49s0: renamed from eth0
[    3.184687] ohci-platform fc840000.usb: Generic Platform OHCI controller
[    3.186500] ohci-platform fc840000.usb: new USB bus registered, assigned bus number 1
[    3.187301] ohci-platform fc840000.usb: irq 81, io mem 0xfc840000
[    3.187905] ehci-platform fc800000.usb: EHCI Host Controller
[    3.188414] ehci-platform fc800000.usb: new USB bus registered, assigned bus number 2
[    3.189198] ehci-platform fc800000.usb: irq 80, io mem 0xfc800000
[    3.190865] ehci-platform fc880000.usb: EHCI Host Controller
[    3.190875] ohci-platform fc8c0000.usb: Generic Platform OHCI controller
[    3.191385] ehci-platform fc880000.usb: new USB bus registered, assigned bus number 3
[    3.191979] ohci-platform fc8c0000.usb: new USB bus registered, assigned bus number 4
[    3.192732] ehci-platform fc880000.usb: irq 82, io mem 0xfc880000
[    3.193406] ohci-platform fc8c0000.usb: irq 83, io mem 0xfc8c0000
[    3.195437] rk808-regulator rk808-regulator.2.auto: there is no dvs0 gpio
[    3.196117] rk808-regulator rk808-regulator.2.auto: there is no dvs1 gpio
[    3.203967] ehci-platform fc800000.usb: USB 2.0 started, EHCI 1.00
[    3.204803] usb usb2: New USB device found, idVendor=1d6b, idProduct=0002, bcdDevice= 6.06
[    3.205540] usb usb2: New USB device strings: Mfr=3, Product=2, SerialNumber=1
[    3.206178] usb usb2: Product: EHCI Host Controller
[    3.206609] usb usb2: Manufacturer: Linux 6.6.0-14-generic ehci_hcd
[    3.207161] usb usb2: SerialNumber: fc800000.usb
[    3.208261] hub 2-0:1.0: USB hub found
[    3.208634] hub 2-0:1.0: 1 port detected
[    3.219906] ehci-platform fc880000.usb: USB 2.0 started, EHCI 1.00
[    3.220581] usb usb3: New USB device found, idVendor=1d6b, idProduct=0002, bcdDevice= 6.06
[    3.221313] usb usb3: New USB device strings: Mfr=3, Product=2, SerialNumber=1
[    3.221951] usb usb3: Product: EHCI Host Controller
[    3.222382] usb usb3: Manufacturer: Linux 6.6.0-14-generic ehci_hcd
[    3.222934] usb usb3: SerialNumber: fc880000.usb
[    3.223960] hub 3-0:1.0: USB hub found
[    3.224316] hub 3-0:1.0: 1 port detected
[    3.252169] usb usb1: New USB device found, idVendor=1d6b, idProduct=0001, bcdDevice= 6.06
[    3.252911] usb usb1: New USB device strings: Mfr=3, Product=2, SerialNumber=1
[    3.253550] usb usb1: Product: Generic Platform OHCI controller
[    3.254073] usb usb1: Manufacturer: Linux 6.6.0-14-generic ohci_hcd
[    3.254624] usb usb1: SerialNumber: fc840000.usb
[    3.255628] hub 1-0:1.0: USB hub found
[    3.256000] hub 1-0:1.0: 1 port detected
[    3.256827] usb usb4: New USB device found, idVendor=1d6b, idProduct=0001, bcdDevice= 6.06
[    3.257564] usb usb4: New USB device strings: Mfr=3, Product=2, SerialNumber=1
[    3.258202] usb usb4: Product: Generic Platform OHCI controller
[    3.258724] usb usb4: Manufacturer: Linux 6.6.0-14-generic ohci_hcd
[    3.259275] usb usb4: SerialNumber: fc8c0000.usb
[    3.260296] hub 4-0:1.0: USB hub found
[    3.260653] hub 4-0:1.0: 1 port detected
[    3.479884] usb 3-1: new high-speed USB device number 2 using ehci-platform
[    3.639216] usb 3-1: New USB device found, idVendor=067b, idProduct=2731, bcdDevice= 1.00
[    3.639962] usb 3-1: New USB device strings: Mfr=1, Product=2, SerialNumber=3
[    3.640592] usb 3-1: Product: USB SD Card Reader     
[    3.641039] usb 3-1: Manufacturer: Prolific Technology Inc.
[    3.641531] usb 3-1: SerialNumber: ABCDEF0123456789AB
[    3.667411] usb-storage 3-1:1.0: USB Mass Storage device detected
[    3.669500] scsi host1: usb-storage 3-1:1.0
[    3.670536] usbcore: registered new interface driver usb-storage
[    3.679227] usbcore: registered new interface driver uas
Begin: Loading essential drivers ... [    4.339932] raid6: neonx8   gen()  1526 MB/s
[    4.407934] raid6: neonx4   gen()  1502 MB/s
[    4.475932] raid6: neonx2   gen()  1464 MB/s
[    4.543933] raid6: neonx1   gen()  1273 MB/s
[    4.611954] raid6: int64x8  gen()   918 MB/s
[    4.679949] raid6: int64x4  gen()  1078 MB/s
[    4.747954] raid6: int64x2  gen()  1009 MB/s
[    4.815937] raid6: int64x1  gen()   782 MB/s
[    4.816336] raid6: using algorithm neonx8 gen() 1526 MB/s
[    4.883930] raid6: .... xor() 1133 MB/s, rmw enabled
[    4.884391] raid6: using neon recovery algorithm
[    5.340286] scsi 1:0:0:0: Direct-Access              SD Card Reader   1.00 PQ: 0 ANSI: 6
[    5.341935] sd 1:0:0:0: Attached scsi generic sg0 type 0
[    5.343323] sd 1:0:0:0: [sda] 31116288 512-byte logical blocks: (15.9 GB/14.8 GiB)
[    5.344728] sd 1:0:0:0: [sda] Write Protect is off
[    5.346193] sd 1:0:0:0: [sda] No Caching mode page found
[    5.346672] sd 1:0:0:0: [sda] Assuming drive cache: write through
[    5.355120]  sda: sda1 sda2
[    5.356042] sd 1:0:0:0: [sda] Attached SCSI removable disk
[    5.368844] xor: measuring software checksum speed
[    5.375079]    8regs           :  1716 MB/sec
[    5.381626]    32regs          :  1607 MB/sec
[    5.388045]    arm64_neon      :  1640 MB/sec
[    5.388448] xor: using function: 8regs (1716 MB/sec)
[    5.394638] async_tx: api initialized (async)
done.
Begin: Running /scripts/init-premount ... done.
Begin: Mounting root file system ... Begin: Running /scripts/nfs-top ... done.
Begin: Running /scripts/nfs-premount ... done.
[    5.963255] EXT4-fs (mmcblk0p3): mounting ext2 file system using the ext4 subsystem
[    5.966352] EXT4-fs (mmcblk0p3): mounted filesystem 00000000-0000-0000-0000-000000000000 ro without journal. Quota mode: none.
[    5.969916] evict_inodes inode (____ptrval____), i_count = 1, was skipped!
[    5.970703] EXT4-fs (mmcblk0p3): unmounting filesystem 00000000-0000-0000-0000-000000000000.
[    6.137767] evict_inodes inode (____ptrval____), i_count = 1, was skipped!
[    6.138421] evict_inodes inode (____ptrval____), i_count = 1, was skipped!
[    6.221154] EXT4-fs (mmcblk0p6): mounted filesystem 0f004ec7-c50b-4d4d-8491-11d012af7f7f ro with ordered data mode. Quota mode: none.
[    6.225088] evict_inodes inode (____ptrval____), i_count = 1, was skipped!
[    6.225729] evict_inodes inode (____ptrval____), i_count = 1, was skipped!
[    6.226502] EXT4-fs (mmcblk0p6): unmounting filesystem 0f004ec7-c50b-4d4d-8491-11d012af7f7f.
[    6.319104] evict_inodes inode (____ptrval____), i_count = 1, was skipped!
[    6.319759] evict_inodes inode (____ptrval____), i_count = 1, was skipped!
Begin: Running /scripts/casper-premount ... done.
done.
[    7.468906]  sda: sda1 sda2 sda3
48+0 records in
48+0 records out
[   13.429008] random: crng init done
[   13.795069] platform adc-keys: deferred probe pending
[   13.795561] platform pcie20-avdd1v8-regulator: deferred probe pending
[   13.796182] platform pcie20-avdd0v85-regulator: deferred probe pending
[   15.809620] loop0: detected capacity change from 0 to 284904
[   15.876242] loop1: detected capacity change from 0 to 721032
[   15.958742] loop2: detected capacity change from 0 to 857912
[   16.045047] loop3: detected capacity change from 0 to 332760
[   16.084682] overlayfs: null uuid detected in lower fs '/', falling back to xino=off,index=off,nfs_export=off.
[   16.153795] EXT4-fs (sda3): mounted filesystem 19ca0154-1dd2-11b2-841f-c945d2ba5eac r/w with ordered data mode. Quota mode: none.
done.
Begin: Creating debconf-communicate fifo mechanism ... done.
Begin: Running /scripts/casper-bottom ... Begin: Moving mount points... ... done.
Begin: Configuring fstab... ... done.
Begin: Setting up locales... ... done.
Begin: Setting up automatic login... ... done.
Begin: Setting hostname... ... done.
Begin: Setting up console keyboard... ... done.
Begin: Applying desktop settings... ... done.
Begin: Regenerating SSL certificate... ... done.
Begin: Loading preseed file... ... done.
Begin: Adding live session user... ... passwd: password changed.
done.
Begin: Setting up init... ... done.
Begin: Configuring accessibility options... ... done.
Begin: Disabling update-notifier... ... done.
Begin: Enabling detection of crashes... ... done.
Begin: Disabling unnecessary KDE services... ... done.
Begin: Disabling the lock screen for LXQt (LP: #2000787)... ... done.
Begin: Adding APT-CDROM source... ... Using CD-ROM mount point /cdrom/
Identifying... [a003e873732998c4c98648d621fa0a7b-2]
Scanning disc for index files...
Found 2 package indexes, 0 source indexes, 0 translation indexes and 1 signatures
Found label 'Ubuntu-Server 24.04 LTS _Noble Numbat_ - Daily arm64 (20240125)'
This disc is called: 
'Ubuntu-Server 24.04 LTS _Noble Numbat_ - Daily arm64 (20240125)'
Copying package lists...gpgv: Signature made Thu Jan 25 08:15:11 2024 UTC
gpgv:                using RSA key 843938DF228D22F7B3742BC0D94AA3F0EFE21092
gpgv: key D94AA3F0EFE21092 was created 15471 days in the future (time warp or clock problem)
gpgv: key D94AA3F0EFE21092 was created 15471 days in the future (time warp or clock problem)
gpgv: key D94AA3F0EFE21092 was created 15471 days in the future (time warp or clock problem)
gpgv: Good signature from "Ubuntu CD Image Automatic Signing Key (2012) <cdimage@ubuntu.com>"
Reading Package Indexes... 0%Reading Package Indexes... Done
Writing new source list
Source list entries for this disc are:
deb cdrom:[Ubuntu-Server 24.04 LTS _Noble Numbat_ - Daily arm64 (20240125)]/ noble main restricted
Repeat this process for the rest of the CDs in your set.
done.
Begin: Possibly disabling update-initramfs (useless on a live CD)... ... done.
Begin: Grant administrative PolicyKit privileges to default user... ... done.
Begin: Configuring jackd2... ... done.
Begin: Disabling gnome-initial-setup... ... chown: warning: '.' should be ':': 'ubuntu-server.ubuntu-server'
done.
Begin: Disabling security unattended-upgrades... ... done.
Begin: Disabling snap refresh... ... done.
Begin: Overriding 71-nvidia.rules... ... done.
Begin: Configuring pollinate... ... done.
Begin: Setting up networking for ubuntu-server... ... done.
Begin: Disabling ibus-mozc auto setup... ... chown: warning: '.' should be ':': 'ubuntu-server.ubuntu-server'
done.
Begin: Set up the installer log directory for adm users... ... done.
Begin: Tweaks for the desktop image... ... done.
done.
Begin: Running /scripts/nfs-bottom ... done.
Begin: Running /scripts/init-bottom ... [   26.088982] loop4: detected capacity change from 0 to 284904
[   26.096066] loop5: detected capacity change from 0 to 721032
[   26.102926] overlayfs: "xino" feature enabled using 32 upper inode bits.
done.
[   27.082187] systemd[1]: System time before build time, advancing clock.
[   27.233327] systemd[1]: Inserted module 'autofs4'
[   27.564711] systemd[1]: systemd 253.5-1ubuntu7 running in system mode (+PAM +AUDIT +SELINUX +APPARMOR +IMA +SMACK +SECCOMP +GCRYPT -GNUTLS +OPENSSL +ACL +BLKID +CURL +ELFUTILS +FIDO2 +IDN2 -IDN +IPTC +KMOD +LIBCRYPTSETUP +LIBFDISK +PCRE2 -PWQUALITY +P11KIT +QRENCODE +TPM2 +BZIP2 +LZ4 +XZ +ZLIB +ZSTD -BPF_FRAMEWORK -XKBCOMMON +UTMP +SYSVINIT default-hierarchy=unified)
[   27.567564] systemd[1]: Detected architecture arm64.

Welcome to Ubuntu Noble Numbat (development branch)!

[   27.582042] systemd[1]: Hostname set to <ubuntu-server>.
[   27.600297] systemd[1]: Initializing machine ID from random generator.
[   27.667625] systemd[1]: memfd_create() called without MFD_EXEC or MFD_NOEXEC_SEAL set
[   29.063145] systemd[1]: /lib/systemd/system/rsyslog.service:24: Failed to parse protect home value, ignoring: readonly
[   29.197758] systemd[1]: Queued start job for default target graphical.target.
[   29.214028] systemd[1]: Created slice system-modprobe.slice - Slice /system/modprobe.
[  OK  ] Created slice system-modprвlice - Slice /system/modprobe.
[   29.224981] systemd[1]: Created slice system-serial\x2dgetty.slice - Slice /system/serial-getty.
[  OK  ] Created slice system-seriaв - Slice /system/serial-getty.
[   29.236586] systemd[1]: Created slice user.slice - User and Session Slice.
[  OK  ] Created slice user.slice - User and Session Slice.
[   29.248228] systemd[1]: Started systemd-ask-password-wall.path - Forward Password Requests to Wall Directory Watch.
[  OK  ] Started systemd-ask-passwoв Requests to Wall Directory Watch.
[   29.260499] systemd[1]: Set up automount proc-sys-fs-binfmt_misc.automount - Arbitrary Executable File Formats File System Automount Point.
[  OK  ] Set up automount proc-sys-вrmats File System Automount Point.
[   29.272167] systemd[1]: Reached target integritysetup.target - Local Integrity Protected Volumes.
[  OK  ] Reached target integrityseвLocal Integrity Protected Volumes.
[   29.284130] systemd[1]: Reached target slices.target - Slice Units.
[  OK  ] Reached target slices.target - Slice Units.
[   29.296065] systemd[1]: Reached target snapd.mounts-pre.target - Mounting snaps.
[  OK  ] Reached target snapd.mounts-pre.target - Mounting snaps.
[   29.308062] systemd[1]: Reached target swap.target - Swaps.
[  OK  ] Reached target swap.target - Swaps.
[   29.309485] systemd[1]: Reached target veritysetup.target - Local Verity Protected Volumes.
[  OK  ] Reached target veritysetupв - Local Verity Protected Volumes.
[   29.320273] systemd[1]: Listening on dm-event.socket - Device-mapper event daemon FIFOs.
[  OK  ] Listening on dm-event.sockв Device-mapper event daemon FIFOs.
[   29.336316] systemd[1]: Listening on lvm2-lvmpolld.socket - LVM2 poll daemon socket.
[  OK  ] Listening on lvm2-lvmpolldвket - LVM2 poll daemon socket.
[   29.348332] systemd[1]: Listening on multipathd.socket - multipathd control socket.
[  OK  ] Listening on multipathd.soвt - multipathd control socket.
[   29.361355] systemd[1]: Listening on syslog.socket - Syslog Socket.
[  OK  ] Listening on syslog.socket - Syslog Socket.
[   29.372204] systemd[1]: Listening on systemd-initctl.socket - initctl Compatibility Named Pipe.
[  OK  ] Listening on systemd-initcв initctl Compatibility Named Pipe.
[   29.387016] systemd[1]: Listening on systemd-journald-dev-log.socket - Journal Socket (/dev/log).
[  OK  ] Listening on systemd-journвt - Journal Socket (/dev/log).
[   29.400329] systemd[1]: Listening on systemd-journald.socket - Journal Socket.
[  OK  ] Listening on systemd-journald.socket - Journal Socket.
[   29.412478] systemd[1]: Listening on systemd-networkd.socket - Network Service Netlink Socket.
[  OK  ] Listening on systemd-netwoв - Network Service Netlink Socket.
[   29.428424] systemd[1]: Listening on systemd-udevd-control.socket - udev Control Socket.
[  OK  ] Listening on systemd-udevdв.socket - udev Control Socket.
[   29.440242] systemd[1]: Listening on systemd-udevd-kernel.socket - udev Kernel Socket.
[  OK  ] Listening on systemd-udevdвl.socket - udev Kernel Socket.
[   29.464148] systemd[1]: Mounting dev-hugepages.mount - Huge Pages File System...
         Mounting dev-hugepages.mount - Huge Pages File System...
[   29.478246] systemd[1]: Mounting dev-mqueue.mount - POSIX Message Queue File System...
         Mounting dev-mqueue.mountPOSIX Message Queue File System...
[   29.490329] systemd[1]: Mounting sys-kernel-debug.mount - Kernel Debug File System...
         Mounting sys-kernel-debug.в - Kernel Debug File System...
[   29.502163] systemd[1]: Mounting sys-kernel-tracing.mount - Kernel Trace File System...
         Mounting sys-kernel-tracinв - Kernel Trace File System...
[   29.516427] systemd[1]: Starting systemd-journald.service - Journal Service...
         Starting systemd-journald.service - Journal Service...
[   29.520716] systemd[1]: Starting keyboard-setup.service - Set the console keyboard layout...
         Starting keyboard-setup.seвSet the console keyboard layout...
[   29.535841] systemd[1]: Starting kmod-static-nodes.service - Create List of Static Device Nodes...
         Starting kmod-static-nodesвate List of Static Device Nodes...
[   29.550529] systemd[1]: Starting lvm2-monitor.service - Monitoring of LVM2 mirrors, snapshots etc. using dmeventd or progress polling...
         Starting lvm2-monitor.servвng dmeventd or progress polling...
[   29.566636] systemd[1]: Starting modprobe@configfs.service - Load Kernel Module configfs...
         Starting modprobe@configfsвm - Load Kernel Module configfs...
[   29.582577] systemd[1]: Starting modprobe@dm_mod.service - Load Kernel Module dm_mod...
         Starting modprobe@dm_mod.sв[0m - Load Kernel Module dm_mod...
[   29.598574] systemd[1]: Starting modprobe@drm.service - Load Kernel Module drm...
         Starting modprobe@drm.service - Load Kernel Module drm...
[   29.618770] systemd[1]: Starting modprobe@efi_pstore.service - Load Kernel Module efi_pstore...
         Starting modprobe@efi_pstoв- Load Kernel Module efi_pstore...
[   29.639342] systemd[1]: Starting modprobe@fuse.service - Load Kernel Module fuse...
         Starting modprobe@fuse.serвe - Load Kernel Module fuse...
[   29.659011] systemd[1]: Starting modprobe@loop.service - Load Kernel Module loop...
         Starting modprobe@loop.serвe - Load Kernel Module loop...
[   29.662791] systemd-journald[1134]: Collecting audit messages is disabled.
[   29.723548] systemd[1]: netplan-ovs-cleanup.service - OpenVSwitch configuration for cleanup was skipped because of an unmet condition check (ConditionFileIsExecutable=/usr/bin/ovs-vsctl).
[   29.800142] systemd[1]: Starting systemd-modules-load.service - Load Kernel Modules...
         Starting systemd-modules-lвrvice - Load Kernel Modules...
[   29.812086] systemd[1]: systemd-pcrmachine.service - TPM2 PCR Machine ID Measurement was skipped because of an unmet condition check (ConditionPathExists=/sys/firmware/efi/efivars/StubPcrKernelImage-4a67b082-0a4c-41cf-b6c7-440b29bb8c4f).
[   29.816896] systemd[1]: Starting systemd-remount-fs.service - Remount Root and Kernel File Systems...
         Starting systemd-remount-fвnt Root and Kernel File Systems...
[   29.830671] systemd[1]: Starting systemd-udev-trigger.service - Coldplug All udev Devices...
         Starting systemd-udev-trigв[0m - Coldplug All udev Devices...
[   29.849945] systemd[1]: Started systemd-journald.service - Journal Service.
[  OK  ] Started systemd-journald.service - Journal Service.
[  OK  ] Mounted dev-hugepages.mount - Huge Pages File System.
[  OK  ] Mounted dev-mqueue.mount- POSIX Message Queue File System.
[  OK  ] Mounted sys-kernel-debug.mвnt - Kernel Debug File System.
[  OK  ] Mounted sys-kernel-tracingвnt - Kernel Trace File System.
[  OK  ] Finished keyboard-setup.seв- Set the console keyboard layout.
[  OK  ] Finished kmod-static-nodesвreate List of Static Device Nodes.
[  OK  ] Finished modprobe@configfsв[0m - Load Kernel Module configfs.
[  OK  ] Finished modprobe@dm_mod.sвe - Load Kernel Module dm_mod.
[  OK  ] Finished modprobe@drm.service - Load Kernel Module drm.
[  OK  ] Finished modprobe@efi_pstoвm - Load Kernel Module efi_pstore.
[  OK  ] Finished modprobe@fuse.service - Load Kernel Module fuse.
[  OK  ] Finished modprobe@loop.service - Load Kernel Module loop.
[  OK  ] Finished systemd-remount-fвount Root and Kernel File Systems.
         Mounting sys-fs-fuse-conneв - FUSE Control File System...
         Mounting sys-kernel-configвernel Configuration File System...
         Starting multipathd.servicвper Multipath Device Controller...
         Starting systemd-journal-fвh Journal to Persistent Storage...
         Starting systemd-random-seв - Load/Save OS Random Seed...
[   30.212604] systemd-journald[1134]: Received client request to flush runtime journal.
         Starting systemd-sysusers.вrvice - Create System Users...
[  OK  ] Finished systemd-modules-lвservice - Load Kernel Modules.
[  OK  ] Mounted sys-fs-fuse-connecвnt - FUSE Control File System.
[  OK  ] Mounted sys-kernel-config.в Kernel Configuration File System.
[  OK  ] Finished systemd-journal-fвush Journal to Persistent Storage.
[  OK  ] Finished lvm2-monitor.servвsing dmeventd or progress polling.
[  OK  ] Finished systemd-random-seвce - Load/Save OS Random Seed.
         Starting systemd-sysctl.seвce - Apply Kernel Variables...
[  OK  ] Finished systemd-sysusers.service - Create System Users.
         Starting systemd-tmpfiles-вate Static Device Nodes in /dev...
[  OK  ] Finished systemd-udev-trigвe - Coldplug All udev Devices.
[  OK  ] Started multipathd.serviceвapper Multipath Device Controller.
[  OK  ] Finished systemd-sysctl.service - Apply Kernel Variables.
[  OK  ] Finished systemd-tmpfiles-вreate Static Device Nodes in /dev.
[  OK  ] Reached target local-fs-prвreparation for Local File Systems.
         Starting systemd-udevd.serвger for Device Events and Files...
         Mounting snap.mount - в directory shares mount events....
         Mounting tmp.mount - /tmp...
[  OK  ] Mounted snap.mount - Eвap directory shares mount events..
[  OK  ] Mounted tmp.mount - /tmp.
         Mounting snap-core22-1035.в unit for core22, revision 1035...
         Mounting snap-lxd-26202.moвnt unit for lxd, revision 26202...
         Mounting snap-snapd-20674.в unit for snapd, revision 20674...
         Mounting snap-subiquity-54вit for subiquity, revision 5429...
[  OK  ] Started systemd-udevd.servвnager for Device Events and Files.
[  OK  ] Started systemd-ask-passwoвquests to Console Directory Watch.
[  OK  ] Reached target cryptsetup.вget - Local Encrypted Volumes.
[  OK  ] Mounted snap-core22-1035.mвnt unit for core22, revision 1035.
[  OK  ] Mounted snap-subiquity-542вunit for subiquity, revision 5429.
[  OK  ] Mounted snap-lxd-26202.mouвount unit for lxd, revision 26202.
[  OK  ] Mounted snap-snapd-20674.mвnt unit for snapd, revision 20674.
[  OK  ] Found device dev-ttyS2.device - /dev/ttyS2.
[  OK  ] Reached target snapd.mounts.target - Mounted snaps.
[  OK  ] Reached target local-fs.target - Local File Systems.
         Starting console-setup.serвm - Set console font and keymap...
         Starting finalrd.serviceime dir for shutdown pivot root...
         Starting plymouth-read-wriвmouth To Write Out Runtime Data...
         Starting snapd.apparmor.seвles managed internally by snapd...
         Starting systemd-binfmt.seвet Up Additional Binary Formats...
         Starting systemd-tmpfiles-в Volatile Files and Directories...
         Starting ufw.service - Uncomplicated firewall...
[  OK  ] Finished console-setup.serв[0m - Set console font and keymap.
[  OK  ] Finished finalrd.servicentime dir for shutdown pivot root.
[  OK  ] Finished plymouth-read-wriвlymouth To Write Out Runtime Data.
[  OK  ] Finished ufw.service - Uncomplicated firewall.
[  OK  ] Finished systemd-tmpfiles-вte Volatile Files and Directories.
[  OK  ] Created slice system-systeв- Slice /system/systemd-backlight.
         Starting systemd-backlightвightness of backlight:backlight...
         Starting systemd-resolved.вe - Network Name Resolution...
         Starting systemd-timesyncdв - Network Time Synchronization...
         Starting systemd-update-utвrd System Boot/Shutdown in UTMP...
         Starting cloud-init-local.вcloud-init job (pre-networking)...
[  OK  ] Finished systemd-backlightвBrightness of backlight:backlight.
         Mounting proc-sys-fs-binfmвutable File Formats File System...
[  OK  ] Finished systemd-update-utвcord System Boot/Shutdown in UTMP.
[  OK  ] Mounted proc-sys-fs-binfmtвecutable File Formats File System.
[  OK  ] Finished systemd-binfmt.seв Set Up Additional Binary Formats.
[  OK  ] Listening on systemd-rfkilвl Switch Status /dev/rfkill Watch.
[  OK  ] Started systemd-timesyncd.в0m - Network Time Synchronization.
[  OK  ] Reached target time-set.target - System Time Set.
[  OK  ] Started systemd-resolved.sвice - Network Name Resolution.
[  OK  ] Reached target nss-lookup.вm - Host and Network Name Lookups.
[  OK  ] Finished snapd.apparmor.seвfiles managed internally by snapd.
[  OK  ] Finished cloud-init-local.вl cloud-init job (pre-networking).
[  OK  ] Reached target network-preвget - Preparation for Network.
         Starting systemd-networkd.вice - Network Configuration...
[  OK  ] Started systemd-networkd.service - Network Configuration.
[  OK  ] Reached target network.target - Network.
         Starting systemd-networkd-вit for Network to be Configured...
[  OK  ] Finished systemd-networkd-вWait for Network to be Configured.
         Starting cloud-init.servicв job (metadata service crawler)...
[  OK  ] Finished cloud-init.servicвit job (metadata service crawler).
[  OK  ] Reached target cloud-confiвt - Cloud-config availability.
[  OK  ] Reached target network-online.target - Network is Online.
[  OK  ] Reached target sysinit.target - System Initialization.
[  OK  ] Started apt-daily.timer - Daily apt download activities.
[  OK  ] Started apt-daily-upgrade.в apt upgrade and clean activities.
[  OK  ] Started dpkg-db-backup.timв Daily dpkg database backup timer.
[  OK  ] Started e2scrub_all.timeretadata Check for All Filesystems.
[  OK  ] Started fstrim.timer -вsed filesystem blocks once a week.
[  OK  ] Started fwupd-refresh.timeв Refresh fwupd metadata regularly.
[  OK  ] Started logrotate.timer - Daily rotation of log files.
[  OK  ] Started man-db.timer - Daily man-db regeneration.
[  OK  ] Started motd-news.timer - Message of the Day.
[  OK  ] Started systemd-tmpfiles-cв Cleanup of Temporary Directories.
[  OK  ] Started update-notifier-doвat failed at package install time.
[  OK  ] Started update-notifier-moвa new version of Ubuntu available.
[  OK  ] Reached target paths.target - Path Units.
[  OK  ] Reached target timers.target - Timer Units.
[  OK  ] Listening on cloud-init-hoв - cloud-init hotplug hook socket.
[  OK  ] Listening on dbus.socket- D-Bus System Message Bus Socket.
[  OK  ] Listening on iscsid.socket - Open-iSCSI iscsid Socket.
         Starting snapd.socket вet activation for snappy daemon...
[  OK  ] Listening on ssh.socketpenBSD Secure Shell server socket.
[  OK  ] Listening on uuidd.socketm - UUID daemon activation socket.
[  OK  ] Reached target remote-fs-pвeparation for Remote File Systems.
[  OK  ] Reached target remote-fs.target - Remote File Systems.
[  OK  ] Finished blk-availability.вm - Availability of block devices.
[  OK  ] Listening on snapd.socketcket activation for snappy daemon.
[  OK  ] Reached target sockets.target - Socket Units.
[  OK  ] Reached target basic.target - Basic System.
         Starting apport.servicetomatic crash report generation...
[  OK  ] Started cron.service -вkground program processing daemon.
         Starting dbus.service - D-Bus System Message Bus...
[  OK  ] Started dmesg.service вnitial kernel messages after boot.
         Starting e2scrub_reap.servвe ext4 Metadata Check Snapshots...
[  OK  ] Started irqbalance.service - irqbalance daemon.
         Starting polkit.service - Authorization Manager...
         Starting pollinate.serviceв pseudo random number generator...
         Starting rsyslog.service - System Logging Service...
[  OK  ] Started snapd.aa-prompt-liвrspace listener for prompt events.
[  OK  ] Reached target getty-pre.target - Preparation for Logins.
         Starting snapd.service - Snap Daemon...
         Starting systemd-logind.seвice - User Login Management...
         Starting systemd-user-sessвvice - Permit User Sessions...
         Starting udisks2.service - Disk Manager...
[  OK  ] Started dbus.service - D-Bus System Message Bus.
[  OK  ] Finished e2scrub_reap.servвine ext4 Metadata Check Snapshots.
[  OK  ] Finished systemd-user-sessвervice - Permit User Sessions.
         Starting plymouth-quit-waiв until boot process finishes up...
         Starting plymouth-quit.serв Terminate Plymouth Boot Screen...
[  OK  ] Finished plymouth-quit-waiвld until boot process finishes up.
[  OK  ] Finished plymouth-quit.serв - Terminate Plymouth Boot Screen.
[  OK  ] Started serial-getty@ttyS2вinstaller for Ubuntu Server ttyS2.
[  OK  ] Reached target getty.target - Login Prompts.
         Starting setvtrgb.service - Set console scheme...
[  OK  ] Started systemd-logind.service - User Login Management.
[  OK  ] Started unattended-upgradeв0m - Unattended Upgrades Shutdown.
[  OK  ] Finished setvtrgb.service - Set console scheme.
[  OK  ] Started polkit.service - Authorization Manager.
         Starting ModemManager.service - Modem Manager...
[  OK  ] Started rsyslog.service - System Logging Service.
[  OK  ] Started ModemManager.service - Modem Manager.
[  OK  ] Started udisks2.service - Disk Manager.
[  OK  ] Finished apport.serviceautomatic crash report generation.

Ubuntu Noble Numbat (development branch) ubuntu-server ttyS2


connecting...  -\|/- 
waiting for cloud-init...  -\|/-\|/-\|/-\|/-\|/-\|/-\|/-\|/-\|/-\|/-\|/-\|/-\|/-\|/-\ 
