DDR d5483af87d cym 23/11/23-16:15:24,fwver: v1.15
LPDDR4X, 2112MHz
channel[0] BW=16 Col=10 Bk=8 CS0 Row=16 CS1 Row=16 CS=2 Die BW=16 Size=2048MB
channel[1] BW=16 Col=10 Bk=8 CS0 Row=16 CS1 Row=16 CS=2 Die BW=16 Size=2048MB
channel[2] BW=16 Col=10 Bk=8 CS0 Row=16 CS1 Row=16 CS=2 Die BW=16 Size=2048MB
channel[3] BW=16 Col=10 Bk=8 CS0 Row=16 CS1 Row=16 CS=2 Die BW=16 Size=2048MB
Manufacturer ID:0x1
CH0 RX Vref:27.9%, TX Vref:19.8%,19.8%
CH1 RX Vref:28.5%, TX Vref:21.8%,21.8%
CH2 RX Vref:28.9%, TX Vref:20.8%,21.8%
CH3 RX Vref:29.3%, TX Vref:21.8%,21.8%
change to F1: 528MHz
change to F2: 1068MHz
change to F3: 1560MHz
change to F0: 2112MHz
out
U-Boot SPL board init
U-Boot SPL 2017.09-g82435751526-231214-dirty #zhangzj (Dec 14 2023 - 09:16:28)
unknown raw ID 0 0 0
unrecognized JEDEC id bytes: 00, 00, 00
Trying to boot from MMC2
MMC: no card present
mmc_init: -123, time 0
spl: mmc init failed with error: -123
Trying to boot from MMC1
SPL: A/B-slot: _a, successful: 0, tries-remain: 7
Trying fit image at 0x4000 sector
## Verified-boot: 0
## Checking atf-1 0x00040000 ... sha256(b40ce543bb...) + OK
## Checking u-boot 0x00a00000 ... sha256(cb5ae26d3a...) + OK
## Checking fdt-1 0x00b074e8 ... sha256(103b205aeb...) + OK
## Checking atf-2 0x000f0000 ... sha256(f202de33d9...) + OK
## Checking atf-3 0xff100000 ... sha256(af08976afd...) + OK
## Checking tee-1 0x08400000 ... sha256(617eb0ee15...) + OK
Jumping to U-Boot(0x00a00000) via ARM Trusted Firmware(0x00040000)
Total: 95.78/254.771 ms

INFO:    Preloader serial: 2
NOTICE:  BL31: v2.3():v2.3-616-gdc1125f48:finley.xiao
NOTICE:  BL31: Built : 16:41:17, Jul 13 2023
INFO:    spec: 0x1
INFO:    ext 32k is valid
INFO:    ddr: stride-en 4CH
INFO:    GICv3 without legacy support detected.
INFO:    ARM GICv3 driver initialized in EL3
INFO:    valid_cpu_msk=0xff bcore0_rst = 0x0, bcore1_rst = 0x0
INFO:    system boots from cpu-hwid-0
INFO:    idle_st=0x21fff, pd_st=0x11fff9, repair_st=0xfff70001
ERROR:   dfs get fsp_params[0] error, 0xfead0004 != 0xfead0003
ERROR:   dfs get fsp_params[1] error, 0x1111 != 0xfead0003
ERROR:   dfs get fsp_params[2] error, 0x0 != 0xfead0003
ERROR:   dfs get fsp_params[3] error, 0x60241520 != 0xfead0003
ERROR:   loader&trust unmatch!!! Please update trust if need enable dmc
INFO:    BL31: Initialising Exception Handling Framework
INFO:    BL31: Initializing runtime services
INFO:    BL31: Initializing BL32
I/TC: 
I/TC: OP-TEE version: 3.13.0-760-g540ade275 #zhangzj (gcc version 10.2.1 20201103 (GNU Toolchain for the A-profile Architecture 10.2-2020.11 (arm-10.16))) #3 Tue Dec  5 14:36:05 CST 2023 aarch64, fwver: null 
I/TC: OP-TEE memory: TEEOS 0x200000 TA 0xc00000 SHM 0x200000
I/TC: Primary CPU initializing
I/TC: Primary CPU switching to normal world boot
INFO:    BL31: Preparing for EL3 exit to normal world
INFO:    Entry point address = 0xa00000
INFO:    SPSR = 0x3c9


U-Boot 2024.01-rc5-g0d61caad65-dirty (Jan 29 2024 - 16:09:07 +0800)

Model: Rockchip Toybrick RK3588 X0 Board
DRAM:  8 GiB (effective 7.7 GiB)
Core:  332 devices, 29 uclasses, devicetree: separate
MMC:   mmc@fe2e0000: 0
Loading Environment from MMC... OK
In:    serial@feb50000
Out:   serial@feb50000
Err:   serial@feb50000
Model: Rockchip Toybrick RK3588 X0 Board
Net:   eth0: ethernet@fe1b0000
Hit any key to stop autoboot:  2  1  0 
Scanning for bootflows in all bootdevs
Seq  Method       State   Uclass    Part  Name                      Filename
---  -----------  ------  --------  ----  ------------------------  ----------------
Scanning global bootmeth 'efi_mgr':
Bus usb@fc800000: USB EHCI 1.00
Bus usb@fc840000: USB OHCI 1.0
Bus usb@fc880000: USB EHCI 1.00
Bus usb@fc8c0000: USB OHCI 1.0
scanning bus usb@fc800000 for devices... 1 USB Device(s) found
scanning bus usb@fc840000 for devices... 1 USB Device(s) found
scanning bus usb@fc880000 for devices... 2 USB Device(s) found
scanning bus usb@fc8c0000 for devices... 1 USB Device(s) found
Scanning bootdev 'usb_mass_storage.lun0.bootdev':
  0  efi          ready   usb_mass_    1  usb_mass_storage.lun0.boo efi/boot/bootaa64.efi
** Booting bootflow 'usb_mass_storage.lun0.bootdev.part_1' with efi
Booting /efi\boot\bootaa64.efi
Welcome to GRUB!

ethernet@fe1b0000 Waiting for PHY auto negotiation to complete........ done
error: no such device: ((hd1,gpt1)/efi/boot)/EFI/BOOT/grub.cfg.
error: serial port `com0' isn't found.
GNU GRUB  version 2.06

вввввввввввввв”Ђвввввввввввввввввввввввввввввввввввввввввв”Ђвввввввввввввввввввввввввввввввввввввввввввввввввввввввввввввввввввввввввввв”‚ввввввввввввввввввввввввввввввввввввввввввввввввввввввввввв”Ђввввввввввввввввввввввввввввввввввввввввввввввввввввввввввввввввввввввввввввввввввввв”Ђвввввввввввввввввввввввввв     Use the в and в keys to select which entry is highlighted.                                                              
      Press enter to boot the selected OS, `e' to edit the commands before booting or `c' for a command-line.                   Linux Boot                                                                                                                     *bbr/bsa                                                                                                                         SCT for Security Interface Extension (optional)                                                                                 Linux Boot for Security Interface Extension (optional)                                                                                                                                                                                                                                                                                                                                                                                                                                                                                                                                                                                                                                                                                                                                                                                                                                                                                                                                                                                                                                                                                                                                                                                                                                                                                                                                                                                                                                                                                                                                                                                                                                                                                                                                                                                                                                                                                                                                                                                                                                                                                                                                                                                                                                                                                                                                             The highlighted entry will be executed automatically in 10s.                                                                       The highlighted entry will be executed automatically in 9s.                                                                        The highlighted entry will be executed automatically in 8s.                                                                        The highlighted entry will be executed automatically in 7s.                                                                                                                                                                                                                                                                                                                                            bbr/bsa                                                                                                                        *SCT for Security Interface Extension (optional)                                                                                /EndEntire
file path: /HardwareVendor(e61d73b9-a384-4acc-aeab-82e828f3628b)[8: 00 00 00 00 00 00 00 00 ]
/HardwareVendor(e61d73b9-a384-4acc-aeab-82e828f3628b)[8: 7d 00 00 00 02 00 00 00 ]/USB(0,0)/USB(1,0)/Ctrl(0)
/HD(1,800,4b000,a240dc94887b2944,2,2)/File(\EFI\BOOT)/File(Shell.efi)/EndEntire
UEFI Interactive Shell v2.2
EDK II
UEFI v2.100 (Das U-Boot, 0x20240100)
Mapping table
      FS0: Alias(s):HD0d:;BLK3:
          /VenHw(e61d73b9-a384-4acc-aeab-82e828f3628b,0000000000000000)/eMMC(0)/eMMC(0)/HD(3,GPT,7a3f0000-0000-446a-8000-702f00006273,0x8000,0x20000)
      FS1: Alias(s):HD0f:;BLK5:
          /VenHw(e61d73b9-a384-4acc-aeab-82e828f3628b,0000000000000000)/eMMC(0)/eMMC(0)/HD(5,GPT,dc11277f-eb7f-42d9-8027-a83b14220e50,0x68000,0x10000)
      FS2: Alias(s):HD0g:;BLK6:
          /VenHw(e61d73b9-a384-4acc-aeab-82e828f3628b,0000000000000000)/eMMC(0)/eMMC(0)/HD(6,GPT,614e0000-0000-4b53-8000-1d28000054a9,0x78000,0x1c00000)
      FS3: Alias(s):HD0h:;BLK7:
          /VenHw(e61d73b9-a384-4acc-aeab-82e828f3628b,0000000000000000)/eMMC(0)/eMMC(0)/HD(7,GPT,a26ad83c-802b-4321-ac9b-b7d356d112af,0x1c78000,0x40000)
      FS4: Alias(s):HD0i:;BLK8:
          /VenHw(e61d73b9-a384-4acc-aeab-82e828f3628b,0000000000000000)/eMMC(0)/eMMC(0)/HD(8,GPT,c0efcbc8-eb10-4a95-9656-2b0fcfcb22bc,0x1cb8000,0x1d91fdf)
      FS5: Alias(s):BLK10:
          /VenHw(e61d73b9-a384-4acc-aeab-82e828f3628b,0000000000000000)/VenHw(e61d73b9-a384-4acc-aeab-82e828f3628b,7d00000002000000)/USB(0x0,0x0)/USB(0x1,0x0)/Ctrl(0x0)/HD(1,GPT,94dc40a2-7b88-4429-819d-f4da367e6c42,0x800,0x4b000)
      FS6: Alias(s):BLK11:
          /VenHw(e61d73b9-a384-4acc-aeab-82e828f3628b,0000000000000000)/VenHw(e61d73b9-a384-4acc-aeab-82e828f3628b,7d00000002000000)/USB(0x0,0x0)/USB(0x1,0x0)/Ctrl(0x0)/HD(2,GPT,044b5400-c708-4e5b-9409-af07f4fdb753,0x4b800,0x10125a)
     BLK0: Alias(s):
          /VenHw(e61d73b9-a384-4acc-aeab-82e828f3628b,0000000000000000)/eMMC(0)/eMMC(0)
     BLK1: Alias(s):
          /VenHw(e61d73b9-a384-4acc-aeab-82e828f3628b,0000000000000000)/eMMC(0)/eMMC(0)/HD(1,GPT,5a30833f-8c43-47b1-a41d-84d40883d0c6,0x4000,0x2000)
     BLK2: Alias(s):
          /VenHw(e61d73b9-a384-4acc-aeab-82e828f3628b,0000000000000000)/eMMC(0)/eMMC(0)/HD(2,GPT,67ad7741-4638-47c6-a488-d396583e582a,0x6000,0x2000)
     BLK4: Alias(s):
          /VenHw(e61d73b9-a384-4acc-aeab-82e828f3628b,0000000000000000)/eMMC(0)/eMMC(0)/HD(4,GPT,e582484a-9010-404a-899d-47bd16ba3fa8,0x28000,0x40000)
     BLK9: Alias(s):
          /VenHw(e61d73b9-a384-4acc-aeab-82e828f3628b,0000000000000000)/VenHw(e61d73b9-a384-4acc-aeab-82e828f3628b,7d00000002000000)/USB(0x0,0x0)/USB(0x1,0x0)/Ctrl(0x0)
Shell> echo -off
- [ok]
Printing SecureBoot state
8BE4DF61-93CA-11D2-AA0D-00E098032B8C - SecureBoot - 0001 Bytes
00 
 
The System is in normal mode
Provisioning the SecureBoot keys...
 
Printing SecureBoot state
8BE4DF61-93CA-11D2-AA0D-00E098032B8C - SecureBoot - 0001 Bytes
01 
 
Automatic provision of secureboot keys is success.
The System is now in SecureBoot mode
 
Press any key to stop the SIE SCT running
Press any key within 5 seconds Press any key within 4 seconds Press any key within 3 seconds Press any key within 2 seconds Press any key within 1 seconds Load support files ...
Load proxy files ...
Load test files ...
Test preparing...
  Remaining test cases: 9
  Runtime services test: VariableAttributes
  Iterations: 1/1
------------------------------------------------------------
Arm ACS Version: SystemReady IR ACS v2.1.0
BBR ACS 1.0.5 (EBBR)
VariableAttributes
Revision 0x00010000
Test Entry Point GUID: E39747C4-22D0-4D52-9C15-3C4EFA80E6C8
Test Support Library GUIDs: 
  1F9C2AE7-F147-4D19-A5E8-255AD005EB3E
  7FD8C38D-7C5C-42FC-B044-3A834A617476
------------------------------------------------------------
UEFI 2.6
Test Configuration #0
------------------------------------------------------------
Verifies Secure Boot variable attributes.
------------------------------------------------------------
Logfile: "\EFI\BOOT\bbr\SCT\Log\RuntimeServicesTest\SecureBootTest0\VariableAttributes_0_0_E39747C4-22D0-4D52-9C15-3C4EFA80E6C8.log"
Test Started: 01/29/24  08:09a
------------------------------------------------------------
SecureBoot - Verify SecureBoot is enabled  -- PASS
98F4A3F2-D329-4813-B00F-324A22F70D3C
/home/weiouy01/code/arm-systemready/IR/Yocto/meta-woden/build/tmp/work/armv8a-oe-linux/ebbr-sct/1.0-r0/edk2-test/SctPkg/TestCase/UEFI/EFI/RuntimeServices/SecureBoot/BlackBoxTest/VariableAttributesBBTest.c:136:Status - Success

SecureBoot - Verify SetupMode == 0 -- PASS
42FE7061-7AF6-4EE7-83ED-72BA5024CE83
/home/weiouy01/code/arm-systemready/IR/Yocto/meta-woden/build/tmp/work/armv8a-oe-linux/ebbr-sct/1.0-r0/edk2-test/SctPkg/TestCase/UEFI/EFI/RuntimeServices/SecureBoot/BlackBoxTest/VariableAttributesBBTest.c:162:Status - Success

SecureBoot - Verify SecureBoot variable attributes -- PASS
1A65C9B2-66AB-4363-A18F-52E12FA200BB
/home/weiouy01/code/arm-systemready/IR/Yocto/meta-woden/build/tmp/work/armv8a-oe-linux/ebbr-sct/1.0-r0/edk2-test/SctPkg/TestCase/UEFI/EFI/RuntimeServices/SecureBoot/BlackBoxTest/VariableAttributesBBTest.c:190:Status - Buffer Too Small

Attributes=0x6, Expected=0x6

SecureBoot - Verify SetupMode variable attributes -- PASS
83D73DD3-3827-4762-9E4E-C7D865F94F27
/home/weiouy01/code/arm-systemready/IR/Yocto/meta-woden/build/tmp/work/armv8a-oe-linux/ebbr-sct/1.0-r0/edk2-test/SctPkg/TestCase/UEFI/EFI/RuntimeServices/SecureBoot/BlackBoxTest/VariableAttributesBBTest.c:225:Status - Buffer Too Small

Attributes=0x6, Expected=0x6

SecureBoot - Verify PK variable attributes -- PASS
67BCE6BB-FE72-4E4B-8D81-F37EE7C56402
/home/weiouy01/code/arm-systemready/IR/Yocto/meta-woden/build/tmp/work/armv8a-oe-linux/ebbr-sct/1.0-r0/edk2-test/SctPkg/TestCase/UEFI/EFI/RuntimeServices/SecureBoot/BlackBoxTest/VariableAttributesBBTest.c:260:Status - Buffer Too Small

Attributes=0x27, Expected=0x27

SecureBoot - Verify KEK variable attributes -- PASS
C465F19A-87A5-46D2-B95F-545A4B382E9B
/home/weiouy01/code/arm-systemready/IR/Yocto/meta-woden/build/tmp/work/armv8a-oe-linux/ebbr-sct/1.0-r0/edk2-test/SctPkg/TestCase/UEFI/EFI/RuntimeServices/SecureBoot/BlackBoxTest/VariableAttributesBBTest.c:295:Status - Buffer Too Small

Attributes=0x27, Expected=0x27

SecureBoot - Verify DB variable attributes -- PASS
A4C882F4-7392-49BE-950C-5E7A31711A12
/home/weiouy01/code/arm-systemready/IR/Yocto/meta-woden/build/tmp/work/armv8a-oe-linux/ebbr-sct/1.0-r0/edk2-test/SctPkg/TestCase/UEFI/EFI/RuntimeServices/SecureBoot/BlackBoxTest/VariableAttributesBBTest.c:330:Status - Buffer Too Small

Attributes=0x27, Expected=0x20

SecureBoot - Verify DBX variable attributes -- PASS
BC37E48E-614F-44E1-9D9A-80E56C9B0090
/home/weiouy01/code/arm-systemready/IR/Yocto/meta-woden/build/tmp/work/armv8a-oe-linux/ebbr-sct/1.0-r0/edk2-test/SctPkg/TestCase/UEFI/EFI/RuntimeServices/SecureBoot/BlackBoxTest/VariableAttributesBBTest.c:365:Status - Buffer Too Small

Attributes=0x27, Expected=0x20


Returned Status Code: Success

VariableAttributes: [PASSED]
  Passes........... 8
  Warnings......... 0
  Errors........... 0
------------------------------------------------------------
UEFI 2.6
Revision 0x00010000
Test Entry Point GUID: E39747C4-22D0-4D52-9C15-3C4EFA80E6C8
------------------------------------------------------------
Logfile: "\EFI\BOOT\bbr\SCT\Log\RuntimeServicesTest\SecureBootTest0\VariableAttributes_0_0_E39747C4-22D0-4D52-9C15-3C4EFA80E6C8.log"
Test Finished: 01/29/24  08:09a
Elapsed Time: 00 Days 00:00:00

------------------------------------------------------------
  Remaining test cases: 8
  Runtime services test: VariableUpdates
  Iterations: 1/1
------------------------------------------------------------
Arm ACS Version: SystemReady IR ACS v2.1.0
BBR ACS 1.0.5 (EBBR)
VariableUpdates
Revision 0x00010000
Test Entry Point GUID: 495CB6D7-0817-4015-A479-0DB4C2308626
Test Support Library GUIDs: 
  1F9C2AE7-F147-4D19-A5E8-255AD005EB3E
  7FD8C38D-7C5C-42FC-B044-3A834A617476
------------------------------------------------------------
UEFI 2.6
Test Configuration #0
------------------------------------------------------------
Verifies Secure Boot variable updates.
------------------------------------------------------------
Logfile: "\EFI\BOOT\bbr\SCT\Log\RuntimeServicesTest\SecureBootTest0\VariableUpdates_0_0_495CB6D7-0817-4015-A479-0DB4C2308626.log"
Test Started: 01/29/24  08:09a
------------------------------------------------------------
SecureBootVariableCleanup: Doing cleanup of secure boot variables

SecureBoot - Verify unsigned KEK update -- PASS
D2073163-EDB0-4D6B-BA8F-5C6116C1592C
/home/weiouy01/code/arm-systemready/IR/Yocto/meta-woden/build/tmp/work/armv8a-oe-linux/ebbr-sct/1.0-r0/edk2-test/SctPkg/TestCase/UEFI/EFI/RuntimeServices/SecureBoot/BlackBoxTest/VariableUpdatesBBTest.c:298:Status - 800000000000001A

SecureBoot - Verify signed KEK update -- PASS
D2073163-EDB0-4D6B-BA8F-5C6116C1592C
/home/weiouy01/code/arm-systemready/IR/Yocto/meta-woden/build/tmp/work/armv8a-oe-linux/ebbr-sct/1.0-r0/edk2-test/SctPkg/TestCase/UEFI/EFI/RuntimeServices/SecureBoot/BlackBoxTest/VariableUpdatesBBTest.c:374:Status - Success

SecureBoot - Verify unsigned db update -- PASS
25AD4F9B-6533-4A96-9447-FEED03EEC3E2
/home/weiouy01/code/arm-systemready/IR/Yocto/meta-woden/build/tmp/work/armv8a-oe-linux/ebbr-sct/1.0-r0/edk2-test/SctPkg/TestCase/UEFI/EFI/RuntimeServices/SecureBoot/BlackBoxTest/VariableUpdatesBBTest.c:520:Status - 800000000000001A

SecureBoot - Verify signed db update -- PASS
2F1014EB-4E84-4293-BAD3-53035F9EAEB4
/home/weiouy01/code/arm-systemready/IR/Yocto/meta-woden/build/tmp/work/armv8a-oe-linux/ebbr-sct/1.0-r0/edk2-test/SctPkg/TestCase/UEFI/EFI/RuntimeServices/SecureBoot/BlackBoxTest/VariableUpdatesBBTest.c:594:Status - Success

SecureBoot - Verify signed db update -- PASS
021EF001-0CB2-45D4-8529-D4F0E83ADD1F
/home/weiouy01/code/arm-systemready/IR/Yocto/meta-woden/build/tmp/work/armv8a-oe-linux/ebbr-sct/1.0-r0/edk2-test/SctPkg/TestCase/UEFI/EFI/RuntimeServices/SecureBoot/BlackBoxTest/VariableUpdatesBBTest.c:668:Status - Success

SecureBoot - Verify signed db update data signed by TESTKEK2 -- PASS
EAD975E5-0A13-45A6-ACDD-B3EE23643057
/home/weiouy01/code/arm-systemready/IR/Yocto/meta-woden/build/tmp/work/armv8a-oe-linux/ebbr-sct/1.0-r0/edk2-test/SctPkg/TestCase/UEFI/EFI/RuntimeServices/SecureBoot/BlackBoxTest/VariableUpdatesBBTest.c:742:Status - Success

SecureBoot - Verify unsigned dbx update -- PASS
70FEBF5B-27D6-44AE-AB43-059DDD8B2947
/home/weiouy01/code/arm-systemready/IR/Yocto/meta-woden/build/tmp/work/armv8a-oe-linux/ebbr-sct/1.0-r0/edk2-test/SctPkg/TestCase/UEFI/EFI/RuntimeServices/SecureBoot/BlackBoxTest/VariableUpdatesBBTest.c:890:Status - 800000000000001A

SecureBoot - Verify signed dbx update -- PASS
EFE0E633-FD4C-4B20-A64D-ED4F2AFBA5CE
/home/weiouy01/code/arm-systemready/IR/Yocto/meta-woden/build/tmp/work/armv8a-oe-linux/ebbr-sct/1.0-r0/edk2-test/SctPkg/TestCase/UEFI/EFI/RuntimeServices/SecureBoot/BlackBoxTest/VariableUpdatesBBTest.c:966:Status - Success

SecureBoot - Verify signed KEK append update -- FAILURE
6F4FE39C-DAA0-4A4E-BF44-CAFB05372B53
/home/weiouy01/code/arm-systemready/IR/Yocto/meta-woden/build/tmp/work/armv8a-oe-linux/ebbr-sct/1.0-r0/edk2-test/SctPkg/TestCase/UEFI/EFI/RuntimeServices/SecureBoot/BlackBoxTest/VariableUpdatesBBTest.c:1113:Status - 800000000000001A

SecureBoot - Verify signed DB append update -- FAILURE
63BA72D3-9089-AC63-F089-AD902467DBD3
/home/weiouy01/code/arm-systemready/IR/Yocto/meta-woden/build/tmp/work/armv8a-oe-linux/ebbr-sct/1.0-r0/edk2-test/SctPkg/TestCase/UEFI/EFI/RuntimeServices/SecureBoot/BlackBoxTest/VariableUpdatesBBTest.c:1189:Status - 800000000000001A

SecureBootVariableCleanup: Doing cleanup of secure boot variables


Returned Status Code: Success

VariableUpdates: [FAILED]
  Passes........... 8
  Warnings......... 0
  Errors........... 2
------------------------------------------------------------
UEFI 2.6
Revision 0x00010000
Test Entry Point GUID: 495CB6D7-0817-4015-A479-0DB4C2308626
------------------------------------------------------------
Logfile: "\EFI\BOOT\bbr\SCT\Log\RuntimeServicesTest\SecureBootTest0\VariableUpdates_0_0_495CB6D7-0817-4015-A479-0DB4C2308626.log"
Test Finished: 01/29/24  08:09a
Elapsed Time: 00 Days 00:00:02

------------------------------------------------------------
  Remaining test cases: 7
  Runtime services test: AuthVar_Conf
  Iterations: 1/1
------------------------------------------------------------
Arm ACS Version: SystemReady IR ACS v2.1.0
BBR ACS 1.0.5 (EBBR)
AuthVar_Conf
Revision 0x00010000
Test Entry Point GUID: 28155531-80C5-4AD0-8471-A5E2AECF236C
Test Support Library GUIDs: 
  1F9C2AE7-F147-4D19-A5E8-255AD005EB3E
  7FD8C38D-7C5C-42FC-B044-3A834A617476
------------------------------------------------------------
UEFI 2.6
Test Configuration #0
------------------------------------------------------------
Test the conformance of Auth Variable
------------------------------------------------------------
Logfile: "\EFI\BOOT\bbr\SCT\Log\RuntimeServicesTest\VariableServicesTest0\AuthVar_Conf_0_0_28155531-80C5-4AD0-8471-A5E2AECF236C.log"
Test Started: 01/29/24  08:10a
------------------------------------------------------------
RT.SetVariable - Set Invalid Time Base Auth Variable -- PASS
E9893BCB-EF2B-495C-82F0-D0630DA79476
/home/weiouy01/code/arm-systemready/IR/Yocto/meta-woden/build/tmp/work/armv8a-oe-linux/ebbr-sct/1.0-r0/edk2-test/SctPkg/TestCase/UEFI/EFI/RuntimeServices/VariableServices/BlackBoxTest/AuthVariableServicesBBTestConformance.c:225:Status - 800000000000001A

RT.SetVariable - Set Auth Variable with valid cert. -- PASS
2534ABC0-1F01-48A0-96DE-F8BBA745C364
Attributes = Array[0]. /home/weiouy01/code/arm-systemready/IR/Yocto/meta-woden/build/tmp/work/armv8a-oe-linux/ebbr-sct/1.0-r0/edk2-test/SctPkg/TestCase/UEFI/EFI/RuntimeServices/VariableServices/BlackBoxTest/AuthVariableServicesBBTestConformance.c:258:Status - Unsupported

RT.SetVariable - Set Auth Variable with invalid cert. -- PASS
55AF8FAD-1B12-45AD-B042-A643962F0470
Attributes = Array[0]. /home/weiouy01/code/arm-systemready/IR/Yocto/meta-woden/build/tmp/work/armv8a-oe-linux/ebbr-sct/1.0-r0/edk2-test/SctPkg/TestCase/UEFI/EFI/RuntimeServices/VariableServices/BlackBoxTest/AuthVariableServicesBBTestConformance.c:283:Status - Unsupported

RT.QueryVariableInfo - Query Auth Variable. -- PASS
6D0740FB-388A-491F-B818-9B5CB5170F95
Attributes = Array[0]. /home/weiouy01/code/arm-systemready/IR/Yocto/meta-woden/build/tmp/work/armv8a-oe-linux/ebbr-sct/1.0-r0/edk2-test/SctPkg/TestCase/UEFI/EFI/RuntimeServices/VariableServices/BlackBoxTest/AuthVariableServicesBBTestConformance.c:308:Status - Unsupported

RT.SetVariable - Set Auth Variable with valid cert. -- PASS
2534ABC0-1F01-48A0-96DE-F8BBA745C364
Attributes = Array[1]. /home/weiouy01/code/arm-systemready/IR/Yocto/meta-woden/build/tmp/work/armv8a-oe-linux/ebbr-sct/1.0-r0/edk2-test/SctPkg/TestCase/UEFI/EFI/RuntimeServices/VariableServices/BlackBoxTest/AuthVariableServicesBBTestConformance.c:258:Status - Unsupported

RT.SetVariable - Set Auth Variable with invalid cert. -- PASS
55AF8FAD-1B12-45AD-B042-A643962F0470
Attributes = Array[1]. /home/weiouy01/code/arm-systemready/IR/Yocto/meta-woden/build/tmp/work/armv8a-oe-linux/ebbr-sct/1.0-r0/edk2-test/SctPkg/TestCase/UEFI/EFI/RuntimeServices/VariableServices/BlackBoxTest/AuthVariableServicesBBTestConformance.c:283:Status - Unsupported

RT.QueryVariableInfo - Query Auth Variable. -- PASS
6D0740FB-388A-491F-B818-9B5CB5170F95
Attributes = Array[1]. /home/weiouy01/code/arm-systemready/IR/Yocto/meta-woden/build/tmp/work/armv8a-oe-linux/ebbr-sct/1.0-r0/edk2-test/SctPkg/TestCase/UEFI/EFI/RuntimeServices/VariableServices/BlackBoxTest/AuthVariableServicesBBTestConformance.c:308:Status - Unsupported

RT.SetVariable - Set Auth Variable with valid cert. -- PASS
2534ABC0-1F01-48A0-96DE-F8BBA745C364
Attributes = Array[2]. /home/weiouy01/code/arm-systemready/IR/Yocto/meta-woden/build/tmp/work/armv8a-oe-linux/ebbr-sct/1.0-r0/edk2-test/SctPkg/TestCase/UEFI/EFI/RuntimeServices/VariableServices/BlackBoxTest/AuthVariableServicesBBTestConformance.c:258:Status - Unsupported

RT.SetVariable - Set Auth Variable with invalid cert. -- PASS
55AF8FAD-1B12-45AD-B042-A643962F0470
Attributes = Array[2]. /home/weiouy01/code/arm-systemready/IR/Yocto/meta-woden/build/tmp/work/armv8a-oe-linux/ebbr-sct/1.0-r0/edk2-test/SctPkg/TestCase/UEFI/EFI/RuntimeServices/VariableServices/BlackBoxTest/AuthVariableServicesBBTestConformance.c:283:Status - Unsupported

RT.QueryVariableInfo - Query Auth Variable. -- PASS
6D0740FB-388A-491F-B818-9B5CB5170F95
Attributes = Array[2]. /home/weiouy01/code/arm-systemready/IR/Yocto/meta-woden/build/tmp/work/armv8a-oe-linux/ebbr-sct/1.0-r0/edk2-test/SctPkg/TestCase/UEFI/EFI/RuntimeServices/VariableServices/BlackBoxTest/AuthVariableServicesBBTestConformance.c:308:Status - Unsupported

RT.SetVariable - Set Auth Variable with valid cert. -- PASS
2534ABC0-1F01-48A0-96DE-F8BBA745C364
Attributes = Array[3]. /home/weiouy01/code/arm-systemready/IR/Yocto/meta-woden/build/tmp/work/armv8a-oe-linux/ebbr-sct/1.0-r0/edk2-test/SctPkg/TestCase/UEFI/EFI/RuntimeServices/VariableServices/BlackBoxTest/AuthVariableServicesBBTestConformance.c:258:Status - Unsupported

RT.SetVariable - Set Auth Variable with invalid cert. -- PASS
55AF8FAD-1B12-45AD-B042-A643962F0470
Attributes = Array[3]. /home/weiouy01/code/arm-systemready/IR/Yocto/meta-woden/build/tmp/work/armv8a-oe-linux/ebbr-sct/1.0-r0/edk2-test/SctPkg/TestCase/UEFI/EFI/RuntimeServices/VariableServices/BlackBoxTest/AuthVariableServicesBBTestConformance.c:283:Status - Unsupported

RT.QueryVariableInfo - Query Auth Variable. -- PASS
6D0740FB-388A-491F-B818-9B5CB5170F95
Attributes = Array[3]. /home/weiouy01/code/arm-systemready/IR/Yocto/meta-woden/build/tmp/work/armv8a-oe-linux/ebbr-sct/1.0-r0/edk2-test/SctPkg/TestCase/UEFI/EFI/RuntimeServices/VariableServices/BlackBoxTest/AuthVariableServicesBBTestConformance.c:308:Status - Unsupported

RT.SetVariable - Set Auth Variable with valid cert. -- PASS
2534ABC0-1F01-48A0-96DE-F8BBA745C364
Attributes = Array[4]. /home/weiouy01/code/arm-systemready/IR/Yocto/meta-woden/build/tmp/work/armv8a-oe-linux/ebbr-sct/1.0-r0/edk2-test/SctPkg/TestCase/UEFI/EFI/RuntimeServices/VariableServices/BlackBoxTest/AuthVariableServicesBBTestConformance.c:258:Status - Unsupported

RT.SetVariable - Set Auth Variable with invalid cert. -- PASS
55AF8FAD-1B12-45AD-B042-A643962F0470
Attributes = Array[4]. /home/weiouy01/code/arm-systemready/IR/Yocto/meta-woden/build/tmp/work/armv8a-oe-linux/ebbr-sct/1.0-r0/edk2-test/SctPkg/TestCase/UEFI/EFI/RuntimeServices/VariableServices/BlackBoxTest/AuthVariableServicesBBTestConformance.c:283:Status - Unsupported

RT.QueryVariableInfo - Query Auth Variable. -- PASS
6D0740FB-388A-491F-B818-9B5CB5170F95
Attributes = Array[4]. /home/weiouy01/code/arm-systemready/IR/Yocto/meta-woden/build/tmp/work/armv8a-oe-linux/ebbr-sct/1.0-r0/edk2-test/SctPkg/TestCase/UEFI/EFI/RuntimeServices/VariableServices/BlackBoxTest/AuthVariableServicesBBTestConformance.c:308:Status - Unsupported

RT.SetVariable - Set Auth Variable with valid cert. -- PASS
2534ABC0-1F01-48A0-96DE-F8BBA745C364
Attributes = Array[5]. /home/weiouy01/code/arm-systemready/IR/Yocto/meta-woden/build/tmp/work/armv8a-oe-linux/ebbr-sct/1.0-r0/edk2-test/SctPkg/TestCase/UEFI/EFI/RuntimeServices/VariableServices/BlackBoxTest/AuthVariableServicesBBTestConformance.c:258:Status - Unsupported

RT.SetVariable - Set Auth Variable with invalid cert. -- PASS
55AF8FAD-1B12-45AD-B042-A643962F0470
Attributes = Array[5]. /home/weiouy01/code/arm-systemready/IR/Yocto/meta-woden/build/tmp/work/armv8a-oe-linux/ebbr-sct/1.0-r0/edk2-test/SctPkg/TestCase/UEFI/EFI/RuntimeServices/VariableServices/BlackBoxTest/AuthVariableServicesBBTestConformance.c:283:Status - Unsupported

RT.QueryVariableInfo - Query Auth Variable. -- PASS
6D0740FB-388A-491F-B818-9B5CB5170F95
Attributes = Array[5]. /home/weiouy01/code/arm-systemready/IR/Yocto/meta-woden/build/tmp/work/armv8a-oe-linux/ebbr-sct/1.0-r0/edk2-test/SctPkg/TestCase/UEFI/EFI/RuntimeServices/VariableServices/BlackBoxTest/AuthVariableServicesBBTestConformance.c:308:Status - Unsupported

RT.SetVariable - Set Auth Variable with valid cert. -- PASS
2534ABC0-1F01-48A0-96DE-F8BBA745C364
Attributes = Array[6]. /home/weiouy01/code/arm-systemready/IR/Yocto/meta-woden/build/tmp/work/armv8a-oe-linux/ebbr-sct/1.0-r0/edk2-test/SctPkg/TestCase/UEFI/EFI/RuntimeServices/VariableServices/BlackBoxTest/AuthVariableServicesBBTestConformance.c:258:Status - Unsupported

RT.SetVariable - Set Auth Variable with invalid cert. -- PASS
55AF8FAD-1B12-45AD-B042-A643962F0470
Attributes = Array[6]. /home/weiouy01/code/arm-systemready/IR/Yocto/meta-woden/build/tmp/work/armv8a-oe-linux/ebbr-sct/1.0-r0/edk2-test/SctPkg/TestCase/UEFI/EFI/RuntimeServices/VariableServices/BlackBoxTest/AuthVariableServicesBBTestConformance.c:283:Status - Unsupported

RT.QueryVariableInfo - Query Auth Variable. -- PASS
6D0740FB-388A-491F-B818-9B5CB5170F95
Attributes = Array[6]. /home/weiouy01/code/arm-systemready/IR/Yocto/meta-woden/build/tmp/work/armv8a-oe-linux/ebbr-sct/1.0-r0/edk2-test/SctPkg/TestCase/UEFI/EFI/RuntimeServices/VariableServices/BlackBoxTest/AuthVariableServicesBBTestConformance.c:308:Status - Unsupported

RT.SetVariable - Set Auth Variable with valid cert. -- PASS
2534ABC0-1F01-48A0-96DE-F8BBA745C364
Attributes = Array[7]. /home/weiouy01/code/arm-systemready/IR/Yocto/meta-woden/build/tmp/work/armv8a-oe-linux/ebbr-sct/1.0-r0/edk2-test/SctPkg/TestCase/UEFI/EFI/RuntimeServices/VariableServices/BlackBoxTest/AuthVariableServicesBBTestConformance.c:258:Status - Unsupported

RT.SetVariable - Set Auth Variable with invalid cert. -- PASS
55AF8FAD-1B12-45AD-B042-A643962F0470
Attributes = Array[7]. /home/weiouy01/code/arm-systemready/IR/Yocto/meta-woden/build/tmp/work/armv8a-oe-linux/ebbr-sct/1.0-r0/edk2-test/SctPkg/TestCase/UEFI/EFI/RuntimeServices/VariableServices/BlackBoxTest/AuthVariableServicesBBTestConformance.c:283:Status - Unsupported

RT.QueryVariableInfo - Query Auth Variable. -- PASS
6D0740FB-388A-491F-B818-9B5CB5170F95
Attributes = Array[7]. /home/weiouy01/code/arm-systemready/IR/Yocto/meta-woden/build/tmp/work/armv8a-oe-linux/ebbr-sct/1.0-r0/edk2-test/SctPkg/TestCase/UEFI/EFI/RuntimeServices/VariableServices/BlackBoxTest/AuthVariableServicesBBTestConformance.c:308:Status - Unsupported

RT.SetVariable - Set Auth Variable with valid cert. -- PASS
2534ABC0-1F01-48A0-96DE-F8BBA745C364
Attributes = Array[8]. /home/weiouy01/code/arm-systemready/IR/Yocto/meta-woden/build/tmp/work/armv8a-oe-linux/ebbr-sct/1.0-r0/edk2-test/SctPkg/TestCase/UEFI/EFI/RuntimeServices/VariableServices/BlackBoxTest/AuthVariableServicesBBTestConformance.c:258:Status - Unsupported

RT.SetVariable - Set Auth Variable with invalid cert. -- PASS
55AF8FAD-1B12-45AD-B042-A643962F0470
Attributes = Array[8]. /home/weiouy01/code/arm-systemready/IR/Yocto/meta-woden/build/tmp/work/armv8a-oe-linux/ebbr-sct/1.0-r0/edk2-test/SctPkg/TestCase/UEFI/EFI/RuntimeServices/VariableServices/BlackBoxTest/AuthVariableServicesBBTestConformance.c:283:Status - Unsupported

RT.QueryVariableInfo - Query Auth Variable. -- PASS
6D0740FB-388A-491F-B818-9B5CB5170F95
Attributes = Array[8]. /home/weiouy01/code/arm-systemready/IR/Yocto/meta-woden/build/tmp/work/armv8a-oe-linux/ebbr-sct/1.0-r0/edk2-test/SctPkg/TestCase/UEFI/EFI/RuntimeServices/VariableServices/BlackBoxTest/AuthVariableServicesBBTestConformance.c:308:Status - Unsupported

RT.SetVariable - Set Auth Variable with valid cert. -- PASS
2534ABC0-1F01-48A0-96DE-F8BBA745C364
Attributes = Array[9]. /home/weiouy01/code/arm-systemready/IR/Yocto/meta-woden/build/tmp/work/armv8a-oe-linux/ebbr-sct/1.0-r0/edk2-test/SctPkg/TestCase/UEFI/EFI/RuntimeServices/VariableServices/BlackBoxTest/AuthVariableServicesBBTestConformance.c:258:Status - Unsupported

RT.SetVariable - Set Auth Variable with invalid cert. -- PASS
55AF8FAD-1B12-45AD-B042-A643962F0470
Attributes = Array[9]. /home/weiouy01/code/arm-systemready/IR/Yocto/meta-woden/build/tmp/work/armv8a-oe-linux/ebbr-sct/1.0-r0/edk2-test/SctPkg/TestCase/UEFI/EFI/RuntimeServices/VariableServices/BlackBoxTest/AuthVariableServicesBBTestConformance.c:283:Status - Unsupported

RT.QueryVariableInfo - Query Auth Variable. -- PASS
6D0740FB-388A-491F-B818-9B5CB5170F95
Attributes = Array[9]. /home/weiouy01/code/arm-systemready/IR/Yocto/meta-woden/build/tmp/work/armv8a-oe-linux/ebbr-sct/1.0-r0/edk2-test/SctPkg/TestCase/UEFI/EFI/RuntimeServices/VariableServices/BlackBoxTest/AuthVariableServicesBBTestConformance.c:308:Status - Unsupported

RT.SetVariable - Set Auth Variable with valid cert. -- PASS
2534ABC0-1F01-48A0-96DE-F8BBA745C364
Attributes = Array[10]. /home/weiouy01/code/arm-systemready/IR/Yocto/meta-woden/build/tmp/work/armv8a-oe-linux/ebbr-sct/1.0-r0/edk2-test/SctPkg/TestCase/UEFI/EFI/RuntimeServices/VariableServices/BlackBoxTest/AuthVariableServicesBBTestConformance.c:258:Status - Unsupported

RT.SetVariable - Set Auth Variable with invalid cert. -- PASS
55AF8FAD-1B12-45AD-B042-A643962F0470
Attributes = Array[10]. /home/weiouy01/code/arm-systemready/IR/Yocto/meta-woden/build/tmp/work/armv8a-oe-linux/ebbr-sct/1.0-r0/edk2-test/SctPkg/TestCase/UEFI/EFI/RuntimeServices/VariableServices/BlackBoxTest/AuthVariableServicesBBTestConformance.c:283:Status - Unsupported

RT.QueryVariableInfo - Query Auth Variable. -- PASS
6D0740FB-388A-491F-B818-9B5CB5170F95
Attributes = Array[10]. /home/weiouy01/code/arm-systemready/IR/Yocto/meta-woden/build/tmp/work/armv8a-oe-linux/ebbr-sct/1.0-r0/edk2-test/SctPkg/TestCase/UEFI/EFI/RuntimeServices/VariableServices/BlackBoxTest/AuthVariableServicesBBTestConformance.c:308:Status - Unsupported


Returned Status Code: Success

AuthVar_Conf: [PASSED]
  Passes........... 34
  Warnings......... 0
  Errors........... 0
------------------------------------------------------------
UEFI 2.6
Revision 0x00010000
Test Entry Point GUID: 28155531-80C5-4AD0-8471-A5E2AECF236C
------------------------------------------------------------
Logfile: "\EFI\BOOT\bbr\SCT\Log\RuntimeServicesTest\VariableServicesTest0\AuthVar_Conf_0_0_28155531-80C5-4AD0-8471-A5E2AECF236C.log"
Test Finished: 01/29/24  08:10a
Elapsed Time: 00 Days 00:00:02

------------------------------------------------------------
  Remaining test cases: 6
  Runtime services test: AuthVar_Func
  Iterations: 1/1
------------------------------------------------------------
Arm ACS Version: SystemReady IR ACS v2.1.0
BBR ACS 1.0.5 (EBBR)
AuthVar_Func
Revision 0x00010000
Test Entry Point GUID: 9338D0EC-807B-4750-986A-8F2A91BB3616
Test Support Library GUIDs: 
  1F9C2AE7-F147-4D19-A5E8-255AD005EB3E
  7FD8C38D-7C5C-42FC-B044-3A834A617476
------------------------------------------------------------
UEFI 2.6
Test Configuration #0
------------------------------------------------------------
Test the function of Auth Variable
------------------------------------------------------------
Logfile: "\EFI\BOOT\bbr\SCT\Log\RuntimeServicesTest\VariableServicesTest0\AuthVar_Func_0_0_9338D0EC-807B-4750-986A-8F2A91BB3616.log"
Test Started: 01/29/24  08:10a
------------------------------------------------------------
RT.SetVariable - Create one Time Base Auth Variable, the expect return status should be EFI_SUCCESS -- FAILURE
008E18A5-C345-48AE-9134-61A692E30B87
/home/weiouy01/code/arm-systemready/IR/Yocto/meta-woden/build/tmp/work/armv8a-oe-linux/ebbr-sct/1.0-r0/edk2-test/SctPkg/TestCase/UEFI/EFI/RuntimeServices/VariableServices/BlackBoxTest/AuthVariableServicesBBTestFunction.c:635:Status - 800000000000001A


Returned Status Code: 800000000000001A

AuthVar_Func: [FAILED]
  Passes........... 0
  Warnings......... 0
  Errors........... 1
------------------------------------------------------------
UEFI 2.6
Revision 0x00010000
Test Entry Point GUID: 9338D0EC-807B-4750-986A-8F2A91BB3616
------------------------------------------------------------
Logfile: "\EFI\BOOT\bbr\SCT\Log\RuntimeServicesTest\VariableServicesTest0\AuthVar_Func_0_0_9338D0EC-807B-4750-986A-8F2A91BB3616.log"
Test Finished: 01/29/24  08:10a
Elapsed Time: 00 Days 00:00:00

------------------------------------------------------------
  Remaining test cases: 5
  Runtime services test: BBSRVariableSizeTest_func
  Iterations: 1/1
------------------------------------------------------------
Arm ACS Version: SystemReady IR ACS v2.1.0
BBR ACS 1.0.5 (EBBR)
BBSRVariableSizeTest_func
Revision 0x00010000
Test Entry Point GUID: 19A9EDCF-EEB9-43E4-86A0-F28734FED429
Test Support Library GUIDs: 
  1F9C2AE7-F147-4D19-A5E8-255AD005EB3E
  7FD8C38D-7C5C-42FC-B044-3A834A617476
------------------------------------------------------------
UEFI 2.6
Test Configuration #0
------------------------------------------------------------
Test that UEFI variable size requirements of BBSR are met.
------------------------------------------------------------
Logfile: "\EFI\BOOT\bbr\SCT\Log\RuntimeServicesTest\BBSRVariableSizeTest0\BBSRVariableSizeTest_func_0_0_19A9EDCF-EEB9-43E4-86A0-F28734FED429.log"
Test Started: 01/29/24  08:11a
------------------------------------------------------------

QueryVariable MaxStorageSize is 131048 MaxVariableSize is 131016

QueryVariable MaxStorageSize is 131048, but must be at least 128KB
RT.SecurityVariableSizeTest - BBSR Variable Size test -- FAILURE
B6DC17CA-71E1-4BD5-9E76-F9A0847D9AE4
/home/weiouy01/code/arm-systemready/IR/Yocto/meta-woden/build/tmp/work/armv8a-oe-linux/ebbr-sct/1.0-r0/edk2-test/SctPkg/TestCase/UEFI/EFI/RuntimeServices/BBSRVariableSizeTest/BlackBoxTest/BBSRVariableSizeBBTestFunction.c:164:

RT.SecurityVariableSizeTest - BBSR Variable Size test -- FAILURE
9B37033F-53AF-4097-AAE3-73FD28D267D5
/home/weiouy01/code/arm-systemready/IR/Yocto/meta-woden/build/tmp/work/armv8a-oe-linux/ebbr-sct/1.0-r0/edk2-test/SctPkg/TestCase/UEFI/EFI/RuntimeServices/BBSRVariableSizeTest/BlackBoxTest/BBSRVariableSizeBBTestFunction.c:191:


Returned Status Code: Success

BBSRVariableSizeTest_func: [FAILED]
  Passes........... 0
  Warnings......... 0
  Errors........... 2
------------------------------------------------------------
UEFI 2.6
Revision 0x00010000
Test Entry Point GUID: 19A9EDCF-EEB9-43E4-86A0-F28734FED429
------------------------------------------------------------
Logfile: "\EFI\BOOT\bbr\SCT\Log\RuntimeServicesTest\BBSRVariableSizeTest0\BBSRVariableSizeTest_func_0_0_19A9EDCF-EEB9-43E4-86A0-F28734FED429.log"
Test Finished: 01/29/24  08:11a
Elapsed Time: 00 Days 00:00:00

------------------------------------------------------------
  Remaining test cases: 4
  Remaining test cases: 3
  Remaining test cases: 2
  Remaining test cases: 1
  Remaining test cases: 0
  Runtime services test: ImageLoading
  Iterations: 1/1
------------------------------------------------------------
Arm ACS Version: SystemReady IR ACS v2.1.0
BBR ACS 1.0.5 (EBBR)
ImageLoading
Revision 0x00010000
Test Entry Point GUID: BA4A8DD9-2D6A-43A6-96CF-7947892B7359
Test Support Library GUIDs: 
  1F9C2AE7-F147-4D19-A5E8-255AD005EB3E
  7FD8C38D-7C5C-42FC-B044-3A834A617476
------------------------------------------------------------
UEFI 2.6
Test Configuration #0
------------------------------------------------------------
Verifies Secure Boot image loading.
------------------------------------------------------------
Logfile: "\EFI\BOOT\bbr\SCT\Log\RuntimeServicesTest\SecureBootTest0\ImageLoading_0_0_BA4A8DD9-2D6A-43A6-96CF-7947892B7359.log"
Test Started: 01/29/24  08:13a
------------------------------------------------------------
Image not authenticated
SecureBoot - Verify load of unsigned image. -- PASS
6C605B08-2AB7-4681-9F2F-74D08D964E35
/home/weiouy01/code/arm-systemready/IR/Yocto/meta-woden/build/tmp/work/armv8a-oe-linux/ebbr-sct/1.0-r0/edk2-test/SctPkg/TestCase/UEFI/EFI/RuntimeServices/SecureBoot/BlackBoxTest/ImageLoadingBBTest.c:558:Status - 800000000000001A

Image not authenticated
SecureBoot - Verify load of signed image, but not in db. -- PASS
34DAA12D-302B-4AFD-9F1F-CB552E5948BE
/home/weiouy01/code/arm-systemready/IR/Yocto/meta-woden/build/tmp/work/armv8a-oe-linux/ebbr-sct/1.0-r0/edk2-test/SctPkg/TestCase/UEFI/EFI/RuntimeServices/SecureBoot/BlackBoxTest/ImageLoadingBBTest.c:598:Status - 800000000000001A

SecureBoot - Verify load of signed image, first signature in list. -- PASS
5E1C06CB-F84A-4B38-8096-2F7B9591BB3A
/home/weiouy01/code/arm-systemready/IR/Yocto/meta-woden/build/tmp/work/armv8a-oe-linux/ebbr-sct/1.0-r0/edk2-test/SctPkg/TestCase/UEFI/EFI/RuntimeServices/SecureBoot/BlackBoxTest/ImageLoadingBBTest.c:635:Status - Success

SecureBoot - Verify load of signed image, second signature in list. -- PASS
85F7E35E-E333-4D44-83F8-03394189F3B2
/home/weiouy01/code/arm-systemready/IR/Yocto/meta-woden/build/tmp/work/armv8a-oe-linux/ebbr-sct/1.0-r0/edk2-test/SctPkg/TestCase/UEFI/EFI/RuntimeServices/SecureBoot/BlackBoxTest/ImageLoadingBBTest.c:672:Status - Success

SecureBoot - Verify load of unsigned image with hash in list. -- PASS
AA8167AE-F03A-4074-B278-D6F1290A86A7
/home/weiouy01/code/arm-systemready/IR/Yocto/meta-woden/build/tmp/work/armv8a-oe-linux/ebbr-sct/1.0-r0/edk2-test/SctPkg/TestCase/UEFI/EFI/RuntimeServices/SecureBoot/BlackBoxTest/ImageLoadingBBTest.c:709:Status - Success

Image not authenticated
SecureBoot - Verify load of signed image with signature in db and revoked in dbx with SHA256 hash. -- PASS
B62A25F4-C24E-4853-9AD1-8B3FC59B29D7
/home/weiouy01/code/arm-systemready/IR/Yocto/meta-woden/build/tmp/work/armv8a-oe-linux/ebbr-sct/1.0-r0/edk2-test/SctPkg/TestCase/UEFI/EFI/RuntimeServices/SecureBoot/BlackBoxTest/ImageLoadingBBTest.c:794:Status - 800000000000001A

Image not authenticated
SecureBoot - Verify load of signed image with signature in db and revoked in dbx with SHA384 hash. -- PASS
54E33072-43D2-4FBF-B44E-1D1CE7F71AD2
/home/weiouy01/code/arm-systemready/IR/Yocto/meta-woden/build/tmp/work/armv8a-oe-linux/ebbr-sct/1.0-r0/edk2-test/SctPkg/TestCase/UEFI/EFI/RuntimeServices/SecureBoot/BlackBoxTest/ImageLoadingBBTest.c:834:Status - 800000000000001A

Image not authenticated
SecureBoot - Verify load of signed image with signature in db and revoked in dbx with SHA512 hash. -- PASS
20A23F21-31F1-4264-A6CB-7DC7E6963C63
/home/weiouy01/code/arm-systemready/IR/Yocto/meta-woden/build/tmp/work/armv8a-oe-linux/ebbr-sct/1.0-r0/edk2-test/SctPkg/TestCase/UEFI/EFI/RuntimeServices/SecureBoot/BlackBoxTest/ImageLoadingBBTest.c:874:Status - 800000000000001A

Image not authenticated
SecureBoot - Verify load of signed image with signature in db and revoked in dbx with certificate. -- PASS
4BB36713-D8E2-405B-8BDA-8612C79291A9
/home/weiouy01/code/arm-systemready/IR/Yocto/meta-woden/build/tmp/work/armv8a-oe-linux/ebbr-sct/1.0-r0/edk2-test/SctPkg/TestCase/UEFI/EFI/RuntimeServices/SecureBoot/BlackBoxTest/ImageLoadingBBTest.c:914:Status - 800000000000001A

Image not authenticated
SecureBoot - Verify load of signed image with signature in db and revoked in dbx with hash of image. -- PASS
3B48371B-C27E-4C19-B999-54537EA4BFED
/home/weiouy01/code/arm-systemready/IR/Yocto/meta-woden/build/tmp/work/armv8a-oe-linux/ebbr-sct/1.0-r0/edk2-test/SctPkg/TestCase/UEFI/EFI/RuntimeServices/SecureBoot/BlackBoxTest/ImageLoadingBBTest.c:954:Status - 800000000000001A

Secure Boot - ImageLoadingTest: EFI Image Execution Info Table not found -- FAILURE
6A8CAA83-B9DA-46C7-98F6-D4969DABDAA0
/home/weiouy01/code/arm-systemready/IR/Yocto/meta-woden/build/tmp/work/armv8a-oe-linux/ebbr-sct/1.0-r0/edk2-test/SctPkg/TestCase/UEFI/EFI/RuntimeServices/SecureBoot/BlackBoxTest/ImageLoadingBBTest.c:1063:Status - Not Found

SecureBootVariableCleanup: Doing cleanup of secure boot variables


Returned Status Code: Success

ImageLoading: [FAILED]
  Passes........... 10
  Warnings......... 0
  Errors........... 1
------------------------------------------------------------
UEFI 2.6
Revision 0x00010000
Test Entry Point GUID: BA4A8DD9-2D6A-43A6-96CF-7947892B7359
------------------------------------------------------------
Logfile: "\EFI\BOOT\bbr\SCT\Log\RuntimeServicesTest\SecureBootTest0\ImageLoading_0_0_BA4A8DD9-2D6A-43A6-96CF-7947892B7359.log"
Test Finished: 01/29/24  08:13a
Elapsed Time: 00 Days 00:00:02

------------------------------------------------------------
Done!
- [ok]
- [ok]
- [ok]
SIE SCT test suite execution is complete. Resetting the system
resetting ...
DDR d5483af87d cym 23/11/23-16:15:24,fwver: v1.15
LPDDR4X, 2112MHz
channel[0] BW=16 Col=10 Bk=8 CS0 Row=16 CS1 Row=16 CS=2 Die BW=16 Size=2048MB
channel[1] BW=16 Col=10 Bk=8 CS0 Row=16 CS1 Row=16 CS=2 Die BW=16 Size=2048MB
channel[2] BW=16 Col=10 Bk=8 CS0 Row=16 CS1 Row=16 CS=2 Die BW=16 Size=2048MB
channel[3] BW=16 Col=10 Bk=8 CS0 Row=16 CS1 Row=16 CS=2 Die BW=16 Size=2048MB
Manufacturer ID:0x1
CH0 RX Vref:27.9%, TX Vref:20.8%,19.8%
CH1 RX Vref:28.5%, TX Vref:21.8%,21.8%
CH2 RX Vref:28.5%, TX Vref:20.8%,20.8%
CH3 RX Vref:28.9%, TX Vref:21.8%,21.8%
change to F1: 528MHz
change to F2: 1068MHz
change to F3: 1560MHz
change to F0: 2112MHz
out
U-Boot SPL board init
U-Boot SPL 2017.09-g82435751526-231214-dirty #zhangzj (Dec 14 2023 - 09:16:28)
unknown raw ID 0 0 0
unrecognized JEDEC id bytes: 00, 00, 00
Trying to boot from MMC2
MMC: no card present
mmc_init: -123, time 1
spl: mmc init failed with error: -123
Trying to boot from MMC1
SPL: A/B-slot: _a, successful: 0, tries-remain: 7
Trying fit image at 0x4000 sector
## Verified-boot: 0
## Checking atf-1 0x00040000 ... sha256(b40ce543bb...) + OK
## Checking u-boot 0x00a00000 ... sha256(cb5ae26d3a...) + OK
## Checking fdt-1 0x00b074e8 ... sha256(103b205aeb...) + OK
## Checking atf-2 0x000f0000 ... sha256(f202de33d9...) + OK
## Checking atf-3 0xff100000 ... sha256(af08976afd...) + OK
## Checking tee-1 0x08400000 ... sha256(617eb0ee15...) + OK
Jumping to U-Boot(0x00a00000) via ARM Trusted Firmware(0x00040000)
Total: 95.16/254.279 ms

INFO:    Preloader serial: 2
NOTICE:  BL31: v2.3():v2.3-616-gdc1125f48:finley.xiao
NOTICE:  BL31: Built : 16:41:17, Jul 13 2023
INFO:    spec: 0x1
INFO:    ext 32k is valid
INFO:    ddr: stride-en 4CH
INFO:    GICv3 without legacy support detected.
INFO:    ARM GICv3 driver initialized in EL3
INFO:    valid_cpu_msk=0xff bcore0_rst = 0x0, bcore1_rst = 0x0
INFO:    system boots from cpu-hwid-0
INFO:    idle_st=0x21fff, pd_st=0x11fff9, repair_st=0xfff70001
ERROR:   dfs get fsp_params[0] error, 0xfead0004 != 0xfead0003
ERROR:   dfs get fsp_params[1] error, 0x1111 != 0xfead0003
ERROR:   dfs get fsp_params[2] error, 0x0 != 0xfead0003
ERROR:   dfs get fsp_params[3] error, 0x60241520 != 0xfead0003
ERROR:   loader&trust unmatch!!! Please update trust if need enable dmc
INFO:    BL31: Initialising Exception Handling Framework
INFO:    BL31: Initializing runtime services
INFO:    BL31: Initializing BL32
I/TC: 
I/TC: OP-TEE version: 3.13.0-760-g540ade275 #zhangzj (gcc version 10.2.1 20201103 (GNU Toolchain for the A-profile Architecture 10.2-2020.11 (arm-10.16))) #3 Tue Dec  5 14:36:05 CST 2023 aarch64, fwver: null 
I/TC: OP-TEE memory: TEEOS 0x200000 TA 0xc00000 SHM 0x200000
I/TC: Primary CPU initializing
I/TC: Primary CPU switching to normal world boot
INFO:    BL31: Preparing for EL3 exit to normal world
INFO:    Entry point address = 0xa00000
INFO:    SPSR = 0x3c9


U-Boot 2024.01-rc5-g0d61caad65-dirty (Jan 29 2024 - 16:09:07 +0800)

Model: Rockchip Toybrick RK3588 X0 Board
DRAM:  8 GiB (effective 7.7 GiB)
Core:  332 devices, 29 uclasses, devicetree: separate
MMC:   mmc@fe2e0000: 0
Loading Environment from MMC... OK
In:    serial@feb50000
Out:   serial@feb50000
Err:   serial@feb50000
Model: Rockchip Toybrick RK3588 X0 Board
Net:   eth0: ethernet@fe1b0000
Hit any key to stop autoboot:  2  1  0 
Scanning for bootflows in all bootdevs
Seq  Method       State   Uclass    Part  Name                      Filename
---  -----------  ------  --------  ----  ------------------------  ----------------
Scanning global bootmeth 'efi_mgr':
Bus usb@fc800000: USB EHCI 1.00
Bus usb@fc840000: USB OHCI 1.0
Bus usb@fc880000: USB EHCI 1.00
Bus usb@fc8c0000: USB OHCI 1.0
scanning bus usb@fc800000 for devices... 1 USB Device(s) found
scanning bus usb@fc840000 for devices... 1 USB Device(s) found
scanning bus usb@fc880000 for devices... 2 USB Device(s) found
scanning bus usb@fc8c0000 for devices... 1 USB Device(s) found
Scanning bootdev 'usb_mass_storage.lun0.bootdev':
  0  efi          ready   usb_mass_    1  usb_mass_storage.lun0.boo efi/boot/bootaa64.efi
** Booting bootflow 'usb_mass_storage.lun0.bootdev.part_1' with efi
Booting /efi\boot\bootaa64.efi
Welcome to GRUB!

ethernet@fe1b0000 Waiting for PHY auto negotiation to complete........ done
error: no such device: ((hd1,gpt1)/efi/boot)/EFI/BOOT/grub.cfg.
error: serial port `com0' isn't found.
GNU GRUB  version 2.06

ввввввввввввввввввввввввввввввввввввввввввввввввввввввввввввввввввввв”Ђвввввввввввввввввввввввввввввввввввввв”Ђввввввввввввввввввввввввввввввввввввввввввввввввввввввввввввввввввввввввввввввввввввввввввввввввв”Ђвввввввввввввввввввввввввввввввввввввввввв”Ђвввввввввввввввввввввввввввввввввввввввввввввввввввввввв     Use the в and в keys to select which entry is highlighted.                                                              
      Press enter to boot the selected OS, `e' to edit the commands before booting or `c' for a command-line.                   Linux Boot                                                                                                                     *bbr/bsa                                                                                                                         SCT for Security Interface Extension (optional)                                                                                 Linux Boot for Security Interface Extension (optional)                                                                                                                                                                                                                                                                                                                                                                                                                                                                                                                                                                                                                                                                                                                                                                                                                                                                                                                                                                                                                                                                                                                                                                                                                                                                                                                                                                                                                                                                                                                                                                                                                                                                                                                                                                                                                                                                                                                                                                                                                                                                                                                                                                                                                                                                                                                                             The highlighted entry will be executed automatically in 10s.                                                                       The highlighted entry will be executed automatically in 9s.                                                                        The highlighted entry will be executed automatically in 8s.                                                                        The highlighted entry will be executed automatically in 7s.                                                                        The highlighted entry will be executed automatically in 6s.                                                                        The highlighted entry will be executed automatically in 5s.                                                                        The highlighted entry will be executed automatically in 4s.                                                                        The highlighted entry will be executed automatically in 3s.                                                                        The highlighted entry will be executed automatically in 2s.                                                                        The highlighted entry will be executed automatically in 1s.                                                                        The highlighted entry will be executed automatically in 0s.                                                                       Booting `bbr/bsa'

/EndEntire
file path: /HardwareVendor(e61d73b9-a384-4acc-aeab-82e828f3628b)[8: 00 00 00 00 00 00 00 00 ]
/HardwareVendor(e61d73b9-a384-4acc-aeab-82e828f3628b)[8: 7d 00 00 00 02 00 00 00 ]/USB(0,0)/USB(1,0)/Ctrl(0)
/HD(1,800,4b000,a240dc94887b2944,2,2)/File(\EFI\BOOT)/File(Shell.efi)/EndEntire
UEFI Interactive Shell v2.2
EDK II
UEFI v2.100 (Das U-Boot, 0x20240100)
Mapping table
      FS0: Alias(s):HD0d:;BLK3:
          /VenHw(e61d73b9-a384-4acc-aeab-82e828f3628b,0000000000000000)/eMMC(0)/eMMC(0)/HD(3,GPT,7a3f0000-0000-446a-8000-702f00006273,0x8000,0x20000)
      FS1: Alias(s):HD0f:;BLK5:
          /VenHw(e61d73b9-a384-4acc-aeab-82e828f3628b,0000000000000000)/eMMC(0)/eMMC(0)/HD(5,GPT,dc11277f-eb7f-42d9-8027-a83b14220e50,0x68000,0x10000)
      FS2: Alias(s):HD0g:;BLK6:
          /VenHw(e61d73b9-a384-4acc-aeab-82e828f3628b,0000000000000000)/eMMC(0)/eMMC(0)/HD(6,GPT,614e0000-0000-4b53-8000-1d28000054a9,0x78000,0x1c00000)
      FS3: Alias(s):HD0h:;BLK7:
          /VenHw(e61d73b9-a384-4acc-aeab-82e828f3628b,0000000000000000)/eMMC(0)/eMMC(0)/HD(7,GPT,a26ad83c-802b-4321-ac9b-b7d356d112af,0x1c78000,0x40000)
      FS4: Alias(s):HD0i:;BLK8:
          /VenHw(e61d73b9-a384-4acc-aeab-82e828f3628b,0000000000000000)/eMMC(0)/eMMC(0)/HD(8,GPT,c0efcbc8-eb10-4a95-9656-2b0fcfcb22bc,0x1cb8000,0x1d91fdf)
      FS5: Alias(s):BLK10:
          /VenHw(e61d73b9-a384-4acc-aeab-82e828f3628b,0000000000000000)/VenHw(e61d73b9-a384-4acc-aeab-82e828f3628b,7d00000002000000)/USB(0x0,0x0)/USB(0x1,0x0)/Ctrl(0x0)/HD(1,GPT,94dc40a2-7b88-4429-819d-f4da367e6c42,0x800,0x4b000)
      FS6: Alias(s):BLK11:
          /VenHw(e61d73b9-a384-4acc-aeab-82e828f3628b,0000000000000000)/VenHw(e61d73b9-a384-4acc-aeab-82e828f3628b,7d00000002000000)/USB(0x0,0x0)/USB(0x1,0x0)/Ctrl(0x0)/HD(2,GPT,044b5400-c708-4e5b-9409-af07f4fdb753,0x4b800,0x10125a)
     BLK0: Alias(s):
          /VenHw(e61d73b9-a384-4acc-aeab-82e828f3628b,0000000000000000)/eMMC(0)/eMMC(0)
     BLK1: Alias(s):
          /VenHw(e61d73b9-a384-4acc-aeab-82e828f3628b,0000000000000000)/eMMC(0)/eMMC(0)/HD(1,GPT,5a30833f-8c43-47b1-a41d-84d40883d0c6,0x4000,0x2000)
     BLK2: Alias(s):
          /VenHw(e61d73b9-a384-4acc-aeab-82e828f3628b,0000000000000000)/eMMC(0)/eMMC(0)/HD(2,GPT,67ad7741-4638-47c6-a488-d396583e582a,0x6000,0x2000)
     BLK4: Alias(s):
          /VenHw(e61d73b9-a384-4acc-aeab-82e828f3628b,0000000000000000)/eMMC(0)/eMMC(0)/HD(4,GPT,e582484a-9010-404a-899d-47bd16ba3fa8,0x28000,0x40000)
     BLK9: Alias(s):
          /VenHw(e61d73b9-a384-4acc-aeab-82e828f3628b,0000000000000000)/VenHw(e61d73b9-a384-4acc-aeab-82e828f3628b,7d00000002000000)/USB(0x0,0x0)/USB(0x1,0x0)/Ctrl(0x0)
Press ESC in 5 seconds to skip startup.nsh or any other key to continue.Press ESC in 4 seconds to skip startup.nsh or any other key to continue.Press ESC in 3 seconds to skip startup.nsh or any other key to continue.Press ESC in 2 seconds to skip startup.nsh or any other key to continue.Press ESC in 1 seconds to skip startup.nsh or any other key to continue.
Shell> echo -off
Press any key to stop the EFI SCT running
Press any key within 5 seconds Press any key within 4 seconds Press any key within 3 seconds Press any key within 2 seconds Press any key within 1 seconds SCT has completed run. Press any key to start SCT execution from the beginning. WARNING: Ensure you have backed up the existing logs.
Press any key within 5 seconds Press any key within 4 seconds Press any key within 3 seconds Press any key within 2 seconds Press any key within 1 seconds DDR d5483af87d cym 23/11/23-16:15:24,fwver: v1.15
LPDDR4X, 2112MHz
channel[0] BW=16 Col=10 Bk=8 CS0 Row=16 CS1 Row=16 CS=2 Die BW=16 Size=2048MB
channel[1] BW=16 Col=10 Bk=8 CS0 Row=16 CS1 Row=16 CS=2 Die BW=16 Size=2048MB
channel[2] BW=16 Col=10 Bk=8 CS0 Row=16 CS1 Row=16 CS=2 Die BW=16 Size=2048MB
channel[3] BW=16 Col=10 Bk=8 CS0 Row=16 CS1 Row=16 CS=2 Die BW=16 Size=2048MB
Manufacturer ID:0x1
CH0 RX Vref:27.9%, TX Vref:20.8%,19.8%
CH1 RX Vref:28.5%, TX Vref:21.8%,21.8%
CH2 RX Vref:28.9%, TX Vref:20.8%,20.8%
CH3 RX Vref:29.3%, TX Vref:20.8%,21.8%
change to F1: 528MHz
change to F2: 1068MHz
change to F3: 1560MHz
change to F0: 2112MHz
out
U-Boot SPL board init
U-Boot SPL 2017.09-g82435751526-231214-dirty #zhangzj (Dec 14 2023 - 09:16:28)
unknown raw ID 0 0 0
unrecognized JEDEC id bytes: 00, 00, 00
Trying to boot from MMC2
MMC: no card present
mmc_init: -123, time 1
spl: mmc init failed with error: -123
Trying to boot from MMC1
SPL: A/B-slot: _a, successful: 0, tries-remain: 7
Trying fit image at 0x4000 sector
## Verified-boot: 0
## Checking atf-1 0x00040000 ... sha256(b40ce543bb...) + OK
## Checking u-boot 0x00a00000 ... sha256(cb5ae26d3a...) + OK
## Checking fdt-1 0x00b074e8 ... sha256(103b205aeb...) + OK
## Checking atf-2 0x000f0000 ... sha256(f202de33d9...) + OK
## Checking atf-3 0xff100000 ... sha256(af08976afd...) + OK
## Checking tee-1 0x08400000 ... sha256(617eb0ee15...) + OK
Jumping to U-Boot(0x00a00000) via ARM Trusted Firmware(0x00040000)
Total: 95.25/255.168 ms

INFO:    Preloader serial: 2
NOTICE:  BL31: v2.3():v2.3-616-gdc1125f48:finley.xiao
NOTICE:  BL31: Built : 16:41:17, Jul 13 2023
INFO:    spec: 0x1
INFO:    ext 32k is valid
INFO:    ddr: stride-en 4CH
INFO:    GICv3 without legacy support detected.
INFO:    ARM GICv3 driver initialized in EL3
INFO:    valid_cpu_msk=0xff bcore0_rst = 0x0, bcore1_rst = 0x0
INFO:    system boots from cpu-hwid-0
INFO:    idle_st=0x21fff, pd_st=0x11fff9, repair_st=0xfff70001
ERROR:   dfs get fsp_params[0] error, 0xfead0004 != 0xfead0003
ERROR:   dfs get fsp_params[1] error, 0x1111 != 0xfead0003
ERROR:   dfs get fsp_params[2] error, 0x0 != 0xfead0003
ERROR:   dfs get fsp_params[3] error, 0x60241520 != 0xfead0003
ERROR:   loader&trust unmatch!!! Please update trust if need enable dmc
INFO:    BL31: Initialising Exception Handling Framework
INFO:    BL31: Initializing runtime services
INFO:    BL31: Initializing BL32
I/TC: 
I/TC: OP-TEE version: 3.13.0-760-g540ade275 #zhangzj (gcc version 10.2.1 20201103 (GNU Toolchain for the A-profile Architecture 10.2-2020.11 (arm-10.16))) #3 Tue Dec  5 14:36:05 CST 2023 aarch64, fwver: null 
I/TC: OP-TEE memory: TEEOS 0x200000 TA 0xc00000 SHM 0x200000
I/TC: Primary CPU initializing
I/TC: Primary CPU switching to normal world boot
INFO:    BL31: Preparing for EL3 exit to normal world
INFO:    Entry point address = 0xa00000
INFO:    SPSR = 0x3c9


U-Boot 2024.01-rc5-g0d61caad65-dirty (Jan 29 2024 - 16:09:07 +0800)

Model: Rockchip Toybrick RK3588 X0 Board
DRAM:  8 GiB (effective 7.7 GiB)
Core:  332 devices, 29 uclasses, devicetree: separate
MMC:   mmc@fe2e0000: 0
Loading Environment from MMC... OK
In:    serial@feb50000
Out:   serial@feb50000
Err:   serial@feb50000
Model: Rockchip Toybrick RK3588 X0 Board
Net:   eth0: ethernet@fe1b0000
Hit any key to stop autoboot:  2  0
=> 
=> 
=> 
=> 
=> usb start
starting USB...
Bus usb@fc800000: USB EHCI 1.00
Bus usb@fc840000: USB OHCI 1.0
Bus usb@fc880000: USB EHCI 1.00
Bus usb@fc8c0000: USB OHCI 1.0
scanning bus usb@fc800000 for devices... 1 USB Device(s) found
scanning bus usb@fc840000 for devices... 1 USB Device(s) found
scanning bus usb@fc880000 for devices... 2 USB Device(s) found
scanning bus usb@fc8c0000 for devices... 1 USB Device(s) found
       scanning usb for storage devices... 1 Storage Device(s) found
=> fatload usb 0:1 ${loadaddr} security-interface-extension-keys/TestPK1.auth
2024 bytes read in 8 ms (247.1 KiB/s)
=> setenv -e -nv -bs -rt -at -i ${loadaddr}:$filesize PK
=> fatload usb 0:1 ${loadaddr} security-interface-extension-keys/TestKEK1.auth
2026 bytes read in 7 ms (282.2 KiB/s)
=> setenv -e -nv -bs -rt -at -i ${loadaddr}:$filesize KEK
=> fatload usb 0:1 ${loadaddr} security-interface-extension-keys/TestDB1.auth
2027 bytes read in 7 ms (282.2 KiB/s)
=> setenv -e -nv -bs -rt -at -i ${loadaddr}:$filesize db
=> fatload usb 0:1 ${loadaddr} security-interface-extension-keys/TestDBX1.auth
2027 bytes read in 7 ms (282.2 KiB/s)
=> setenv -e -nv -bs -rt -at -i ${loadaddr}:$filesize dbx
=> boot
Scanning for bootflows in all bootdevs
Seq  Method       State   Uclass    Part  Name                      Filename
---  -----------  ------  --------  ----  ------------------------  ----------------
Scanning global bootmeth 'efi_mgr':
Scanning bootdev 'usb_mass_storage.lun0.bootdev':
  0  efi          ready   usb_mass_    1  usb_mass_storage.lun0.boo efi/boot/bootaa64.efi
** Booting bootflow 'usb_mass_storage.lun0.bootdev.part_1' with efi
Booting /efi\boot\bootaa64.efi
Welcome to GRUB!

ethernet@fe1b0000 Waiting for PHY auto negotiation to complete........ done
error: no such device: ((hd1,gpt1)/efi/boot)/EFI/BOOT/grub.cfg.
error: serial port `com0' isn't found.
GNU GRUB  version 2.06

вввввввввввввв”Ђвввввввввввввввввввввввввввввввввввввввввв”Ђвввввввввввввввввввввввввввввввввввввввввввввввввввввввввввввввввввввввввввв”‚ввввввввввввввввввввввввввввввввввввввввввввввввввввввввввв”Ђввввввввввввввввввввввввввввввввввввввввввввввввввввввввввввввввввввввввввввввввввввв”Ђвввввввввввввввввввввввввв     Use the в and в keys to select which entry is highlighted.                                                              
      Press enter to boot the selected OS, `e' to edit the commands before booting or `c' for a command-line.                   Linux Boot                                                                                                                     *bbr/bsa                                                                                                                         SCT for Security Interface Extension (optional)                                                                                 Linux Boot for Security Interface Extension (optional)                                                                                                                                                                                                                                                                                                                                                                                                                                                                                                                                                                                                                                                                                                                                                                                                                                                                                                                                                                                                                                                                                                                                                                                                                                                                                                                                                                                                                                                                                                                                                                                                                                                                                                                                                                                                                                                                                                                                                                                                                                                                                                                                                                                                                                                                                                                                             The highlighted entry will be executed automatically in 10s.                                                                                                                                                                                                                                                                                                                                           bbr/bsa                                                                                                                        *SCT for Security Interface Extension (optional)                                                                                 SCT for Security Interface Extension (optional)                                                                                *Linux Boot for Security Interface Extension (optional)                                                                         EFI stub: Booting Linux Kernel...
EFI stub: ACS:acsforcevamap is 0
EFI stub: ACS:efi_novamap is 1
EFI stub: UEFI Secure Boot is enabled.
EFI stub: Using DTB from configuration table
EFI stub: Exiting boot services...
I/TC: Secondary CPU 1 initializing
I/TC: Secondary CPU 1 switching to normal world boot
I/TC: Secondary CPU 2 initializing
I/TC: Secondary CPU 2 switching to normal world boot
I/TC: Secondary CPU 3 initializing
I/TC: Secondary CPU 3 switching to normal world boot
I/TC: Secondary CPU 4 initializing
I/TC: Secondary CPU 4 switching to normal world boot
I/TC: Secondary CPU 5 initializing
I/TC: Secondary CPU 5 switching to normal world boot
I/TC: Secondary CPU 6 initializing
I/TC: Secondary CPU 6 switching to normal world boot
I/TC: Secondary CPU 7 initializing
I/TC: Secondary CPU 7 switching to normal world boot
[    0.000000] Booting Linux on physical CPU 0x0000000000 [0x412fd050]
[    0.000000] Linux version 6.4.0-yocto-standard+ (oe-user@oe-host) (aarch64-oe-linux-gcc (GCC) 12.3.0, GNU ld (GNU Binutils) 2.40.0.20230703) #1 SMP PREEMPT Sun Jun 25 23:29:58 UTC 2023
[    0.000000] Machine model: Rockchip Toybrick RK3588 X0 Board
[    0.000000] efi: EFI v2.10 by Das U-Boot
[    0.000000] efi: ESRT=0xece6e040 RTPROP=0xece70040 SMBIOS=0xece9d000 RNG=0xaed58040 MEMRESERVE=0xaed57040 
[    0.000000] random: crng init done
[    0.000000] esrt: Reserving ESRT space from 0x00000000ece6e040 to 0x00000000ece6e078.
[    0.000000] OF: reserved mem: 0x0000000008400000..0x00000000093fffff (16384 KiB) nomap non-reusable optee@8400000
[    0.000000] OF: reserved mem: 0x00000003fc000000..0x00000003fc4fffff (5120 KiB) nomap non-reusable gap1@3,fc000000
[    0.000000] OF: reserved mem: 0x00000003fff00000..0x00000003ffffffff (1024 KiB) nomap non-reusable gap2@3,fff00000
[    0.000000] NUMA: No NUMA configuration found
[    0.000000] NUMA: Faking a node at [mem 0x0000000000200000-0x00000001ffffffff]
[    0.000000] NUMA: NODE_DATA [mem 0x1fee069c0-0x1fee08fff]
[    0.000000] Zone ranges:
[    0.000000]   DMA      [mem 0x0000000000200000-0x00000000ffffffff]
[    0.000000]   DMA32    empty
[    0.000000]   Normal   [mem 0x0000000100000000-0x00000001ffffffff]
[    0.000000] Movable zone start for each node
[    0.000000] Early memory node ranges
[    0.000000]   node   0: [mem 0x0000000000200000-0x0000000000b06fff]
[    0.000000]   node   0: [mem 0x0000000000b07000-0x0000000000b21fff]
[    0.000000]   node   0: [mem 0x0000000000b22000-0x00000000083fffff]
[    0.000000]   node   0: [mem 0x0000000008400000-0x00000000093fffff]
[    0.000000]   node   0: [mem 0x0000000009400000-0x00000000ece6ffff]
[    0.000000]   node   0: [mem 0x00000000ece70000-0x00000000ece70fff]
[    0.000000]   node   0: [mem 0x00000000ece71000-0x00000000ece73fff]
[    0.000000]   node   0: [mem 0x00000000ece74000-0x00000000ece75fff]
[    0.000000]   node   0: [mem 0x00000000ece76000-0x00000000ece76fff]
[    0.000000]   node   0: [mem 0x00000000ece77000-0x00000000ece96fff]
[    0.000000]   node   0: [mem 0x00000000ece97000-0x00000000ece9cfff]
[    0.000000]   node   0: [mem 0x00000000ece9d000-0x00000000ece9dfff]
[    0.000000]   node   0: [mem 0x00000000ece9e000-0x00000000efecffff]
[    0.000000]   node   0: [mem 0x00000000efed0000-0x00000000efedffff]
[    0.000000]   node   0: [mem 0x00000000efee0000-0x00000000efffffff]
[    0.000000]   node   0: [mem 0x0000000100000000-0x00000001ffffffff]
[    0.000000] Initmem setup node 0 [mem 0x0000000000200000-0x00000001ffffffff]
[    0.000000] On node 0, zone DMA: 512 pages in unavailable ranges
[    0.000000] cma: Reserved 32 MiB at 0x00000000ede00000
[    0.000000] psci: probing for conduit method from DT.
[    0.000000] psci: PSCIv1.1 detected in firmware.
[    0.000000] psci: Using standard PSCI v0.2 function IDs
[    0.000000] psci: Trusted OS migration not required
[    0.000000] psci: SMC Calling Convention v1.2
[    0.000000] percpu: Embedded 31 pages/cpu s87592 r8192 d31192 u126976
[    0.000000] Detected VIPT I-cache on CPU0
[    0.000000] CPU features: detected: GIC system register CPU interface
[    0.000000] CPU features: detected: Virtualization Host Extensions
[    0.000000] CPU features: kernel page table isolation forced ON by KASLR
[    0.000000] CPU features: detected: Kernel page table isolation (KPTI)
[    0.000000] CPU features: detected: Qualcomm erratum 1009, or ARM erratum 1286807, 2441009
[    0.000000] CPU features: detected: ARM errata 1165522, 1319367, or 1530923
[    0.000000] alternatives: applying boot alternatives
[    0.000000] Kernel command line: BOOT_IMAGE=/Image root=PARTUUID=044b5400-c708-4e5b-9409-af07f4fdb753 rootwait rootfstype=ext4 secureboot
[    0.000000] Unknown kernel command line parameters "secureboot BOOT_IMAGE=/Image", will be passed to user space.
[    0.000000] Dentry cache hash table entries: 1048576 (order: 11, 8388608 bytes, linear)
[    0.000000] Inode-cache hash table entries: 524288 (order: 10, 4194304 bytes, linear)
[    0.000000] Fallback order for Node 0: 0 
[    0.000000] Built 1 zonelists, mobility grouping on.  Total pages: 1999368
[    0.000000] Policy zone: Normal
[    0.000000] mem auto-init: stack:all(zero), heap alloc:off, heap free:off
[    0.000000] software IO TLB: area num 8.
[    0.000000] software IO TLB: mapped [mem 0x00000000e8e4a000-0x00000000ece4a000] (64MB)
[    0.000000] Memory: 7798312K/8124416K available (22336K kernel code, 5554K rwdata, 9652K rodata, 12608K init, 952K bss, 293336K reserved, 32768K cma-reserved)
[    0.000000] SLUB: HWalign=64, Order=0-3, MinObjects=0, CPUs=8, Nodes=1
[    0.000000] ftrace: allocating 71191 entries in 279 pages
[    0.000000] ftrace: allocated 279 pages with 5 groups
[    0.000000] trace event string verifier disabled
[    0.000000] rcu: Preemptible hierarchical RCU implementation.
[    0.000000] rcu: 	RCU restricting CPUs from NR_CPUS=256 to nr_cpu_ids=8.
[    0.000000] 	Trampoline variant of Tasks RCU enabled.
[    0.000000] 	Rude variant of Tasks RCU enabled.
[    0.000000] 	Tracing variant of Tasks RCU enabled.
[    0.000000] rcu: RCU calculated value of scheduler-enlistment delay is 25 jiffies.
[    0.000000] rcu: Adjusting geometry for rcu_fanout_leaf=16, nr_cpu_ids=8
[    0.000000] NR_IRQS: 64, nr_irqs: 64, preallocated irqs: 0
[    0.000000] GICv3: GIC: Using split EOI/Deactivate mode
[    0.000000] GICv3: 480 SPIs implemented
[    0.000000] GICv3: 0 Extended SPIs implemented
[    0.000000] GICv3: MBI range [424:479]
[    0.000000] GICv3: Using MBI frame 0x00000000fe610000
[    0.000000] Root IRQ handler: gic_handle_irq
[    0.000000] GICv3: GICv3 features: 16 PPIs
[    0.000000] GICv3: CPU0: found redistributor 0 region 0:0x00000000fe680000
[    0.000000] ITS [mem 0xfe640000-0xfe65ffff]
[    0.000000] GIC: enabling workaround for ITS: Rockchip erratum RK3588001
[    0.000000] ITS@0x00000000fe640000: allocated 8192 Devices @100250000 (indirect, esz 8, psz 64K, shr 0)
[    0.000000] ITS@0x00000000fe640000: allocated 32768 Interrupt Collections @100260000 (flat, esz 2, psz 64K, shr 0)
[    0.000000] ITS: using cache flushing for cmd queue
[    0.000000] ITS [mem 0xfe660000-0xfe67ffff]
[    0.000000] GIC: enabling workaround for ITS: Rockchip erratum RK3588001
[    0.000000] ITS@0x00000000fe660000: allocated 8192 Devices @100280000 (indirect, esz 8, psz 64K, shr 0)
[    0.000000] ITS@0x00000000fe660000: allocated 32768 Interrupt Collections @100290000 (flat, esz 2, psz 64K, shr 0)
[    0.000000] ITS: using cache flushing for cmd queue
[    0.000000] GICv3: using LPI property table @0x00000001002a0000
[    0.000000] GIC: using cache flushing for LPI property table
[    0.000000] GICv3: CPU0: using allocated LPI pending table @0x00000001002b0000
[    0.000000] GICv3: GIC: PPI partition interrupt-partition-0[0] { /cpus/cpu@0[0] /cpus/cpu@100[1] /cpus/cpu@200[2] /cpus/cpu@300[3] }
[    0.000000] GICv3: GIC: PPI partition interrupt-partition-1[1] { /cpus/cpu@400[4] /cpus/cpu@500[5] /cpus/cpu@600[6] /cpus/cpu@700[7] }
[    0.000000] rcu: srcu_init: Setting srcu_struct sizes based on contention.
[    0.000000] arch_timer: cp15 timer(s) running at 24.00MHz (phys).
[    0.000000] clocksource: arch_sys_counter: mask: 0xffffffffffffff max_cycles: 0x588fe9dc0, max_idle_ns: 440795202592 ns
[    0.000000] sched_clock: 56 bits at 24MHz, resolution 41ns, wraps every 4398046511097ns
[    0.003722] kfence: initialized - using 2097152 bytes for 255 objects at 0x(____ptrval____)-0x(____ptrval____)
[    0.003938] Console: colour dummy device 80x25
[    0.003951] printk: console [tty0] enabled
[    0.005269] Calibrating delay loop (skipped), value calculated using timer frequency.. 48.00 BogoMIPS (lpj=96000)
[    0.005304] pid_max: default: 32768 minimum: 301
[    0.005403] LSM: initializing lsm=capability,landlock,integrity
[    0.005462] landlock: Up and running.
[    0.005559] Mount-cache hash table entries: 16384 (order: 5, 131072 bytes, linear)
[    0.005606] Mountpoint-cache hash table entries: 16384 (order: 5, 131072 bytes, linear)
[    0.007916] cblist_init_generic: Setting adjustable number of callback queues.
[    0.007953] cblist_init_generic: Setting shift to 3 and lim to 1.
[    0.008090] cblist_init_generic: Setting shift to 3 and lim to 1.
[    0.008197] cblist_init_generic: Setting shift to 3 and lim to 1.
[    0.008418] rcu: Hierarchical SRCU implementation.
[    0.008440] rcu: 	Max phase no-delay instances is 1000.
[    0.009214] Platform MSI: msi-controller@fe640000 domain created
[    0.009253] Platform MSI: msi-controller@fe660000 domain created
[    0.009478] PCI/MSI: /interrupt-controller@fe600000/msi-controller@fe640000 domain created
[    0.009526] PCI/MSI: /interrupt-controller@fe600000/msi-controller@fe660000 domain created
[    0.009760] fsl-mc MSI: msi-controller@fe640000 domain created
[    0.009796] fsl-mc MSI: msi-controller@fe660000 domain created
[    0.015652] Remapping and enabling EFI services.
[    0.016103] smp: Bringing up secondary CPUs ...
[    0.017383] Detected VIPT I-cache on CPU1
[    0.017453] GICv3: CPU1: found redistributor 100 region 0:0x00000000fe6a0000
[    0.017469] GICv3: CPU1: using allocated LPI pending table @0x00000001002c0000
[    0.017516] CPU1: Booted secondary processor 0x0000000100 [0x412fd050]
[    0.018914] Detected VIPT I-cache on CPU2
[    0.018983] GICv3: CPU2: found redistributor 200 region 0:0x00000000fe6c0000
[    0.018998] GICv3: CPU2: using allocated LPI pending table @0x00000001002d0000
[    0.019043] CPU2: Booted secondary processor 0x0000000200 [0x412fd050]
[    0.020407] Detected VIPT I-cache on CPU3
[    0.020472] GICv3: CPU3: found redistributor 300 region 0:0x00000000fe6e0000
[    0.020486] GICv3: CPU3: using allocated LPI pending table @0x00000001002e0000
[    0.020528] CPU3: Booted secondary processor 0x0000000300 [0x412fd050]
[    0.021895] CPU features: detected: Spectre-v4
[    0.021901] CPU features: detected: Spectre-BHB
[    0.021906] Detected PIPT I-cache on CPU4
[    0.021949] GICv3: CPU4: found redistributor 400 region 0:0x00000000fe700000
[    0.021959] GICv3: CPU4: using allocated LPI pending table @0x00000001002f0000
[    0.021986] CPU4: Booted secondary processor 0x0000000400 [0x414fd0b0]
[    0.023291] Detected PIPT I-cache on CPU5
[    0.023343] GICv3: CPU5: found redistributor 500 region 0:0x00000000fe720000
[    0.023352] GICv3: CPU5: using allocated LPI pending table @0x0000000100300000
[    0.023380] CPU5: Booted secondary processor 0x0000000500 [0x414fd0b0]
[    0.024642] Detected PIPT I-cache on CPU6
[    0.024691] GICv3: CPU6: found redistributor 600 region 0:0x00000000fe740000
[    0.024700] GICv3: CPU6: using allocated LPI pending table @0x0000000100310000
[    0.024727] CPU6: Booted secondary processor 0x0000000600 [0x414fd0b0]
[    0.026063] Detected PIPT I-cache on CPU7
[    0.026112] GICv3: CPU7: found redistributor 700 region 0:0x00000000fe760000
[    0.026121] GICv3: CPU7: using allocated LPI pending table @0x0000000100320000
[    0.026149] CPU7: Booted secondary processor 0x0000000700 [0x414fd0b0]
[    0.026239] smp: Brought up 1 node, 8 CPUs
[    0.026606] SMP: Total of 8 processors activated.
[    0.026623] CPU features: detected: 32-bit EL0 Support
[    0.026639] CPU features: detected: Data cache clean to the PoU not required for I/D coherence
[    0.026660] CPU features: detected: Common not Private translations
[    0.026676] CPU features: detected: CRC32 instructions
[    0.026694] CPU features: detected: RCpc load-acquire (LDAPR)
[    0.026710] CPU features: detected: LSE atomic instructions
[    0.026726] CPU features: detected: Privileged Access Never
[    0.026741] CPU features: detected: RAS Extension Support
[    0.026758] CPU features: detected: Speculative Store Bypassing Safe (SSBS)
[    0.026937] CPU: All CPU(s) started at EL2
[    0.026956] alternatives: applying system-wide alternatives
[    0.034118] devtmpfs: initialized
[    0.041757] clocksource: jiffies: mask: 0xffffffff max_cycles: 0xffffffff, max_idle_ns: 7645041785100000 ns
[    0.041777] futex hash table entries: 2048 (order: 5, 131072 bytes, linear)
[    0.042118] pinctrl core: initialized pinctrl subsystem
[    0.043733] SMBIOS 3.0 present.
[    0.043750] DMI: Unknown Unknown Product/Unknown Product, BIOS 2024.01-rc5-g0d61caad65-dirty 01/01/2024
[    0.044076] NET: Registered PF_NETLINK/PF_ROUTE protocol family
[    0.044694] DMA: preallocated 1024 KiB GFP_KERNEL pool for atomic allocations
[    0.044917] DMA: preallocated 1024 KiB GFP_KERNEL|GFP_DMA pool for atomic allocations
[    0.045076] DMA: preallocated 1024 KiB GFP_KERNEL|GFP_DMA32 pool for atomic allocations
[    0.046110] thermal_sys: Registered thermal governor 'step_wise'
[    0.046114] thermal_sys: Registered thermal governor 'power_allocator'
[    0.046148] cpuidle: using governor menu
[    0.046253] hw-breakpoint: found 6 breakpoint and 4 watchpoint registers.
[    0.046384] ASID allocator initialised with 32768 entries
[    0.047581] Serial: AMBA PL011 UART driver
[    0.064367] gpio gpiochip0: Static allocation of GPIO base is deprecated, use dynamic allocation.
[    0.064567] rockchip-gpio fd8a0000.gpio: probed /pinctrl/gpio@fd8a0000
[    0.064723] gpio gpiochip1: Static allocation of GPIO base is deprecated, use dynamic allocation.
[    0.064817] rockchip-gpio fec20000.gpio: probed /pinctrl/gpio@fec20000
[    0.064960] gpio gpiochip2: Static allocation of GPIO base is deprecated, use dynamic allocation.
[    0.065049] rockchip-gpio fec30000.gpio: probed /pinctrl/gpio@fec30000
[    0.065187] gpio gpiochip3: Static allocation of GPIO base is deprecated, use dynamic allocation.
[    0.065275] rockchip-gpio fec40000.gpio: probed /pinctrl/gpio@fec40000
[    0.065436] gpio gpiochip4: Static allocation of GPIO base is deprecated, use dynamic allocation.
[    0.065522] rockchip-gpio fec50000.gpio: probed /pinctrl/gpio@fec50000
[    0.070024] KASLR enabled
[    0.070480] HugeTLB: registered 1.00 GiB page size, pre-allocated 0 pages
[    0.070490] HugeTLB: 0 KiB vmemmap can be freed for a 1.00 GiB page
[    0.070498] HugeTLB: registered 32.0 MiB page size, pre-allocated 0 pages
[    0.070505] HugeTLB: 0 KiB vmemmap can be freed for a 32.0 MiB page
[    0.070512] HugeTLB: registered 2.00 MiB page size, pre-allocated 0 pages
[    0.070519] HugeTLB: 0 KiB vmemmap can be freed for a 2.00 MiB page
[    0.070526] HugeTLB: registered 64.0 KiB page size, pre-allocated 0 pages
[    0.070532] HugeTLB: 0 KiB vmemmap can be freed for a 64.0 KiB page
[    0.135799] raid6: neonx8   gen()  4305 MB/s
[    0.203897] raid6: neonx4   gen()  4273 MB/s
[    0.271983] raid6: neonx2   gen()  3623 MB/s
[    0.340071] raid6: neonx1   gen()  2865 MB/s
[    0.408168] raid6: int64x8  gen()  1909 MB/s
[    0.476247] raid6: int64x4  gen()  2003 MB/s
[    0.544341] raid6: int64x2  gen()  1677 MB/s
[    0.612425] raid6: int64x1  gen()  1379 MB/s
[    0.612430] raid6: using algorithm neonx8 gen() 4305 MB/s
[    0.680508] raid6: .... xor() 3259 MB/s, rmw enabled
[    0.680514] raid6: using neon recovery algorithm
[    0.680873] ACPI: Interpreter disabled.
[    0.682921] iommu: Default domain type: Translated 
[    0.682930] iommu: DMA domain TLB invalidation policy: strict mode 
[    0.683120] SCSI subsystem initialized
[    0.683373] usbcore: registered new interface driver usbfs
[    0.683394] usbcore: registered new interface driver hub
[    0.683416] usbcore: registered new device driver usb
[    0.684278] pps_core: LinuxPPS API ver. 1 registered
[    0.684285] pps_core: Software ver. 5.3.6 - Copyright 2005-2007 Rodolfo Giometti <giometti@linux.it>
[    0.684300] PTP clock support registered
[    0.684512] EDAC MC: Ver: 3.0.0
[    0.685192] scmi_core: SCMI protocol bus registered
[    0.685245] efivars: Registered efivars operations
[    0.685942] FPGA manager framework
[    0.685987] Advanced Linux Sound Architecture Driver Initialized.
[    0.686389] Bluetooth: Core ver 2.22
[    0.686408] NET: Registered PF_BLUETOOTH protocol family
[    0.686414] Bluetooth: HCI device and connection manager initialized
[    0.686423] Bluetooth: HCI socket layer initialized
[    0.686429] Bluetooth: L2CAP socket layer initialized
[    0.686439] Bluetooth: SCO socket layer initialized
[    0.686695] vgaarb: loaded
[    0.686899] clocksource: Switched to clocksource arch_sys_counter
[    0.687145] pnp: PnP ACPI: disabled
[    0.692160] NET: Registered PF_INET protocol family
[    0.692327] IP idents hash table entries: 131072 (order: 8, 1048576 bytes, linear)
[    0.696557] tcp_listen_portaddr_hash hash table entries: 4096 (order: 4, 65536 bytes, linear)
[    0.696657] Table-perturb hash table entries: 65536 (order: 6, 262144 bytes, linear)
[    0.696672] TCP established hash table entries: 65536 (order: 7, 524288 bytes, linear)
[    0.697171] TCP bind hash table entries: 65536 (order: 9, 2097152 bytes, linear)
[    0.699058] TCP: Hash tables configured (established 65536 bind 65536)
[    0.699114] UDP hash table entries: 4096 (order: 5, 131072 bytes, linear)
[    0.699300] UDP-Lite hash table entries: 4096 (order: 5, 131072 bytes, linear)
[    0.699540] NET: Registered PF_UNIX/PF_LOCAL protocol family
[    0.699817] RPC: Registered named UNIX socket transport module.
[    0.699829] RPC: Registered udp transport module.
[    0.699835] RPC: Registered tcp transport module.
[    0.699840] RPC: Registered tcp NFSv4.1 backchannel transport module.
[    0.699850] PCI: CLS 0 bytes, default 64
[    0.700190] kvm [1]: IPA Size Limit: 40 bits
[    0.700210] kvm [1]: GICv3: no GICV resource entry
[    0.700217] kvm [1]: disabling GICv2 emulation
[    0.700239] kvm [1]: GIC system register CPU interface enabled
[    0.700254] kvm [1]: vgic interrupt IRQ18
[    0.700279] kvm [1]: VHE mode initialized successfully
[    0.751503] Initialise system trusted keyrings
[    0.751661] workingset: timestamp_bits=42 max_order=21 bucket_order=0
[    0.751847] squashfs: version 4.0 (2009/01/31) Phillip Lougher
[    0.752036] NFS: Registering the id_resolver key type
[    0.752058] Key type id_resolver registered
[    0.752064] Key type id_legacy registered
[    0.752078] nfs4filelayout_init: NFSv4 File Layout Driver Registering...
[    0.752090] nfs4flexfilelayout_init: NFSv4 Flexfile Layout Driver Registering...
[    0.752640] Key type cifs.idmap registered
[    0.752741] 9p: Installing v9fs 9p2000 file system support
[    0.782380] xor: measuring software checksum speed
[    0.784215]    8regs           :  5401 MB/sec
[    0.786062]    32regs          :  5352 MB/sec
[    0.787410]    arm64_neon      :  7357 MB/sec
[    0.787416] xor: using function: arm64_neon (7357 MB/sec)
[    0.787424] async_tx: api initialized (async)
[    0.787431] Key type asymmetric registered
[    0.787438] Asymmetric key parser 'x509' registered
[    0.787466] Block layer SCSI generic (bsg) driver version 0.4 loaded (major 245)
[    0.787476] io scheduler mq-deadline registered
[    0.787482] io scheduler kyber registered
[    0.787504] io scheduler bfq registered
[    0.800410] EINJ: ACPI disabled.
[    0.813130] dma-pl330 fea10000.dma-controller: Loaded driver for PL330 DMAC-241330
[    0.813144] dma-pl330 fea10000.dma-controller: 	DBUFF-128x8bytes Num_Chans-8 Num_Peri-32 Num_Events-16
[    0.813863] dma-pl330 fea30000.dma-controller: Loaded driver for PL330 DMAC-241330
[    0.813874] dma-pl330 fea30000.dma-controller: 	DBUFF-128x8bytes Num_Chans-8 Num_Peri-32 Num_Events-16
[    0.814572] dma-pl330 fed10000.dma-controller: Loaded driver for PL330 DMAC-241330
[    0.814584] dma-pl330 fed10000.dma-controller: 	DBUFF-128x8bytes Num_Chans-8 Num_Peri-32 Num_Events-16
[    0.821958] Serial: 8250/16550 driver, 16 ports, IRQ sharing enabled
[    0.824295] feb50000.serial: ttyS2 at MMIO 0xfeb50000 (irq = 39, base_baud = 1500000) is a 16550A
[    0.824413] printk: console [ttyS2] enabled
[    0.978975] SuperH (H)SCI(F) driver initialized
[    0.979864] msm_serial: driver initialized
[    0.987312] brd: module loaded
[    0.988173] megasas: 07.725.01.00-rc1
[    0.991792] spi spi2.0: Fixed dependency cycle(s) with /spi@feb20000/pmci@0/regulators/DCDC_REG7
[    0.992593] spi spi2.0: Fixed dependency cycle(s) with /spi@feb20000/pmci@0/pinctrl_rk806/dvs3-null-pins
[    0.993429] spi spi2.0: Fixed dependency cycle(s) with /spi@feb20000/pmci@0/pinctrl_rk806/dvs2-null-pins
[    0.994263] spi spi2.0: Fixed dependency cycle(s) with /spi@feb20000/pmci@0/pinctrl_rk806/dvs1-null-pins
[    0.997854] thunder_xcv, ver 1.0
[    0.998154] thunder_bgx, ver 1.0
[    0.998447] nicpf, ver 1.0
[    0.999734] hns3: Hisilicon Ethernet Network Driver for Hip08 Family - version
[    1.000376] hns3: Copyright (c) 2017 Huawei Corporation.
[    1.000857] hclge is initializing
[    1.001158] e1000: Intel(R) PRO/1000 Network Driver
[    1.001587] e1000: Copyright (c) 1999-2006 Intel Corporation.
[    1.002101] e1000e: Intel(R) PRO/1000 Network Driver
[    1.002537] e1000e: Copyright(c) 1999 - 2015 Intel Corporation.
[    1.003082] igb: Intel(R) Gigabit Ethernet Network Driver
[    1.003557] igb: Copyright (c) 2007-2014 Intel Corporation.
[    1.004053] igbvf: Intel(R) Gigabit Virtual Function Network Driver
[    1.004602] igbvf: Copyright (c) 2009 - 2012 Intel Corporation.
[    1.005378] sky2: driver version 1.30
[    1.006861] VFIO - User Level meta-driver version: 0.3
[    1.009779] usbcore: registered new interface driver usb-storage
[    1.012512] i2c_dev: i2c /dev entries driver
[    1.019276] device-mapper: ioctl: 4.48.0-ioctl (2023-03-01) initialised: dm-devel@redhat.com
[    1.020144] ghes_edac: GHES probing device list is empty
[    1.021481] sdhci: Secure Digital Host Controller Interface driver
[    1.022495] sdhci: Copyright(c) Pierre Ossman
[    1.023600] Synopsys Designware Multimedia Card Interface Driver
[    1.024986] sdhci-pltfm: SDHCI platform and OF driver helper
[    1.027634] ledtrig-cpu: registered to indicate activity on CPUs
[    1.028853] scmi_protocol scmi_dev.1: Enabled polling mode TX channel - prot_id:16
[    1.029621] arm-scmi firmware:scmi: SCMI Notifications - Core Enabled.
[    1.030226] arm-scmi firmware:scmi: SCMI Protocol v2.0 'rockchip:' Firmware version 0x0
[    1.037375] SMCCC: SOC_ID: ARCH_SOC_ID not implemented, skipping ....
[    1.038581] usbcore: registered new interface driver usbhid
[    1.039084] usbhid: USB HID core driver
[    1.042944] hw perfevents: enabled with armv8_cortex_a55 PMU driver, 7 counters available
[    1.044952] hw perfevents: enabled with armv8_cortex_a76 PMU driver, 7 counters available
[    1.047427] optee: probing for conduit method.
[    1.047834] optee: revision 3.13 (540ade27)
[    1.048359] optee: dynamic shared memory is enabled
[    1.049270] optee: initialized driver
[    1.051725] u32 classifier
[    1.051972]     input device check on
[    1.052295]     Actions configured
[    1.052721] NET: Registered PF_INET6 protocol family
[    1.054171] Segment Routing with IPv6
[    1.054510] In-situ OAM (IOAM) with IPv6
[    1.054904] sit: IPv6, IPv4 and MPLS over IPv4 tunneling driver
[    1.055659] NET: Registered PF_PACKET protocol family
[    1.056126] Bridge firewalling registered
[    1.056527] 9pnet: Installing 9P2000 support
[    1.056929] Key type dns_resolver registered
[    1.058520] mmc0: SDHCI controller on fe2e0000.mmc [fe2e0000.mmc] using ADMA
[    1.062166] registered taskstats version 1
[    1.062633] Loading compiled-in X.509 certificates
[    1.066451] Key type .fscrypt registered
[    1.066800] Key type fscrypt-provisioning registered
[    1.067906] Btrfs loaded, zoned=no, fsverity=no
[    1.068361] Key type encrypted registered
[    1.097371] mmc0: new HS400 Enhanced strobe MMC card at address 0001
[    1.098464] mmcblk0: mmc0:0001 TX2932 29.1 GiB 
[    1.101809]  mmcblk0: p1 p2 p3 p4 p5 p6 p7 p8
[    1.104104] mmcblk0boot0: mmc0:0001 TX2932 4.00 MiB 
[    1.105298] mmcblk0boot1: mmc0:0001 TX2932 4.00 MiB 
[    1.106489] mmcblk0rpmb: mmc0:0001 TX2932 4.00 MiB, chardev (234:0)
[    1.109450] fan53555-regulator 0-0042: FAN53555 Option[10] Rev[1] Detected!
[    1.110056] fan53555-regulator 0-0043: FAN53555 Option[10] Rev[1] Detected!
[    1.127074] ehci-platform fc800000.usb: EHCI Host Controller
[    1.127593] ehci-platform fc800000.usb: new USB bus registered, assigned bus number 1
[    1.128344] ehci-platform fc800000.usb: irq 47, io mem 0xfc800000
[    1.128797] ohci-platform fc840000.usb: Generic Platform OHCI controller
[    1.129478] ohci-platform fc840000.usb: new USB bus registered, assigned bus number 2
[    1.129723] ehci-platform fc880000.usb: EHCI Host Controller
[    1.130221] ohci-platform fc840000.usb: irq 49, io mem 0xfc840000
[    1.130676] ehci-platform fc880000.usb: new USB bus registered, assigned bus number 3
[    1.131755] ohci-platform fc8c0000.usb: Generic Platform OHCI controller
[    1.132021] ehci-platform fc880000.usb: irq 48, io mem 0xfc880000
[    1.132493] ohci-platform fc8c0000.usb: new USB bus registered, assigned bus number 4
[    1.133949] ohci-platform fc8c0000.usb: irq 50, io mem 0xfc8c0000
[    1.137760] printk: console [netcon0] enabled
[    1.138154] netconsole: network logging started
[    1.138964] clk: Disabling unused clocks
[    1.139834] ALSA device list:
[    1.140101]   No soundcards found.
[    1.140521] dw-apb-uart feb50000.serial: forbid DMA for kernel console
[    1.142998] ehci-platform fc800000.usb: USB 2.0 started, EHCI 1.00
[    1.144072] hub 1-0:1.0: USB hub found
[    1.144420] hub 1-0:1.0: 1 port detected
[    1.159089] ehci-platform fc880000.usb: USB 2.0 started, EHCI 1.00
[    1.160914] hub 3-0:1.0: USB hub found
[    1.161304] hub 3-0:1.0: 1 port detected
[    1.195817] hub 4-0:1.0: USB hub found
[    1.196204] hub 4-0:1.0: 1 port detected
[    1.197494] hub 2-0:1.0: USB hub found
[    1.197844] hub 2-0:1.0: 1 port detected
[    1.198550] md: Waiting for all devices to be available before autodetect
[    1.199168] md: If you don't use raid, use raid=noautodetect
[    1.200164] md: Autodetecting RAID arrays.
[    1.200534] md: autorun ...
[    1.200784] md: ... autorun DONE.
[    1.201139] Waiting for root device PARTUUID=044b5400-c708-4e5b-9409-af07f4fdb753...
[    1.415015] usb 3-1: new high-speed USB device number 2 using ehci-platform
[    1.573285] usb-storage 3-1:1.0: USB Mass Storage device detected
[    1.574673] scsi host0: usb-storage 3-1:1.0
[    2.596449] scsi 0:0:0:0: Direct-Access     General  UDisk            5.00 PQ: 0 ANSI: 2
[    2.599341] sd 0:0:0:0: [sda] 61440000 512-byte logical blocks: (31.5 GB/29.3 GiB)
[    2.600744] sd 0:0:0:0: [sda] Write Protect is off
[    2.601946] sd 0:0:0:0: [sda] No Caching mode page found
[    2.602423] sd 0:0:0:0: [sda] Assuming drive cache: write through
[    2.667201] GPT:Primary header thinks Alt. header is not at the end of the disk.
[    2.667858] GPT:1362555 != 61439999
[    2.668168] GPT:Alternate GPT header not at the end of the disk.
[    2.668696] GPT:1362555 != 61439999
[    2.669005] GPT: Use GNU Parted to correct GPT errors.
[    2.669467]  sda: sda1 sda2
[    2.670699] sd 0:0:0:0: [sda] Attached SCSI removable disk
[    2.695071] EXT4-fs (sda2): INFO: recovery required on readonly filesystem
[    2.695684] EXT4-fs (sda2): write access will be enabled during recovery
[   11.241374] platform pcie20-avdd0v85-regulator: deferred probe pending
[   11.241963] platform pcie20-avdd1v8-regulator: deferred probe pending
[   11.242530] platform pcie30-avdd0v75-regulator: deferred probe pending

[   24.702136] EXT4-fs (sda2): orphan cleanup on readonly fs
[   24.702750] EXT4-fs (sda2): recovery complete
[   28.261213] EXT4-fs (sda2): mounted filesystem 16c0c302-bbe1-43b2-ac51-4120c349c95a ro with ordered data mode. Quota mode: disabled.
[   28.262305] VFS: Mounted root (ext4 filesystem) readonly on device 8:2.
[   28.262961] devtmpfs: mounted
[   28.269529] Freeing unused kernel memory: 12608K
[   28.275136] Run /sbin/init as init process
[   30.486307] systemd[1]: System time before build time, advancing clock.
[   30.546108] systemd[1]: systemd 253.1^ running in system mode (-PAM -AUDIT -SELINUX -APPARMOR +IMA -SMACK +SECCOMP -GCRYPT -GNUTLS -OPENSSL +ACL +BLKID -CURL -ELFUTILS -FIDO2 -IDN2 -IDN -IPTC +KMOD -LIBCRYPTSETUP +LIBFDISK -PCRE2 -PWQUALITY -P11KIT -QRENCODE -TPM2 -BZIP2 -LZ4 -XZ -ZLIB +ZSTD -BPF_FRAMEWORK -XKBCOMMON +UTMP +SYSVINIT default-hierarchy=hybrid)
[   30.548914] systemd[1]: Detected architecture arm64.

Welcome to Woden 0.0 (master)!

[   30.626714] systemd[1]: Hostname set to <generic-arm64>.
[   31.129581] systemd[1]: Queued start job for default target Multi-User System.
[   31.160675] systemd[1]: Created slice Slice /system/getty.
[  OK  ] Created slice Slice /system/getty.
[   31.163080] systemd[1]: Created slice Slice /system/modprobe.
[  OK  ] Created slice Slice /system/modprobe.
[   31.165332] systemd[1]: Created slice Slice /system/serial-getty.
[  OK  ] Created slice Slice /system/serial-getty.
[   31.175881] systemd[1]: Created slice User and Session Slice.
[  OK  ] Created slice User and Session Slice.
[   31.177395] systemd[1]: Started Dispatch Password Requests to Console Directory Watch.
[  OK  ] Started Dispatch Password вts to Console Directory Watch.
[   31.187188] systemd[1]: Started Forward Password Requests to Wall Directory Watch.
[  OK  ] Started Forward Password Rвuests to Wall Directory Watch.
[   31.199270] systemd[1]: Reached target Path Units.
[  OK  ] Reached target Path Units.
[   31.211179] systemd[1]: Reached target Remote File Systems.
[  OK  ] Reached target Remote File Systems.
[   31.212543] systemd[1]: Reached target Slice Units.
[  OK  ] Reached target Slice Units.
[   31.223172] systemd[1]: Reached target Swaps.
[  OK  ] Reached target Swaps.
[   31.235490] systemd[1]: Listening on Syslog Socket.
[  OK  ] Listening on Syslog Socket.
[   31.247311] systemd[1]: Listening on initctl Compatibility Named Pipe.
[  OK  ] Listening on initctl Compatibility Named Pipe.
[   31.262514] systemd[1]: Journal Audit Socket was skipped because of an unmet condition check (ConditionSecurity=audit).
[   31.263786] systemd[1]: Listening on Journal Socket (/dev/log).
[  OK  ] Listening on Journal Socket (/dev/log).
[   31.265438] systemd[1]: Listening on Journal Socket.
[  OK  ] Listening on Journal Socket.
[   31.275421] systemd[1]: Listening on Network Service Netlink Socket.
[  OK  ] Listening on Network Service Netlink Socket.
[   31.287495] systemd[1]: Listening on udev Control Socket.
[  OK  ] Listening on udev Control Socket.
[   31.289051] systemd[1]: Listening on udev Kernel Socket.
[  OK  ] Listening on udev Kernel Socket.
[   31.299385] systemd[1]: Listening on User Database Manager Socket.
[  OK  ] Listening on User Database Manager Socket.
[   31.331303] systemd[1]: Mounting Huge Pages File System...
         Mounting Huge Pages File System...
[   31.345083] systemd[1]: Mounting POSIX Message Queue File System...
         Mounting POSIX Message Queue File System...
[   31.357028] systemd[1]: Mounting Kernel Debug File System...
         Mounting Kernel Debug File System...
[   31.369054] systemd[1]: Mounting Kernel Trace File System...
         Mounting Kernel Trace File System...
[   31.382124] systemd[1]: Mounting Temporary Directory /tmp...
         Mounting Temporary Directory /tmp...
[   31.391231] systemd[1]: Create List of Static Device Nodes was skipped because of an unmet condition check (ConditionFileNotEmpty=/lib/modules/6.4.0-yocto-standard+/modules.devname).
[   31.394782] systemd[1]: Starting Load Kernel Module configfs...
         Starting Load Kernel Module configfs...
[   31.409279] systemd[1]: Starting Load Kernel Module drm...
         Starting Load Kernel Module drm...
[   31.421223] systemd[1]: Starting Load Kernel Module fuse...
         Starting Load Kernel Module fuse...
[   31.433219] systemd[1]: Starting File System Check on Root Device...
         Starting File System Check on Root Device...
[   31.446610] systemd[1]: Starting Journal Service...
         Starting Journal Service...
