DDR d5483af87d cym 23/11/23-16:15:24,fwver: v1.15
LPDDR4X, 2112MHz
channel[0] BW=16 Col=10 Bk=8 CS0 Row=16 CS1 Row=16 CS=2 Die BW=16 Size=2048MB
channel[1] BW=16 Col=10 Bk=8 CS0 Row=16 CS1 Row=16 CS=2 Die BW=16 Size=2048MB
channel[2] BW=16 Col=10 Bk=8 CS0 Row=16 CS1 Row=16 CS=2 Die BW=16 Size=2048MB
channel[3] BW=16 Col=10 Bk=8 CS0 Row=16 CS1 Row=16 CS=2 Die BW=16 Size=2048MB
Manufacturer ID:0x1
CH0 RX Vref:27.9%, TX Vref:20.8%,19.8%
CH1 RX Vref:28.5%, TX Vref:21.8%,21.8%
CH2 RX Vref:28.5%, TX Vref:20.8%,21.8%
CH3 RX Vref:29.3%, TX Vref:21.8%,21.8%
change to F1: 528MHz
change to F2: 1068MHz
change to F3: 1560MHz
change to F0: 2112MHz
out
U-Boot SPL board init
U-Boot SPL 2017.09-g82435751526-231214-dirty #zhangzj (Dec 14 2023 - 09:16:28)
unknown raw ID 0 0 0
unrecognized JEDEC id bytes: 00, 00, 00
Trying to boot from MMC2
MMC: no card present
mmc_init: -123, time 0
spl: mmc init failed with error: -123
Trying to boot from MMC1
SPL: A/B-slot: _a, successful: 0, tries-remain: 7
Trying fit image at 0x4000 sector
## Verified-boot: 0
## Checking atf-1 0x00040000 ... sha256(b40ce543bb...) + OK
## Checking u-boot 0x00a00000 ... sha256(5e7e905314...) + OK
## Checking fdt-1 0x00b0cc98 ... sha256(34886a9f64...) + OK
## Checking atf-2 0x000f0000 ... sha256(f202de33d9...) + OK
## Checking atf-3 0xff100000 ... sha256(af08976afd...) + OK
Jumping to U-Boot(0x00a00000) via ARM Trusted Firmware(0x00040000)
Total: 88.768/248.628 ms

INFO:    Preloader serial: 2
NOTICE:  BL31: v2.3():v2.3-616-gdc1125f48:finley.xiao
NOTICE:  BL31: Built : 16:41:17, Jul 13 2023
INFO:    spec: 0x1
INFO:    ext 32k is valid
INFO:    ddr: stride-en 4CH
INFO:    GICv3 without legacy support detected.
INFO:    ARM GICv3 driver initialized in EL3
INFO:    valid_cpu_msk=0xff bcore0_rst = 0x0, bcore1_rst = 0x0
INFO:    system boots from cpu-hwid-0
INFO:    idle_st=0x21fff, pd_st=0x11fff9, repair_st=0xfff70001
ERROR:   dfs get fsp_params[0] error, 0xfead0004 != 0xfead0003
ERROR:   dfs get fsp_params[1] error, 0x1111 != 0xfead0003
ERROR:   dfs get fsp_params[2] error, 0x0 != 0xfead0003
ERROR:   dfs get fsp_params[3] error, 0x60241520 != 0xfead0003
ERROR:   loader&trust unmatch!!! Please update trust if need enable dmc
INFO:    BL31: Initialising Exception Handling Framework
INFO:    BL31: Initializing runtime services
WARNING: No OPTEE provided by BL2 boot loader, Booting device without OPTEE initialization. SMC`s destined for OPTEE will return SMC_UNK
ERROR:   Error initializing runtime service opteed_fast
INFO:    BL31: Preparing for EL3 exit to normal world
INFO:    Entry point address = 0xa00000
INFO:    SPSR = 0x3c9


U-Boot 2024.01-rc5-gfcdc6dfa5a-dirty (Jan 26 2024 - 15:36:27 +0800)

Model: Rockchip RK3588 EVB1 V10 Board
DRAM:  8 GiB (effective 7.7 GiB)
Core:  328 devices, 29 uclasses, devicetree: separate
MMC:   mmc@fe2e0000: 0
Loading Environment from MMC... OK
In:    serial@feb50000
Out:   serial@feb50000
Err:   serial@feb50000
Model: Rockchip RK3588 EVB1 V10 Board
Net:   eth0: ethernet@fe1b0000
Hit any key to stop autoboot:  2  1  0 
Scanning for bootflows in all bootdevs
Seq  Method       State   Uclass    Part  Name                      Filename
---  -----------  ------  --------  ----  ------------------------  ----------------
Scanning global bootmeth 'efi_mgr':
ownia set var
ownia set var
ownia set var
ownia set var
ownia set var
ownia set var
ownia set var
ownia set var
ownia set var
  0  efi_mgr      ready   (none)       0  <NULL>                    
** Booting bootflow '<NULL>' with efi_mgr
EFI boot manager: Cannot load any image
Boot failed (err=-14)
Bus usb@fc800000: USB EHCI 1.00
Bus usb@fc840000: USB OHCI 1.0
Bus usb@fc880000: USB EHCI 1.00
Bus usb@fc8c0000: USB OHCI 1.0
scanning bus usb@fc800000 for devices... 2 USB Device(s) found
scanning bus usb@fc840000 for devices... 1 USB Device(s) found
scanning bus usb@fc880000 for devices... 2 USB Device(s) found
scanning bus usb@fc8c0000 for devices... 1 USB Device(s) found
Scanning bootdev 'usb_mass_storage.lun0.bootdev':
  1  efi          ready   usb_mass_    2  usb_mass_storage.lun0.boo efi/boot/bootaa64.efi
** Booting bootflow 'usb_mass_storage.lun0.bootdev.part_2' with efi
Booting /efi\boot\bootaa64.efi
ownia set var
ownia set var
ownia set var
ownia set var
ownia set var
ethernet@fe1b0000 Waiting for PHY auto negotiation to complete......... TIMEOUT !
phy_startup() failed: -110FAILED: -110error: file `/boot/' not found.
GNU GRUB  version 2.12~rc1

ввввввввввввввввввввввввввввввввввввввввввввввввввввв”Ђвввввввввввввввввввввввввввввввввввввввввв”Ђвввввввввввввввввввввввввввввввввввввввввввввввввввввввввввв”‚ввввввввввввввввввввввввввввввввв”Ђвввввввввввввввввввввввввввввввввввввввввв”Ђвввввввввввввввввввввввввввввввввввввввввввввввввввввввввввввввввввввввв     Use the в and в keys to select which entry is highlighted.                                                              
      Press enter to boot the selected OS, `e' to edit the commands before booting or `c' for a command-line.                  *Try or Install Ubuntu Server                                                                                                    Boot from next volume                                                                                                           UEFI Firmware Settings                                                                                                                                                                                                                                                                                                                                                                                                                                                                                                                                                                                                                                                                                                                                                                                                                                                                                                                                                                                                                                                                                                                                                                                                                                                                                                                                                                                                                                                                                                                                                                                                                                                                                                                                                                                                                                                                                                                                                                                                                                                                                                                                                                                                                                                                                                                                                                                                                                                                                                             The highlighted entry will be executed automatically in 30s.                                                                       The highlighted entry will be executed automatically in 29s.                                                                                                                                                                                                                                                                                                                                          GNU GRUB  version 2.12~rc1

ввввввввввввввввввввв”Ђвввввввввввввввввввввввввввввввввввввввввв”Ђввввввввввввввввввввввввввввввввввввввввввввввввввввввввввввввввввввввввввввввввввввввввввввввввввввввввввввввввввввввввввввввввввввввввввв”Ђввввввввввввввввввввввввввввввввввввввввввввввввввввввввввввввввввввввввввввввввв”Ђввввввввввввввввввв     Minimum Emacs-like screen editing is supported. TAB lists completions. Press Ctrl-x or F10 to boot, Ctrl-c or F2 for a  
      command-line or ESC to discard edits and return to the GRUB menu.                                                       setparams 'Try or Install Ubuntu Server'                                                                                                                                                                                                                                set gfxpayload=keep                                                                                                             linux        /casper/vmlinuz  ---                                                                                               initrd        /casper/initrd                                                                                                                                                                                                                                                                                                                                                                                                                                                                                                                                                                                                                                                                                                                                                                                                                                                                                                                                                                                                                                                                                                                                                                                                                                                                                                                                                                                                                                                                                                                                                                                                                                                                                                                                                                                                                                                                                                                                                                                                                                                                                                                                                                                                                                      linux        /casper/vmlinuz  --                                                                                                linux        /casper/vmlinuz  -                                                                                                 linux        /casper/vmlinuz                                                                                                    linux        /casper/vmlinuz                                                                                                    linux        /casper/vmlinuz c                                                                                                  linux        /casper/vmlinuz co                                                                                                 linux        /casper/vmlinuz con                                                                                                linux        /casper/vmlinuz cons                                                                                               linux        /casper/vmlinuz conso                                                                                              linux        /casper/vmlinuz consol                                                                                             linux        /casper/vmlinuz console                                                                                            linux        /casper/vmlinuz console=                                                                                           linux        /casper/vmlinuz console=u                                                                                          linux        /casper/vmlinuz console=ua                                                                                         linux        /casper/vmlinuz console=uar                                                                                        linux        /casper/vmlinuz console=uart                                                                                       linux        /casper/vmlinuz console=uart8                                                                                      linux        /casper/vmlinuz console=uart82                                                                                     linux        /casper/vmlinuz console=uart825                                                                                    linux        /casper/vmlinuz console=uart8250                                                                                   linux        /casper/vmlinuz console=uart8250,                                                                                  linux        /casper/vmlinuz console=uart8250,m                                                                                 linux        /casper/vmlinuz console=uart8250,mm                                                                                linux        /casper/vmlinuz console=uart8250,mmi                                                                               linux        /casper/vmlinuz console=uart8250,mmio                                                                              linux        /casper/vmlinuz console=uart8250,mmio3                                                                             linux        /casper/vmlinuz console=uart8250,mmio32                                                                            linux        /casper/vmlinuz console=uart8250,mmio32,                                                                           linux        /casper/vmlinuz console=uart8250,mmio32,0                                                                          linux        /casper/vmlinuz console=uart8250,mmio32,0x                                                                         linux        /casper/vmlinuz console=uart8250,mmio32,0xf                                                                        linux        /casper/vmlinuz console=uart8250,mmio32,0xfe                                                                       linux        /casper/vmlinuz console=uart8250,mmio32,0xfeb                                                                      linux        /casper/vmlinuz console=uart8250,mmio32,0xfeb5                                                                     linux        /casper/vmlinuz console=uart8250,mmio32,0xfeb50                                                                    linux        /casper/vmlinuz console=uart8250,mmio32,0xfeb500                                                                   linux        /casper/vmlinuz console=uart8250,mmio32,0xfeb5000                                                                  linux        /casper/vmlinuz console=uart8250,mmio32,0xfeb50000                                                           Booting a command list

EFI stub: Booting Linux Kernel...
EFI stub: Loaded initrd from LINUX_EFI_INITRD_MEDIA_GUID device path
EFI stub: Using DTB from configuration table
EFI stub: Exiting boot services...
ownia 00000000edf68430, 112
ownia exit 0
[    0.000000] Booting Linux on physical CPU 0x0000000000 [0x412fd050]
[    0.000000] Linux version 6.6.0-14-generic (buildd@bos03-arm64-023) (aarch64-linux-gnu-gcc-13 (Ubuntu 13.2.0-7ubuntu1) 13.2.0, GNU ld (GNU Binutils for Ubuntu) 2.41) #14-Ubuntu SMP PREEMPT_DYNAMIC Thu Nov 30 10:53:08 UTC 2023 (Ubuntu 6.6.0-14.14-generic 6.6.3)
[    0.000000] KASLR enabled
[    0.000000] Machine model: Rockchip RK3588 EVB1 V10 Board
[    0.000000] earlycon: uart8250 at MMIO32 0x00000000feb50000 (options '')
[    0.000000] printk: bootconsole [uart8250] enabled
[    0.000000] efi: EFI v2.10 by Das U-Boot
[    0.000000] efi: ESRT=0xece6e040 RTPROP=0xece70040 SMBIOS=0xece97000 MOKvar=0xecd5c000 INITRD=0xe3c6c040 RNG=0xe3c6b040 MEMRESERVE=0xe3c6a040 
[    0.000000] random: crng init done
[    0.000000] secureboot: Secure boot disabled
[    0.000000] esrt: Reserving ESRT space from 0x00000000ece6e040 to 0x00000000ece6e078.
[    0.000000] OF: reserved mem: 0x00000003fc000000..0x00000003fc4fffff (5120 KiB) nomap non-reusable gap1@3,fc000000
[    0.000000] OF: reserved mem: 0x00000003fff00000..0x00000003ffffffff (1024 KiB) nomap non-reusable gap2@3,fff00000
[    0.000000] NUMA: No NUMA configuration found
[    0.000000] NUMA: Faking a node at [mem 0x0000000000200000-0x00000001ffffffff]
[    0.000000] NUMA: NODE_DATA [mem 0x1feff5600-0x1feffafff]
[    0.000000] Zone ranges:
[    0.000000]   DMA      [mem 0x0000000000200000-0x00000000ffffffff]
[    0.000000]   DMA32    empty
[    0.000000]   Normal   [mem 0x0000000100000000-0x00000001ffffffff]
[    0.000000]   Device   empty
[    0.000000] Movable zone start for each node
[    0.000000] Early memory node ranges
[    0.000000]   node   0: [mem 0x0000000000200000-0x0000000000b0bfff]
[    0.000000]   node   0: [mem 0x0000000000b0c000-0x0000000000b26fff]
[    0.000000]   node   0: [mem 0x0000000000b27000-0x00000000ecd5bfff]
[    0.000000]   node   0: [mem 0x00000000ecd5c000-0x00000000ecd5cfff]
[    0.000000]   node   0: [mem 0x00000000ecd5d000-0x00000000ece6ffff]
[    0.000000]   node   0: [mem 0x00000000ece70000-0x00000000ece70fff]
[    0.000000]   node   0: [mem 0x00000000ece71000-0x00000000ece73fff]
[    0.000000]   node   0: [mem 0x00000000ece74000-0x00000000ece75fff]
[    0.000000]   node   0: [mem 0x00000000ece76000-0x00000000ece76fff]
[    0.000000]   node   0: [mem 0x00000000ece77000-0x00000000ece97fff]
[    0.000000]   node   0: [mem 0x00000000ece98000-0x00000000efecffff]
[    0.000000]   node   0: [mem 0x00000000efed0000-0x00000000efedffff]
[    0.000000]   node   0: [mem 0x00000000efee0000-0x00000000efffffff]
[    0.000000]   node   0: [mem 0x0000000100000000-0x00000001ffffffff]
[    0.000000] Initmem setup node 0 [mem 0x0000000000200000-0x00000001ffffffff]
[    0.000000] On node 0, zone DMA: 512 pages in unavailable ranges
[    0.000000] cma: Reserved 32 MiB at 0x00000000ede00000 on node -1
[    0.000000] psci: probing for conduit method from DT.
[    0.000000] psci: PSCIv1.1 detected in firmware.
[    0.000000] psci: Using standard PSCI v0.2 function IDs
[    0.000000] psci: MIGRATE_INFO_TYPE not supported.
[    0.000000] psci: SMC Calling Convention v1.2
[    0.000000] percpu: Embedded 54 pages/cpu s94248 r8192 d118744 u221184
[    0.000000] Detected VIPT I-cache on CPU0
[    0.000000] CPU features: detected: GIC system register CPU interface
[    0.000000] CPU features: detected: Virtualization Host Extensions
[    0.000000] CPU features: kernel page table isolation forced ON by KASLR
[    0.000000] CPU features: detected: Kernel page table isolation (KPTI)
[    0.000000] CPU features: detected: Qualcomm erratum 1009, or ARM erratum 1286807, 2441009
[    0.000000] CPU features: detected: ARM errata 1165522, 1319367, or 1530923
[    0.000000] alternatives: applying boot alternatives
[    0.000000] Kernel command line: BOOT_IMAGE=/casper/vmlinuz console=uart8250,mmio32,0xfeb50000
[    0.000000] Unknown kernel command line parameters "BOOT_IMAGE=/casper/vmlinuz", will be passed to user space.
[    0.000000] Dentry cache hash table entries: 1048576 (order: 11, 8388608 bytes, linear)
[    0.000000] Inode-cache hash table entries: 524288 (order: 10, 4194304 bytes, linear)
[    0.000000] Fallback order for Node 0: 0 
[    0.000000] Built 1 zonelists, mobility grouping on.  Total pages: 1999368
[    0.000000] Policy zone: Normal
[    0.000000] mem auto-init: stack:all(zero), heap alloc:on, heap free:off
[    0.000000] software IO TLB: area num 8.
[    0.000000] software IO TLB: mapped [mem 0x00000000e8d5c000-0x00000000ecd5c000] (64MB)
[    0.000000] Memory: 7709576K/8124416K available (22208K kernel code, 5082K rwdata, 15384K rodata, 11968K init, 1191K bss, 382072K reserved, 32768K cma-reserved)
[    0.000000] SLUB: HWalign=64, Order=0-3, MinObjects=0, CPUs=8, Nodes=1
[    0.000000] ftrace: allocating 60036 entries in 235 pages
[    0.000000] ftrace: allocated 235 pages with 6 groups
[    0.000000] trace event string verifier disabled
[    0.000000] Dynamic Preempt: voluntary
[    0.000000] rcu: Preemptible hierarchical RCU implementation.
[    0.000000] rcu: 	RCU restricting CPUs from NR_CPUS=512 to nr_cpu_ids=8.
[    0.000000] 	Trampoline variant of Tasks RCU enabled.
[    0.000000] 	Rude variant of Tasks RCU enabled.
[    0.000000] 	Tracing variant of Tasks RCU enabled.
[    0.000000] rcu: RCU calculated value of scheduler-enlistment delay is 25 jiffies.
[    0.000000] rcu: Adjusting geometry for rcu_fanout_leaf=16, nr_cpu_ids=8
[    0.000000] NR_IRQS: 64, nr_irqs: 64, preallocated irqs: 0
[    0.000000] GICv3: GIC: Using split EOI/Deactivate mode
[    0.000000] GICv3: 480 SPIs implemented
[    0.000000] GICv3: 0 Extended SPIs implemented
[    0.000000] GICv3: MBI range [424:479]
[    0.000000] GICv3: Using MBI frame 0x00000000fe610000
[    0.000000] Root IRQ handler: gic_handle_irq
[    0.000000] GICv3: GICv3 features: 16 PPIs
[    0.000000] GICv3: CPU0: found redistributor 0 region 0:0x00000000fe680000
[    0.000000] ITS [mem 0xfe640000-0xfe65ffff]
[    0.000000] GIC: enabling workaround for ITS: Rockchip erratum RK3588001
[    0.000000] ITS@0x00000000fe640000: allocated 8192 Devices @100290000 (indirect, esz 8, psz 64K, shr 0)
[    0.000000] ITS@0x00000000fe640000: allocated 32768 Interrupt Collections @1002a0000 (flat, esz 2, psz 64K, shr 0)
[    0.000000] ITS: using cache flushing for cmd queue
[    0.000000] ITS [mem 0xfe660000-0xfe67ffff]
[    0.000000] GIC: enabling workaround for ITS: Rockchip erratum RK3588001
[    0.000000] ITS@0x00000000fe660000: allocated 8192 Devices @1002c0000 (indirect, esz 8, psz 64K, shr 0)
[    0.000000] ITS@0x00000000fe660000: allocated 32768 Interrupt Collections @1002d0000 (flat, esz 2, psz 64K, shr 0)
[    0.000000] ITS: using cache flushing for cmd queue
[    0.000000] GICv3: using LPI property table @0x00000001002e0000
[    0.000000] GIC: using cache flushing for LPI property table
[    0.000000] GICv3: CPU0: using allocated LPI pending table @0x00000001002f0000
[    0.000000] GICv3: GIC: PPI partition interrupt-partition-0[0] { /cpus/cpu@0[0] /cpus/cpu@100[1] /cpus/cpu@200[2] /cpus/cpu@300[3] }
[    0.000000] GICv3: GIC: PPI partition interrupt-partition-1[1] { /cpus/cpu@400[4] /cpus/cpu@500[5] /cpus/cpu@600[6] /cpus/cpu@700[7] }
[    0.000000] rcu: srcu_init: Setting srcu_struct sizes based on contention.
[    0.000000] arch_timer: cp15 timer(s) running at 24.00MHz (phys).
[    0.000000] clocksource: arch_sys_counter: mask: 0xffffffffffffff max_cycles: 0x588fe9dc0, max_idle_ns: 440795202592 ns
[    0.000001] sched_clock: 56 bits at 24MHz, resolution 41ns, wraps every 4398046511097ns
[    0.004847] Console: colour dummy device 80x25
[    0.005466] Calibrating delay loop (skipped), value calculated using timer frequency.. 48.00 BogoMIPS (lpj=96000)
[    0.006450] pid_max: default: 32768 minimum: 301
[    0.007163] LSM: initializing lsm=lockdown,capability,landlock,yama,apparmor,integrity
[    0.007998] landlock: Up and running.
[    0.008350] Yama: becoming mindful.
[    0.008927] AppArmor: AppArmor initialized
[    0.009639] Mount-cache hash table entries: 16384 (order: 5, 131072 bytes, linear)
[    0.010390] Mountpoint-cache hash table entries: 16384 (order: 5, 131072 bytes, linear)
[    0.014723] RCU Tasks: Setting shift to 3 and lim to 1 rcu_task_cb_adjust=1.
[    0.015523] RCU Tasks Rude: Setting shift to 3 and lim to 1 rcu_task_cb_adjust=1.
[    0.016368] RCU Tasks Trace: Setting shift to 3 and lim to 1 rcu_task_cb_adjust=1.
[    0.017513] rcu: Hierarchical SRCU implementation.
[    0.017976] rcu: 	Max phase no-delay instances is 1000.
[    0.020065] Platform MSI: msi-controller@fe640000 domain created
[    0.020661] Platform MSI: msi-controller@fe660000 domain created
[    0.021524] PCI/MSI: /interrupt-controller@fe600000/msi-controller@fe640000 domain created
[    0.022340] PCI/MSI: /interrupt-controller@fe600000/msi-controller@fe660000 domain created
[    0.023357] fsl-mc MSI: msi-controller@fe640000 domain created
[    0.023935] fsl-mc MSI: msi-controller@fe660000 domain created
[    0.031051] Remapping and enabling EFI services.
[    0.032377] smp: Bringing up secondary CPUs ...
[    0.033895] Detected VIPT I-cache on CPU1
[    0.033984] GICv3: CPU1: found redistributor 100 region 0:0x00000000fe6a0000
[    0.034005] GICv3: CPU1: using allocated LPI pending table @0x0000000100300000
[    0.034064] CPU1: Booted secondary processor 0x0000000100 [0x412fd050]
[    0.035378] Detected VIPT I-cache on CPU2
[    0.035458] GICv3: CPU2: found redistributor 200 region 0:0x00000000fe6c0000
[    0.035475] GICv3: CPU2: using allocated LPI pending table @0x0000000100310000
[    0.035527] CPU2: Booted secondary processor 0x0000000200 [0x412fd050]
[    0.036737] Detected VIPT I-cache on CPU3
[    0.036817] GICv3: CPU3: found redistributor 300 region 0:0x00000000fe6e0000
[    0.036835] GICv3: CPU3: using allocated LPI pending table @0x0000000100320000
[    0.036884] CPU3: Booted secondary processor 0x0000000300 [0x412fd050]
[    0.038080] CPU features: detected: Spectre-v4
[    0.038087] CPU features: detected: Spectre-BHB
[    0.038092] Detected PIPT I-cache on CPU4
[    0.038140] GICv3: CPU4: found redistributor 400 region 0:0x00000000fe700000
[    0.038150] GICv3: CPU4: using allocated LPI pending table @0x0000000100330000
[    0.038180] CPU4: Booted secondary processor 0x0000000400 [0x414fd0b0]
[    0.039317] Detected PIPT I-cache on CPU5
[    0.039378] GICv3: CPU5: found redistributor 500 region 0:0x00000000fe720000
[    0.039389] GICv3: CPU5: using allocated LPI pending table @0x0000000100340000
[    0.039421] CPU5: Booted secondary processor 0x0000000500 [0x414fd0b0]
[    0.040495] Detected PIPT I-cache on CPU6
[    0.040550] GICv3: CPU6: found redistributor 600 region 0:0x00000000fe740000
[    0.040560] GICv3: CPU6: using allocated LPI pending table @0x0000000100350000
[    0.040591] CPU6: Booted secondary processor 0x0000000600 [0x414fd0b0]
[    0.041685] Detected PIPT I-cache on CPU7
[    0.041743] GICv3: CPU7: found redistributor 700 region 0:0x00000000fe760000
[    0.041753] GICv3: CPU7: using allocated LPI pending table @0x0000000100360000
[    0.041784] CPU7: Booted secondary processor 0x0000000700 [0x414fd0b0]
[    0.041926] smp: Brought up 1 node, 8 CPUs
[    0.059516] SMP: Total of 8 processors activated.
[    0.059970] CPU features: detected: 32-bit EL0 Support
[    0.060471] CPU features: detected: Data cache clean to the PoU not required for I/D coherence
[    0.061288] CPU features: detected: Common not Private translations
[    0.061882] CPU features: detected: CRC32 instructions
[    0.062370] CPU features: detected: Data cache clean to Point of Persistence
[    0.063041] CPU features: detected: RCpc load-acquire (LDAPR)
[    0.063586] CPU features: detected: LSE atomic instructions
[    0.064116] CPU features: detected: Privileged Access Never
[    0.064655] CPU features: detected: RAS Extension Support
[    0.065173] CPU features: detected: Speculative Store Bypassing Safe (SSBS)
[    0.066080] CPU: All CPU(s) started at EL2
[    0.066477] alternatives: applying system-wide alternatives
[    0.075076] devtmpfs: initialized
[    0.085269] clocksource: jiffies: mask: 0xffffffff max_cycles: 0xffffffff, max_idle_ns: 7645041785100000 ns
[    0.086209] futex hash table entries: 2048 (order: 5, 131072 bytes, linear)
[    0.087395] pinctrl core: initialized pinctrl subsystem
[    0.089610] SMBIOS 3.0 present.
[    0.089918] DMI: Unknown Unknown Product/Unknown Product, BIOS 2024.01-rc5-gfcdc6dfa5a-dirty 01/01/2024
[    0.091160] NET: Registered PF_NETLINK/PF_ROUTE protocol family
[    0.092969] DMA: preallocated 1024 KiB GFP_KERNEL pool for atomic allocations
[    0.094203] DMA: preallocated 1024 KiB GFP_KERNEL|GFP_DMA pool for atomic allocations
[    0.095328] DMA: preallocated 1024 KiB GFP_KERNEL|GFP_DMA32 pool for atomic allocations
[    0.096114] audit: initializing netlink subsys (disabled)
[    0.096794] audit: type=2000 audit(0.088:1): state=initialized audit_enabled=0 res=1
[    0.097544] thermal_sys: Registered thermal governor 'fair_share'
[    0.097549] thermal_sys: Registered thermal governor 'bang_bang'
[    0.098122] thermal_sys: Registered thermal governor 'step_wise'
[    0.098685] thermal_sys: Registered thermal governor 'user_space'
[    0.099248] thermal_sys: Registered thermal governor 'power_allocator'
[    0.099846] cpuidle: using governor ladder
[    0.100865] cpuidle: using governor menu
[    0.101333] hw-breakpoint: found 6 breakpoint and 4 watchpoint registers.
[    0.102144] ASID allocator initialised with 32768 entries
[    0.103774] Serial: AMBA PL011 UART driver
[    0.124273] Modules: 2G module region forced by RANDOMIZE_MODULE_REGION_FULL
[    0.124946] Modules: 0 pages in range for non-PLT usage
[    0.124949] Modules: 510272 pages in range for PLT usage
[    0.126321] HugeTLB: registered 1.00 GiB page size, pre-allocated 0 pages
[    0.127458] HugeTLB: 0 KiB vmemmap can be freed for a 1.00 GiB page
[    0.128048] HugeTLB: registered 32.0 MiB page size, pre-allocated 0 pages
[    0.128685] HugeTLB: 0 KiB vmemmap can be freed for a 32.0 MiB page
[    0.129282] HugeTLB: registered 2.00 MiB page size, pre-allocated 0 pages
[    0.129920] HugeTLB: 0 KiB vmemmap can be freed for a 2.00 MiB page
[    0.130509] HugeTLB: registered 64.0 KiB page size, pre-allocated 0 pages
[    0.131145] HugeTLB: 0 KiB vmemmap can be freed for a 64.0 KiB page
[    0.133711] ACPI: Interpreter disabled.
[    0.135183] iommu: Default domain type: Translated
[    0.135636] iommu: DMA domain TLB invalidation policy: strict mode
[    0.136721] SCSI subsystem initialized
[    0.137316] usbcore: registered new interface driver usbfs
[    0.137844] usbcore: registered new interface driver hub
[    0.138359] usbcore: registered new device driver usb
[    0.139062] pps_core: LinuxPPS API ver. 1 registered
[    0.139530] pps_core: Software ver. 5.3.6 - Copyright 2005-2007 Rodolfo Giometti <giometti@linux.it>
[    0.140393] PTP clock support registered
[    0.141054] EDAC MC: Ver: 3.0.0
[    0.141847] scmi_core: SCMI protocol bus registered
[    0.142695] efivars: Registered efivars operations
[    0.144308] NetLabel: Initializing
[    0.144631] NetLabel:  domain hash size = 128
[    0.145040] NetLabel:  protocols = UNLABELED CIPSOv4 CALIPSO
[    0.145634] NetLabel:  unlabeled traffic allowed by default
[    0.146376] mctp: management component transport protocol core
[    0.146924] NET: Registered PF_MCTP protocol family
[    0.147554] vgaarb: loaded
[    0.148212] clocksource: Switched to clocksource arch_sys_counter
[    0.193195] VFS: Disk quotas dquot_6.6.0
[    0.193600] VFS: Dquot-cache hash table entries: 512 (order 0, 4096 bytes)
[    0.194639] AppArmor: AppArmor Filesystem Enabled
[    0.195121] pnp: PnP ACPI: disabled
[    0.202681] NET: Registered PF_INET protocol family
[    0.203311] IP idents hash table entries: 131072 (order: 8, 1048576 bytes, linear)
[    0.208476] tcp_listen_portaddr_hash hash table entries: 4096 (order: 4, 65536 bytes, linear)
[    0.209369] Table-perturb hash table entries: 65536 (order: 6, 262144 bytes, linear)
[    0.210183] TCP established hash table entries: 65536 (order: 7, 524288 bytes, linear)
[    0.211641] TCP bind hash table entries: 65536 (order: 9, 2097152 bytes, linear)
[    0.214223] TCP: Hash tables configured (established 65536 bind 65536)
[    0.215004] MPTCP token hash table entries: 8192 (order: 5, 196608 bytes, linear)
[    0.215794] UDP hash table entries: 4096 (order: 5, 131072 bytes, linear)
[    0.216667] UDP-Lite hash table entries: 4096 (order: 5, 131072 bytes, linear)
[    0.217634] NET: Registered PF_UNIX/PF_LOCAL protocol family
[    0.218187] NET: Registered PF_XDP protocol family
[    0.218642] PCI: CLS 0 bytes, default 64
[    0.219163] Trying to unpack rootfs image as initramfs...
[    0.224384] kvm [1]: IPA Size Limit: 40 bits
[    0.224814] kvm [1]: GICv3: no GICV resource entry
[    0.225265] kvm [1]: disabling GICv2 emulation
[    0.225701] kvm [1]: GIC system register CPU interface enabled
[    0.226263] kvm [1]: vgic interrupt IRQ18
[    0.226670] kvm [1]: VHE mode initialized successfully
[    0.228171] Initialise system trusted keyrings
[    0.228629] Key type blacklist registered
[    0.229224] workingset: timestamp_bits=40 max_order=21 bucket_order=0
[    0.229870] zbud: loaded
[    0.230773] squashfs: version 4.0 (2009/01/31) Phillip Lougher
[    0.231731] fuse: init (API version 7.39)
[    0.232401] integrity: Platform Keyring initialized
[    0.232872] integrity: Machine keyring initialized
[    0.252338] jitterentropy: Initialization failed with host not compliant with requirements: 9
[    0.253141] Key type asymmetric registered
[    0.253526] Asymmetric key parser 'x509' registered
[    0.254028] Block layer SCSI generic (bsg) driver version 0.4 loaded (major 242)
[    0.254988] io scheduler mq-deadline registered
[    0.261215] shpchp: Standard Hot Plug PCI Controller Driver version: 0.4
[    0.277290] Serial: 8250/16550 driver, 32 ports, IRQ sharing enabled
[    0.285094] feb50000.serial: ttyS2 at MMIO 0xfeb50000 (irq = 26, base_baud = 1500000) is a 16550A
[    0.286059] printk: console [ttyS2] enabled
[    0.286059] printk: console [ttyS2] enabled
[    0.286818] printk: bootconsole [uart8250] disabled
[    0.286818] printk: bootconsole [uart8250] disabled
[    0.288709] SuperH (H)SCI(F) driver initialized
[    0.289686] msm_serial: driver initialized
[    0.296922] loop: module loaded
[    0.298801] tun: Universal TUN/TAP device driver, 1.6
[    0.300097] PPP generic driver version 2.4.2
[    0.301430] mousedev: PS/2 mouse device common for all mice
[    0.302470] i2c_dev: i2c /dev entries driver
[    0.304026] device-mapper: core: CONFIG_IMA_DISABLE_HTABLE is disabled. Duplicate IMA measurements will not be recorded in the IMA log.
[    0.305128] device-mapper: uevent: version 1.0.3
[    0.305713] device-mapper: ioctl: 4.48.0-ioctl (2023-03-01) initialised: dm-devel@redhat.com
[    0.307950] ledtrig-cpu: registered to indicate activity on CPUs
[    0.308760] scmi_protocol scmi_dev.1: Enabled polling mode TX channel - prot_id:16
[    0.310093] arm-scmi firmware:scmi: SCMI RAW Mode initialized for instance 0
[    0.310711] arm-scmi firmware:scmi: SCMI RAW Mode COEX enabled !
[    0.311291] arm-scmi firmware:scmi: SCMI Notifications - Core Enabled.
[    0.311897] arm-scmi firmware:scmi: SCMI Protocol v2.0 'rockchip:' Firmware version 0x0
[    0.318675] SMCCC: SOC_ID: ARCH_SOC_ID not implemented, skipping ....
[    0.321866] hw perfevents: enabled with armv8_cortex_a55 PMU driver, 7 counters available
[    0.323591] hw perfevents: enabled with armv8_cortex_a76 PMU driver, 7 counters available
[    0.324802] watchdog: Delayed init of the lockup detector failed: -19
[    0.325366] watchdog: Hard watchdog permanently disabled
[    0.326536] drop_monitor: Initializing network drop monitor service
[    0.372061] NET: Registered PF_INET6 protocol family
[    0.705072] Freeing initrd memory: 101720K
[    0.744164] Segment Routing with IPv6
[    0.744551] In-situ OAM (IOAM) with IPv6
[    0.744961] NET: Registered PF_PACKET protocol family
[    0.745832] Key type dns_resolver registered
[    0.750889] registered taskstats version 1
[    0.753030] Loading compiled-in X.509 certificates
[    0.755790] Loaded X.509 cert 'Build time autogenerated kernel key: 5cc52cdc086f55b317420bbda770f3d98816c38b'
[    0.758574] Loaded X.509 cert 'Canonical Ltd. Live Patch Signing: 14df34d1a87cf37625abec039ef2bf521249b969'
[    0.761324] Loaded X.509 cert 'Canonical Ltd. Kernel Module Signing: 88f752e560a1e0737e31163a466ad7b70a850c19'
[    0.762194] blacklist: Loading compiled-in revocation X.509 certificates
[    0.762827] Loaded X.509 cert 'Canonical Ltd. Secure Boot Signing: 61482aa2830d0ab2ad5af10b7250da9033ddcef0'
[    0.763719] Loaded X.509 cert 'Canonical Ltd. Secure Boot Signing (2017): 242ade75ac4a15e50d50c84b0d45ff3eae707a03'
[    0.764690] Loaded X.509 cert 'Canonical Ltd. Secure Boot Signing (ESM 2018): 365188c1d374d6b07c3c8f240f8ef722433d6a8b'
[    0.765668] Loaded X.509 cert 'Canonical Ltd. Secure Boot Signing (2019): c0746fd6c5da3ae827864651ad66ae47fe24b3e8'
[    0.766623] Loaded X.509 cert 'Canonical Ltd. Secure Boot Signing (2021 v1): a8d54bbb3825cfb94fa13c9f8a594a195c107b8d'
[    0.767585] Loaded X.509 cert 'Canonical Ltd. Secure Boot Signing (2021 v2): 4cf046892d6fd3c9a5b03f98d845f90851dc6a8c'
[    0.768553] Loaded X.509 cert 'Canonical Ltd. Secure Boot Signing (2021 v3): 100437bb6de6e469b581e61cd66bce3ef4ed53af'
[    0.769514] Loaded X.509 cert 'Canonical Ltd. Secure Boot Signing (Ubuntu Core 2019): c1d57b8f6b743f23ee41f4f7ee292f06eecadfb9'
[    0.781691] Key type .fscrypt registered
[    0.782037] Key type fscrypt-provisioning registered
[    0.826661] Key type encrypted registered
[    0.827029] AppArmor: AppArmor sha1 policy hashing enabled
[    0.827690] ima: secureboot mode disabled
[    0.828047] ima: No TPM chip found, activating TPM-bypass!
[    0.828561] Loading compiled-in module X.509 certificates
[    0.830988] Loaded X.509 cert 'Build time autogenerated kernel key: 5cc52cdc086f55b317420bbda770f3d98816c38b'
[    0.831853] ima: Allocated hash algorithm: sha256
[    0.832297] ima: No architecture policies found
[    0.832731] evm: Initialising EVM extended attributes:
[    0.833179] evm: security.selinux
[    0.833470] evm: security.SMACK64
[    0.833761] evm: security.SMACK64EXEC
[    0.834082] evm: security.SMACK64TRANSMUTE
[    0.834439] evm: security.SMACK64MMAP
[    0.834760] evm: security.apparmor
[    0.835059] evm: security.ima
[    0.835319] evm: security.capability
[    0.835632] evm: HMAC attrs: 0x1
[    0.873306] clk: Disabling unused clocks
[    0.874376] dw-apb-uart feb50000.serial: forbid DMA for kernel console
[    0.881146] Freeing unused kernel memory: 11968K
[    0.954825] Checked W+X mappings: passed, no W+X pages found
[    0.955340] Run /init as init process
Loading, please wait...
Starting systemd-udevd version 253.5-1ubuntu7
[    1.448231] sdhci: Secure Digital Host Controller Interface driver
[    1.448742] ahci-dwc fe210000.sata: supply ahci not found, using dummy regulator
[    1.448780] sdhci: Copyright(c) Pierre Ossman
[    1.450079] ahci-dwc fe210000.sata: supply phy not found, using dummy regulator
[    1.451867] sdhci-pltfm: SDHCI platform and OF driver helper
[    1.452314] platform fe210000.sata:sata-port@0: supply target not found, using dummy regulator
[    1.552236] mmc0: SDHCI controller on fe2e0000.mmc [fe2e0000.mmc] using ADMA
[    1.566566] gpio gpiochip0: Static allocation of GPIO base is deprecated, use dynamic allocation.
[    1.568099] ahci-dwc fe210000.sata: supply ahci not found, using dummy regulator
[    1.575739] ahci-dwc fe210000.sata: supply phy not found, using dummy regulator
[    1.576326] rockchip-gpio fd8a0000.gpio: probed /pinctrl/gpio@fd8a0000
[    1.577771] platform fe210000.sata:sata-port@0: supply target not found, using dummy regulator
[    1.587863] mmc0: new HS400 Enhanced strobe MMC card at address 0001
[    1.589379] rk_gmac-dwmac fe1b0000.ethernet: IRQ eth_lpi not found
[    1.590179] rk_gmac-dwmac fe1b0000.ethernet: supply phy not found, using dummy regulator
[    1.594572] gpio gpiochip1: Static allocation of GPIO base is deprecated, use dynamic allocation.
[    1.604647] rk_gmac-dwmac fe1b0000.ethernet: clock input or output? (output).
[    1.605281] rk_gmac-dwmac fe1b0000.ethernet: TX delay(0x43).
[    1.605504] ahci-dwc fe210000.sata: PMPn is limited up to 5 ports
[    1.605777] rk_gmac-dwmac fe1b0000.ethernet: RX delay(0x0).
[    1.606812] rk_gmac-dwmac fe1b0000.ethernet: integrated PHY? (no).
[    1.606838] ahci-dwc fe210000.sata: forcing port_map 0x0 -> 0x1
[    1.606845] rockchip-gpio fec20000.gpio: probed /pinctrl/gpio@fec20000
[    1.607038] gpio gpiochip2: Static allocation of GPIO base is deprecated, use dynamic allocation.
[    1.607276] rockchip-gpio fec30000.gpio: probed /pinctrl/gpio@fec30000
[    1.607395] gpio gpiochip3: Static allocation of GPIO base is deprecated, use dynamic allocation.
[    1.607867] ahci-dwc fe210000.sata: masking port_map 0x1 -> 0x1
[    1.607952] dma-pl330 fea10000.dma-controller: Loaded driver for PL330 DMAC-241330
[    1.607966] dma-pl330 fea10000.dma-controller: 	DBUFF-128x8bytes Num_Chans-8 Num_Peri-32 Num_Events-16
[    1.608690] rockchip-gpio fec40000.gpio: probed /pinctrl/gpio@fec40000
[    1.609244] ahci-dwc fe210000.sata: AHCI 0001.0300 32 slots 1 ports 6 Gbps 0x1 impl platform mode
[    1.609905] gpio gpiochip4: Static allocation of GPIO base is deprecated, use dynamic allocation.
[    1.610559] ahci-dwc fe210000.sata: flags: ncq sntf pm led clo only pmp fbs pio slum part ccc apst 
[    1.611270] rockchip-gpio fec50000.gpio: probed /pinctrl/gpio@fec50000
[    1.612380] rk_gmac-dwmac fe1b0000.ethernet: init for RGMII_RXID
[    1.613025] mmcblk0: mmc0:0001 TX2932 29.1 GiB
[    1.613556] rk_gmac-dwmac fe1b0000.ethernet: User ID: 0x30, Synopsys ID: 0x51
[    1.616837] dma-pl330 fea30000.dma-controller: Loaded driver for PL330 DMAC-241330
[    1.616923] rk_gmac-dwmac fe1b0000.ethernet: 	DWMAC4/5
[    1.617542] dma-pl330 fea30000.dma-controller: 	DBUFF-128x8bytes Num_Chans-8 Num_Peri-32 Num_Events-16
[    1.618200] rk_gmac-dwmac fe1b0000.ethernet: DMA HW capability register supported
[    1.620102] rk_gmac-dwmac fe1b0000.ethernet: RX Checksum Offload Engine supported
[    1.620758] rk_gmac-dwmac fe1b0000.ethernet: TX Checksum insertion supported
[    1.621373] rk_gmac-dwmac fe1b0000.ethernet: Wake-Up On Lan supported
[    1.623301] rk_gmac-dwmac fe1b0000.ethernet: TSO supported
[    1.623380] dma-pl330 fed10000.dma-controller: Loaded driver for PL330 DMAC-241330
[    1.623785] rk_gmac-dwmac fe1b0000.ethernet: Enable RX Mitigation via HW Watchdog Timer
[    1.624460] dma-pl330 fed10000.dma-controller: 	DBUFF-128x8bytes Num_Chans-8 Num_Peri-32 Num_Events-16
[    1.626011] rk_gmac-dwmac fe1b0000.ethernet: device MAC address 92:f4:b3:99:e2:2d
[    1.626692] rk_gmac-dwmac fe1b0000.ethernet: Enabled L3L4 Flow TC (entries=2)
[    1.627323] rk_gmac-dwmac fe1b0000.ethernet: Enabled RFS Flow TC (entries=10)
[    1.627950] rk_gmac-dwmac fe1b0000.ethernet: TSO feature enabled
[    1.628484] rk_gmac-dwmac fe1b0000.ethernet: SPH feature enabled
[    1.629012] rk_gmac-dwmac fe1b0000.ethernet: Using 32/32 bits DMA host/device width
[    1.642231]  mmcblk0: p1 p2 p3 p4 p5 p6 p7 p8
[    1.677247] scsi host0: ahci-dwc
[    1.690312] ata1: SATA max UDMA/133 mmio [mem 0xfe210000-0xfe210fff] port 0x100 irq 41
[    1.733733] mmcblk0boot0: mmc0:0001 TX2932 4.00 MiB
[    1.744418] mmcblk0boot1: mmc0:0001 TX2932 4.00 MiB
[    1.745674] spi spi2.0: Fixed dependency cycle(s) with /spi@feb20000/pmci@0/regulators/DCDC_REG7
[    1.746158] mmcblk0rpmb: mmc0:0001 TX2932 4.00 MiB, chardev (238:0)
[    1.746490] spi spi2.0: Fixed dependency cycle(s) with /spi@feb20000/pmci@0/pinctrl_rk806/dvs3-null-pins
[    1.748298] spi spi2.0: Fixed dependency cycle(s) with /spi@feb20000/pmci@0/pinctrl_rk806/dvs2-null-pins
[    1.749140] spi spi2.0: Fixed dependency cycle(s) with /spi@feb20000/pmci@0/pinctrl_rk806/dvs1-null-pins
[    1.759851] fan53555-regulator 0-0042: FAN53555 Option[10] Rev[1] Detected!
[    1.762155] fan53555-regulator 0-0043: FAN53555 Option[10] Rev[1] Detected!
[    1.772490] rtc-hym8563 1-0051: no valid clock/calendar values available
[    1.784045] rtc-hym8563 1-0051: registered as rtc0
[    1.785575] rtc-hym8563 1-0051: no valid clock/calendar values available
[    1.786166] rtc-hym8563 1-0051: hctosys: unable to read the hardware clock
[    1.810154] ohci-platform fc840000.usb: Generic Platform OHCI controller
[    1.810162] ehci-platform fc800000.usb: EHCI Host Controller
[    1.810186] ehci-platform fc800000.usb: new USB bus registered, assigned bus number 1
[    1.810791] ohci-platform fc840000.usb: new USB bus registered, assigned bus number 2
[    1.811376] ehci-platform fc800000.usb: irq 51, io mem 0xfc800000
[    1.812132] ohci-platform fc840000.usb: irq 50, io mem 0xfc840000
[    1.815820] ehci-platform fc880000.usb: EHCI Host Controller
[    1.815850] ohci-platform fc8c0000.usb: Generic Platform OHCI controller
[    1.816342] ehci-platform fc880000.usb: new USB bus registered, assigned bus number 3
[    1.816448] ehci-platform fc880000.usb: irq 53, io mem 0xfc880000
[    1.816968] ohci-platform fc8c0000.usb: new USB bus registered, assigned bus number 4
[    1.818997] ohci-platform fc8c0000.usb: irq 52, io mem 0xfc8c0000
[    1.832406] ehci-platform fc800000.usb: USB 2.0 started, EHCI 1.00
[    1.833250] usb usb1: New USB device found, idVendor=1d6b, idProduct=0002, bcdDevice= 6.06
[    1.833980] usb usb1: New USB device strings: Mfr=3, Product=2, SerialNumber=1
[    1.834614] usb usb1: Product: EHCI Host Controller
[    1.835041] usb usb1: Manufacturer: Linux 6.6.0-14-generic ehci_hcd
[    1.835588] usb usb1: SerialNumber: fc800000.usb
[    1.838313] hub 1-0:1.0: USB hub found
[    1.838678] hub 1-0:1.0: 1 port detected
[    1.852256] ehci-platform fc880000.usb: USB 2.0 started, EHCI 1.00
[    1.853693] usb usb3: New USB device found, idVendor=1d6b, idProduct=0002, bcdDevice= 6.06
[    1.854438] usb usb3: New USB device strings: Mfr=3, Product=2, SerialNumber=1
[    1.855079] usb usb3: Product: EHCI Host Controller
[    1.855515] usb usb3: Manufacturer: Linux 6.6.0-14-generic ehci_hcd
[    1.856072] usb usb3: SerialNumber: fc880000.usb
[    1.857513] hub 3-0:1.0: USB hub found
[    1.858048] hub 3-0:1.0: 1 port detected
[    1.877215] usb usb2: New USB device found, idVendor=1d6b, idProduct=0001, bcdDevice= 6.06
[    1.877979] usb usb2: New USB device strings: Mfr=3, Product=2, SerialNumber=1
[    1.878622] usb usb2: Product: Generic Platform OHCI controller
[    1.879152] usb usb2: Manufacturer: Linux 6.6.0-14-generic ohci_hcd
[    1.879709] usb usb2: SerialNumber: fc840000.usb
[    1.881074] hub 2-0:1.0: USB hub found
[    1.881439] hub 2-0:1.0: 1 port detected
[    1.882292] usb usb4: New USB device found, idVendor=1d6b, idProduct=0001, bcdDevice= 6.06
[    1.883057] usb usb4: New USB device strings: Mfr=3, Product=2, SerialNumber=1
[    1.883723] usb usb4: Product: Generic Platform OHCI controller
[    1.884279] usb usb4: Manufacturer: Linux 6.6.0-14-generic ohci_hcd
[    1.884838] usb usb4: SerialNumber: fc8c0000.usb
[    1.885988] hub 4-0:1.0: USB hub found
[    1.886401] hub 4-0:1.0: 1 port detected
[    2.003561] ata1: SATA link down (SStatus 0 SControl 300)
[    2.024102] rk808-regulator rk808-regulator.2.auto: there is no dvs0 gpio
[    2.024775] rk808-regulator rk808-regulator.2.auto: there is no dvs1 gpio
[    2.100398] usb 1-1: new high-speed USB device number 2 using ehci-platform
[    2.116317] usb 3-1: new high-speed USB device number 2 using ehci-platform
[    2.259776] usb 1-1: New USB device found, idVendor=3535, idProduct=5678, bcdDevice= 2.00
[    2.260516] usb 1-1: New USB device strings: Mfr=1, Product=2, SerialNumber=3
[    2.261142] usb 1-1: Product: U268
[    2.261441] usb 1-1: Manufacturer: aigo
[    2.261778] usb 1-1: SerialNumber: 7364981145844156463
[    2.273766] usb-storage 1-1:1.0: USB Mass Storage device detected
[    2.275433] scsi host1: usb-storage 1-1:1.0
[    2.276331] usbcore: registered new interface driver usb-storage
[    2.278906] usb 3-1: New USB device found, idVendor=067b, idProduct=2731, bcdDevice= 1.00
[    2.279628] usb 3-1: New USB device strings: Mfr=1, Product=2, SerialNumber=3
[    2.280263] usb 3-1: Product: USB SD Card Reader     
[    2.280706] usb 3-1: Manufacturer: Prolific Technology Inc.
[    2.281193] usb 3-1: SerialNumber: ABCDEF0123456789AB
[    2.282102] usb-storage 3-1:1.0: USB Mass Storage device detected
[    2.283306] scsi host2: usb-storage 3-1:1.0
[    2.285036] usbcore: registered new interface driver uas
[    3.301982] scsi 1:0:0:0: Direct-Access     aigo     U268             2.00 PQ: 0 ANSI: 4
[    3.303426] sd 1:0:0:0: Attached scsi generic sg0 type 0
[    3.304874] sd 1:0:0:0: [sda] 30720000 512-byte logical blocks: (15.7 GB/14.6 GiB)
[    3.306617] sd 1:0:0:0: [sda] Write Protect is off
[    3.308127] sd 1:0:0:0: [sda] No Caching mode page found
[    3.308612] sd 1:0:0:0: [sda] Assuming drive cache: write through
[    3.316171]  sda: sda1 sda2 sda3
[    3.318044] sd 1:0:0:0: [sda] Attached SCSI removable disk
Begin: Loading essential drivers ... [    3.975341] scsi 2:0:0:0: Direct-Access              SD Card Reader   1.00 PQ: 0 ANSI: 6
[    3.977477] sd 2:0:0:0: Attached scsi generic sg1 type 0
[    3.978857] sd 2:0:0:0: [sdb] 31116288 512-byte logical blocks: (15.9 GB/14.8 GiB)
[    3.980410] sd 2:0:0:0: [sdb] Write Protect is off
[    3.981763] sd 2:0:0:0: [sdb] No Caching mode page found
[    3.982231] sd 2:0:0:0: [sdb] Assuming drive cache: write through
[    3.992112] sd 2:0:0:0: [sdb] Attached SCSI removable disk
[    4.140368] raid6: neonx8   gen()  1503 MB/s
[    4.208377] raid6: neonx4   gen()  1502 MB/s
[    4.276372] raid6: neonx2   gen()  1463 MB/s
[    4.344373] raid6: neonx1   gen()  1270 MB/s
[    4.412374] raid6: int64x8  gen()   917 MB/s
[    4.480366] raid6: int64x4  gen()  1079 MB/s
[    4.548371] raid6: int64x2  gen()  1007 MB/s
[    4.616373] raid6: int64x1  gen()   789 MB/s
[    4.616758] raid6: using algorithm neonx8 gen() 1503 MB/s
[    4.684373] raid6: .... xor() 1132 MB/s, rmw enabled
[    4.684819] raid6: using neon recovery algorithm
[    4.691336] xor: measuring software checksum speed
[    4.693603]    8regs           :  5422 MB/sec
[    4.695819]    32regs          :  5370 MB/sec
[    4.697625]    arm64_neon      :  6956 MB/sec
[    4.698007] xor: using function: arm64_neon (6956 MB/sec)
[    4.701810] async_tx: api initialized (async)
done.
Begin: Running /scripts/init-premount ... done.
Begin: Mounting root file system ... Begin: Running /scripts/nfs-top ... done.
Begin: Running /scripts/nfs-premount ... done.
[    5.033934] EXT4-fs (dm-0): orphan cleanup on readonly fs
[    5.035760] EXT4-fs (dm-0): mounted filesystem ce9cbff4-a1c3-4ac3-961e-9bdd18c3d611 ro with ordered data mode. Quota mode: none.
[    5.039685] evict_inodes inode 00000000dce6a6ea, i_count = 1, was skipped!
[    5.040340] evict_inodes inode 000000000038b6ef, i_count = 1, was skipped!
[    5.041121] EXT4-fs (dm-0): unmounting filesystem ce9cbff4-a1c3-4ac3-961e-9bdd18c3d611.
[    5.367698] EXT4-fs (mmcblk0p3): mounting ext2 file system using the ext4 subsystem
[    5.370796] EXT4-fs (mmcblk0p3): mounted filesystem 00000000-0000-0000-0000-000000000000 ro without journal. Quota mode: none.
[    5.373984] evict_inodes inode 000000002f5e44b1, i_count = 1, was skipped!
[    5.374768] EXT4-fs (mmcblk0p3): unmounting filesystem 00000000-0000-0000-0000-000000000000.
[    5.521058] evict_inodes inode 0000000031e5e097, i_count = 1, was skipped!
[    5.521691] evict_inodes inode 000000005aea3e03, i_count = 1, was skipped!
[    5.598533] evict_inodes inode 0000000031e5e097, i_count = 1, was skipped!
[    5.599166] evict_inodes inode 000000005aea3e03, i_count = 1, was skipped!
[    5.682407] EXT4-fs (mmcblk0p7): orphan cleanup on readonly fs
[    5.683300] EXT4-fs (mmcblk0p7): mounted filesystem 27dd846c-dab2-4de4-9b67-70b0b97b2170 ro with ordered data mode. Quota mode: none.
[    5.687083] evict_inodes inode 00000000c780b8e8, i_count = 1, was skipped!
[    5.687704] evict_inodes inode 000000003b4f8326, i_count = 1, was skipped!
[    5.688511] EXT4-fs (mmcblk0p7): unmounting filesystem 27dd846c-dab2-4de4-9b67-70b0b97b2170.
Begin: Running /scripts/casper-premount ... done.
done.
[    6.427091] loop0: detected capacity change from 0 to 284904
[    6.488272] loop1: detected capacity change from 0 to 721032
[    6.559235] loop2: detected capacity change from 0 to 857912
[    6.628694] loop3: detected capacity change from 0 to 332760
[    6.669561] overlayfs: null uuid detected in lower fs '/', falling back to xino=off,index=off,nfs_export=off.
[   12.517149] platform adc-keys: deferred probe pending
[   13.016672] EXT4-fs (sda3): recovery complete
[   13.020342] EXT4-fs (sda3): mounted filesystem f87df0d3-1a82-4648-b9fa-0b563ca74fa8 r/w with ordered data mode. Quota mode: none.
done.
Begin: Creating debconf-communicate fifo mechanism ... done.
Begin: Running /scripts/casper-bottom ... Begin: Moving mount points... ... done.
Begin: Configuring fstab... ... done.
Begin: Setting up locales... ... done.
Begin: Setting up automatic login... ... done.
Begin: Setting hostname... ... done.
Begin: Setting up console keyboard... ... done.
Begin: Applying desktop settings... ... done.
Begin: Regenerating SSL certificate... ... done.
Begin: Loading preseed file... ... done.
Begin: Adding live session user... ... passwd: password changed.
done.
Begin: Setting up init... ... done.
Begin: Configuring accessibility options... ... done.
Begin: Disabling update-notifier... ... done.
Begin: Enabling detection of crashes... ... done.
Begin: Disabling unnecessary KDE services... ... done.
Begin: Disabling the lock screen for LXQt (LP: #2000787)... ... done.
Begin: Adding APT-CDROM source... ... Using CD-ROM mount point /cdrom/
Identifying... [a003e873732998c4c98648d621fa0a7b-2]
Scanning disc for index files...
Found 2 package indexes, 0 source indexes, 0 translation indexes and 1 signatures
Found label 'Ubuntu-Server 24.04 LTS _Noble Numbat_ - Daily arm64 (20240125)'
This disc is called: 
'Ubuntu-Server 24.04 LTS _Noble Numbat_ - Daily arm64 (20240125)'
Copying package lists...gpgv: Signature made Thu Jan 25 08:15:11 2024 UTC
gpgv:                using RSA key 843938DF228D22F7B3742BC0D94AA3F0EFE21092
gpgv: key D94AA3F0EFE21092 was created 15471 days in the future (time warp or clock problem)
gpgv: key D94AA3F0EFE21092 was created 15471 days in the future (time warp or clock problem)
gpgv: key D94AA3F0EFE21092 was created 15471 days in the future (time warp or clock problem)
gpgv: Good signature from "Ubuntu CD Image Automatic Signing Key (2012) <cdimage@ubuntu.com>"
Reading Package Indexes... 0%Reading Package Indexes... Done
Writing new source list
Source list entries for this disc are:
deb cdrom:[Ubuntu-Server 24.04 LTS _Noble Numbat_ - Daily arm64 (20240125)]/ noble main restricted
Repeat this process for the rest of the CDs in your set.
done.
Begin: Possibly disabling update-initramfs (useless on a live CD)... ... done.
Begin: Grant administrative PolicyKit privileges to default user... ... done.
Begin: Configuring jackd2... ... done.
Begin: Disabling gnome-initial-setup... ... chown: warning: '.' should be ':': 'ubuntu-server.ubuntu-server'
done.
Begin: Disabling security unattended-upgrades... ... done.
Begin: Disabling snap refresh... ... done.
Begin: Overriding 71-nvidia.rules... ... done.
Begin: Configuring pollinate... ... done.
Begin: Setting up networking for ubuntu-server... ... done.
Begin: Disabling ibus-mozc auto setup... ... chown: warning: '.' should be ':': 'ubuntu-server.ubuntu-server'
done.
Begin: Set up the installer log directory for adm users... ... done.
Begin: Tweaks for the desktop image... ... done.
done.
Begin: Running /scripts/nfs-bottom ... done.
Begin: Running /scripts/init-bottom ... [   27.356476] loop4: detected capacity change from 0 to 284904
[   27.363429] loop5: detected capacity change from 0 to 721032
[   27.370125] overlayfs: "xino" feature enabled using 32 upper inode bits.
done.
[   31.693891] systemd[1]: System time before build time, advancing clock.
[   31.858290] systemd[1]: Inserted module 'autofs4'
[   32.109923] systemd[1]: systemd 253.5-1ubuntu7 running in system mode (+PAM +AUDIT +SELINUX +APPARMOR +IMA +SMACK +SECCOMP +GCRYPT -GNUTLS +OPENSSL +ACL +BLKID +CURL +ELFUTILS +FIDO2 +IDN2 -IDN +IPTC +KMOD +LIBCRYPTSETUP +LIBFDISK +PCRE2 -PWQUALITY +P11KIT +QRENCODE +TPM2 +BZIP2 +LZ4 +XZ +ZLIB +ZSTD -BPF_FRAMEWORK -XKBCOMMON +UTMP +SYSVINIT default-hierarchy=unified)
[   32.112787] systemd[1]: Detected architecture arm64.

Welcome to Ubuntu Noble Numbat (development branch)!

[   32.126324] systemd[1]: Hostname set to <ubuntu-server>.
[   32.144797] systemd[1]: Initializing machine ID from random generator.
[   32.212651] systemd[1]: memfd_create() called without MFD_EXEC or MFD_NOEXEC_SEAL set
[   33.722836] systemd[1]: /lib/systemd/system/rsyslog.service:24: Failed to parse protect home value, ignoring: readonly
[   33.860169] systemd[1]: Queued start job for default target graphical.target.
[   33.878784] systemd[1]: Created slice system-modprobe.slice - Slice /system/modprobe.
[  OK  ] Created slice system-modprвlice - Slice /system/modprobe.
[   33.893343] systemd[1]: Created slice system-serial\x2dgetty.slice - Slice /system/serial-getty.
[  OK  ] Created slice system-seriaв - Slice /system/serial-getty.
[   33.905061] systemd[1]: Created slice user.slice - User and Session Slice.
[  OK  ] Created slice user.slice - User and Session Slice.
[   33.916669] systemd[1]: Started systemd-ask-password-wall.path - Forward Password Requests to Wall Directory Watch.
[  OK  ] Started systemd-ask-passwoв Requests to Wall Directory Watch.
[   33.928970] systemd[1]: Set up automount proc-sys-fs-binfmt_misc.automount - Arbitrary Executable File Formats File System Automount Point.
[  OK  ] Set up automount proc-sys-вrmats File System Automount Point.
[   33.940607] systemd[1]: Reached target integritysetup.target - Local Integrity Protected Volumes.
[  OK  ] Reached target integrityseвLocal Integrity Protected Volumes.
[   33.952568] systemd[1]: Reached target slices.target - Slice Units.
[  OK  ] Reached target slices.target - Slice Units.
[   33.964493] systemd[1]: Reached target snapd.mounts-pre.target - Mounting snaps.
[  OK  ] Reached target snapd.mounts-pre.target - Mounting snaps.
[   33.976497] systemd[1]: Reached target swap.target - Swaps.
[  OK  ] Reached target swap.target - Swaps.
[   33.977909] systemd[1]: Reached target veritysetup.target - Local Verity Protected Volumes.
[  OK  ] Reached target veritysetupв - Local Verity Protected Volumes.
[   33.988722] systemd[1]: Listening on dm-event.socket - Device-mapper event daemon FIFOs.
[  OK  ] Listening on dm-event.sockв Device-mapper event daemon FIFOs.
[   34.004143] systemd[1]: Listening on lvm2-lvmpolld.socket - LVM2 poll daemon socket.
[  OK  ] Listening on lvm2-lvmpolldвket - LVM2 poll daemon socket.
[   34.016776] systemd[1]: Listening on multipathd.socket - multipathd control socket.
[  OK  ] Listening on multipathd.soвt - multipathd control socket.
[   34.029636] systemd[1]: Listening on syslog.socket - Syslog Socket.
[  OK  ] Listening on syslog.socket - Syslog Socket.
[   34.040652] systemd[1]: Listening on systemd-initctl.socket - initctl Compatibility Named Pipe.
[  OK  ] Listening on systemd-initcв initctl Compatibility Named Pipe.
[   34.054951] systemd[1]: Listening on systemd-journald-dev-log.socket - Journal Socket (/dev/log).
[  OK  ] Listening on systemd-journвt - Journal Socket (/dev/log).
[   34.068775] systemd[1]: Listening on systemd-journald.socket - Journal Socket.
[  OK  ] Listening on systemd-journald.socket - Journal Socket.
[   34.080937] systemd[1]: Listening on systemd-networkd.socket - Network Service Netlink Socket.
[  OK  ] Listening on systemd-netwoв - Network Service Netlink Socket.
[   34.096356] systemd[1]: Listening on systemd-udevd-control.socket - udev Control Socket.
[  OK  ] Listening on systemd-udevdв.socket - udev Control Socket.
[   34.108672] systemd[1]: Listening on systemd-udevd-kernel.socket - udev Kernel Socket.
[  OK  ] Listening on systemd-udevdвl.socket - udev Kernel Socket.
[   34.132672] systemd[1]: Mounting dev-hugepages.mount - Huge Pages File System...
         Mounting dev-hugepages.mount - Huge Pages File System...
[   34.146805] systemd[1]: Mounting dev-mqueue.mount - POSIX Message Queue File System...
         Mounting dev-mqueue.mountPOSIX Message Queue File System...
[   34.158708] systemd[1]: Mounting sys-kernel-debug.mount - Kernel Debug File System...
         Mounting sys-kernel-debug.в - Kernel Debug File System...
[   34.170731] systemd[1]: Mounting sys-kernel-tracing.mount - Kernel Trace File System...
         Mounting sys-kernel-tracinв - Kernel Trace File System...
[   34.185004] systemd[1]: Starting systemd-journald.service - Journal Service...
         Starting systemd-journald.service - Journal Service...
[   34.199128] systemd[1]: Starting keyboard-setup.service - Set the console keyboard layout...
         Starting keyboard-setup.seвSet the console keyboard layout...
[   34.216292] systemd[1]: Starting kmod-static-nodes.service - Create List of Static Device Nodes...
         Starting kmod-static-nodesвate List of Static Device Nodes...
[   34.231095] systemd[1]: Starting lvm2-monitor.service - Monitoring of LVM2 mirrors, snapshots etc. using dmeventd or progress polling...
         Starting lvm2-monitor.servвng dmeventd or progress polling...
[   34.247395] systemd[1]: Starting modprobe@configfs.service - Load Kernel Module configfs...
         Starting modprobe@configfsвm - Load Kernel Module configfs...
[   34.263418] systemd[1]: Starting modprobe@dm_mod.service - Load Kernel Module dm_mod...
         Starting modprobe@dm_mod.sв[0m - Load Kernel Module dm_mod...
[   34.279233] systemd[1]: Starting modprobe@drm.service - Load Kernel Module drm...
         Starting modprobe@drm.service - Load Kernel Module drm...
[   34.299381] systemd[1]: Starting modprobe@efi_pstore.service - Load Kernel Module efi_pstore...
         Starting modprobe@efi_pstoв- Load Kernel Module efi_pstore...
[   34.319542] systemd[1]: Starting modprobe@fuse.service - Load Kernel Module fuse...
         Starting modprobe@fuse.serвe - Load Kernel Module fuse...
[   34.334611] systemd-journald[1067]: Collecting audit messages is disabled.
[   34.339661] systemd[1]: Starting modprobe@loop.service - Load Kernel Module loop...
         Starting modprobe@loop.serвe - Load Kernel Module loop...
[   34.385905] systemd[1]: netplan-ovs-cleanup.service - OpenVSwitch configuration for cleanup was skipped because of an unmet condition check (ConditionFileIsExecutable=/usr/bin/ovs-vsctl).
[   34.464782] systemd[1]: Starting systemd-modules-load.service - Load Kernel Modules...
         Starting systemd-modules-lвrvice - Load Kernel Modules...
[   34.476848] systemd[1]: systemd-pcrmachine.service - TPM2 PCR Machine ID Measurement was skipped because of an unmet condition check (ConditionPathExists=/sys/firmware/efi/efivars/StubPcrKernelImage-4a67b082-0a4c-41cf-b6c7-440b29bb8c4f).
[   34.485738] systemd[1]: Starting systemd-remount-fs.service - Remount Root and Kernel File Systems...
         Starting systemd-remount-fвnt Root and Kernel File Systems...
[   34.503547] systemd[1]: Starting systemd-udev-trigger.service - Coldplug All udev Devices...
         Starting systemd-udev-trigв[0m - Coldplug All udev Devices...
[   34.544156] systemd[1]: Started systemd-journald.service - Journal Service.
[  OK  ] Started systemd-journald.service - Journal Service.
[  OK  ] Mounted dev-hugepages.mount - Huge Pages File System.
[  OK  ] Mounted dev-mqueue.mount- POSIX Message Queue File System.
[  OK  ] Mounted sys-kernel-debug.mвnt - Kernel Debug File System.
[  OK  ] Mounted sys-kernel-tracingвnt - Kernel Trace File System.
[  OK  ] Finished keyboard-setup.seв- Set the console keyboard layout.
[  OK  ] Finished kmod-static-nodesвreate List of Static Device Nodes.
[  OK  ] Finished modprobe@configfsв[0m - Load Kernel Module configfs.
[  OK  ] Finished modprobe@dm_mod.sвe - Load Kernel Module dm_mod.
[  OK  ] Finished modprobe@drm.service - Load Kernel Module drm.
[  OK  ] Finished modprobe@efi_pstoвm - Load Kernel Module efi_pstore.
[  OK  ] Finished modprobe@fuse.service - Load Kernel Module fuse.
[  OK  ] Finished modprobe@loop.service - Load Kernel Module loop.
[  OK  ] Finished systemd-modules-lвservice - Load Kernel Modules.
[  OK  ] Finished systemd-remount-fвount Root and Kernel File Systems.
         Mounting sys-fs-fuse-conneв - FUSE Control File System...
         Mounting sys-kernel-configвernel Configuration File System...
         Starting multipathd.servicвper Multipath Device Controller...
         Starting systemd-journal-fвh Journal to Persistent Storage...
         Starting systemd-random-seв - Load/Save OS Random Seed...
[   34.873636] systemd-journald[1067]: Received client request to flush runtime journal.
         Starting systemd-sysctl.seвce - Apply Kernel Variables...
         Starting systemd-sysusers.вrvice - Create System Users...
[  OK  ] Mounted sys-fs-fuse-connecвnt - FUSE Control File System.
[  OK  ] Mounted sys-kernel-config.в Kernel Configuration File System.
[  OK  ] Finished systemd-journal-fвush Journal to Persistent Storage.
[  OK  ] Finished systemd-random-seвce - Load/Save OS Random Seed.
[  OK  ] Finished lvm2-monitor.servвsing dmeventd or progress polling.
[  OK  ] Finished systemd-sysctl.service - Apply Kernel Variables.
[  OK  ] Finished systemd-sysusers.service - Create System Users.
         Starting systemd-tmpfiles-вate Static Device Nodes in /dev...
[  OK  ] Finished systemd-udev-trigвe - Coldplug All udev Devices.
[  OK  ] Started multipathd.serviceвapper Multipath Device Controller.
[  OK  ] Finished systemd-tmpfiles-вreate Static Device Nodes in /dev.
[  OK  ] Reached target local-fs-prвreparation for Local File Systems.
         Mounting snap.mount - в directory shares mount events....
         Mounting tmp.mount - /tmp...
         Starting systemd-udevd.serвger for Device Events and Files...
[  OK  ] Mounted snap.mount - Eвap directory shares mount events..
[  OK  ] Mounted tmp.mount - /tmp.
         Mounting snap-core22-1035.в unit for core22, revision 1035...
         Mounting snap-lxd-26202.moвnt unit for lxd, revision 26202...
         Mounting snap-snapd-20674.в unit for snapd, revision 20674...
         Mounting snap-subiquity-54вit for subiquity, revision 5429...
[  OK  ] Mounted snap-core22-1035.mвnt unit for core22, revision 1035.
[  OK  ] Mounted snap-lxd-26202.mouвount unit for lxd, revision 26202.
[  OK  ] Mounted snap-snapd-20674.mвnt unit for snapd, revision 20674.
[  OK  ] Started systemd-udevd.servвnager for Device Events and Files.
[  OK  ] Mounted snap-subiquity-542вunit for subiquity, revision 5429.
[  OK  ] Reached target snapd.mounts.target - Mounted snaps.
[  OK  ] Reached target local-fs.target - Local File Systems.
         Starting console-setup.serвm - Set console font and keymap...
         Starting finalrd.serviceime dir for shutdown pivot root...
         Starting plymouth-read-wriвmouth To Write Out Runtime Data...
[  OK  ] Started systemd-ask-passwoвquests to Console Directory Watch.
[  OK  ] Reached target cryptsetup.вget - Local Encrypted Volumes.
         Starting snapd.apparmor.seвles managed internally by snapd...
         Starting systemd-binfmt.seвet Up Additional Binary Formats...
         Starting systemd-tmpfiles-в Volatile Files and Directories...
         Starting ufw.service - Uncomplicated firewall...
[  OK  ] Finished console-setup.serв[0m - Set console font and keymap.
[  OK  ] Finished finalrd.servicentime dir for shutdown pivot root.
[  OK  ] Found device dev-ttyS2.device - /dev/ttyS2.
[  OK  ] Finished plymouth-read-wriвlymouth To Write Out Runtime Data.
         Mounting proc-sys-fs-binfmвutable File Formats File System...
[  OK  ] Mounted proc-sys-fs-binfmtвecutable File Formats File System.
[  OK  ] Finished systemd-binfmt.seв Set Up Additional Binary Formats.
[  OK  ] Finished ufw.service - Uncomplicated firewall.
[  OK  ] Listening on systemd-rfkilвl Switch Status /dev/rfkill Watch.
[  OK  ] Finished systemd-tmpfiles-вte Volatile Files and Directories.
         Starting systemd-resolved.вe - Network Name Resolution...
         Starting systemd-timesyncdв - Network Time Synchronization...
         Starting systemd-update-utвrd System Boot/Shutdown in UTMP...
         Starting cloud-init-local.вcloud-init job (pre-networking)...
[  OK  ] Finished systemd-update-utвcord System Boot/Shutdown in UTMP.
[  OK  ] Started systemd-timesyncd.в0m - Network Time Synchronization.
[  OK  ] Reached target time-set.target - System Time Set.
[  OK  ] Started systemd-resolved.sвice - Network Name Resolution.
[  OK  ] Reached target nss-lookup.вm - Host and Network Name Lookups.
[  OK  ] Finished snapd.apparmor.seвfiles managed internally by snapd.
[  OK  ] Finished cloud-init-local.вl cloud-init job (pre-networking).
[  OK  ] Reached target network-preвget - Preparation for Network.
         Starting systemd-networkd.вice - Network Configuration...
[  OK  ] Started systemd-networkd.service - Network Configuration.
[  OK  ] Reached target network.target - Network.
         Starting systemd-networkd-вit for Network to be Configured...
[  OK  ] Finished systemd-networkd-вWait for Network to be Configured.
         Starting cloud-init.servicв job (metadata service crawler)...
[  OK  ] Finished cloud-init.servicвit job (metadata service crawler).
[  OK  ] Reached target cloud-confiвt - Cloud-config availability.
[  OK  ] Reached target network-online.target - Network is Online.
[  OK  ] Reached target sysinit.target - System Initialization.
[  OK  ] Started apt-daily.timer - Daily apt download activities.
[  OK  ] Started apt-daily-upgrade.в apt upgrade and clean activities.
[  OK  ] Started dpkg-db-backup.timв Daily dpkg database backup timer.
[  OK  ] Started e2scrub_all.timeretadata Check for All Filesystems.
[  OK  ] Started fstrim.timer -вsed filesystem blocks once a week.
[  OK  ] Started fwupd-refresh.timeв Refresh fwupd metadata regularly.
[  OK  ] Started logrotate.timer - Daily rotation of log files.
[  OK  ] Started man-db.timer - Daily man-db regeneration.
[  OK  ] Started motd-news.timer - Message of the Day.
[  OK  ] Started systemd-tmpfiles-cв Cleanup of Temporary Directories.
[  OK  ] Started update-notifier-doвat failed at package install time.
[  OK  ] Started update-notifier-moвa new version of Ubuntu available.
[  OK  ] Reached target paths.target - Path Units.
[  OK  ] Reached target timers.target - Timer Units.
[  OK  ] Listening on cloud-init-hoв - cloud-init hotplug hook socket.
[  OK  ] Listening on dbus.socket- D-Bus System Message Bus Socket.
[  OK  ] Listening on iscsid.socket - Open-iSCSI iscsid Socket.
         Starting snapd.socket вet activation for snappy daemon...
[  OK  ] Listening on ssh.socketpenBSD Secure Shell server socket.
[  OK  ] Listening on uuidd.socketm - UUID daemon activation socket.
[  OK  ] Reached target remote-fs-pвeparation for Remote File Systems.
[  OK  ] Reached target remote-fs.target - Remote File Systems.
[  OK  ] Finished blk-availability.вm - Availability of block devices.
[  OK  ] Listening on snapd.socketcket activation for snappy daemon.
[  OK  ] Reached target sockets.target - Socket Units.
[  OK  ] Reached target basic.target - Basic System.
         Starting apport.servicetomatic crash report generation...
[  OK  ] Started cron.service -вkground program processing daemon.
         Starting dbus.service - D-Bus System Message Bus...
[  OK  ] Started dmesg.service вnitial kernel messages after boot.
         Starting e2scrub_reap.servвe ext4 Metadata Check Snapshots...
[  OK  ] Started irqbalance.service - irqbalance daemon.
         Starting polkit.service - Authorization Manager...
         Starting pollinate.serviceв pseudo random number generator...
         Starting rsyslog.service - System Logging Service...
[  OK  ] Started snapd.aa-prompt-liвrspace listener for prompt events.
[  OK  ] Reached target getty-pre.target - Preparation for Logins.
         Starting snapd.service - Snap Daemon...
         Starting systemd-logind.seвice - User Login Management...
         Starting systemd-user-sessвvice - Permit User Sessions...
         Starting udisks2.service - Disk Manager...
[  OK  ] Started dbus.service - D-Bus System Message Bus.
[  OK  ] Finished e2scrub_reap.servвine ext4 Metadata Check Snapshots.
[  OK  ] Finished systemd-user-sessвervice - Permit User Sessions.
         Starting plymouth-quit-waiв until boot process finishes up...
         Starting plymouth-quit.serв Terminate Plymouth Boot Screen...
[  OK  ] Finished plymouth-quit-waiвld until boot process finishes up.
[  OK  ] Finished plymouth-quit.serв - Terminate Plymouth Boot Screen.
[  OK  ] Started serial-getty@ttyS2вinstaller for Ubuntu Server ttyS2.
[  OK  ] Reached target getty.target - Login Prompts.
         Starting setvtrgb.service - Set console scheme...
[  OK  ] Finished setvtrgb.service - Set console scheme.
[  OK  ] Started systemd-logind.service - User Login Management.
[  OK  ] Started unattended-upgradeв0m - Unattended Upgrades Shutdown.
[  OK  ] Started polkit.service - Authorization Manager.
         Starting ModemManager.service - Modem Manager...

Ubuntu Noble Numbat (development branch) ubuntu-server ttyS2


connecting...  -\| 
waiting for cloud-init...  -\|/-\|/-\|/-\|/-\|/-\|/-\|/-\|/-\|/-\|/-\|/-\|/-\|/-\ 
