
U-Boot TPL 2021.07-dirty (Aug 31 2023 - 14:44:18)
Channel 0: LPDDR3, 800MHz
BW=32 Col=10 Bk=8 CS0 Row=15 CS1 Row=15 CS=2 Die BW=16 Size=2048MB
Channel 1: LPDDR3, 800MHz
BW=32 Col=10 Bk=8 CS0 Row=15 CS1 Row=15 CS=2 Die BW=16 Size=2048MB
256B stride
Trying to boot from BOOTROM
Returning to boot ROM...

U-Boot SPL 2021.07-dirty (Aug 31 2023 - 14:44:18 +0800)
Trying to boot from MMC2


U-Boot 2021.07-dirty (Aug 31 2023 - 14:44:18 +0800)

SoC: Rockchip rk3399
Reset cause: POR
Model: Rockchip RK3399 Toybrick ProD Board
DRAM:  3.9 GiB
PMIC:  RK8090 (on=0x10, off=0x00)
MMC:   mmc@fe320000: 1, sdhci@fe330000: 0
Loading Environment from MMC... OK
In:    serial
Out:   serial
Err:   serial
Model: Rockchip RK3399 Toybrick ProD Board
Net:   
Warning: ethernet@fe300000 (eth0) using random MAC address - f6:a6:7a:0d:17:3c
eth0: ethernet@fe300000
Hit any key to stop autoboot:  2  1  0 
starting USB...
Bus usb@fe380000: USB EHCI 1.00
Bus usb@fe3c0000: USB EHCI 1.00
Bus dwc3: usb maximum-speed not found
Register 2000140 NbrPorts 2
Starting the controller
USB XHCI 1.10
scanning bus usb@fe380000 for devices... 2 USB Device(s) found
scanning bus usb@fe3c0000 for devices... 1 USB Device(s) found
scanning bus dwc3 for devices... 4 USB Device(s) found
       scanning usb for storage devices... 1 Storage Device(s) found

Device 0: Vendor: aigo     Rev: 2.00 Prod: U268            
            Type: Removable Hard Disk
            Capacity: 15000.0 MB = 14.6 GB (30720000 x 512)
... is now current device
Scanning usb 0:1...
libfdt fdt_check_header(): FDT_ERR_BADMAGIC
Card did not respond to voltage select! : -110
Scanning disk mmc@fe320000.blk...
Disk mmc@fe320000.blk not ready
Scanning disk sdhci@fe330000.blk...
** Unrecognized filesystem type **
** Unrecognized filesystem type **
Scanning disk usb_mass_storage.lun0...
Found 8 disks
No EFI system partition
MMC support not available!
DFU entities configuration failed!
(partition table does not match dfu_alt_info?)
Probably dfu_alt_info not defined
BootOrder not defined
EFI boot manager: Cannot load any image
Found EFI removable media binary efi/boot/bootaa64.efi
906752 bytes read in 44 ms (19.7 MiB/s)
libfdt fdt_check_header(): FDT_ERR_BADMAGIC
Booting /efi\boot\bootaa64.efi
Welcome to GRUB!

ethernet@fe300000 Waiting for PHY auto negotiation to complete......... TIMEOUT !
Could not initialize PHY ethernet@fe300000
error: no such device: ((hd0,gpt1)/efi/boot)/EFI/BOOT/grub.cfg.
error: serial port `com0' isn't found.
GNU GRUB  version 2.06

┌───────────────────────────────────────────────────────────────────────────────────────────────────────────────────────────────────────────────────────────────────────────────────────────────────────┐││││││││││││││││││││││││││││││││││││││││││││││││││││││││││││││││││││││││││││││││└───────────────────────────────────────────────────────────────────────────────────────────────────────────────────────────────────────────────────────────────────────────────────────────────────────┘     Use the ▲ and ▼ keys to select which entry is highlighted.                                                                                                                                     
      Press enter to boot the selected OS, `e' to edit the commands before booting or `c' for a command-line.                                                                                          Linux Boot                                                                                                                                                                                            *bbr/bsa                                                                                                                                                                                                SCT for Security Interface Extension (optional)                                                                                                                                                        Linux Boot for Security Interface Extension (optional)                                                                                                                                                                                                                                                                                                                                                                                                                                                                                                                                                                                                                                                                                                                                                                                                                                                                                                                                                                                                                                                                                                                                                                                                                                                                                                                                                                                                                                                                                                                                                                                                                                                                                                                                                                                                                                                                                                                                                                                                                                                                                                                                                                                                                                                                                                                                                                                                                                                                                                                                                                                                                                                                                                                                                                                                                                                                                                                                                                                                                                                                                                                                                                                                                                                                                                                                                                                                                                                                                                                                                                                                                                                                                                                                                                                                                                                                                                                                                                                                                                                                                                                                                                                                                                                                                                                                                                                                                                                                                                                                                                                                                                                                                                                                                                                                                                                                                                                                                                                                                                                                                                                                                                                                                                                                                                                                                                                                                                                                                                                                                                                                                                                                                                                                                                                                                                                                                                                                                                                                                                                                                                                                                                                                                                                                                                                                                                                                                                                                                                                                                                                                                                                                                                                                                                                                                                                                                                                                                                                                                                                                                                                                                                                                                                                                                                                                                                                                                                                                                                                                                                                                                The highlighted entry will be executed automatically in 10s.                                                                                                                                                                                                                                                                                                                                                                                                                                                                                                                                                                bbr/bsa                                                                                                                                                                                               *SCT for Security Interface Extension (optional)                                                                                                                                                        SCT for Security Interface Extension (optional)                                                                                                                                                       *bbr/bsa                                                                                                                                                                                                bbr/bsa                                                                                                                                                                                               *Linux Boot                                                                                                                                                                                            EFI stub: Booting Linux Kernel...
EFI stub: ERROR: FIRMWARE BUG: kernel image not aligned on 64k boundary
EFI stub: Using DTB from configuration table
EFI stub: Exiting boot services...
[    0.000000] Booting Linux on physical CPU 0x0000000000 [0x410fd034]
[    0.000000] Linux version 6.0.0-yocto-standard (oe-user@oe-host) (aarch64-oe-linux-gcc (GCC) 12.2.0, GNU ld (GNU Binutils) 2.39.0.20220819) #1 SMP PREEMPT Sun Oct 2 21:09:07 UTC 2022
[    0.000000] Machine model: Rockchip RK3399 Toybrick ProD Board
[    0.000000] efi: EFI v2.80 by Das U-Boot
[    0.000000] efi: ESRT=0xf4ed1040 RTPROP=0xf4ecf040 SMBIOS=0xf4ecb000 RNG=0xb33ca040 MEMRESERVE=0xb33c9040 
[    0.000000] efi: seeding entropy pool
[    0.000000] random: crng init done
[    0.000000] esrt: Reserving ESRT space from 0x00000000f4ed1040 to 0x00000000f4ed1050.
[    0.000000] NUMA: No NUMA configuration found
[    0.000000] NUMA: Faking a node at [mem 0x0000000000200000-0x00000000f7ffffff]
[    0.000000] NUMA: NODE_DATA [mem 0xf77d6b40-0xf77d8fff]
[    0.000000] Zone ranges:
[    0.000000]   DMA      [mem 0x0000000000200000-0x00000000f7ffffff]
[    0.000000]   DMA32    empty
[    0.000000]   Normal   empty
[    0.000000] Movable zone start for each node
[    0.000000] Early memory node ranges
[    0.000000]   node   0: [mem 0x0000000000200000-0x00000000b33c9fff]
[    0.000000]   node   0: [mem 0x00000000b33ca000-0x00000000b33cafff]
[    0.000000]   node   0: [mem 0x00000000b33cb000-0x00000000f4de1fff]
[    0.000000]   node   0: [mem 0x00000000f4de2000-0x00000000f4de3fff]
[    0.000000]   node   0: [mem 0x00000000f4de4000-0x00000000f4ec2fff]
[    0.000000]   node   0: [mem 0x00000000f4ec3000-0x00000000f4ec9fff]
[    0.000000]   node   0: [mem 0x00000000f4eca000-0x00000000f4ecafff]
[    0.000000]   node   0: [mem 0x00000000f4ecb000-0x00000000f4ecbfff]
[    0.000000]   node   0: [mem 0x00000000f4ecc000-0x00000000f4ecdfff]
[    0.000000]   node   0: [mem 0x00000000f4ece000-0x00000000f4ecffff]
[    0.000000]   node   0: [mem 0x00000000f4ed0000-0x00000000f4ed1fff]
[    0.000000]   node   0: [mem 0x00000000f4ed2000-0x00000000f4ed3fff]
[    0.000000]   node   0: [mem 0x00000000f4ed4000-0x00000000f4ed4fff]
[    0.000000]   node   0: [mem 0x00000000f4ed5000-0x00000000f4ed9fff]
[    0.000000]   node   0: [mem 0x00000000f4eda000-0x00000000f4edafff]
[    0.000000]   node   0: [mem 0x00000000f4edb000-0x00000000f4edbfff]
[    0.000000]   node   0: [mem 0x00000000f4edc000-0x00000000f4eddfff]
[    0.000000]   node   0: [mem 0x00000000f4ede000-0x00000000f4edffff]
[    0.000000]   node   0: [mem 0x00000000f4ee0000-0x00000000f4ee0fff]
[    0.000000]   node   0: [mem 0x00000000f4ee1000-0x00000000f4ee1fff]
[    0.000000]   node   0: [mem 0x00000000f4ee2000-0x00000000f4ee2fff]
[    0.000000]   node   0: [mem 0x00000000f4ee3000-0x00000000f4ee3fff]
[    0.000000]   node   0: [mem 0x00000000f4ee4000-0x00000000f4ee4fff]
[    0.000000]   node   0: [mem 0x00000000f4ee5000-0x00000000f4ee5fff]
[    0.000000]   node   0: [mem 0x00000000f4ee6000-0x00000000f4ee7fff]
[    0.000000]   node   0: [mem 0x00000000f4ee8000-0x00000000f4ee8fff]
[    0.000000]   node   0: [mem 0x00000000f4ee9000-0x00000000f7efffff]
[    0.000000]   node   0: [mem 0x00000000f7f00000-0x00000000f7f0ffff]
[    0.000000]   node   0: [mem 0x00000000f7f10000-0x00000000f7ffffff]
[    0.000000] Initmem setup node 0 [mem 0x0000000000200000-0x00000000f7ffffff]
[    0.000000] On node 0, zone DMA: 512 pages in unavailable ranges
[    0.000000] cma: Reserved 32 MiB at 0x00000000f5600000
[    0.000000] psci: probing for conduit method from DT.
[    0.000000] psci: PSCIv1.1 detected in firmware.
[    0.000000] psci: Using standard PSCI v0.2 function IDs
[    0.000000] psci: MIGRATE_INFO_TYPE not supported.
[    0.000000] psci: SMC Calling Convention v1.2
[    0.000000] percpu: Embedded 20 pages/cpu s44584 r8192 d29144 u81920
[    0.000000] Detected VIPT I-cache on CPU0
[    0.000000] CPU features: detected: GIC system register CPU interface
[    0.000000] CPU features: kernel page table isolation forced ON by KASLR
[    0.000000] CPU features: detected: Kernel page table isolation (KPTI)
[    0.000000] CPU features: detected: ARM erratum 845719
[    0.000000] Fallback order for Node 0: 0 
[    0.000000] Built 1 zonelists, mobility grouping on.  Total pages: 999432
[    0.000000] Policy zone: DMA
[    0.000000] Kernel command line: BOOT_IMAGE=/Image root=PARTUUID=2556b0bf-bca5-4826-baf1-3164626f2ade rootwait rootfstype=ext4
[    0.000000] Unknown kernel command line parameters "BOOT_IMAGE=/Image", will be passed to user space.
[    0.000000] Dentry cache hash table entries: 524288 (order: 10, 4194304 bytes, linear)
[    0.000000] Inode-cache hash table entries: 262144 (order: 9, 2097152 bytes, linear)
[    0.000000] mem auto-init: stack:all(zero), heap alloc:off, heap free:off
[    0.000000] Memory: 3912820K/4061184K available (16064K kernel code, 3538K rwdata, 9144K rodata, 7168K init, 609K bss, 115596K reserved, 32768K cma-reserved)
[    0.000000] SLUB: HWalign=64, Order=0-3, MinObjects=0, CPUs=6, Nodes=1
[    0.000000] rcu: Preemptible hierarchical RCU implementation.
[    0.000000] rcu: 	RCU event tracing is enabled.
[    0.000000] rcu: 	RCU restricting CPUs from NR_CPUS=256 to nr_cpu_ids=6.
[    0.000000] 	Trampoline variant of Tasks RCU enabled.
[    0.000000] 	Tracing variant of Tasks RCU enabled.
[    0.000000] rcu: RCU calculated value of scheduler-enlistment delay is 25 jiffies.
[    0.000000] rcu: Adjusting geometry for rcu_fanout_leaf=16, nr_cpu_ids=6
[    0.000000] NR_IRQS: 64, nr_irqs: 64, preallocated irqs: 0
[    0.000000] GICv3: GIC: Using split EOI/Deactivate mode
[    0.000000] GICv3: 256 SPIs implemented
[    0.000000] GICv3: 0 Extended SPIs implemented
[    0.000000] Root IRQ handler: gic_handle_irq
[    0.000000] GICv3: GICv3 features: 16 PPIs
[    0.000000] GICv3: CPU0: found redistributor 0 region 0:0x00000000fef00000
[    0.000000] ITS [mem 0xfee20000-0xfee3ffff]
[    0.000000] ITS@0x00000000fee20000: allocated 65536 Devices @480000 (flat, esz 8, psz 64K, shr 0)
[    0.000000] ITS: using cache flushing for cmd queue
[    0.000000] GICv3: using LPI property table @0x0000000000440000
[    0.000000] GIC: using cache flushing for LPI property table
[    0.000000] GICv3: CPU0: using allocated LPI pending table @0x0000000000450000
[    0.000000] GICv3: GIC: PPI partition interrupt-partition-0[0] { /cpus/cpu@0[0] /cpus/cpu@1[1] /cpus/cpu@2[2] /cpus/cpu@3[3] }
[    0.000000] GICv3: GIC: PPI partition interrupt-partition-1[1] { /cpus/cpu@100[4] /cpus/cpu@101[5] }
[    0.000000] rcu: srcu_init: Setting srcu_struct sizes based on contention.
[    0.000000] arch_timer: cp15 timer(s) running at 24.00MHz (phys).
[    0.000000] clocksource: arch_sys_counter: mask: 0xffffffffffffff max_cycles: 0x588fe9dc0, max_idle_ns: 440795202592 ns
[    0.000001] sched_clock: 56 bits at 24MHz, resolution 41ns, wraps every 4398046511097ns
[    0.003873] Console: colour dummy device 80x25
[    0.005230] printk: console [tty0] enabled
[    0.005359] Calibrating delay loop (skipped), value calculated using timer frequency.. 48.00 BogoMIPS (lpj=96000)
[    0.005404] pid_max: default: 32768 minimum: 301
[    0.005525] LSM: Security Framework initializing
[    0.005695] Mount-cache hash table entries: 8192 (order: 4, 65536 bytes, linear)
[    0.005752] Mountpoint-cache hash table entries: 8192 (order: 4, 65536 bytes, linear)
[    0.007417] cacheinfo: Unable to detect cache hierarchy for CPU 0
[    0.008323] cblist_init_generic: Setting adjustable number of callback queues.
[    0.008362] cblist_init_generic: Setting shift to 3 and lim to 1.
[    0.008489] cblist_init_generic: Setting shift to 3 and lim to 1.
[    0.008755] rcu: Hierarchical SRCU implementation.
[    0.008779] rcu: 	Max phase no-delay instances is 1000.
[    0.009148] Platform MSI: interrupt-controller@fee20000 domain created
[    0.009548] PCI/MSI: /interrupt-controller@fee00000/interrupt-controller@fee20000 domain created
[    0.009829] fsl-mc MSI: interrupt-controller@fee20000 domain created
[    0.015299] Remapping and enabling EFI services.
[    0.015815] smp: Bringing up secondary CPUs ...
[    0.016552] Detected VIPT I-cache on CPU1
[    0.016663] cacheinfo: Unable to detect cache hierarchy for CPU 1
[    0.016681] GICv3: CPU1: found redistributor 1 region 0:0x00000000fef20000
[    0.016704] GICv3: CPU1: using allocated LPI pending table @0x0000000000460000
[    0.016766] CPU1: Booted secondary processor 0x0000000001 [0x410fd034]
[    0.017568] Detected VIPT I-cache on CPU2
[    0.017672] cacheinfo: Unable to detect cache hierarchy for CPU 2
[    0.017688] GICv3: CPU2: found redistributor 2 region 0:0x00000000fef40000
[    0.017706] GICv3: CPU2: using allocated LPI pending table @0x0000000000470000
[    0.017747] CPU2: Booted secondary processor 0x0000000002 [0x410fd034]
[    0.018457] Detected VIPT I-cache on CPU3
[    0.018552] cacheinfo: Unable to detect cache hierarchy for CPU 3
[    0.018568] GICv3: CPU3: found redistributor 3 region 0:0x00000000fef60000
[    0.018586] GICv3: CPU3: using allocated LPI pending table @0x0000000000500000
[    0.018624] CPU3: Booted secondary processor 0x0000000003 [0x410fd034]
[    0.019391] CPU features: detected: Spectre-v2
[    0.019404] CPU features: detected: Spectre-v3a
[    0.019413] CPU features: detected: Spectre-BHB
[    0.019420] CPU features: detected: ARM erratum 1742098
[    0.019428] CPU features: detected: ARM errata 1165522, 1319367, or 1530923
[    0.019433] Detected PIPT I-cache on CPU4
[    0.019531] cacheinfo: Unable to detect cache hierarchy for CPU 4
[    0.019547] GICv3: CPU4: found redistributor 100 region 0:0x00000000fef80000
[    0.019566] GICv3: CPU4: using allocated LPI pending table @0x0000000000510000
[    0.019605] CPU4: Booted secondary processor 0x0000000100 [0x410fd082]
[    0.020348] Detected PIPT I-cache on CPU5
[    0.020436] cacheinfo: Unable to detect cache hierarchy for CPU 5
[    0.020450] GICv3: CPU5: found redistributor 101 region 0:0x00000000fefa0000
[    0.020467] GICv3: CPU5: using allocated LPI pending table @0x0000000000520000
[    0.020499] CPU5: Booted secondary processor 0x0000000101 [0x410fd082]
[    0.020649] smp: Brought up 1 node, 6 CPUs
[    0.021149] SMP: Total of 6 processors activated.
[    0.021171] CPU features: detected: 32-bit EL0 Support
[    0.021190] CPU features: detected: 32-bit EL1 Support
[    0.021212] CPU features: detected: CRC32 instructions
[    0.022693] CPU: All CPU(s) started at EL2
[    0.022762] alternatives: patching kernel code
[    0.025573] devtmpfs: initialized
[    0.035170] clocksource: jiffies: mask: 0xffffffff max_cycles: 0xffffffff, max_idle_ns: 7645041785100000 ns
[    0.035216] futex hash table entries: 2048 (order: 5, 131072 bytes, linear)
[    0.036058] pinctrl core: initialized pinctrl subsystem
[    0.038705] SMBIOS 3.0 present.
[    0.038740] DMI: Unknown Unknown Product/Unknown Product, BIOS 2021.07-dirty 08/31/2023
[    0.039289] NET: Registered PF_NETLINK/PF_ROUTE protocol family
[    0.040884] DMA: preallocated 512 KiB GFP_KERNEL pool for atomic allocations
[    0.041180] DMA: preallocated 512 KiB GFP_KERNEL|GFP_DMA pool for atomic allocations
[    0.041534] DMA: preallocated 512 KiB GFP_KERNEL|GFP_DMA32 pool for atomic allocations
[    0.041649] audit: initializing netlink subsys (disabled)
[    0.041876] audit: type=2000 audit(0.040:1): state=initialized audit_enabled=0 res=1
[    0.043302] thermal_sys: Registered thermal governor 'step_wise'
[    0.043312] thermal_sys: Registered thermal governor 'power_allocator'
[    0.043721] cpuidle: using governor menu
[    0.043963] hw-breakpoint: found 6 breakpoint and 4 watchpoint registers.
[    0.044157] ASID allocator initialised with 32768 entries
[    0.046255] Serial: AMBA PL011 UART driver
[    0.071752] platform ff770000.syscon:phy@f780: Fixing up cyclic dependency with fe330000.sdhci
[    0.082548] rockchip-gpio ff720000.gpio0: probed /pinctrl/gpio0@ff720000
[    0.083294] rockchip-gpio ff730000.gpio1: probed /pinctrl/gpio1@ff730000
[    0.083879] rockchip-gpio ff780000.gpio2: probed /pinctrl/gpio2@ff780000
[    0.084515] rockchip-gpio ff788000.gpio3: probed /pinctrl/gpio3@ff788000
[    0.085071] rockchip-gpio ff790000.gpio4: probed /pinctrl/gpio4@ff790000
[    0.086184] platform edp-panel: Fixing up cyclic dependency with ff970000.edp
[    0.090361] KASLR enabled
[    0.100758] HugeTLB: registered 1.00 GiB page size, pre-allocated 0 pages
[    0.100783] HugeTLB: 16380 KiB vmemmap can be freed for a 1.00 GiB page
[    0.100802] HugeTLB: registered 32.0 MiB page size, pre-allocated 0 pages
[    0.100817] HugeTLB: 508 KiB vmemmap can be freed for a 32.0 MiB page
[    0.100833] HugeTLB: registered 2.00 MiB page size, pre-allocated 0 pages
[    0.100847] HugeTLB: 28 KiB vmemmap can be freed for a 2.00 MiB page
[    0.100862] HugeTLB: registered 64.0 KiB page size, pre-allocated 0 pages
[    0.100876] HugeTLB: 0 KiB vmemmap can be freed for a 64.0 KiB page
[    0.102671] ACPI: Interpreter disabled.
[    0.107004] iommu: Default domain type: Translated 
[    0.107026] iommu: DMA domain TLB invalidation policy: strict mode 
[    0.107298] SCSI subsystem initialized
[    0.107681] usbcore: registered new interface driver usbfs
[    0.107738] usbcore: registered new interface driver hub
[    0.107973] usbcore: registered new device driver usb
[    0.109559] pps_core: LinuxPPS API ver. 1 registered
[    0.109575] pps_core: Software ver. 5.3.6 - Copyright 2005-2007 Rodolfo Giometti <giometti@linux.it>
[    0.109602] PTP clock support registered
[    0.109795] EDAC MC: Ver: 3.0.0
[    0.110978] Registered efivars operations
[    0.112394] FPGA manager framework
[    0.112492] Advanced Linux Sound Architecture Driver Initialized.
[    0.113211] vgaarb: loaded
[    0.113539] clocksource: Switched to clocksource arch_sys_counter
[    0.113778] VFS: Disk quotas dquot_6.6.0
[    0.113843] VFS: Dquot-cache hash table entries: 512 (order 0, 4096 bytes)
[    0.114053] pnp: PnP ACPI: disabled
[    0.122338] NET: Registered PF_INET protocol family
[    0.122572] IP idents hash table entries: 65536 (order: 7, 524288 bytes, linear)
[    0.126903] tcp_listen_portaddr_hash hash table entries: 2048 (order: 3, 32768 bytes, linear)
[    0.127023] Table-perturb hash table entries: 65536 (order: 6, 262144 bytes, linear)
[    0.127055] TCP established hash table entries: 32768 (order: 6, 262144 bytes, linear)
[    0.127415] TCP bind hash table entries: 32768 (order: 7, 524288 bytes, linear)
[    0.128092] TCP: Hash tables configured (established 32768 bind 32768)
[    0.128208] UDP hash table entries: 2048 (order: 4, 65536 bytes, linear)
[    0.128358] UDP-Lite hash table entries: 2048 (order: 4, 65536 bytes, linear)
[    0.128622] NET: Registered PF_UNIX/PF_LOCAL protocol family
[    0.129065] RPC: Registered named UNIX socket transport module.
[    0.129087] RPC: Registered udp transport module.
[    0.129099] RPC: Registered tcp transport module.
[    0.129110] RPC: Registered tcp NFSv4.1 backchannel transport module.
[    0.129130] PCI: CLS 0 bytes, default 64
[    0.130189] hw perfevents: enabled with armv8_cortex_a53 PMU driver, 7 counters available
[    0.130654] hw perfevents: enabled with armv8_cortex_a72 PMU driver, 7 counters available
[    0.131206] kvm [1]: IPA Size Limit: 40 bits
[    0.133165] kvm [1]: vgic-v2@fff20000
[    0.133205] kvm [1]: GIC system register CPU interface enabled
[    0.133434] kvm [1]: vgic interrupt IRQ18
[    0.133686] kvm [1]: Hyp mode initialized successfully
[    0.135236] Initialise system trusted keyrings
[    0.135421] workingset: timestamp_bits=42 max_order=20 bucket_order=0
[    0.142588] squashfs: version 4.0 (2009/01/31) Phillip Lougher
[    0.143280] NFS: Registering the id_resolver key type
[    0.143319] Key type id_resolver registered
[    0.143334] Key type id_legacy registered
[    0.143424] nfs4filelayout_init: NFSv4 File Layout Driver Registering...
[    0.143443] nfs4flexfilelayout_init: NFSv4 Flexfile Layout Driver Registering...
[    0.143607] 9p: Installing v9fs 9p2000 file system support
[    0.208219] Key type asymmetric registered
[    0.208238] Asymmetric key parser 'x509' registered
[    0.208301] Block layer SCSI generic (bsg) driver version 0.4 loaded (major 245)
[    0.208322] io scheduler mq-deadline registered
[    0.208337] io scheduler kyber registered
[    0.234259] EINJ: ACPI disabled.
[    0.252663] dma-pl330 ff6d0000.dma-controller: Loaded driver for PL330 DMAC-241330
[    0.252696] dma-pl330 ff6d0000.dma-controller: 	DBUFF-32x8bytes Num_Chans-6 Num_Peri-12 Num_Events-12
[    0.254034] dma-pl330 ff6e0000.dma-controller: Loaded driver for PL330 DMAC-241330
[    0.254060] dma-pl330 ff6e0000.dma-controller: 	DBUFF-128x8bytes Num_Chans-8 Num_Peri-20 Num_Events-16
[    0.271752] Serial: 8250/16550 driver, 4 ports, IRQ sharing enabled
[    0.274389] ff1a0000.serial: ttyS2 at MMIO 0xff1a0000 (irq = 37, base_baud = 1500000) is a 16550A
[    0.404674] printk: console [ttyS2] enabled
[    0.407405] SuperH (H)SCI(F) driver initialized
[    0.408717] msm_serial: driver initialized
[    0.413943] cacheinfo: Unable to detect cache hierarchy for CPU 0
[    0.420386] loop: module loaded
[    0.422164] megasas: 07.719.03.00-rc1
[    0.431559] tun: Universal TUN/TAP device driver, 1.6
[    0.433452] thunder_xcv, ver 1.0
[    0.433819] thunder_bgx, ver 1.0
[    0.434161] nicpf, ver 1.0
[    0.436536] hns3: Hisilicon Ethernet Network Driver for Hip08 Family - version
[    0.437188] hns3: Copyright (c) 2017 Huawei Corporation.
[    0.437759] hclge is initializing
[    0.438078] e1000: Intel(R) PRO/1000 Network Driver
[    0.438518] e1000: Copyright (c) 1999-2006 Intel Corporation.
[    0.439070] e1000e: Intel(R) PRO/1000 Network Driver
[    0.439517] e1000e: Copyright(c) 1999 - 2015 Intel Corporation.
[    0.440081] igb: Intel(R) Gigabit Ethernet Network Driver
[    0.440566] igb: Copyright (c) 2007-2014 Intel Corporation.
[    0.441095] igbvf: Intel(R) Gigabit Virtual Function Network Driver
[    0.441671] igbvf: Copyright (c) 2009 - 2012 Intel Corporation.
[    0.442794] sky2: driver version 1.30
[    0.444995] VFIO - User Level meta-driver version: 0.3
[    0.451249] ehci_hcd: USB 2.0 'Enhanced' Host Controller (EHCI) Driver
[    0.451847] ehci-pci: EHCI PCI platform driver
[    0.452285] ehci-platform: EHCI generic platform driver
[    0.452987] ehci-orion: EHCI orion driver
[    0.453546] ehci-exynos: EHCI Exynos driver
[    0.454083] ohci_hcd: USB 1.1 'Open' Host Controller (OHCI) Driver
[    0.454656] ohci-pci: OHCI PCI platform driver
[    0.455096] ohci-platform: OHCI generic platform driver
[    0.455772] ohci-exynos: OHCI Exynos driver
[    0.457135] usbcore: registered new interface driver usb-storage
[    0.462155] i2c_dev: i2c /dev entries driver
[    0.467185] rk808 0-0020: chip id: 0x8090
[    0.511186] rk808-regulator rk808-regulator: there is no dvs0 gpio
[    0.511772] rk808-regulator rk808-regulator: there is no dvs1 gpio
[    0.530211] vcc_buck5: Bringing 3300000uV into 2200000-2200000uV
[    0.596163] dw_wdt ff848000.watchdog: No valid TOPs array specified
[    0.599318] cpu cpu0: OPP table can't be empty
[    0.602997] sdhci: Secure Digital Host Controller Interface driver
[    0.603563] sdhci: Copyright(c) Pierre Ossman
[    0.605259] Synopsys Designware Multimedia Card Interface Driver
[    0.607831] sdhci-pltfm: SDHCI platform and OF driver helper
[    0.607939] dwmmc_rockchip fe320000.mmc: IDMAC supports 32-bit address mode.
[    0.609025] dwmmc_rockchip fe320000.mmc: Using internal DMA controller.
[    0.609678] dwmmc_rockchip fe320000.mmc: Version ID is 270a
[    0.610259] dwmmc_rockchip fe320000.mmc: DW MMC controller at irq 69,32 bit host data width,256 deep fifo
[    0.611169] mmc0: CQHCI version 5.10
[    0.611389] dwmmc_rockchip fe320000.mmc: Got CD GPIO
[    0.612177] ledtrig-cpu: registered to indicate activity on CPUs
[    0.615560] SMCCC: SOC_ID: ARCH_SOC_ID not implemented, skipping ....
[    0.617487] usbcore: registered new interface driver usbhid
[    0.618027] usbhid: USB HID core driver
[    0.624903] mmc_host mmc1: Bus speed (slot 0) = 400000Hz (slot req 400000Hz, actual 400000HZ div = 0)
[    0.629292] NET: Registered PF_PACKET protocol family
[    0.629991] 9pnet: Installing 9P2000 support
[    0.630438] Key type dns_resolver registered
[    0.631652] registered taskstats version 1
[    0.632057] Loading compiled-in X.509 certificates
[    0.637643] mmc0: SDHCI controller on fe330000.sdhci [fe330000.sdhci] using ADMA
[    0.688160] mmc0: Command Queue Engine enabled
[    0.688614] mmc0: new HS400 Enhanced strobe MMC card at address 0001
[    0.689850] xhci-hcd xhci-hcd.0.auto: xHCI Host Controller
[    0.690401] xhci-hcd xhci-hcd.0.auto: new USB bus registered, assigned bus number 1
[    0.690485] mmcblk0: mmc0:0001 Y2P032 29.1 GiB 
[    0.691241] xhci-hcd xhci-hcd.0.auto: hcc params 0x0220fe64 hci version 0x110 quirks 0x0000002002010010
[    0.692424] xhci-hcd xhci-hcd.0.auto: irq 73, io mem 0xfe900000
[    0.693188] xhci-hcd xhci-hcd.0.auto: xHCI Host Controller
[    0.693790] xhci-hcd xhci-hcd.0.auto: new USB bus registered, assigned bus number 2
[    0.694507] xhci-hcd xhci-hcd.0.auto: Host supports USB 3.0 SuperSpeed
[    0.695793]  mmcblk0: p1 p2 p3 p4
[    0.696153] hub 1-0:1.0: USB hub found
[    0.696545] hub 1-0:1.0: 1 port detected
[    0.697433] usb usb2: We don't know the algorithms for LPM for this host, disabling LPM.
[    0.697454] mmcblk0boot0: mmc0:0001 Y2P032 4.00 MiB 
[    0.699022] hub 2-0:1.0: USB hub found
[    0.699414] hub 2-0:1.0: 1 port detected
[    0.700285] mmcblk0boot1: mmc0:0001 Y2P032 4.00 MiB 
[    0.702554] mmcblk0rpmb: mmc0:0001 Y2P032 16.0 MiB, chardev (234:0)
[    0.710753] ehci-platform fe3c0000.usb: EHCI Host Controller
[    0.711370] ehci-platform fe3c0000.usb: new USB bus registered, assigned bus number 3
[    0.712278] ehci-platform fe3c0000.usb: irq 74, io mem 0xfe3c0000
[    0.714539] ohci-platform fe3e0000.usb: Generic Platform OHCI controller
[    0.715220] ohci-platform fe3e0000.usb: new USB bus registered, assigned bus number 4
[    0.716119] ohci-platform fe3e0000.usb: irq 75, io mem 0xfe3e0000
[    0.725713] ehci-platform fe3c0000.usb: USB 2.0 started, EHCI 1.00
[    0.727569] ALSA device list:
[    0.727640] hub 3-0:1.0: USB hub found
[    0.727850]   No soundcards found.
[    0.728213] hub 3-0:1.0: 1 port detected
[    0.729214] dw-apb-uart ff1a0000.serial: forbid DMA for kernel console
[    0.778942] hub 4-0:1.0: USB hub found
[    0.779356] hub 4-0:1.0: 1 port detected
[    0.780569] Waiting for root device PARTUUID=2556b0bf-bca5-4826-baf1-3164626f2ade...
[    0.949795] usb 1-1: new high-speed USB device number 2 using xhci-hcd
[    1.144442] hub 1-1:1.0: USB hub found
[    1.145463] hub 1-1:1.0: 4 ports detected
[    1.230261] usb 2-1: new SuperSpeed USB device number 2 using xhci-hcd
[    1.288780] hub 2-1:1.0: USB hub found
[    1.289879] hub 2-1:1.0: 4 ports detected
[    1.505796] usb 1-1.2: new high-speed USB device number 3 using xhci-hcd
[    1.612242] usb-storage 1-1.2:1.0: USB Mass Storage device detected
[    1.614964] scsi host0: usb-storage 1-1.2:1.0
[    2.623162] scsi 0:0:0:0: Direct-Access     aigo     U268             2.00 PQ: 0 ANSI: 4
[    2.625724] sd 0:0:0:0: [sda] 30720000 512-byte logical blocks: (15.7 GB/14.6 GiB)
[    2.626748] sd 0:0:0:0: [sda] Write Protect is off
[    2.627515] sd 0:0:0:0: [sda] No Caching mode page found
[    2.628011] sd 0:0:0:0: [sda] Assuming drive cache: write through
[    2.644621] GPT:Primary header thinks Alt. header is not at the end of the disk.
[    2.645326] GPT:1200141 != 30719999
[    2.645707] GPT:Alternate GPT header not at the end of the disk.
[    2.646253] GPT:1200141 != 30719999
[    2.646580] GPT: Use GNU Parted to correct GPT errors.
[    2.647085]  sda: sda1 sda2
[    2.648592] sd 0:0:0:0: [sda] Attached SCSI removable disk
[    2.659321] EXT4-fs (sda2): INFO: recovery required on readonly filesystem
[    2.659956] EXT4-fs (sda2): write access will be enabled during recovery
[    5.014712] EXT4-fs (sda2): recovery complete
[    5.022106] EXT4-fs (sda2): mounted filesystem with ordered data mode. Quota mode: none.
[    5.022969] VFS: Mounted root (ext4 filesystem) readonly on device 8:2.
[    5.026209] devtmpfs: mounted
[    5.030897] Freeing unused kernel memory: 7168K
[    5.031479] Run /sbin/init as init process
[    5.499161] systemd[1]: System time before build time, advancing clock.
[    5.573190] NET: Registered PF_INET6 protocol family
[    5.576263] Segment Routing with IPv6
[    5.576660] In-situ OAM (IOAM) with IPv6
[    5.648356] systemd[1]: systemd 251.8+ running in system mode (-PAM -AUDIT -SELINUX -APPARMOR +IMA -SMACK +SECCOMP -GCRYPT -GNUTLS -OPENSSL +ACL +BLKID -CURL -ELFUTILS -FIDO2 -IDN2 -IDN -IPTC +KMOD -LIBCRYPTSETUP +LIBFDISK -PCRE2 -PWQUALITY -P11KIT -QRENCODE -TPM2 -BZIP2 -LZ4 -XZ -ZLIB +ZSTD -BPF_FRAMEWORK -XKBCOMMON +UTMP +SYSVINIT default-hierarchy=hybrid)
[    5.651270] systemd[1]: Detected architecture arm64.

Welcome to Woden 0.0 (master)!

[    5.744182] systemd[1]: Hostname set to <generic-arm64>.
[    6.543624] systemd[1]: Queued start job for default target Multi-User System.
[    6.613797] systemd[1]: Created slice Slice /system/getty.
[  OK  ] Created slice Slice /system/getty.
[    6.618049] systemd[1]: Created slice Slice /system/modprobe.
[  OK  ] Created slice Slice /system/modprobe.
[    6.621907] systemd[1]: Created slice Slice /system/serial-getty.
[  OK  ] Created slice Slice /system/serial-getty.
[    6.625464] systemd[1]: Created slice User and Session Slice.
[  OK  ] Created slice User and Session Slice.
[    6.627640] systemd[1]: Started Dispatch Password Requests to Console Directory Watch.
[  OK  ] Started Dispatch Password …ts to Console Directory Watch.
[    6.638149] systemd[1]: Started Forward Password Requests to Wall Directory Watch.
[  OK  ] Started Forward Password R…uests to Wall Directory Watch.
[    6.650040] systemd[1]: Reached target Path Units.
[  OK  ] Reached target Path Units.
[    6.662082] systemd[1]: Reached target Remote File Systems.
[  OK  ] Reached target Remote File Systems.
[    6.663750] systemd[1]: Reached target Slice Units.
[  OK  ] Reached target Slice Units.
[    6.674109] systemd[1]: Reached target Swaps.
[  OK  ] Reached target Swaps.
[    6.688758] systemd[1]: Listening on Syslog Socket.
[  OK  ] Listening on Syslog Socket.
[    6.702430] systemd[1]: Listening on initctl Compatibility Named Pipe.
[  OK  ] Listening on initctl Compatibility Named Pipe.
[    6.714828] systemd[1]: Listening on Journal Audit Socket.
[  OK  ] Listening on Journal Audit Socket.
[    6.716922] systemd[1]: Listening on Journal Socket (/dev/log).
[  OK  ] Listening on Journal Socket (/dev/log).
[    6.719165] systemd[1]: Listening on Journal Socket.
[  OK  ] Listening on Journal Socket.
[    6.730507] systemd[1]: Listening on Network Service Netlink Socket.
[  OK  ] Listening on Network Service Netlink Socket.
[    6.742850] systemd[1]: Listening on udev Control Socket.
[  OK  ] Listening on udev Control Socket.
[    6.744897] systemd[1]: Listening on udev Kernel Socket.
[  OK  ] Listening on udev Kernel Socket.
[    6.747006] systemd[1]: Listening on User Database Manager Socket.
[  OK  ] Listening on User Database Manager Socket.
[    6.802442] systemd[1]: Mounting Huge Pages File System...
         Mounting Huge Pages File System...
[    6.818266] systemd[1]: Mounting POSIX Message Queue File System...
         Mounting POSIX Message Queue File System...
[    6.824538] systemd[1]: Mounting Kernel Debug File System...
         Mounting Kernel Debug File System...
[    6.834465] systemd[1]: Kernel Trace File System was skipped because of a failed condition check (ConditionPathExists=/sys/kernel/tracing).
[    6.841360] systemd[1]: Mounting Temporary Directory /tmp...
         Mounting Temporary Directory /tmp...
[    6.843443] systemd[1]: Create List of Static Device Nodes was skipped because of a failed condition check (ConditionFileNotEmpty=/lib/modules/6.0.0-yocto-standard/modules.devname).
[    6.849835] systemd[1]: Starting Load Kernel Module configfs...
         Starting Load Kernel Module configfs...
[    6.866724] systemd[1]: Starting Load Kernel Module drm...
         Starting Load Kernel Module drm...
[    6.882918] systemd[1]: Starting Load Kernel Module fuse...
         Starting Load Kernel Module fuse...
[    6.898704] systemd[1]: Starting File System Check on Root Device...
         Starting File System Check on Root Device...
[    6.908063] systemd[1]: Starting Journal Service...
         Starting Journal Service...
[    6.922195] systemd[1]: Load Kernel Modules was skipped because all trigger condition checks failed.
[    6.927942] systemd[1]: Starting Generate network units from Kernel command line...
         Starting Generate network …ts from Kernel command line...
[    6.934342] systemd[1]: Starting Apply Kernel Variables...
         Starting Apply Kernel Variables...
[    6.940239] systemd[1]: Starting Coldplug All udev Devices...
         Starting Coldplug All udev Devices...
[    6.950133] systemd[1]: Mounted Huge Pages File System.
[  OK  ] Mounted Huge Pages File System.
[    6.951326] systemd[1]: Mounted POSIX Message Queue File System.
[  OK  ] Mounted POSIX Message Queue File System.
[    6.952471] systemd[1]: Mounted Kernel Debug File System.
[  OK  ] Mounted Kernel Debug File System.
[    6.953600] systemd[1]: Mounted Temporary Directory /tmp.
[  OK  ] Mounted Temporary Directory /tmp.
[    6.955792] systemd[1]: modprobe@configfs.service: Deactivated successfully.
[    6.957718] systemd[1]: Finished Load Kernel Module configfs.
[  OK  ] Finished Load Kernel Module configfs.
[    6.959678] systemd[1]: modprobe@drm.service: Deactivated successfully.
[    6.961380] systemd[1]: Finished Load Kernel Module drm.
[  OK  ] Finished Load Kernel Module drm.
[    6.963369] systemd[1]: modprobe@fuse.service: Deactivated successfully.
[    6.965086] systemd[1]: Finished Load Kernel Module fuse.
[  OK  ] Finished Load Kernel Module fuse.
[    6.967356] systemd[1]: Finished Generate network units from Kernel command line.
[  OK  ] Finished Generate network units from Kernel command line.
[    6.969123] systemd[1]: Reached target Preparation for Network.
[  OK  ] Reached target Preparation for Network.
[    6.970464] systemd[1]: FUSE Control File System was skipped because of a failed condition check (ConditionPathExists=/sys/fs/fuse/connections).
[    6.976130] systemd[1]: Mounting Kernel Configuration File System...
         Mounting Kernel Configuration File System...
[    6.987867] systemd[1]: Mounted Kernel Configuration File System.
[  OK  ] Mounted Kernel Configuration File System.
[    7.027587] systemd[1]: Finished Apply Kernel Variables.
[  OK  ] Finished Apply Kernel Variables.
[    7.137942] systemd[1]: Started Journal Service.
[  OK  ] Started Journal Service.
[  OK  ] Finished File System Check on Root Device.
         Starting Remount Root and Kernel File Systems...
[    7.256890] EXT4-fs (sda2): re-mounted. Quota mode: none.
[  OK  ] Finished Remount Root and Kernel File Systems.
         Starting Flush Journal to Persistent Storage...
         Starting Create Static Device Nodes in /dev...
[    7.337215] systemd-journald[167]: Received client request to flush runtime journal.
[  OK  ] Finished Flush Journal to Persistent Storage.
[  OK  ] Finished Create Static Device Nodes in /dev.
[  OK  ] Reached target Preparation for Local File Systems.
         Mounting /var/volatile...
[    7.473832] audit: type=1334 audit(1667916018.972:2): prog-id=5 op=LOAD
[    7.474496] audit: type=1334 audit(1667916018.972:3): prog-id=6 op=LOAD
         Starting Rule-based Manage…for Device Events and Files...
[  OK  ] Mounted /var/volatile.
         Starting Load/Save Random Seed...
[  OK  ] Finished Load/Save Random Seed.
[  OK  ] Started Rule-based Manager for Device Events and Files.
         Starting Network Configuration...
[  OK  ] Finished Coldplug All udev Devices.
[  OK  ] Started Network Configuration.
[  OK  ] Found device U268 BOOT.
         Mounting /boot...
[    8.524347] FAT-fs (sda1): Volume was not properly unmounted. Some data may be corrupt. Please run fsck.
[  OK  ] Mounted /boot.
[  OK  ] Reached target Local File Systems.
         Starting Create Volatile Files and Directories...
[  OK  ] Finished Create Volatile Files and Directories.
[    8.618867] audit: type=1334 audit(1667916020.116:4): prog-id=7 op=LOAD
[    8.619562] audit: type=1334 audit(1667916020.116:5): prog-id=8 op=LOAD
[  OK  ] Started Hardware RNG Entropy Gatherer Daemon.
         Starting Network Name Resolution...
         Starting Network Time Synchronization...
         Starting Record System Boot/Shutdown in UTMP...
[  OK  ] Finished Record System Boot/Shutdown in UTMP.
[  OK  ] Started Network Name Resolution.
[  OK  ] Reached target Network.
[  OK  ] Reached target Host and Network Name Lookups.
[  OK  ] Started Network Time Synchronization.
[  OK  ] Reached target System Initialization.
[  OK  ] Started Daily Cleanup of Temporary Directories.
[  OK  ] Reached target System Time Set.
[  OK  ] Reached target Timer Units.
[  OK  ] Listening on D-Bus System Message Bus Socket.
[  OK  ] Reached target Socket Units.
[  OK  ] Reached target Basic System.
[  OK  ] Started Run script with sy…emd right before login prompt.
[  OK  ] Started Kernel Logging Service.
[  OK  ] Started System Logging Service.
         Starting D-Bus System Message Bus...
[    9.234060] init.sh[235]: init.sh
[  OK  ] Started Getty on tty1.
[    9.244452] init.sh[235]: Mounting efivarfs ...
[  OK  ] Started Serial Getty on ttyS0.
[  OK  ] Started Serial Getty on ttyS2.
[  OK  ] Reached target Login Prompts.
[    9.306049] audit: type=1334 audit(1667920151.004:6): prog-id=9 op=LOAD
[    9.306714] audit: type=1334 audit(1667920151.004:7): prog-id=10 op=LOAD
         Starting User Login Management...
[  OK  ] Started D-Bus System Message Bus.
[  OK  ] Started User Login Management.
[  OK  ] Reached target Multi-User System.
         Starting Record Runlevel Change in UTMP...
[  OK  ] Finished Record Runlevel Change in UTMP.

U-Boot TPL 2021.07-dirty (Aug 31 2023 - 14:44:18)
Channel 0: LPDDR3, 800MHz
BW=32 Col=10 Bk=8 CS0 Row=15 CS1 Row=15 CS=2 Die BW=16 Size=2048MB
Channel 1: LPDDR3, 800MHz
BW=32 Col=10 Bk=8 CS0 Row=15 CS1 Row=15 CS=2 Die BW=16 Size=2048MB
256B stride
Trying to boot from BOOTROM
Returning to boot ROM...

U-Boot SPL 2021.07-dirty (Aug 31 2023 - 14:44:18 +0800)
Trying to boot from MMC2

U-Boot TPL 2021.07-dirty (Aug 31 2023 - 14:44:18)
Channel 0: LPDDR3, 800MHz
BW=32 Col=10 Bk=8 CS0 Row=15 CS1 Row=15 CS=2 Die BW=16 Size=2048MB
Channel 1: LPDDR3, 800MHz
BW=32 Col=10 Bk=8 CS0 Row=15 CS1 Row=15 CS=2 Die BW=16 Size=2048MB
256B stride
Trying to boot from BOOTROM
Returning to boot ROM...

U-Boot SPL 2021.07-dirty (Aug 31 2023 - 14:44:18 +0800)
Trying to boot from MMC2


U-Boot 2021.07-dirty (Aug 31 2023 - 14:44:18 +0800)

SoC: Rockchip rk3399
Reset cause: POR
Model: Rockchip RK3399 Toybrick ProD Board
DRAM:  3.9 GiB
PMIC:  RK8090 (on=0x10, off=0x00)
MMC:   mmc@fe320000: 1, sdhci@fe330000: 0
Loading Environment from MMC... OK
In:    serial
Out:   serial
Err:   serial
Model: Rockchip RK3399 Toybrick ProD Board
Net:   
Warning: ethernet@fe300000 (eth0) using random MAC address - be:0c:ee:02:55:e3
eth0: ethernet@fe300000
Hit any key to stop autoboot:  2  0 
=> 
=> printenv boot_targets
boot_targets=usb0 mmc0 mmc1 pxe dhcp sf0
=> boot mmc0
boot - boot default, i.e., run 'bootcmd'

Usage:
boot 
=> boot m   c tcmd
Unknown command 'bootcmd' - try 'help'
=> boot help
boot - boot default, i.e., run 'bootcmd'

Usage:
boot 
=> boot help         bootcmd       pri   s setenv t boottarget        _targets mmc0 mmc1 usb0 pxre  e dhcp sf0
=> saveenv
Saving Environment to MMC... Writing to MMC(0)... OK
=> boot
switch to partitions #0, OK
mmc0(part 0) is current device
Scanning mmc 0:3...
Found /extlinux/extlinux.conf
Retrieving file: /extlinux/extlinux.conf
237 bytes read in 15 ms (14.6 KiB/s)
1:	rockchip-kernel-4.4
Retrieving file: /initramfs-toybrick-2.0.img
16096158 bytes read in 1646 ms (9.3 MiB/s)
Retrieving file: /extlinux/Image
20779016 bytes read in 2124 ms (9.3 MiB/s)
append: earlycon=uart8250,mmio32,0xff1a0000 initrd=/initramfs-toybrick-2.0.img root=PARTUUID=614e0000-0000-4b53-8000-1d28000054a9 rw rootwait rootfstype=ext4
Retrieving file: /extlinux/toybrick.dtb
105866 bytes read in 37 ms (2.7 MiB/s)
## Flattened Device Tree blob at 01f00000
   Booting using the fdt blob at 0x1f00000
   Loading Ramdisk to f4f8e000, end f5ee7b9e ... OK
ERROR: reserving fdt memory region failed (addr=0 size=0)
ERROR: reserving fdt memory region failed (addr=0 size=0)
   Loading Device Tree to 00000000f4f71000, end 00000000f4f8dd89 ... OK

Starting kernel ...

[    0.000000] Booting Linux on physical CPU 0x0
[    0.000000] Initializing cgroup subsys cpuset
[    0.000000] Initializing cgroup subsys cpu
[    0.000000] Initializing cgroup subsys cpuacct
[    0.000000] Linux version 4.4.194 (kfx@inno) (gcc version 6.3.1 20170404 (Linaro GCC 6.3-2017.05) ) #476 SMP Thu Jan 28 10:17:17 CST 2021
[    0.000000] Boot CPU: AArch64 Processor [410fd034]
[    0.000000] earlycon: Early serial console at MMIO32 0xff1a0000 (options '')
[    0.000000] bootconsole [uart0] enabled
[    0.000000] Reserved memory: failed to reserve memory for node 'drm-logo@00000000': base 0x0000000000000000, size 0 MiB
[    0.000000] Reserved memory: failed to reserve memory for node 'stb-devinfo@00000000': base 0x0000000000000000, size 0 MiB
[    0.000000] cma: Reserved 256 MiB at 0x00000000e4c00000
[    0.000000] psci: probing for conduit method from DT.
[    0.000000] psci: PSCIv1.1 detected in firmware.
[    0.000000] psci: Using standard PSCI v0.2 function IDs
[    0.000000] psci: MIGRATE_INFO_TYPE not supported.
[    0.000000] PERCPU: Embedded 21 pages/cpu @ffffffc0f7eca000 s46120 r8192 d31704 u86016
[    0.000000] Detected VIPT I-cache on CPU0
[    0.000000] CPU features: enabling workaround for ARM erratum 845719
[    0.000000] Built 1 zonelists in Zone order, mobility grouping on.  Total pages: 999432
[    0.000000] Kernel command line: earlycon=uart8250,mmio32,0xff1a0000 initrd=/initramfs-toybrick-2.0.img root=PARTUUID=614e0000-0000-4b53-8000-1d28000054a9 rw rootwait rootfstype=ext4
[    0.000000] PID hash table entries: 4096 (order: 3, 32768 bytes)
[    0.000000] Dentry cache hash table entries: 524288 (order: 10, 4194304 bytes)
[    0.000000] Inode-cache hash table entries: 262144 (order: 9, 2097152 bytes)
[    0.000000] software IO TLB: mapped [mem 0xde400000-0xe2400000] (64MB)
[    0.000000] Memory: 3622004K/4061184K available (12542K kernel code, 1796K rwdata, 4780K rodata, 1152K init, 1982K bss, 177036K reserved, 262144K cma-reserved)
[    0.000000] Virtual kernel memory layout:
[    0.000000]     modules : 0xffffff8000000000 - 0xffffff8008000000   (   128 MB)
[    0.000000]     vmalloc : 0xffffff8008000000 - 0xffffffbdbfff0000   (   246 GB)
[    0.000000]       .init : 0xffffff8009170000 - 0xffffff8009290000   (  1152 KB)
[    0.000000]       .text : 0xffffff8008080000 - 0xffffff8008cc0000   ( 12544 KB)
[    0.000000]     .rodata : 0xffffff8008cc0000 - 0xffffff8009170000   (  4800 KB)
[    0.000000]       .data : 0xffffff8009290000 - 0xffffff8009451008   (  1797 KB)
[    0.000000]     vmemmap : 0xffffffbdc0000000 - 0xffffffbfc0000000   (     8 GB maximum)
[    0.000000]               0xffffffbdc0008000 - 0xffffffbdc3e00000   (    61 MB actual)
[    0.000000]     fixed   : 0xffffffbffe7fb000 - 0xffffffbffec00000   (  4116 KB)
[    0.000000]     PCI I/O : 0xffffffbffee00000 - 0xffffffbfffe00000   (    16 MB)
[    0.000000]     memory  : 0xffffffc000200000 - 0xffffffc0f8000000   (  3966 MB)
[    0.000000] SLUB: HWalign=64, Order=0-3, MinObjects=0, CPUs=6, Nodes=1
[    0.000000] Hierarchical RCU implementation.
[    0.000000] 	Build-time adjustment of leaf fanout to 64.
[    0.000000] 	RCU restricting CPUs from NR_CPUS=8 to nr_cpu_ids=6.
[    0.000000] RCU: Adjusting geometry for rcu_fanout_leaf=64, nr_cpu_ids=6
[    0.000000] NR_IRQS:64 nr_irqs:64 0
[    0.000000] GIC: Using split EOI/Deactivate mode
[    0.000000] ITS: /interrupt-controller@fee00000/interrupt-controller@fee20000
[    0.000000] ITS: allocated 65536 Devices @300000 (psz 64K, shr 0)
[    0.000000] ITS: using cache flushing for cmd queue
[    0.000000] GIC: using LPI property table @0x0000000000290000
[    0.000000] ITS: Allocated 1792 chunks for LPIs
[    0.000000] CPU0: found redistributor 0 region 0:0x00000000fef00000
[    0.000000] CPU0: using LPI pending table @0x00000000002a0000
[    0.000000] GIC: using cache flushing for LPI property table
[    0.000000] GIC: PPI partition interrupt-partition-0[0] { /cpus/cpu@0[0] /cpus/cpu@1[1] /cpus/cpu@2[2] /cpus/cpu@3[3] }
[    0.000000] GIC: PPI partition interrupt-partition-1[1] { /cpus/cpu@100[4] /cpus/cpu@101[5] }
[    0.000000] rockchip_clk_register_frac_branch: could not find dclk_vop0_frac as parent of dclk_vop0, rate changes may not work
[    0.000000] rockchip_clk_register_frac_branch: could not find dclk_vop1_frac as parent of dclk_vop1, rate changes may not work
[    0.000000] Architected cp15 timer(s) running at 24.00MHz (phys).
[    0.000000] clocksource: arch_sys_counter: mask: 0xffffffffffffff max_cycles: 0x588fe9dc0, max_idle_ns: 440795202592 ns
[    0.000005] sched_clock: 56 bits at 24MHz, resolution 41ns, wraps every 4398046511097ns
[    0.002258] Console: colour dummy device 80x25
[    0.002688] console [tty0] enabled
[    0.003023] bootconsole [uart0] disabled
[    0.000000] Booting Linux on physical CPU 0x0
[    0.000000] Initializing cgroup subsys cpuset
[    0.000000] Initializing cgroup subsys cpu
[    0.000000] Initializing cgroup subsys cpuacct
[    0.000000] Linux version 4.4.194 (kfx@inno) (gcc version 6.3.1 20170404 (Linaro GCC 6.3-2017.05) ) #476 SMP Thu Jan 28 10:17:17 CST 2021
[    0.000000] Boot CPU: AArch64 Processor [410fd034]
[    0.000000] earlycon: Early serial console at MMIO32 0xff1a0000 (options '')
[    0.000000] bootconsole [uart0] enabled
[    0.000000] Reserved memory: failed to reserve memory for node 'drm-logo@00000000': base 0x0000000000000000, size 0 MiB
[    0.000000] Reserved memory: failed to reserve memory for node 'stb-devinfo@00000000': base 0x0000000000000000, size 0 MiB
[    0.000000] cma: Reserved 256 MiB at 0x00000000e4c00000
[    0.000000] psci: probing for conduit method from DT.
[    0.000000] psci: PSCIv1.1 detected in firmware.
[    0.000000] psci: Using standard PSCI v0.2 function IDs
[    0.000000] psci: MIGRATE_INFO_TYPE not supported.
[    0.000000] PERCPU: Embedded 21 pages/cpu @ffffffc0f7eca000 s46120 r8192 d31704 u86016
[    0.000000] Detected VIPT I-cache on CPU0
[    0.000000] CPU features: enabling workaround for ARM erratum 845719
[    0.000000] Built 1 zonelists in Zone order, mobility grouping on.  Total pages: 999432
[    0.000000] Kernel command line: earlycon=uart8250,mmio32,0xff1a0000 initrd=/initramfs-toybrick-2.0.img root=PARTUUID=614e0000-0000-4b53-8000-1d28000054a9 rw rootwait rootfstype=ext4
[    0.000000] PID hash table entries: 4096 (order: 3, 32768 bytes)
[    0.000000] Dentry cache hash table entries: 524288 (order: 10, 4194304 bytes)
[    0.000000] Inode-cache hash table entries: 262144 (order: 9, 2097152 bytes)
[    0.000000] software IO TLB: mapped [mem 0xde400000-0xe2400000] (64MB)
[    0.000000] Memory: 3622004K/4061184K available (12542K kernel code, 1796K rwdata, 4780K rodata, 1152K init, 1982K bss, 177036K reserved, 262144K cma-reserved)
[    0.000000] Virtual kernel memory layout:
[    0.000000]     modules : 0xffffff8000000000 - 0xffffff8008000000   (   128 MB)
[    0.000000]     vmalloc : 0xffffff8008000000 - 0xffffffbdbfff0000   (   246 GB)
[    0.000000]       .init : 0xffffff8009170000 - 0xffffff8009290000   (  1152 KB)
[    0.000000]       .text : 0xffffff8008080000 - 0xffffff8008cc0000   ( 12544 KB)
[    0.000000]     .rodata : 0xffffff8008cc0000 - 0xffffff8009170000   (  4800 KB)
[    0.000000]       .data : 0xffffff8009290000 - 0xffffff8009451008   (  1797 KB)
[    0.000000]     vmemmap : 0xffffffbdc0000000 - 0xffffffbfc0000000   (     8 GB maximum)
[    0.000000]               0xffffffbdc0008000 - 0xffffffbdc3e00000   (    61 MB actual)
[    0.000000]     fixed   : 0xffffffbffe7fb000 - 0xffffffbffec00000   (  4116 KB)
[    0.000000]     PCI I/O : 0xffffffbffee00000 - 0xffffffbfffe00000   (    16 MB)
[    0.000000]     memory  : 0xffffffc000200000 - 0xffffffc0f8000000   (  3966 MB)
[    0.000000] SLUB: HWalign=64, Order=0-3, MinObjects=0, CPUs=6, Nodes=1
[    0.000000] Hierarchical RCU implementation.
[    0.000000] 	Build-time adjustment of leaf fanout to 64.
[    0.000000] 	RCU restricting CPUs from NR_CPUS=8 to nr_cpu_ids=6.
[    0.000000] RCU: Adjusting geometry for rcu_fanout_leaf=64, nr_cpu_ids=6
[    0.000000] NR_IRQS:64 nr_irqs:64 0
[    0.000000] GIC: Using split EOI/Deactivate mode
[    0.000000] ITS: /interrupt-controller@fee00000/interrupt-controller@fee20000
[    0.000000] ITS: allocated 65536 Devices @300000 (psz 64K, shr 0)
[    0.000000] ITS: using cache flushing for cmd queue
[    0.000000] GIC: using LPI property table @0x0000000000290000
[    0.000000] ITS: Allocated 1792 chunks for LPIs
[    0.000000] CPU0: found redistributor 0 region 0:0x00000000fef00000
[    0.000000] CPU0: using LPI pending table @0x00000000002a0000
[    0.000000] GIC: using cache flushing for LPI property table
[    0.000000] GIC: PPI partition interrupt-partition-0[0] { /cpus/cpu@0[0] /cpus/cpu@1[1] /cpus/cpu@2[2] /cpus/cpu@3[3] }
[    0.000000] GIC: PPI partition interrupt-partition-1[1] { /cpus/cpu@100[4] /cpus/cpu@101[5] }
[    0.000000] rockchip_clk_register_frac_branch: could not find dclk_vop0_frac as parent of dclk_vop0, rate changes may not work
[    0.000000] rockchip_clk_register_frac_branch: could not find dclk_vop1_frac as parent of dclk_vop1, rate changes may not work
[    0.000000] Architected cp15 timer(s) running at 24.00MHz (phys).
[    0.000000] clocksource: arch_sys_counter: mask: 0xffffffffffffff max_cycles: 0x588fe9dc0, max_idle_ns: 440795202592 ns
[    0.000005] sched_clock: 56 bits at 24MHz, resolution 41ns, wraps every 4398046511097ns
[    0.002258] Console: colour dummy device 80x25
[    0.002688] console [tty0] enabled
[    0.003023] bootconsole [uart0] disabled
[    0.003427] Calibrating delay loop (skipped), value calculated using timer frequency.. 48.00 BogoMIPS (lpj=24000)
[    0.003455] pid_max: default: 32768 minimum: 301
[    0.003599] Mount-cache hash table entries: 8192 (order: 4, 65536 bytes)
[    0.003620] Mountpoint-cache hash table entries: 8192 (order: 4, 65536 bytes)
[    0.004366] Initializing cgroup subsys devices
[    0.004390] Initializing cgroup subsys freezer
[    0.004434] Initializing cgroup subsys net_cls
[    0.004467] ftrace: allocating 46095 entries in 181 pages
[    0.116086] sched-energy: Sched-energy-costs installed from DT
[    0.116115] CPU0: update cpu_capacity 401
[    0.116170] ASID allocator initialised with 32768 entries
[    0.119317] PCI/MSI: /interrupt-controller@fee00000/interrupt-controller@fee20000 domain created
[    0.119863] Platform MSI: /interrupt-controller@fee00000/interrupt-controller@fee20000 domain created
[    0.121183] Detected VIPT I-cache on CPU1
[    0.121214] CPU1: found redistributor 1 region 0:0x00000000fef20000
[    0.121238] CPU1: using LPI pending table @0x00000000ddd40000
[    0.121278] CPU1: update cpu_capacity 401
[    0.121281] CPU1: Booted secondary processor [410fd034]
[    0.121802] Detected VIPT I-cache on CPU2
[    0.121821] CPU2: found redistributor 2 region 0:0x00000000fef40000
[    0.121843] CPU2: using LPI pending table @0x00000000ddd60000
[    0.121869] CPU2: update cpu_capacity 401
[    0.121872] CPU2: Booted secondary processor [410fd034]
[    0.122396] Detected VIPT I-cache on CPU3
[    0.122415] CPU3: found redistributor 3 region 0:0x00000000fef60000
[    0.122438] CPU3: using LPI pending table @0x00000000dddc0000
[    0.122463] CPU3: update cpu_capacity 401
[    0.122467] CPU3: Booted secondary processor [410fd034]
[    0.122972] Detected PIPT I-cache on CPU4
[    0.122997] CPU4: found redistributor 100 region 0:0x00000000fef80000
[    0.123030] CPU4: using LPI pending table @0x00000000dddf0000
[    0.123064] CPU4: update cpu_capacity 1024
[    0.123067] CPU4: Booted secondary processor [410fd082]
[    0.123602] Detected PIPT I-cache on CPU5
[    0.123620] CPU5: found redistributor 101 region 0:0x00000000fefa0000
[    0.123653] CPU5: using LPI pending table @0x00000000dde20000
[    0.123678] CPU5: update cpu_capacity 1024
[    0.123681] CPU5: Booted secondary processor [410fd082]
[    0.123762] Brought up 6 CPUs
[    0.124263] SMP: Total of 6 processors activated.
[    0.124289] CPU features: detected feature: GIC system register CPU interface
[    0.124319] CPU features: detected feature: 32-bit EL0 Support
[    0.124350] CPU: All CPU(s) started at EL2
[    0.124411] alternatives: patching kernel code
[    0.125795] devtmpfs: initialized
[    0.143421] clocksource: jiffies: mask: 0xffffffff max_cycles: 0xffffffff, max_idle_ns: 1911260446275000 ns
[    0.143474] futex hash table entries: 2048 (order: 5, 131072 bytes)
[    0.150703] pinctrl core: initialized pinctrl subsystem
[    0.151512] NET: Registered protocol family 16
[    0.156495] cpuidle: using governor ladder
[    0.160504] cpuidle: using governor menu
[    0.160540] Registered FIQ tty driver
[    0.160751] vdso: 2 pages (1 code @ ffffff8008cc6000, 1 data @ ffffff8009294000)
[    0.160801] hw-breakpoint: found 6 breakpoint and 4 watchpoint registers.
[    0.161576] DMA: preallocated 256 KiB pool for atomic allocations
[    0.161662] sip_firmware_init: set rockchip sip version v2 failed
[    0.186950] console [pstore-1] enabled
[    0.186974] pstore: Registered ramoops as persistent store backend
[    0.186997] ramoops: attached 0xf0000@0x110000, ecc: 0/0
[    0.253404] console [ttyFIQ0] enabled
[    0.253948] Registered fiq debugger ttyFIQ0
[    0.286442] rockchip-pinctrl pinctrl: unable to find group for node vcc-4g-drv
[    0.288363] iommu: Adding device ff650000.vpu_service to group 0
[    0.288988] iommu: Adding device ff660000.rkvdec to group 1
[    0.289582] iommu: Adding device ff670000.iep to group 2
[    0.290184] iommu: Adding device ff8f0000.vop to group 3
[    0.290772] iommu: Adding device ff900000.vop to group 4
[    0.291349] iommu: Adding device ff910000.rkisp1 to group 5
[    0.291960] iommu: Adding device ff920000.rkisp1 to group 6
[    0.292956] rk_iommu ff650800.iommu: can't get sclk
[    0.293652] rk_iommu ff660480.iommu: can't get sclk
[    0.294198] rk_iommu ff670800.iommu: can't get aclk
[    0.294647] rk_iommu ff670800.iommu: can't get hclk
[    0.295094] rk_iommu ff670800.iommu: can't get sclk
[    0.295727] rk_iommu ff8f3f00.iommu: can't get sclk
[    0.296339] rk_iommu ff903f00.iommu: can't get sclk
[    0.296961] rk_iommu ff914000.iommu: can't get sclk
[    0.297566] rk_iommu ff924000.iommu: can't get sclk
[    0.298362] SCSI subsystem initialized
[    0.299056] usbcore: registered new interface driver usbfs
[    0.299597] usbcore: registered new interface driver hub
[    0.300172] usbcore: registered new device driver usb
[    0.300697] media: Linux media interface: v0.10
[    0.301162] Linux video capture interface: v2.00
[    0.301651] pps_core: LinuxPPS API ver. 1 registered
[    0.302108] pps_core: Software ver. 5.3.6 - Copyright 2005-2007 Rodolfo Giometti <giometti@linux.it>
[    0.302964] PTP clock support registered
[    0.304487] Advanced Linux Sound Architecture Driver Initialized.
[    0.305513] Bluetooth: Core ver 2.21
[    0.305866] NET: Registered protocol family 31
[    0.306286] Bluetooth: HCI device and connection manager initialized
[    0.306872] Bluetooth: HCI socket layer initialized
[    0.307327] Bluetooth: L2CAP socket layer initialized
[    0.307810] Bluetooth: SCO socket layer initialized
[    0.308855] rockchip-cpuinfo cpuinfo: Serial		: 98e773fa5bc04529
[    0.309913] clocksource: Switched to clocksource arch_sys_counter
[    0.359842] thermal thermal_zone1: power_allocator: sustainable_power will be estimated
[    0.360791] NET: Registered protocol family 2
[    0.361631] TCP established hash table entries: 32768 (order: 6, 262144 bytes)
[    0.362566] TCP bind hash table entries: 32768 (order: 8, 1048576 bytes)
[    0.364086] TCP: Hash tables configured (established 32768 bind 32768)
[    0.364794] UDP hash table entries: 2048 (order: 5, 196608 bytes)
[    0.365531] UDP-Lite hash table entries: 2048 (order: 5, 196608 bytes)
[    0.366509] NET: Registered protocol family 1
[    0.367227] RPC: Registered named UNIX socket transport module.
[    0.367775] RPC: Registered udp transport module.
[    0.368226] RPC: Registered tcp transport module.
[    0.368660] RPC: Registered tcp NFSv4.1 backchannel transport module.
[    0.370066] Trying to unpack rootfs image as initramfs...
[    1.093218] Freeing initrd memory: 15716K
[    1.093997] hw perfevents: enabled with armv8_cortex_a53 PMU driver, 7 counters available
[    1.094821] hw perfevents: enabled with armv8_cortex_a72 PMU driver, 7 counters available
[    1.098709] Initialise system trusted keyring
[    1.106935] squashfs: version 4.0 (2009/01/31) Phillip Lougher
[    1.108243] NFS: Registering the id_resolver key type
[    1.108727] Key type id_resolver registered
[    1.109129] Key type id_legacy registered
[    1.109558] ntfs: driver 2.1.32 [Flags: R/O].
[    1.110190] fuse init (API version 7.23)
[    1.110922] SGI XFS with security attributes, no debug enabled
[    1.116584] NET: Registered protocol family 38
[    1.117029] Key type asymmetric registered
[    1.117411] Asymmetric key parser 'x509' registered
[    1.118030] Block layer SCSI generic (bsg) driver version 0.4 loaded (major 246)
[    1.118712] io scheduler noop registered
[    1.119093] io scheduler deadline registered
[    1.119619] io scheduler cfq registered (default)
[    1.121219] rockchip-usb2phy ff770000.syscon:usb2-phy@e460: failed to create phy
[    1.128308] rockchip-pcie f8000000.pcie: no vpcie3v3 regulator found
[    1.128936] rockchip-pcie f8000000.pcie: no vpcie1v8 regulator found
[    1.129545] rockchip-pcie f8000000.pcie: no vpcie0v9 regulator found
[    1.130126] rockchip-pcie f8000000.pcie: missing "memory-region" property
[    1.130750] PCI host bridge /pcie@f8000000 ranges:
[    1.131216]   MEM 0xfa000000..0xfbdfffff -> 0xfa000000
[    1.131687]    IO 0xfbe00000..0xfbefffff -> 0xfbe00000
[    1.673981] rockchip-pcie f8000000.pcie: PCIe link training gen1 timeout!
[    1.674620] rockchip-pcie f8000000.pcie: deferred probe failed
[    1.675374] rockchip-pcie: probe of f8000000.pcie failed with error -110
[    1.676846] backlight supply power not found, using dummy regulator
[    1.678214] rk-vcodec ff650000.vpu_service: no regulator for vcodec
[    1.679113] rk-vcodec ff650000.vpu_service: probe device
[    1.679828] rk-vcodec ff650000.vpu_service: drm allocator with mmu enabled
[    1.680998] rk-vcodec ff650000.vpu_service: could not find power_model node
[    1.681630] rk-vcodec ff650000.vpu_service: init success
[    1.682375] rk-vcodec ff660000.rkvdec: no regulator for vcodec
[    1.683364] rk-vcodec ff660000.rkvdec: probe device
[    1.684020] rk-vcodec ff660000.rkvdec: drm allocator with mmu enabled
[    1.684991] rk-vcodec ff660000.rkvdec: could not find power_model node
[    1.685588] rk-vcodec ff660000.rkvdec: init success
[    1.687711] dma-pl330 ff6d0000.dma-controller: Loaded driver for PL330 DMAC-241330
[    1.688429] dma-pl330 ff6d0000.dma-controller: 	DBUFF-32x8bytes Num_Chans-6 Num_Peri-12 Num_Events-12
[    1.690743] dma-pl330 ff6e0000.dma-controller: Loaded driver for PL330 DMAC-241330
[    1.691457] dma-pl330 ff6e0000.dma-controller: 	DBUFF-128x8bytes Num_Chans-8 Num_Peri-20 Num_Events-16
[    1.693375] rockchip-system-monitor rockchip-system-monitor: system monitor probe
[    1.694750] Serial: 8250/16550 driver, 5 ports, IRQ sharing disabled
[    1.695962] ff180000.serial: ttyS0 at MMIO 0xff180000 (irq = 37, base_baud = 1500000) is a 16550A
[    1.697270] ff370000.serial: ttyS4 at MMIO 0xff370000 (irq = 40, base_baud = 1500000) is a 16550A
[    1.699179] [drm] Initialized drm 1.1.0 20060810
[    1.703302] [drm] Rockchip DRM driver version: v1.0.1
[    1.704111] rockchip-drm display-subsystem: dmc is disabled
[    1.704926] rockchip-vop ff900000.vop: missing rockchip,grf property
[    1.705767] rockchip-drm display-subsystem: bound ff900000.vop (ops 0xffffff8008d664c0)
[    1.706545] rockchip-vop ff8f0000.vop: missing rockchip,grf property
[    1.707317] rockchip-drm display-subsystem: bound ff8f0000.vop (ops 0xffffff8008d664c0)
[    1.708310] i2c i2c-9: of_i2c: modalias failure on /hdmi@ff940000/ports
[    1.708958] dwhdmi-rockchip ff940000.hdmi: registered DesignWare HDMI I2C bus driver
[    1.709775] dwhdmi-rockchip ff940000.hdmi: Detected HDMI TX controller v2.11a with HDCP (DWC HDMI 2.0 TX PHY)
[    1.711439] rockchip-drm display-subsystem: bound ff940000.hdmi (ops 0xffffff8008d5b648)
[    1.712218] [drm] Supports vblank timestamp caching Rev 2 (21.10.2013).
[    1.712824] [drm] No driver support for vblank timestamp query.
[    1.713584] rockchip-drm display-subsystem: failed to parse loader memory
[    1.714234] rockchip-drm display-subsystem: No connectors reported connected with modes
[    1.715004] [drm] Cannot find any crtc or sizes - going 1024x768
[    1.725982] Console: switching to colour frame buffer device 128x48
[    1.732716] rockchip-drm display-subsystem: fb0:  frame buffer device
[    1.741415] mali ff9a0000.gpu: Failed to get regulator
[    1.741957] mali ff9a0000.gpu: Power control initialization failed
[    1.742971] Unable to detect cache hierarchy for CPU 0
[    1.744174] brd: module loaded
[    1.749782] loop: module loaded
[    1.750655] zram: Added device: zram0
[    1.751361] lkdtm: No crash points registered, enable through debugfs
[    1.753390] rockchip-spi ff200000.spi: no high_speed pinctrl state
[    1.754632] m25p80 spi32766.0: unrecognized JEDEC id bytes: ff, ff, ff
[    1.756668] rk_gmac-dwmac fe300000.ethernet: clock input or output? (input).
[    1.757404] rk_gmac-dwmac fe300000.ethernet: TX delay(0x28).
[    1.757988] rk_gmac-dwmac fe300000.ethernet: RX delay(0x20).
[    1.758575] rk_gmac-dwmac fe300000.ethernet: integrated PHY? (no).
[    1.759384] rk_gmac-dwmac fe300000.ethernet: cannot get clock clk_mac_speed
[    1.760096] rk_gmac-dwmac fe300000.ethernet: clock input from PHY
[    1.765724] rk_gmac-dwmac fe300000.ethernet: init for RGMII
[    1.766424] stmmac - user ID: 0x10, Synopsys ID: 0x35
[    1.766953]  Ring mode enabled
[    1.767275]  DMA HW capability register supported
[    1.767739]  Normal descriptors
[    1.768098]  RX Checksum Offload Engine supported (type 2)
[    1.768653]  TX Checksum insertion supported
[    1.771741]  Wake-Up On Lan supported
[    1.774754]  Enable RX Mitigation via HW Watchdog Timer
[    1.849109] libphy: stmmac: probed
[    1.852091] eth%d: PHY ID 001cc915 at 0 IRQ POLL (stmmac-0:00) active
[    1.855354] eth%d: PHY ID 001cc915 at 1 IRQ POLL (stmmac-0:01)
[    1.859850] PPP generic driver version 2.4.2
[    1.863076] PPP BSD Compression module registered
[    1.866128] PPP Deflate Compression module registered
[    1.869173] PPP MPPE Compression module registered
[    1.872159] NET: Registered protocol family 24
[    1.875151] usbcore: registered new interface driver rndis_wlan
[    1.878358] Rockchip WiFi SYS interface (V1.00) ... 
[    1.881373] usbcore: registered new interface driver rtl8150
[    1.884386] usbcore: registered new interface driver r8152
[    1.887318] usbcore: registered new interface driver asix
[    1.890163] usbcore: registered new interface driver ax88179_178a
[    1.893048] usbcore: registered new interface driver cdc_ether
[    1.895863] usbcore: registered new interface driver rndis_host
[    1.898618] usbcore: registered new interface driver cdc_ncm
[    1.901279] usbcore: registered new interface driver cdc_mbim
[    1.903883] GobiNet: GobiNet-fastdial-v3.2
[    1.906361] usbcore: registered new interface driver GobiNet-LS
[    1.910377] rockchip-dwc3 usb0: failed to get drvdata dwc3
[    1.914100] rockchip-dwc3 usb1: failed to get drvdata dwc3
[    1.917712] ehci_hcd: USB 2.0 'Enhanced' Host Controller (EHCI) Driver
[    1.920341] ehci-pci: EHCI PCI platform driver
[    1.922784] ehci-platform: EHCI generic platform driver
[    1.925971] ohci_hcd: USB 1.1 'Open' Host Controller (OHCI) Driver
[    1.928549] ohci-platform: OHCI generic platform driver
[    1.932019] usbcore: registered new interface driver cdc_wdm
[    1.934599] usbcore: registered new interface driver uas
[    1.937143] usbcore: registered new interface driver usb-storage
[    1.939736] usbcore: registered new interface driver usbserial
[    1.942228] usbcore: registered new interface driver usbserial_generic
[    1.944727] usbserial: USB Serial support registered for generic
[    1.947173] usbcore: registered new interface driver cp210x
[    1.949588] usbserial: USB Serial support registered for cp210x
[    1.952083] usbcore: registered new interface driver ftdi_sio
[    1.954578] usbserial: USB Serial support registered for FTDI USB Serial Device
[    1.957272] usbcore: registered new interface driver keyspan
[    1.959817] usbserial: USB Serial support registered for Keyspan - (without firmware)
[    1.962628] usbserial: USB Serial support registered for Keyspan 1 port adapter
[    1.965371] usbserial: USB Serial support registered for Keyspan 2 port adapter
[    1.968072] usbserial: USB Serial support registered for Keyspan 4 port adapter
[    1.970745] usbcore: registered new interface driver option
[    1.973269] usbserial: USB Serial support registered for GSM modem (1-port)
[    1.975945] usbcore: registered new interface driver oti6858
[    1.978522] usbserial: USB Serial support registered for oti6858
[    1.981155] usbcore: registered new interface driver pl2303
[    1.983741] usbserial: USB Serial support registered for pl2303
[    1.986365] usbcore: registered new interface driver qcserial
[    1.988958] usbserial: USB Serial support registered for Qualcomm USB modem
[    1.991723] usbcore: registered new interface driver sierra
[    1.994360] usbserial: USB Serial support registered for Sierra USB modem
[    1.997163] usbcore: registered new interface driver cdc_xr_usb_serial
[    1.999911] xr_usb_serial_common: Exar USB UART (serial port) driver
[    2.003842] usbcore: registered new interface driver usbtouchscreen
[    2.006868] sensor_register_slave:mma8452,id=17
[    2.009482] sensor_register_slave:lis3dh,id=7
[    2.012024] sensor_register_slave:mma7660,id=18
[    2.014553] sensor_register_slave:lsm303d,id=23
[    2.017087] sensor_register_slave:mpu6880_acc,id=25
[    2.019660] sensor_register_slave:mpu6500_acc,id=26
[    2.022223] sensor_register_slave:lsm330_acc,id=27
[    2.024790] sensor_register_slave:akm8975,id=31
[    2.027336] sensor_register_slave:akm8963,id=32
[    2.029877] sensor_register_slave:l3g4200d,id=46
[    2.032426] sensor_register_slave:l3g20d,id=47
[    2.034929] sensor_register_slave:ewtsa,id=48
[    2.037384] sensor_register_slave:lsm330_gyro,id=52
[    2.039860] sensor_register_slave:cm3217,id=54
[    2.042312] sensor_register_slave:cm3218,id=55
[    2.045205] i2c /dev entries driver
[    2.048874] rk808 0-0020: Pmic Chip id: 0x8090
[    2.051599] rk808 0-0020: source: on=0x10, off=0x00
[    2.054681] rk808 0-0020: support dcdc3 fb mode:-22, -179636224
[    2.057321] rk808 0-0020: support pmic reset mode:0,0
[    2.062130] rk808-regulator rk808-regulator: there is no dvs0 gpio
[    2.064735] rk808-regulator rk808-regulator: there is no dvs1 gpio
[    2.067356] DCDC_REG1: supplied by vcc5v0_sys
[    2.071229] DCDC_REG2: supplied by vcc5v0_sys
[    2.075208] DCDC_REG3: supplied by vcc5v0_sys
[    2.078825] DCDC_REG4: supplied by vcc5v0_sys
[    2.082402] DCDC_REG5: supplied by vcc5v0_sys
[    2.084966] vcc_buck5: Bringing 3300000uV into 2200000-2200000uV
[    2.089005] LDO_REG1: supplied by vcc_buck5
[    2.093027] LDO_REG2: supplied by vcc_buck5
[    2.096972] LDO_REG3: supplied by vcc_buck5
[    2.100835] LDO_REG4: supplied by vcc_buck5
[    2.104678] LDO_REG5: supplied by vcc_buck5
[    2.108539] LDO_REG6: supplied by vcc_buck5
[    2.112401] LDO_REG7: supplied by vcc3v3_sys
[    2.116231] LDO_REG8: supplied by vcc3v3_sys
[    2.120174] LDO_REG9: supplied by vcc3v3_sys
[    2.123954] SWITCH_REG1: supplied by vcc5v0_sys
[    2.126331] SWITCH_REG2: supplied by vcc3v3_sys
[    2.129399] rk817-battery rk817-battery: Failed to find matching dt id
[    2.131675] rk817-charger rk817-charger: Failed to find matching dt id
[    2.135879] input: rk8xx_pwrkey as /devices/platform/ff3c0000.i2c/i2c-0/0-0020/input/input0
[    2.141736] rk808-rtc rk808-rtc: rtc core: registered rk808-rtc as rtc0
[    2.145785] fan53555-regulator 0-001c: FAN53555 Option[12] Rev[15] Detected!
[    2.148040] fan53555-reg: supplied by vcc5v0_sys
[    2.152212] fan53555-regulator 0-0010: FAN53555 Option[0] Rev[15] Detected!
[    2.154420] fan53555-reg: supplied by vcc5v0_sys
[    2.157989] rk3x-i2c ff3c0000.i2c: Initialized RK3xxx I2C bus at ffffff80097f8000
[    2.160776] i2c i2c-1: 1 i2c clients have been registered at 0x0c
[    2.163121] rk3x-i2c ff110000.i2c: Initialized RK3xxx I2C bus at ffffff80097fa000
[    2.165983] rk3x-i2c ff120000.i2c: Initialized RK3xxx I2C bus at ffffff80097fc000
[    2.168806] rk3x-i2c ff150000.i2c: Initialized RK3xxx I2C bus at ffffff80097fe000
[    2.171634] rk3x-i2c ff160000.i2c: Initialized RK3xxx I2C bus at ffffff8009882000
[    2.174454] rk3x-i2c ff3d0000.i2c: Initialized RK3xxx I2C bus at ffffff8009884000
[    2.177928] fusb302 8-0022: Can't get property of role, set role to default DRP
[    2.189311] fusb302 8-0022: port 0 probe success with role ROLE_MODE_DRP, try_role ROLE_MODE_NONE
[    2.192062] input: Typec_Headphone as /devices/platform/ff3e0000.i2c/i2c-8/8-0022/input/input1
[    2.194838] rk3x-i2c ff3e0000.i2c: Initialized RK3xxx I2C bus at ffffff8009886000
[    2.198057] vm149c 1-000c: probing...
[    2.200279] vm149c 1-000c: driver version: 00.01.00
[    2.202612] vm149c 1-000c: could not get module rockchip,vcm-start-current from dts!
[    2.205266] vm149c 1-000c: could not get module rockchip,vcm-rated-current from dts!
[    2.207920] vm149c 1-000c: could not get module rockchip,vcm-step-mode from dts!
[    2.210548] vm149c 1-000c: probing successful
[    2.212919] vm149c 1-000c-1: probing...
[    2.215190] vm149c 1-000c-1: driver version: 00.01.00
[    2.217576] vm149c 1-000c-1: could not get module rockchip,vcm-start-current from dts!
[    2.220263] vm149c 1-000c-1: could not get module rockchip,vcm-rated-current from dts!
[    2.222913] vm149c 1-000c-1: could not get module rockchip,vcm-step-mode from dts!
[    2.225565] vm149c 1-000c-1: probing successful
[    2.228566] IR NEC protocol handler initialized
[    2.231665] rkisp1 ff910000.rkisp1: rkisp1 driver version: v00.01.05
[    2.234295] rkisp1 ff910000.rkisp1: Missing rockchip,grf property
[    2.238489] rkisp1 ff920000.rkisp1: rkisp1 driver version: v00.01.05
[    2.241183] rkisp1 ff920000.rkisp1: Missing rockchip,grf property
[    2.245314] usbcore: registered new interface driver uvcvideo
[    2.247915] USB Video Class driver (1.1.1)
[    2.250387] Driver for 1-wire Dallas network protocol.
[    2.256496] Boot mode: normal
[    2.259231] ina2xx 6-0047: error configuring the device: -6
[    2.263017] rk_tsadcv2_temp_to_code: Invalid conversion table: code=1023, temperature=2147483647
[    2.266294] rockchip-thermal ff260000.tsadc: tsadc is probed successfully!
[    2.269964] dw_wdt ff848000.watchdog: Should better to setup a 'resets' property in dt, that must been named with reset
[    2.273705] Bluetooth: Virtual HCI driver ver 1.5
[    2.276819] Bluetooth: HCI UART driver ver 2.3
[    2.279788] Bluetooth: HCI UART protocol H4 registered
[    2.282828] Bluetooth: HCI UART protocol LL registered
[    2.285872] usbcore: registered new interface driver bfusb
[    2.288945] rtk_btcoex: Coex over UDP
[    2.292094] usbcore: registered new interface driver rtk_btusb
[    2.295631] cpu cpu0: leakage=22
[    2.311072] cpu cpu0: temp=39375, pvtm=144441 (144671 + -230)
[    2.315049] cpu cpu0: pvtm-volt-sel=1
[    2.318224] cpu cpu4: leakage=37
[    2.333557] cpu cpu4: temp=38750, pvtm=153406 (153619 + -213)
[    2.339778] cpu cpu4: pvtm-volt-sel=1
[    2.343873] cpu cpu0: avs=0
[    2.346553] cpu cpu0: l=0 h=2147483647 hyst=5000 l_limit=0 h_limit=0
[    2.350870] cpu cpu0: failed to find power_model node
[    2.354727] cpu cpu4: avs=0
[    2.357511] cpu cpu4: l=0 h=2147483647 hyst=5000 l_limit=0 h_limit=0
[    2.361825] cpu cpu4: failed to find power_model node
[    2.365605] sdhci: Secure Digital Host Controller Interface driver
[    2.368604] sdhci: Copyright(c) Pierre Ossman
[    2.371383] Synopsys Designware Multimedia Card Interface Driver
[    2.375295] dwmmc_rockchip fe320000.dwmmc: IDMAC supports 32-bit address mode.
[    2.378481] dwmmc_rockchip fe320000.dwmmc: Using internal DMA controller.
[    2.381503] dwmmc_rockchip fe320000.dwmmc: Version ID is 270a
[    2.384410] dwmmc_rockchip fe320000.dwmmc: DW MMC controller at irq 25,32 bit host data width,256 deep fifo
[    2.387752] dwmmc_rockchip fe320000.dwmmc: 'clock-freq-min-max' property was deprecated.
[    2.393659] rockchip-iodomain ff770000.syscon:io-domains: Setting to 3300000 done
[    2.397211] rockchip-iodomain ff770000.syscon:io-domains: Setting to 3300000 done
[    2.413077] mmc_host mmc0: Bus speed (slot 0) = 400000Hz (slot req 400000Hz, actual 400000HZ div = 0)
[    2.429275] dwmmc_rockchip fe320000.dwmmc: 1 slots initialized
[    2.432732] sdhci-pltfm: SDHCI platform and OF driver helper
[    2.437666] sdhci-arasan fe330000.sdhci: No vmmc regulator found
[    2.440822] sdhci-arasan fe330000.sdhci: No vqmmc regulator found
[    2.474432] mmc1: SDHCI controller on fe330000.sdhci [fe330000.sdhci] using ADMA
[    2.482361] rockchip-pinctrl pinctrl: unable to find group for node leds-gpio
[    2.490514] hidraw: raw HID events driver (C) Jiri Kosina
[    2.497173] usbcore: registered new interface driver usbhid
[    2.503029] usbhid: USB HID core driver
[    2.516170] usbcore: registered new interface driver snd-usb-audio
[    2.533325] Netfilter messages via NETLINK v0.30.
[    2.535878] mmc1: new HS400 Enhanced strobe MMC card at address 0001
[    2.536684] mmcblk1: mmc1:0001 Y2P032 29.1 GiB 
[    2.537112] mmcblk1boot0: mmc1:0001 Y2P032 partition 1 4.00 MiB
[    2.537487] mmcblk1boot1: mmc1:0001 Y2P032 partition 2 4.00 MiB
[    2.537781] mmcblk1rpmb: mmc1:0001 Y2P032 partition 3 16.0 MiB
[    2.544554]  mmcblk1: p1 p2 p3 p4
[    2.557864] nfnl_acct: registering with nfnetlink.
[    2.560826] nf_conntrack version 0.5.0 (16384 buckets, 65536 max)
[    2.564028] ctnetlink v0.93: registering with nfnetlink.
[    2.566699] nf_tables: (c) 2007-2009 Patrick McHardy <kaber@trash.net>
[    2.569390] nf_tables_compat: (c) 2012 Pablo Neira Ayuso <pablo@netfilter.org>
[    2.572555] xt_time: kernel timezone is -0000
[    2.575361] ip_tables: (C) 2000-2006 Netfilter Core Team
[    2.578118] ipt_CLUSTERIP: ClusterIP Version 0.8 loaded successfully
[    2.580868] arp_tables: (C) 2002 David S. Miller
[    2.583369] Initializing XFRM netlink socket
[    2.586000] NET: Registered protocol family 10
[    2.589101] NET: Registered protocol family 17
[    2.591275] NET: Registered protocol family 15
[    2.593433] bridge: automatic filtering via arp/ip/ip6tables has been deprecated. Update your scripts to load br_netfilter if you need this.
[    2.598501] Bluetooth: RFCOMM socket layer initialized
[    2.600824] Bluetooth: RFCOMM ver 1.11
[    2.603005] Bluetooth: HIDP (Human Interface Emulation) ver 1.2
[    2.605373] Bluetooth: HIDP socket layer initialized
[    2.607682] [WLAN_RFKILL]: Enter rfkill_wlan_init
[    2.610176] [WLAN_RFKILL]: Enter rfkill_wlan_probe
[    2.612402] [WLAN_RFKILL]: can't find rockchip,grf property
[    2.614692] [WLAN_RFKILL]: wlan_platdata_parse_dt: wifi_chip_type = rtl8188eu
[    2.617114] [WLAN_RFKILL]: wlan_platdata_parse_dt: enable wifi power control.
[    2.619528] [WLAN_RFKILL]: wlan_platdata_parse_dt: wifi power controled by gpio.
[    2.622010] [WLAN_RFKILL]: wlan_platdata_parse_dt: The ref_wifi_clk not found !
[    2.624344] [WLAN_RFKILL]: rfkill_wlan_probe: init gpio
[    2.626280] [WLAN_RFKILL]: Exit rfkill_wlan_probe
[    2.628187] [BT_RFKILL]: Enter rfkill_rk_init
[    2.630180] Key type dns_resolver registered
[    2.632468] sensor_register_slave:mpu6880_gyro,id=51
[    2.634629] ov13850 1-0010: driver version: 00.01.03
[    2.636632] 1-0010 supply avdd not found, using dummy regulator
[    2.638610] 1-0010 supply dovdd not found, using dummy regulator
[    2.640597] 1-0010 supply dvdd not found, using dummy regulator
[    2.642599] ov13850 1-0010: could not get sleep pinstate
[    2.646397] ov13850 1-0010: Unexpected sensor id(000000), ret(-5)
[    2.648290] ov13850 2-0010: driver version: 00.01.03
[    2.650066] 2-0010 supply avdd not found, using dummy regulator
[    2.651832] 2-0010 supply dovdd not found, using dummy regulator
[    2.653596] 2-0010 supply dvdd not found, using dummy regulator
[    2.655365] ov13850 2-0010: could not get sleep pinstate
[    2.658844] ov13850 2-0010: Unexpected sensor id(000000), ret(-5)
[    2.661039] Registered cp15_barrier emulation handler
[    2.662782] Registered setend emulation handler
[    2.664740] Loading compiled-in X.509 certificates
[    2.667210] rga2: Driver loaded successfully ver:3.02
[    2.669075] rga2: Module initialized.
[    2.669277] vendor storage:20190527 ret = 0
[    2.674349] phy phy-ff770000.syscon:usb2-phy@e450.5: Failed to get VBUS supply regulator
[    2.689420] phy phy-ff770000.syscon:usb2-phy@e460.7: Failed to get VBUS supply regulator
[    2.692251] mali ff9a0000.gpu: leakage=29
[    2.719160] mali ff9a0000.gpu: temp=38750, pvtm=125758 (125896 + -138)
[    2.731794] mali ff9a0000.gpu: pvtm-volt-sel=2
[    2.743665] mali ff9a0000.gpu: avs=0
[    2.756006] mali ff9a0000.gpu: GPU identified as 0x0860 r2p0 status 0
[    2.767367] mali ff9a0000.gpu: Protected mode not available
[    2.779450] mali ff9a0000.gpu: l=0 h=2147483647 hyst=5000 l_limit=0 h_limit=0
[    2.787122] mali ff9a0000.gpu: Using configured power model mali-simple-power-model, and fallback mali-simple-power-model
[    2.795605] I : [File] : drivers/gpu/arm/midgard/backend/gpu/mali_kbase_devfreq.c; [Line] : 423; [Func] : kbase_devfreq_init(); success initing power_model_simple.
[    2.813457] mali ff9a0000.gpu: Probed as mali0
[    2.826767] xhci-hcd xhci-hcd.9.auto: xHCI Host Controller
[    2.832108] xhci-hcd xhci-hcd.9.auto: new USB bus registered, assigned bus number 1
[    2.837455] xhci-hcd xhci-hcd.9.auto: hcc params 0x0220fe64 hci version 0x110 quirks 0x06230010
[    2.842725] xhci-hcd xhci-hcd.9.auto: irq 232, io mem 0xfe800000
[    2.847938] usb usb1: New USB device found, idVendor=1d6b, idProduct=0002
[    2.853028] usb usb1: New USB device strings: Mfr=3, Product=2, SerialNumber=1
[    2.858247] usb usb1: Product: xHCI Host Controller
[    2.863253] usb usb1: Manufacturer: Linux 4.4.194 xhci-hcd
[    2.868300] usb usb1: SerialNumber: xhci-hcd.9.auto
[    2.874204] hub 1-0:1.0: USB hub found
[    2.878395] hub 1-0:1.0: 1 port detected
[    2.882847] xhci-hcd xhci-hcd.9.auto: xHCI Host Controller
[    2.887530] xhci-hcd xhci-hcd.9.auto: new USB bus registered, assigned bus number 2
[    2.892147] usb usb2: We don't know the algorithms for LPM for this host, disabling LPM.
[    2.896892] usb usb2: New USB device found, idVendor=1d6b, idProduct=0003
[    2.901475] usb usb2: New USB device strings: Mfr=3, Product=2, SerialNumber=1
[    2.906100] usb usb2: Product: xHCI Host Controller
[    2.910519] usb usb2: Manufacturer: Linux 4.4.194 xhci-hcd
[    2.914971] usb usb2: SerialNumber: xhci-hcd.9.auto
[    2.920107] hub 2-0:1.0: USB hub found
[    2.923829] hub 2-0:1.0: 1 port detected
[    2.930453] xhci-hcd xhci-hcd.9.auto: remove, state 1
[    2.934278] usb usb2: USB disconnect, device number 1
[    2.936589] xhci-hcd xhci-hcd.10.auto: xHCI Host Controller
[    2.942791] xhci-hcd xhci-hcd.10.auto: new USB bus registered, assigned bus number 3
[    2.949192] xhci-hcd xhci-hcd.10.auto: hcc params 0x0220fe64 hci version 0x110 quirks 0x06230010
[    2.955368] xhci-hcd xhci-hcd.10.auto: irq 233, io mem 0xfe900000
[    2.958461] xhci-hcd xhci-hcd.9.auto: Host not halted after 16000 microseconds.
[    2.958465] xhci-hcd xhci-hcd.9.auto: Host controller not halted, aborting reset.
[    2.958492] xhci-hcd xhci-hcd.9.auto: USB bus 2 deregistered
[    2.975373] xhci-hcd xhci-hcd.9.auto: remove, state 1
[    2.975571] usb usb3: New USB device found, idVendor=1d6b, idProduct=0002
[    2.975580] usb usb3: New USB device strings: Mfr=3, Product=2, SerialNumber=1
[    2.975586] usb usb3: Product: xHCI Host Controller
[    2.975592] usb usb3: Manufacturer: Linux 4.4.194 xhci-hcd
[    2.975598] usb usb3: SerialNumber: xhci-hcd.10.auto
[    2.976238] hub 3-0:1.0: USB hub found
[    2.976273] hub 3-0:1.0: 1 port detected
[    2.976645] xhci-hcd xhci-hcd.10.auto: xHCI Host Controller
[    2.976839] xhci-hcd xhci-hcd.10.auto: new USB bus registered, assigned bus number 2
[    2.976937] usb usb2: We don't know the algorithms for LPM for this host, disabling LPM.
[    2.977056] usb usb2: New USB device found, idVendor=1d6b, idProduct=0003
[    2.977065] usb usb2: New USB device strings: Mfr=3, Product=2, SerialNumber=1
[    2.977071] usb usb2: Product: xHCI Host Controller
[    2.977077] usb usb2: Manufacturer: Linux 4.4.194 xhci-hcd
[    2.977082] usb usb2: SerialNumber: xhci-hcd.10.auto
[    2.977695] hub 2-0:1.0: USB hub found
[    2.977728] hub 2-0:1.0: 1 port detected
[    2.981394] ehci-platform fe380000.usb: EHCI Host Controller
[    2.981661] ehci-platform fe380000.usb: new USB bus registered, assigned bus number 4
[    2.981851] ehci-platform fe380000.usb: irq 27, io mem 0xfe380000
[    2.986997] ehci-platform fe380000.usb: USB 2.0 started, EHCI 1.00
[    2.987139] usb usb4: New USB device found, idVendor=1d6b, idProduct=0002
[    2.987144] usb usb4: New USB device strings: Mfr=3, Product=2, SerialNumber=1
[    2.987147] usb usb4: Product: EHCI Host Controller
[    2.987151] usb usb4: Manufacturer: Linux 4.4.194 ehci_hcd
[    2.987154] usb usb4: SerialNumber: fe380000.usb
[    2.987623] hub 4-0:1.0: USB hub found
[    2.987644] hub 4-0:1.0: 1 port detected
[    2.990453] ehci-platform fe3c0000.usb: EHCI Host Controller
[    2.990678] ehci-platform fe3c0000.usb: new USB bus registered, assigned bus number 5
[    2.990842] ehci-platform fe3c0000.usb: irq 29, io mem 0xfe3c0000
[    2.995983] ehci-platform fe3c0000.usb: USB 2.0 started, EHCI 1.00
[    2.996145] usb usb5: New USB device found, idVendor=1d6b, idProduct=0002
[    2.996150] usb usb5: New USB device strings: Mfr=3, Product=2, SerialNumber=1
[    2.996153] usb usb5: Product: EHCI Host Controller
[    2.996157] usb usb5: Manufacturer: Linux 4.4.194 ehci_hcd
[    2.996160] usb usb5: SerialNumber: fe3c0000.usb
[    2.996620] hub 5-0:1.0: USB hub found
[    2.996640] hub 5-0:1.0: 1 port detected
[    2.997306] ohci-platform fe3a0000.usb: Generic Platform OHCI controller
[    2.997535] ohci-platform fe3a0000.usb: new USB bus registered, assigned bus number 6
[    2.997664] ohci-platform fe3a0000.usb: irq 28, io mem 0xfe3a0000
[    3.052340] usb usb6: New USB device found, idVendor=1d6b, idProduct=0001
[    3.052354] usb usb6: New USB device strings: Mfr=3, Product=2, SerialNumber=1
[    3.052364] usb usb6: Product: Generic Platform OHCI controller
[    3.052374] usb usb6: Manufacturer: Linux 4.4.194 ohci_hcd
[    3.052382] usb usb6: SerialNumber: fe3a0000.usb
[    3.053479] hub 6-0:1.0: USB hub found
[    3.053531] hub 6-0:1.0: 1 port detected
[    3.054887] ohci-platform fe3e0000.usb: Generic Platform OHCI controller
[    3.055202] ohci-platform fe3e0000.usb: new USB bus registered, assigned bus number 7
[    3.055467] ohci-platform fe3e0000.usb: irq 30, io mem 0xfe3e0000
[    3.111237] usb usb7: New USB device found, idVendor=1d6b, idProduct=0001
[    3.111251] usb usb7: New USB device strings: Mfr=3, Product=2, SerialNumber=1
[    3.111263] usb usb7: Product: Generic Platform OHCI controller
[    3.111272] usb usb7: Manufacturer: Linux 4.4.194 ohci_hcd
[    3.111280] usb usb7: SerialNumber: fe3e0000.usb
[    3.112164] hub 7-0:1.0: USB hub found
[    3.112222] hub 7-0:1.0: 1 port detected
[    3.117035] asoc-simple-card rk809-sound: rk817-hifi <-> ff890000.i2s mapping ok
[    3.117056] asoc-simple-card rk809-sound: ASoC: no source widget found for MICBIAS1
[    3.117067] asoc-simple-card rk809-sound: ASoC: Failed to add route MICBIAS1 -> direct -> Mic Jack
[    3.117077] asoc-simple-card rk809-sound: ASoC: no sink widget found for IN1P
[    3.117086] asoc-simple-card rk809-sound: ASoC: Failed to add route Mic Jack -> direct -> IN1P
[    3.117095] asoc-simple-card rk809-sound: ASoC: no source widget found for HPOL
[    3.117104] asoc-simple-card rk809-sound: ASoC: Failed to add route HPOL -> direct -> Headphone Jack
[    3.117113] asoc-simple-card rk809-sound: ASoC: no source widget found for HPOR
[    3.117121] asoc-simple-card rk809-sound: ASoC: Failed to add route HPOR -> direct -> Headphone Jack
[    3.120403] asoc-simple-card hdmi-sound: i2s-hifi <-> ff8a0000.i2s mapping ok
[    3.122728] *** no ext gpio defined
[    3.122733] *** no ext key defined
[    3.123230] *** Have No Ext Gpios.
[    3.123234] *** Have No Ext Key.
[    3.124957] 
[    3.124961] =======================================================
[    3.124969] dhd_module_init: in Dongle Host Driver, version 1.579.77.41.10 (r)
[    3.124972] ==== Launching Wi-Fi driver! (Powered by Rockchip) ====
[    3.124976] ======== dhd_wlan_init_plat_data ========
[    3.124979] =======================================================
[    3.124983] [WLAN_RFKILL]: rockchip_wifi_get_oob_irq: Enter
[    3.124986] Realtek 8723DU USB WiFi driver (Powered by Rockchip) init.
[    3.124990] [WLAN_RFKILL]: rockchip_wifi_get_oob_irq: wifi OOB pin isn't defined.
[    3.124996] [WLAN_RFKILL]: rockchip_wifi_power: 1
[    3.125000] dhd_wlan_init_gpio: unknown oob irqflags !
[    3.125005] [BT_RFKILL]: rfkill_get_bt_power_state: rfkill-bt driver has not Successful initialized
[    3.125013] dhd_wlan_init_gpio: WL_HOST_WAKE=-1, oob_irq=-1, oob_irq_flags=0x410
[    3.125017] [WLAN_RFKILL]: wifi turn on power. -1
[    3.125021] dhd_wlan_init_gpio: WL_REG_ON=-1
[    3.125023] RTW: module init start
[    3.125026] dhd_wifi_platform_load: Enter
[    3.125030] RTW: rtl8723du v5.2.15.2_27977.20180529_COEX20171212-2222
[    3.125034] RTW: build time: Jan 13 2021 15:55:21
[    3.125039] RTW: rtl8723du BT-Coex version = COEX20171212-2222
[    3.125052] Power-up adapter 'DHD generic adapter'
[    3.125113] wifi_platform_set_power = 1
[    3.125118] ======== PULL WL_REG_ON(-1) HIGH! ========
[    3.125124] [WLAN_RFKILL]: rockchip_wifi_power: 1
[    3.125129] [BT_RFKILL]: rfkill_get_bt_power_state: rfkill-bt driver has not Successful initialized
[    3.125134] [WLAN_RFKILL]: wifi turn on power. -1
[    3.125230] usbcore: registered new interface driver rtl8723du
[    3.125234] RTW: module init ret=0
[    3.128395] rk808-rtc rk808-rtc: setting system clock to 2017-08-05 13:57:05 UTC (1501941425)
[    3.156955] rockchip_headset_probe() headset have hook adc mode
[    3.157260] input: rk_headset as /devices/platform/rk_headset/input/input2
[    3.159369] I : [File] : drivers/gpu/arm/mali400/mali/linux/mali_kernel_linux.c; [Line] : 417; [Func] : mali_module_init(); svn_rev_string_from_arm of this mali_ko is '', rk_ko_ver is '5', built at '15:55:25', on 'Jan 13 2021'.
[    3.159747] Mali: Mali device driver loaded
[    3.160286] input: rk29-keypad as /devices/platform/rockchip-key/input/input3
[    3.161070] rkisp1 ff910000.rkisp1: clear unready subdev num: 1
[    3.161403] rockchip-mipi-dphy-rx: No link between dphy and sensor
[    3.161407] rockchip-mipi-dphy-rx: No link between dphy and sensor
[    3.161410] rkisp1: update sensor failed
[    3.161419] rkisp1 ff920000.rkisp1: clear unready subdev num: 1
[    3.161711] rockchip-mipi-dphy-rx: No link between dphy and sensor
[    3.161715] rockchip-mipi-dphy-rx: No link between dphy and sensor
[    3.161718] rkisp1: update sensor failed
[    3.162569] es7243_i2c_probe
[    3.163172] es7243_probe
[    3.163200] es7243_init_mode
[    3.163282] ALSA device list:
[    3.163285]   #0: rockchip,rk809-codec
[    3.163288]   #1: rockchip,hdmi
[    3.163367] es7243 7-0013: i2c write 0x0 failed
[    3.163370]  es7243_probe sucess!
[    3.164250] asoc-simple-card es7243-sound: es7243-mic-array <-> ff880000.i2s mapping ok
[    3.277958] usb 3-1: new high-speed USB device number 2 using xhci-hcd
[    3.288952] usb 4-1: new high-speed USB device number 2 using ehci-platform
[    3.403363] usb 3-1: New USB device found, idVendor=05e3, idProduct=0610
[    3.403377] usb 3-1: New USB device strings: Mfr=1, Product=2, SerialNumber=0
[    3.403388] usb 3-1: Product: USB2.0 Hub
[    3.403398] usb 3-1: Manufacturer: GenesysLogic
[    3.404779] usb 4-1: New USB device found, idVendor=0bda, idProduct=d723
[    3.404791] usb 4-1: New USB device strings: Mfr=1, Product=2, SerialNumber=3
[    3.404800] usb 4-1: Product: 802.11n WLAN Adapter
[    3.404809] usb 4-1: Manufacturer: Realtek
[    3.404817] usb 4-1: SerialNumber: 00e04c000001
[    3.406256] rtk_btusb: patch_add
[    3.406261] rtk_btusb: auto suspend is disabled
[    3.406266] rtk_btusb: pid = 0xd723
[    3.406273] rtk_btusb: patch_add: Reset gEVersion to 0xff
[    3.407103] rtk_btusb: download_patch start
[    3.407110] rtk_btusb: chip type value: 0x71
[    3.407118] rtk_btusb: HCI reset.
[    3.416027] rtk_btusb: read_ver_rsp->lmp_subver = 0x8723
[    3.416031] rtk_btusb: read_ver_rsp->hci_rev = 0xd
[    3.416036] rtk_btusb: patch_entry->lmp_sub = 0x8723
[    3.416040] rtk_btusb: load_firmware start
[    3.416044] rtk_btusb: lmp_version = 0x8723
[    3.416049] rtk_btusb: config filename rtl8723du_config
[    3.416219] usb 4-1: Direct firmware load for rtl8723du_config failed with error -2
