DDR d5483af87d cym 23/11/23-16:15:24,fwver: v1.15
LPDDR4X, 2112MHz
channel[0] BW=16 Col=10 Bk=8 CS0 Row=16 CS1 Row=16 CS=2 Die BW=16 Size=2048MB
channel[1] BW=16 Col=10 Bk=8 CS0 Row=16 CS1 Row=16 CS=2 Die BW=16 Size=2048MB
channel[2] BW=16 Col=10 Bk=8 CS0 Row=16 CS1 Row=16 CS=2 Die BW=16 Size=2048MB
channel[3] BW=16 Col=10 Bk=8 CS0 Row=16 CS1 Row=16 CS=2 Die BW=16 Size=2048MB
Manufacturer ID:0x1
CH0 RX Vref:29.3%, TX Vref:22.8%,22.8%
CH1 RX Vref:30.1%, TX Vref:21.8%,20.8%
CH2 RX Vref:30.5%, TX Vref:20.8%,20.8%
CH3 RX Vref:29.7%, TX Vref:18.8%,18.8%
change to F1: 528MHz
change to F2: 1068MHz
change to F3: 1560MHz
change to F0: 2112MHz
out
U-Boot SPL board init
U-Boot SPL 2017.09-g82435751526-231214-dirty #zhangzj (Dec 14 2023 - 09:16:28)
unknown raw ID 0 0 0
unrecognized JEDEC id bytes: 00, 00, 00
Trying to boot from MMC2
MMC: no card present
mmc_init: -123, time 0
spl: mmc init failed with error: -123
Trying to boot from MMC1
No bootable slots found, use lastboot.
Trying fit image at 0x4000 sector
## Verified-boot: 0
## Checking atf-1 0x00040000 ... sha256(b40ce543bb...) + OK
## Checking u-boot 0x00a00000 ... sha256(3188c00006...) + OK
## Checking fdt-1 0x00b08c70 ... sha256(74b6a6b93d...) + OK
## Checking atf-2 0x000f0000 ... sha256(f202de33d9...) + OK
## Checking atf-3 0xff100000 ... sha256(af08976afd...) + OK
## Checking tee-1 0x08400000 ... sha256(617eb0ee15...) + OK
Jumping to U-Boot(0x00a00000) via ARM Trusted Firmware(0x00040000)
Total: 95.201/252.931 ms

INFO:    Preloader serial: 2
NOTICE:  BL31: v2.3():v2.3-616-gdc1125f48:finley.xiao
NOTICE:  BL31: Built : 16:41:17, Jul 13 2023
INFO:    spec: 0x1
INFO:    ext 32k is not valid
INFO:    ddr: stride-en 4CH
INFO:    GICv3 without legacy support detected.
INFO:    ARM GICv3 driver initialized in EL3
INFO:    valid_cpu_msk=0xff bcore0_rst = 0x0, bcore1_rst = 0x0
INFO:    system boots from cpu-hwid-0
INFO:    idle_st=0x21fff, pd_st=0x11fff9, repair_st=0xfff70001
ERROR:   dfs get fsp_params[0] error, 0xfead0004 != 0xfead0003
ERROR:   dfs get fsp_params[1] error, 0x1111 != 0xfead0003
ERROR:   dfs get fsp_params[2] error, 0x0 != 0xfead0003
ERROR:   dfs get fsp_params[3] error, 0x60241520 != 0xfead0003
ERROR:   loader&trust unmatch!!! Please update trust if need enable dmc
INFO:    BL31: Initialising Exception Handling Framework
INFO:    BL31: Initializing runtime services
INFO:    BL31: Initializing BL32
I/TC: 
I/TC: OP-TEE version: 3.13.0-760-g540ade275 #zhangzj (gcc version 10.2.1 20201103 (GNU Toolchain for the A-profile Architecture 10.2-2020.11 (arm-10.16))) #3 Tue Dec  5 14:36:05 CST 2023 aarch64, fwver: null 
I/TC: OP-TEE memory: TEEOS 0x200000 TA 0xc00000 SHM 0x200000
I/TC: Primary CPU initializing
I/TC: Primary CPU switching to normal world boot
INFO:    BL31: Preparing for EL3 exit to normal world
INFO:    Entry point address = 0xa00000
INFO:    SPSR = 0x3c9


U-Boot 2024.01-rc5-g40e0647209-dirty (Jan 05 2024 - 13:55:47 +0800)

Model: Rockchip RK3588 EVB1 V10 Board
DRAM:  8 GiB (effective 7.7 GiB)
Core:  331 devices, 29 uclasses, devicetree: separate
MMC:   mmc@fe2e0000: 0
Loading Environment from MMC... OK
In:    serial@feb50000
Out:   serial@feb50000
Err:   serial@feb50000
Model: Rockchip RK3588 EVB1 V10 Board
Net:   eth0: ethernet@fe1b0000
Hit any key to stop autoboot:  2  1  0 
Scanning for bootflows in all bootdevs
Seq  Method       State   Uclass    Part  Name                      Filename
---  -----------  ------  --------  ----  ------------------------  ----------------
Scanning global bootmeth 'efi_mgr':
Bus usb@fc800000: USB EHCI 1.00
Bus usb@fc840000: USB OHCI 1.0
Bus usb@fc880000: USB EHCI 1.00
Bus usb@fc8c0000: USB OHCI 1.0
scanning bus usb@fc800000 for devices... 1 USB Device(s) found
scanning bus usb@fc840000 for devices... 1 USB Device(s) found
scanning bus usb@fc880000 for devices... 2 USB Device(s) found
scanning bus usb@fc8c0000 for devices... 1 USB Device(s) found
Scanning bootdev 'usb_mass_storage.lun0.bootdev':
  0  efi          ready   usb_mass_    1  usb_mass_storage.lun0.boo efi/boot/bootaa64.efi
** Booting bootflow 'usb_mass_storage.lun0.bootdev.part_1' with efi
Booting /efi\boot\bootaa64.efi
Welcome to GRUB!

EQOS_DMA_MODE_SWR stuckFAILED: -110error: no such device: ((hd1,gpt1)/efi/boot)/EFI/BOOT/grub.cfg.
error: serial port `com0' isn't found.
GNU GRUB  version 2.06

вввввввввввввв”Ђвввввввввввввввввввввввввввввввввввввввввв”Ђввввввввввввввввввввввввввввввввввввввввввввввввввввввввввввввввввввввввввввввввв”Ђвввввввввввввввввввввввввввввввввввввввввввввввввввввв”Ђввввввввввввввввввввввввввввввввввввввввввввввввввввввввввввввввввввввввввввввввввввв”Ђвввввввввввввввввввввввввввввввввввввв”Ђвввв     Use the в and в keys to select which entry is highlighted.                                                                      
      Press enter to boot the selected OS, `e' to edit the commands before booting or `c' for a command-line.                           Linux Boot                                                                                                                             *bbr/bsa                                                                                                                                 SCT for Security Interface Extension (optional)                                                                                         Linux Boot for Security Interface Extension (optional)                                                                                                                                                                                                                                                                                                                                                                                                                                                                                                                                                                                                                                                                                                                                                                                                                                                                                                                                                                                                                                                                                                                                                                                                                                                                                                                                                                                                                                                                                                                                                                                                                                                                                                                                                                                                                                                                                                                                                                                                                                                                                                                                                                                                                                                                                                                                                                                                                                                                                             The highlighted entry will be executed automatically in 10s.                                                                                                                                                                                                                                                                                                                                                                   bbr/bsa                                                                                                                                *SCT for Security Interface Extension (optional)                                                                                        /EndEntire
file path: /HardwareVendor(e61d73b9-a384-4acc-aeab-82e828f3628b)[8: 00 00 00 00 00 00 00 00 ]
/HardwareVendor(e61d73b9-a384-4acc-aeab-82e828f3628b)[8: 7d 00 00 00 02 00 00 00 ]/USB(0,0)/USB(1,0)/Ctrl(0)
/HD(1,800,4b000,7a294392e64d1041,2,2)/File(\EFI\BOOT)/File(Shell.efi)/EndEntire
UEFI Interactive Shell v2.2
EDK II
UEFI v2.100 (Das U-Boot, 0x20240100)
Mapping table
      FS0: Alias(s):HD0d:;BLK3:
          /VenHw(e61d73b9-a384-4acc-aeab-82e828f3628b,0000000000000000)/eMMC(0)/eMMC(0)/HD(3,GPT,7a3f0000-0000-446a-8000-702f00006273,0x8000,0x20000)
      FS1: Alias(s):HD0g:;BLK6:
          /VenHw(e61d73b9-a384-4acc-aeab-82e828f3628b,0000000000000000)/eMMC(0)/eMMC(0)/HD(6,GPT,614e0000-0000-4b53-8000-1d28000054a9,0x78000,0x1c00000)
      FS2: Alias(s):HD0h:;BLK7:
          /VenHw(e61d73b9-a384-4acc-aeab-82e828f3628b,0000000000000000)/eMMC(0)/eMMC(0)/HD(7,GPT,a26ad83c-802b-4321-ac9b-b7d356d112af,0x1c78000,0x40000)
      FS3: Alias(s):BLK10:
          /VenHw(e61d73b9-a384-4acc-aeab-82e828f3628b,0000000000000000)/VenHw(e61d73b9-a384-4acc-aeab-82e828f3628b,7d00000002000000)/USB(0x0,0x0)/USB(0x1,0x0)/Ctrl(0x0)/HD(1,GPT,9243297a-4de6-4110-a7fe-d09a91cb21ac,0x800,0x4b000)
      FS4: Alias(s):BLK11:
          /VenHw(e61d73b9-a384-4acc-aeab-82e828f3628b,0000000000000000)/VenHw(e61d73b9-a384-4acc-aeab-82e828f3628b,7d00000002000000)/USB(0x0,0x0)/USB(0x1,0x0)/Ctrl(0x0)/HD(2,GPT,b16f505e-d826-4385-97c8-8da7a6760e78,0x4b800,0x10124e)
     BLK0: Alias(s):
          /VenHw(e61d73b9-a384-4acc-aeab-82e828f3628b,0000000000000000)/eMMC(0)/eMMC(0)
     BLK1: Alias(s):
          /VenHw(e61d73b9-a384-4acc-aeab-82e828f3628b,0000000000000000)/eMMC(0)/eMMC(0)/HD(1,GPT,5a30833f-8c43-47b1-a41d-84d40883d0c6,0x4000,0x2000)
     BLK2: Alias(s):
          /VenHw(e61d73b9-a384-4acc-aeab-82e828f3628b,0000000000000000)/eMMC(0)/eMMC(0)/HD(2,GPT,67ad7741-4638-47c6-a488-d396583e582a,0x6000,0x2000)
     BLK4: Alias(s):
          /VenHw(e61d73b9-a384-4acc-aeab-82e828f3628b,0000000000000000)/eMMC(0)/eMMC(0)/HD(4,GPT,e582484a-9010-404a-899d-47bd16ba3fa8,0x28000,0x40000)
     BLK5: Alias(s):
          /VenHw(e61d73b9-a384-4acc-aeab-82e828f3628b,0000000000000000)/eMMC(0)/eMMC(0)/HD(5,GPT,dc11277f-eb7f-42d9-8027-a83b14220e50,0x68000,0x10000)
     BLK8: Alias(s):
          /VenHw(e61d73b9-a384-4acc-aeab-82e828f3628b,0000000000000000)/eMMC(0)/eMMC(0)/HD(8,GPT,48c6a675-3744-45f6-d7ff-474449eeb98e,0x1cb8000,0x57c3fdf)
     BLK9: Alias(s):
          /VenHw(e61d73b9-a384-4acc-aeab-82e828f3628b,0000000000000000)/VenHw(e61d73b9-a384-4acc-aeab-82e828f3628b,7d00000002000000)/USB(0x0,0x0)/USB(0x1,0x0)/Ctrl(0x0)
Shell> echo -off
- [ok]
Printing SecureBoot state
8BE4DF61-93CA-11D2-AA0D-00E098032B8C - SecureBoot - 0001 Bytes
00 
 
The System is in normal mode
Provisioning the SecureBoot keys...
 
** No partition table - mmc 0 **
Couldn't find partition mmc 0:7
Cannot read EFI system partition
Failed to persist EFI variables
** No partition table - mmc 0 **
Couldn't find partition mmc 0:7
Cannot read EFI system partition
Failed to persist EFI variables
** No partition table - mmc 0 **
Couldn't find partition mmc 0:7
Cannot read EFI system partition
Failed to persist EFI variables
** No partition table - mmc 0 **
Couldn't find partition mmc 0:7
Cannot read EFI system partition
Failed to persist EFI variables
Printing SecureBoot state
8BE4DF61-93CA-11D2-AA0D-00E098032B8C - SecureBoot - 0001 Bytes
01 
 
Automatic provision of secureboot keys is success.
The System is now in SecureBoot mode
 
Press any key to stop the SIE SCT running
Press any key within 5 seconds Press any key within 4 seconds Press any key within 3 seconds Press any key within 2 seconds Press any key within 1 seconds Load support files ...
Load proxy files ...
Load test files ...
Test preparing...
  Remaining test cases: 9
  Runtime services test: VariableAttributes
  Iterations: 1/1
------------------------------------------------------------
Arm ACS Version: SystemReady IR ACS v2.1.0
BBR ACS 1.0.5 (EBBR)
VariableAttributes
Revision 0x00010000
Test Entry Point GUID: E39747C4-22D0-4D52-9C15-3C4EFA80E6C8
Test Support Library GUIDs: 
  1F9C2AE7-F147-4D19-A5E8-255AD005EB3E
  7FD8C38D-7C5C-42FC-B044-3A834A617476
------------------------------------------------------------
UEFI 2.6
Test Configuration #0
------------------------------------------------------------
Verifies Secure Boot variable attributes.
------------------------------------------------------------
Logfile: "\EFI\BOOT\bbr\SCT\Log\RuntimeServicesTest\SecureBootTest0\VariableAttributes_0_0_E39747C4-22D0-4D52-9C15-3C4EFA80E6C8.log"
Test Started: 01/05/24  05:55a
------------------------------------------------------------
SecureBoot - Verify SecureBoot is enabled  -- PASS
98F4A3F2-D329-4813-B00F-324A22F70D3C
/home/weiouy01/code/arm-systemready/IR/Yocto/meta-woden/build/tmp/work/armv8a-oe-linux/ebbr-sct/1.0-r0/edk2-test/SctPkg/TestCase/UEFI/EFI/RuntimeServices/SecureBoot/BlackBoxTest/VariableAttributesBBTest.c:136:Status - Success

SecureBoot - Verify SetupMode == 0 -- PASS
42FE7061-7AF6-4EE7-83ED-72BA5024CE83
/home/weiouy01/code/arm-systemready/IR/Yocto/meta-woden/build/tmp/work/armv8a-oe-linux/ebbr-sct/1.0-r0/edk2-test/SctPkg/TestCase/UEFI/EFI/RuntimeServices/SecureBoot/BlackBoxTest/VariableAttributesBBTest.c:162:Status - Success

SecureBoot - Verify SecureBoot variable attributes -- PASS
1A65C9B2-66AB-4363-A18F-52E12FA200BB
/home/weiouy01/code/arm-systemready/IR/Yocto/meta-woden/build/tmp/work/armv8a-oe-linux/ebbr-sct/1.0-r0/edk2-test/SctPkg/TestCase/UEFI/EFI/RuntimeServices/SecureBoot/BlackBoxTest/VariableAttributesBBTest.c:190:Status - Buffer Too Small

Attributes=0x6, Expected=0x6

SecureBoot - Verify SetupMode variable attributes -- PASS
83D73DD3-3827-4762-9E4E-C7D865F94F27
/home/weiouy01/code/arm-systemready/IR/Yocto/meta-woden/build/tmp/work/armv8a-oe-linux/ebbr-sct/1.0-r0/edk2-test/SctPkg/TestCase/UEFI/EFI/RuntimeServices/SecureBoot/BlackBoxTest/VariableAttributesBBTest.c:225:Status - Buffer Too Small

Attributes=0x6, Expected=0x6

SecureBoot - Verify PK variable attributes -- PASS
67BCE6BB-FE72-4E4B-8D81-F37EE7C56402
/home/weiouy01/code/arm-systemready/IR/Yocto/meta-woden/build/tmp/work/armv8a-oe-linux/ebbr-sct/1.0-r0/edk2-test/SctPkg/TestCase/UEFI/EFI/RuntimeServices/SecureBoot/BlackBoxTest/VariableAttributesBBTest.c:260:Status - Buffer Too Small

Attributes=0x27, Expected=0x27

SecureBoot - Verify KEK variable attributes -- PASS
C465F19A-87A5-46D2-B95F-545A4B382E9B
/home/weiouy01/code/arm-systemready/IR/Yocto/meta-woden/build/tmp/work/armv8a-oe-linux/ebbr-sct/1.0-r0/edk2-test/SctPkg/TestCase/UEFI/EFI/RuntimeServices/SecureBoot/BlackBoxTest/VariableAttributesBBTest.c:295:Status - Buffer Too Small

Attributes=0x27, Expected=0x27

SecureBoot - Verify DB variable attributes -- PASS
A4C882F4-7392-49BE-950C-5E7A31711A12
/home/weiouy01/code/arm-systemready/IR/Yocto/meta-woden/build/tmp/work/armv8a-oe-linux/ebbr-sct/1.0-r0/edk2-test/SctPkg/TestCase/UEFI/EFI/RuntimeServices/SecureBoot/BlackBoxTest/VariableAttributesBBTest.c:330:Status - Buffer Too Small

Attributes=0x27, Expected=0x20

SecureBoot - Verify DBX variable attributes -- PASS
BC37E48E-614F-44E1-9D9A-80E56C9B0090
/home/weiouy01/code/arm-systemready/IR/Yocto/meta-woden/build/tmp/work/armv8a-oe-linux/ebbr-sct/1.0-r0/edk2-test/SctPkg/TestCase/UEFI/EFI/RuntimeServices/SecureBoot/BlackBoxTest/VariableAttributesBBTest.c:365:Status - Buffer Too Small

Attributes=0x27, Expected=0x20


Returned Status Code: Success

VariableAttributes: [PASSED]
  Passes........... 8
  Warnings......... 0
  Errors........... 0
------------------------------------------------------------
UEFI 2.6
Revision 0x00010000
Test Entry Point GUID: E39747C4-22D0-4D52-9C15-3C4EFA80E6C8
------------------------------------------------------------
Logfile: "\EFI\BOOT\bbr\SCT\Log\RuntimeServicesTest\SecureBootTest0\VariableAttributes_0_0_E39747C4-22D0-4D52-9C15-3C4EFA80E6C8.log"
Test Finished: 01/05/24  05:55a
Elapsed Time: 00 Days 00:00:00

------------------------------------------------------------
  Remaining test cases: 8
  Runtime services test: VariableUpdates
  Iterations: 1/1
------------------------------------------------------------
Arm ACS Version: SystemReady IR ACS v2.1.0
BBR ACS 1.0.5 (EBBR)
VariableUpdates
Revision 0x00010000
Test Entry Point GUID: 495CB6D7-0817-4015-A479-0DB4C2308626
Test Support Library GUIDs: 
  1F9C2AE7-F147-4D19-A5E8-255AD005EB3E
  7FD8C38D-7C5C-42FC-B044-3A834A617476
------------------------------------------------------------
UEFI 2.6
Test Configuration #0
------------------------------------------------------------
Verifies Secure Boot variable updates.
------------------------------------------------------------
Logfile: "\EFI\BOOT\bbr\SCT\Log\RuntimeServicesTest\SecureBootTest0\VariableUpdates_0_0_495CB6D7-0817-4015-A479-0DB4C2308626.log"
Test Started: 01/05/24  05:56a
------------------------------------------------------------
SecureBootVariableCleanup: Doing cleanup of secure boot variables

** No partition table - mmc 0 **
Couldn't find partition mmc 0:7
Cannot read EFI system partition
Failed to persist EFI variables
** No partition table - mmc 0 **
Couldn't find partition mmc 0:7
Cannot read EFI system partition
Failed to persist EFI variables
** No partition table - mmc 0 **
Couldn't find partition mmc 0:7
Cannot read EFI system partition
Failed to persist EFI variables
** No partition table - mmc 0 **
Couldn't find partition mmc 0:7
Cannot read EFI system partition
Failed to persist EFI variables
** No partition table - mmc 0 **
Couldn't find partition mmc 0:7
Cannot read EFI system partition
Failed to persist EFI variables
** No partition table - mmc 0 **
Couldn't find partition mmc 0:7
Cannot read EFI system partition
Failed to persist EFI variables
SecureBoot - Verify unsigned KEK update -- PASS
D2073163-EDB0-4D6B-BA8F-5C6116C1592C
/home/weiouy01/code/arm-systemready/IR/Yocto/meta-woden/build/tmp/work/armv8a-oe-linux/ebbr-sct/1.0-r0/edk2-test/SctPkg/TestCase/UEFI/EFI/RuntimeServices/SecureBoot/BlackBoxTest/VariableUpdatesBBTest.c:298:Status - 800000000000001A

** No partition table - mmc 0 **
Couldn't find partition mmc 0:7
Cannot read EFI system partition
Failed to persist EFI variables
SecureBoot - Verify signed KEK update -- PASS
D2073163-EDB0-4D6B-BA8F-5C6116C1592C
/home/weiouy01/code/arm-systemready/IR/Yocto/meta-woden/build/tmp/work/armv8a-oe-linux/ebbr-sct/1.0-r0/edk2-test/SctPkg/TestCase/UEFI/EFI/RuntimeServices/SecureBoot/BlackBoxTest/VariableUpdatesBBTest.c:374:Status - Success

SecureBoot - Verify unsigned db update -- PASS
25AD4F9B-6533-4A96-9447-FEED03EEC3E2
/home/weiouy01/code/arm-systemready/IR/Yocto/meta-woden/build/tmp/work/armv8a-oe-linux/ebbr-sct/1.0-r0/edk2-test/SctPkg/TestCase/UEFI/EFI/RuntimeServices/SecureBoot/BlackBoxTest/VariableUpdatesBBTest.c:520:Status - 800000000000001A

** No partition table - mmc 0 **
Couldn't find partition mmc 0:7
Cannot read EFI system partition
Failed to persist EFI variables
SecureBoot - Verify signed db update -- PASS
2F1014EB-4E84-4293-BAD3-53035F9EAEB4
/home/weiouy01/code/arm-systemready/IR/Yocto/meta-woden/build/tmp/work/armv8a-oe-linux/ebbr-sct/1.0-r0/edk2-test/SctPkg/TestCase/UEFI/EFI/RuntimeServices/SecureBoot/BlackBoxTest/VariableUpdatesBBTest.c:594:Status - Success

** No partition table - mmc 0 **
Couldn't find partition mmc 0:7
Cannot read EFI system partition
Failed to persist EFI variables
SecureBoot - Verify signed db update -- PASS
021EF001-0CB2-45D4-8529-D4F0E83ADD1F
/home/weiouy01/code/arm-systemready/IR/Yocto/meta-woden/build/tmp/work/armv8a-oe-linux/ebbr-sct/1.0-r0/edk2-test/SctPkg/TestCase/UEFI/EFI/RuntimeServices/SecureBoot/BlackBoxTest/VariableUpdatesBBTest.c:668:Status - Success

** No partition table - mmc 0 **
Couldn't find partition mmc 0:7
Cannot read EFI system partition
Failed to persist EFI variables
SecureBoot - Verify signed db update data signed by TESTKEK2 -- PASS
EAD975E5-0A13-45A6-ACDD-B3EE23643057
/home/weiouy01/code/arm-systemready/IR/Yocto/meta-woden/build/tmp/work/armv8a-oe-linux/ebbr-sct/1.0-r0/edk2-test/SctPkg/TestCase/UEFI/EFI/RuntimeServices/SecureBoot/BlackBoxTest/VariableUpdatesBBTest.c:742:Status - Success

SecureBoot - Verify unsigned dbx update -- PASS
70FEBF5B-27D6-44AE-AB43-059DDD8B2947
/home/weiouy01/code/arm-systemready/IR/Yocto/meta-woden/build/tmp/work/armv8a-oe-linux/ebbr-sct/1.0-r0/edk2-test/SctPkg/TestCase/UEFI/EFI/RuntimeServices/SecureBoot/BlackBoxTest/VariableUpdatesBBTest.c:890:Status - 800000000000001A

** No partition table - mmc 0 **
Couldn't find partition mmc 0:7
Cannot read EFI system partition
Failed to persist EFI variables
SecureBoot - Verify signed dbx update -- PASS
EFE0E633-FD4C-4B20-A64D-ED4F2AFBA5CE
/home/weiouy01/code/arm-systemready/IR/Yocto/meta-woden/build/tmp/work/armv8a-oe-linux/ebbr-sct/1.0-r0/edk2-test/SctPkg/TestCase/UEFI/EFI/RuntimeServices/SecureBoot/BlackBoxTest/VariableUpdatesBBTest.c:966:Status - Success

SecureBoot - Verify signed KEK append update -- FAILURE
6F4FE39C-DAA0-4A4E-BF44-CAFB05372B53
/home/weiouy01/code/arm-systemready/IR/Yocto/meta-woden/build/tmp/work/armv8a-oe-linux/ebbr-sct/1.0-r0/edk2-test/SctPkg/TestCase/UEFI/EFI/RuntimeServices/SecureBoot/BlackBoxTest/VariableUpdatesBBTest.c:1113:Status - 800000000000001A

SecureBoot - Verify signed DB append update -- FAILURE
63BA72D3-9089-AC63-F089-AD902467DBD3
/home/weiouy01/code/arm-systemready/IR/Yocto/meta-woden/build/tmp/work/armv8a-oe-linux/ebbr-sct/1.0-r0/edk2-test/SctPkg/TestCase/UEFI/EFI/RuntimeServices/SecureBoot/BlackBoxTest/VariableUpdatesBBTest.c:1189:Status - 800000000000001A

SecureBootVariableCleanup: Doing cleanup of secure boot variables

** No partition table - mmc 0 **
Couldn't find partition mmc 0:7
Cannot read EFI system partition
Failed to persist EFI variables
** No partition table - mmc 0 **
Couldn't find partition mmc 0:7
Cannot read EFI system partition
Failed to persist EFI variables
** No partition table - mmc 0 **
Couldn't find partition mmc 0:7
Cannot read EFI system partition
Failed to persist EFI variables
** No partition table - mmc 0 **
Couldn't find partition mmc 0:7
Cannot read EFI system partition
Failed to persist EFI variables
** No partition table - mmc 0 **
Couldn't find partition mmc 0:7
Cannot read EFI system partition
Failed to persist EFI variables
** No partition table - mmc 0 **
Couldn't find partition mmc 0:7
Cannot read EFI system partition
Failed to persist EFI variables

Returned Status Code: Success

VariableUpdates: [FAILED]
  Passes........... 8
  Warnings......... 0
  Errors........... 2
------------------------------------------------------------
UEFI 2.6
Revision 0x00010000
Test Entry Point GUID: 495CB6D7-0817-4015-A479-0DB4C2308626
------------------------------------------------------------
Logfile: "\EFI\BOOT\bbr\SCT\Log\RuntimeServicesTest\SecureBootTest0\VariableUpdates_0_0_495CB6D7-0817-4015-A479-0DB4C2308626.log"
Test Finished: 01/05/24  05:56a
Elapsed Time: 00 Days 00:00:02

------------------------------------------------------------
  Remaining test cases: 7
  Runtime services test: AuthVar_Conf
  Iterations: 1/1
------------------------------------------------------------
Arm ACS Version: SystemReady IR ACS v2.1.0
BBR ACS 1.0.5 (EBBR)
AuthVar_Conf
Revision 0x00010000
Test Entry Point GUID: 28155531-80C5-4AD0-8471-A5E2AECF236C
Test Support Library GUIDs: 
  1F9C2AE7-F147-4D19-A5E8-255AD005EB3E
  7FD8C38D-7C5C-42FC-B044-3A834A617476
------------------------------------------------------------
UEFI 2.6
Test Configuration #0
------------------------------------------------------------
Test the conformance of Auth Variable
------------------------------------------------------------
Logfile: "\EFI\BOOT\bbr\SCT\Log\RuntimeServicesTest\VariableServicesTest0\AuthVar_Conf_0_0_28155531-80C5-4AD0-8471-A5E2AECF236C.log"
Test Started: 01/05/24  05:56a
------------------------------------------------------------
RT.SetVariable - Set Invalid Time Base Auth Variable -- PASS
E9893BCB-EF2B-495C-82F0-D0630DA79476
/home/weiouy01/code/arm-systemready/IR/Yocto/meta-woden/build/tmp/work/armv8a-oe-linux/ebbr-sct/1.0-r0/edk2-test/SctPkg/TestCase/UEFI/EFI/RuntimeServices/VariableServices/BlackBoxTest/AuthVariableServicesBBTestConformance.c:225:Status - 800000000000001A

RT.SetVariable - Set Auth Variable with valid cert. -- PASS
2534ABC0-1F01-48A0-96DE-F8BBA745C364
Attributes = Array[0]. /home/weiouy01/code/arm-systemready/IR/Yocto/meta-woden/build/tmp/work/armv8a-oe-linux/ebbr-sct/1.0-r0/edk2-test/SctPkg/TestCase/UEFI/EFI/RuntimeServices/VariableServices/BlackBoxTest/AuthVariableServicesBBTestConformance.c:258:Status - Unsupported

RT.SetVariable - Set Auth Variable with invalid cert. -- PASS
55AF8FAD-1B12-45AD-B042-A643962F0470
Attributes = Array[0]. /home/weiouy01/code/arm-systemready/IR/Yocto/meta-woden/build/tmp/work/armv8a-oe-linux/ebbr-sct/1.0-r0/edk2-test/SctPkg/TestCase/UEFI/EFI/RuntimeServices/VariableServices/BlackBoxTest/AuthVariableServicesBBTestConformance.c:283:Status - Unsupported

RT.QueryVariableInfo - Query Auth Variable. -- PASS
6D0740FB-388A-491F-B818-9B5CB5170F95
Attributes = Array[0]. /home/weiouy01/code/arm-systemready/IR/Yocto/meta-woden/build/tmp/work/armv8a-oe-linux/ebbr-sct/1.0-r0/edk2-test/SctPkg/TestCase/UEFI/EFI/RuntimeServices/VariableServices/BlackBoxTest/AuthVariableServicesBBTestConformance.c:308:Status - Unsupported

RT.SetVariable - Set Auth Variable with valid cert. -- PASS
2534ABC0-1F01-48A0-96DE-F8BBA745C364
Attributes = Array[1]. /home/weiouy01/code/arm-systemready/IR/Yocto/meta-woden/build/tmp/work/armv8a-oe-linux/ebbr-sct/1.0-r0/edk2-test/SctPkg/TestCase/UEFI/EFI/RuntimeServices/VariableServices/BlackBoxTest/AuthVariableServicesBBTestConformance.c:258:Status - Unsupported

RT.SetVariable - Set Auth Variable with invalid cert. -- PASS
55AF8FAD-1B12-45AD-B042-A643962F0470
Attributes = Array[1]. /home/weiouy01/code/arm-systemready/IR/Yocto/meta-woden/build/tmp/work/armv8a-oe-linux/ebbr-sct/1.0-r0/edk2-test/SctPkg/TestCase/UEFI/EFI/RuntimeServices/VariableServices/BlackBoxTest/AuthVariableServicesBBTestConformance.c:283:Status - Unsupported

RT.QueryVariableInfo - Query Auth Variable. -- PASS
6D0740FB-388A-491F-B818-9B5CB5170F95
Attributes = Array[1]. /home/weiouy01/code/arm-systemready/IR/Yocto/meta-woden/build/tmp/work/armv8a-oe-linux/ebbr-sct/1.0-r0/edk2-test/SctPkg/TestCase/UEFI/EFI/RuntimeServices/VariableServices/BlackBoxTest/AuthVariableServicesBBTestConformance.c:308:Status - Unsupported

RT.SetVariable - Set Auth Variable with valid cert. -- PASS
2534ABC0-1F01-48A0-96DE-F8BBA745C364
Attributes = Array[2]. /home/weiouy01/code/arm-systemready/IR/Yocto/meta-woden/build/tmp/work/armv8a-oe-linux/ebbr-sct/1.0-r0/edk2-test/SctPkg/TestCase/UEFI/EFI/RuntimeServices/VariableServices/BlackBoxTest/AuthVariableServicesBBTestConformance.c:258:Status - Unsupported

RT.SetVariable - Set Auth Variable with invalid cert. -- PASS
55AF8FAD-1B12-45AD-B042-A643962F0470
Attributes = Array[2]. /home/weiouy01/code/arm-systemready/IR/Yocto/meta-woden/build/tmp/work/armv8a-oe-linux/ebbr-sct/1.0-r0/edk2-test/SctPkg/TestCase/UEFI/EFI/RuntimeServices/VariableServices/BlackBoxTest/AuthVariableServicesBBTestConformance.c:283:Status - Unsupported

RT.QueryVariableInfo - Query Auth Variable. -- PASS
6D0740FB-388A-491F-B818-9B5CB5170F95
Attributes = Array[2]. /home/weiouy01/code/arm-systemready/IR/Yocto/meta-woden/build/tmp/work/armv8a-oe-linux/ebbr-sct/1.0-r0/edk2-test/SctPkg/TestCase/UEFI/EFI/RuntimeServices/VariableServices/BlackBoxTest/AuthVariableServicesBBTestConformance.c:308:Status - Unsupported

RT.SetVariable - Set Auth Variable with valid cert. -- PASS
2534ABC0-1F01-48A0-96DE-F8BBA745C364
Attributes = Array[3]. /home/weiouy01/code/arm-systemready/IR/Yocto/meta-woden/build/tmp/work/armv8a-oe-linux/ebbr-sct/1.0-r0/edk2-test/SctPkg/TestCase/UEFI/EFI/RuntimeServices/VariableServices/BlackBoxTest/AuthVariableServicesBBTestConformance.c:258:Status - Unsupported

RT.SetVariable - Set Auth Variable with invalid cert. -- PASS
55AF8FAD-1B12-45AD-B042-A643962F0470
Attributes = Array[3]. /home/weiouy01/code/arm-systemready/IR/Yocto/meta-woden/build/tmp/work/armv8a-oe-linux/ebbr-sct/1.0-r0/edk2-test/SctPkg/TestCase/UEFI/EFI/RuntimeServices/VariableServices/BlackBoxTest/AuthVariableServicesBBTestConformance.c:283:Status - Unsupported

RT.QueryVariableInfo - Query Auth Variable. -- PASS
6D0740FB-388A-491F-B818-9B5CB5170F95
Attributes = Array[3]. /home/weiouy01/code/arm-systemready/IR/Yocto/meta-woden/build/tmp/work/armv8a-oe-linux/ebbr-sct/1.0-r0/edk2-test/SctPkg/TestCase/UEFI/EFI/RuntimeServices/VariableServices/BlackBoxTest/AuthVariableServicesBBTestConformance.c:308:Status - Unsupported

RT.SetVariable - Set Auth Variable with valid cert. -- PASS
2534ABC0-1F01-48A0-96DE-F8BBA745C364
Attributes = Array[4]. /home/weiouy01/code/arm-systemready/IR/Yocto/meta-woden/build/tmp/work/armv8a-oe-linux/ebbr-sct/1.0-r0/edk2-test/SctPkg/TestCase/UEFI/EFI/RuntimeServices/VariableServices/BlackBoxTest/AuthVariableServicesBBTestConformance.c:258:Status - Unsupported

RT.SetVariable - Set Auth Variable with invalid cert. -- PASS
55AF8FAD-1B12-45AD-B042-A643962F0470
Attributes = Array[4]. /home/weiouy01/code/arm-systemready/IR/Yocto/meta-woden/build/tmp/work/armv8a-oe-linux/ebbr-sct/1.0-r0/edk2-test/SctPkg/TestCase/UEFI/EFI/RuntimeServices/VariableServices/BlackBoxTest/AuthVariableServicesBBTestConformance.c:283:Status - Unsupported

RT.QueryVariableInfo - Query Auth Variable. -- PASS
6D0740FB-388A-491F-B818-9B5CB5170F95
Attributes = Array[4]. /home/weiouy01/code/arm-systemready/IR/Yocto/meta-woden/build/tmp/work/armv8a-oe-linux/ebbr-sct/1.0-r0/edk2-test/SctPkg/TestCase/UEFI/EFI/RuntimeServices/VariableServices/BlackBoxTest/AuthVariableServicesBBTestConformance.c:308:Status - Unsupported

RT.SetVariable - Set Auth Variable with valid cert. -- PASS
2534ABC0-1F01-48A0-96DE-F8BBA745C364
Attributes = Array[5]. /home/weiouy01/code/arm-systemready/IR/Yocto/meta-woden/build/tmp/work/armv8a-oe-linux/ebbr-sct/1.0-r0/edk2-test/SctPkg/TestCase/UEFI/EFI/RuntimeServices/VariableServices/BlackBoxTest/AuthVariableServicesBBTestConformance.c:258:Status - Unsupported

RT.SetVariable - Set Auth Variable with invalid cert. -- PASS
55AF8FAD-1B12-45AD-B042-A643962F0470
Attributes = Array[5]. /home/weiouy01/code/arm-systemready/IR/Yocto/meta-woden/build/tmp/work/armv8a-oe-linux/ebbr-sct/1.0-r0/edk2-test/SctPkg/TestCase/UEFI/EFI/RuntimeServices/VariableServices/BlackBoxTest/AuthVariableServicesBBTestConformance.c:283:Status - Unsupported

RT.QueryVariableInfo - Query Auth Variable. -- PASS
6D0740FB-388A-491F-B818-9B5CB5170F95
Attributes = Array[5]. /home/weiouy01/code/arm-systemready/IR/Yocto/meta-woden/build/tmp/work/armv8a-oe-linux/ebbr-sct/1.0-r0/edk2-test/SctPkg/TestCase/UEFI/EFI/RuntimeServices/VariableServices/BlackBoxTest/AuthVariableServicesBBTestConformance.c:308:Status - Unsupported

RT.SetVariable - Set Auth Variable with valid cert. -- PASS
2534ABC0-1F01-48A0-96DE-F8BBA745C364
Attributes = Array[6]. /home/weiouy01/code/arm-systemready/IR/Yocto/meta-woden/build/tmp/work/armv8a-oe-linux/ebbr-sct/1.0-r0/edk2-test/SctPkg/TestCase/UEFI/EFI/RuntimeServices/VariableServices/BlackBoxTest/AuthVariableServicesBBTestConformance.c:258:Status - Unsupported

RT.SetVariable - Set Auth Variable with invalid cert. -- PASS
55AF8FAD-1B12-45AD-B042-A643962F0470
Attributes = Array[6]. /home/weiouy01/code/arm-systemready/IR/Yocto/meta-woden/build/tmp/work/armv8a-oe-linux/ebbr-sct/1.0-r0/edk2-test/SctPkg/TestCase/UEFI/EFI/RuntimeServices/VariableServices/BlackBoxTest/AuthVariableServicesBBTestConformance.c:283:Status - Unsupported

RT.QueryVariableInfo - Query Auth Variable. -- PASS
6D0740FB-388A-491F-B818-9B5CB5170F95
Attributes = Array[6]. /home/weiouy01/code/arm-systemready/IR/Yocto/meta-woden/build/tmp/work/armv8a-oe-linux/ebbr-sct/1.0-r0/edk2-test/SctPkg/TestCase/UEFI/EFI/RuntimeServices/VariableServices/BlackBoxTest/AuthVariableServicesBBTestConformance.c:308:Status - Unsupported

RT.SetVariable - Set Auth Variable with valid cert. -- PASS
2534ABC0-1F01-48A0-96DE-F8BBA745C364
Attributes = Array[7]. /home/weiouy01/code/arm-systemready/IR/Yocto/meta-woden/build/tmp/work/armv8a-oe-linux/ebbr-sct/1.0-r0/edk2-test/SctPkg/TestCase/UEFI/EFI/RuntimeServices/VariableServices/BlackBoxTest/AuthVariableServicesBBTestConformance.c:258:Status - Unsupported

RT.SetVariable - Set Auth Variable with invalid cert. -- PASS
55AF8FAD-1B12-45AD-B042-A643962F0470
Attributes = Array[7]. /home/weiouy01/code/arm-systemready/IR/Yocto/meta-woden/build/tmp/work/armv8a-oe-linux/ebbr-sct/1.0-r0/edk2-test/SctPkg/TestCase/UEFI/EFI/RuntimeServices/VariableServices/BlackBoxTest/AuthVariableServicesBBTestConformance.c:283:Status - Unsupported

RT.QueryVariableInfo - Query Auth Variable. -- PASS
6D0740FB-388A-491F-B818-9B5CB5170F95
Attributes = Array[7]. /home/weiouy01/code/arm-systemready/IR/Yocto/meta-woden/build/tmp/work/armv8a-oe-linux/ebbr-sct/1.0-r0/edk2-test/SctPkg/TestCase/UEFI/EFI/RuntimeServices/VariableServices/BlackBoxTest/AuthVariableServicesBBTestConformance.c:308:Status - Unsupported

RT.SetVariable - Set Auth Variable with valid cert. -- PASS
2534ABC0-1F01-48A0-96DE-F8BBA745C364
Attributes = Array[8]. /home/weiouy01/code/arm-systemready/IR/Yocto/meta-woden/build/tmp/work/armv8a-oe-linux/ebbr-sct/1.0-r0/edk2-test/SctPkg/TestCase/UEFI/EFI/RuntimeServices/VariableServices/BlackBoxTest/AuthVariableServicesBBTestConformance.c:258:Status - Unsupported

RT.SetVariable - Set Auth Variable with invalid cert. -- PASS
55AF8FAD-1B12-45AD-B042-A643962F0470
Attributes = Array[8]. /home/weiouy01/code/arm-systemready/IR/Yocto/meta-woden/build/tmp/work/armv8a-oe-linux/ebbr-sct/1.0-r0/edk2-test/SctPkg/TestCase/UEFI/EFI/RuntimeServices/VariableServices/BlackBoxTest/AuthVariableServicesBBTestConformance.c:283:Status - Unsupported

RT.QueryVariableInfo - Query Auth Variable. -- PASS
6D0740FB-388A-491F-B818-9B5CB5170F95
Attributes = Array[8]. /home/weiouy01/code/arm-systemready/IR/Yocto/meta-woden/build/tmp/work/armv8a-oe-linux/ebbr-sct/1.0-r0/edk2-test/SctPkg/TestCase/UEFI/EFI/RuntimeServices/VariableServices/BlackBoxTest/AuthVariableServicesBBTestConformance.c:308:Status - Unsupported

RT.SetVariable - Set Auth Variable with valid cert. -- PASS
2534ABC0-1F01-48A0-96DE-F8BBA745C364
Attributes = Array[9]. /home/weiouy01/code/arm-systemready/IR/Yocto/meta-woden/build/tmp/work/armv8a-oe-linux/ebbr-sct/1.0-r0/edk2-test/SctPkg/TestCase/UEFI/EFI/RuntimeServices/VariableServices/BlackBoxTest/AuthVariableServicesBBTestConformance.c:258:Status - Unsupported

RT.SetVariable - Set Auth Variable with invalid cert. -- PASS
55AF8FAD-1B12-45AD-B042-A643962F0470
Attributes = Array[9]. /home/weiouy01/code/arm-systemready/IR/Yocto/meta-woden/build/tmp/work/armv8a-oe-linux/ebbr-sct/1.0-r0/edk2-test/SctPkg/TestCase/UEFI/EFI/RuntimeServices/VariableServices/BlackBoxTest/AuthVariableServicesBBTestConformance.c:283:Status - Unsupported

RT.QueryVariableInfo - Query Auth Variable. -- PASS
6D0740FB-388A-491F-B818-9B5CB5170F95
Attributes = Array[9]. /home/weiouy01/code/arm-systemready/IR/Yocto/meta-woden/build/tmp/work/armv8a-oe-linux/ebbr-sct/1.0-r0/edk2-test/SctPkg/TestCase/UEFI/EFI/RuntimeServices/VariableServices/BlackBoxTest/AuthVariableServicesBBTestConformance.c:308:Status - Unsupported

RT.SetVariable - Set Auth Variable with valid cert. -- PASS
2534ABC0-1F01-48A0-96DE-F8BBA745C364
Attributes = Array[10]. /home/weiouy01/code/arm-systemready/IR/Yocto/meta-woden/build/tmp/work/armv8a-oe-linux/ebbr-sct/1.0-r0/edk2-test/SctPkg/TestCase/UEFI/EFI/RuntimeServices/VariableServices/BlackBoxTest/AuthVariableServicesBBTestConformance.c:258:Status - Unsupported

RT.SetVariable - Set Auth Variable with invalid cert. -- PASS
55AF8FAD-1B12-45AD-B042-A643962F0470
Attributes = Array[10]. /home/weiouy01/code/arm-systemready/IR/Yocto/meta-woden/build/tmp/work/armv8a-oe-linux/ebbr-sct/1.0-r0/edk2-test/SctPkg/TestCase/UEFI/EFI/RuntimeServices/VariableServices/BlackBoxTest/AuthVariableServicesBBTestConformance.c:283:Status - Unsupported

RT.QueryVariableInfo - Query Auth Variable. -- PASS
6D0740FB-388A-491F-B818-9B5CB5170F95
Attributes = Array[10]. /home/weiouy01/code/arm-systemready/IR/Yocto/meta-woden/build/tmp/work/armv8a-oe-linux/ebbr-sct/1.0-r0/edk2-test/SctPkg/TestCase/UEFI/EFI/RuntimeServices/VariableServices/BlackBoxTest/AuthVariableServicesBBTestConformance.c:308:Status - Unsupported


Returned Status Code: Success

AuthVar_Conf: [PASSED]
  Passes........... 34
  Warnings......... 0
  Errors........... 0
------------------------------------------------------------
UEFI 2.6
Revision 0x00010000
Test Entry Point GUID: 28155531-80C5-4AD0-8471-A5E2AECF236C
------------------------------------------------------------
Logfile: "\EFI\BOOT\bbr\SCT\Log\RuntimeServicesTest\VariableServicesTest0\AuthVar_Conf_0_0_28155531-80C5-4AD0-8471-A5E2AECF236C.log"
Test Finished: 01/05/24  05:56a
Elapsed Time: 00 Days 00:00:02

------------------------------------------------------------
  Remaining test cases: 6
  Runtime services test: AuthVar_Func
  Iterations: 1/1
------------------------------------------------------------
Arm ACS Version: SystemReady IR ACS v2.1.0
BBR ACS 1.0.5 (EBBR)
AuthVar_Func
Revision 0x00010000
Test Entry Point GUID: 9338D0EC-807B-4750-986A-8F2A91BB3616
Test Support Library GUIDs: 
  1F9C2AE7-F147-4D19-A5E8-255AD005EB3E
  7FD8C38D-7C5C-42FC-B044-3A834A617476
------------------------------------------------------------
UEFI 2.6
Test Configuration #0
------------------------------------------------------------
Test the function of Auth Variable
------------------------------------------------------------
Logfile: "\EFI\BOOT\bbr\SCT\Log\RuntimeServicesTest\VariableServicesTest0\AuthVar_Func_0_0_9338D0EC-807B-4750-986A-8F2A91BB3616.log"
Test Started: 01/05/24  05:57a
------------------------------------------------------------
<sha256,rsa1024> not supported on image_get_(checksum|crypto)_algo()
RT.SetVariable - Create one Time Base Auth Variable, the expect return status should be EFI_SUCCESS -- FAILURE
008E18A5-C345-48AE-9134-61A692E30B87
/home/weiouy01/code/arm-systemready/IR/Yocto/meta-woden/build/tmp/work/armv8a-oe-linux/ebbr-sct/1.0-r0/edk2-test/SctPkg/TestCase/UEFI/EFI/RuntimeServices/VariableServices/BlackBoxTest/AuthVariableServicesBBTestFunction.c:635:Status - 800000000000001A


Returned Status Code: 800000000000001A

AuthVar_Func: [FAILED]
  Passes........... 0
  Warnings......... 0
  Errors........... 1
------------------------------------------------------------
UEFI 2.6
Revision 0x00010000
Test Entry Point GUID: 9338D0EC-807B-4750-986A-8F2A91BB3616
------------------------------------------------------------
Logfile: "\EFI\BOOT\bbr\SCT\Log\RuntimeServicesTest\VariableServicesTest0\AuthVar_Func_0_0_9338D0EC-807B-4750-986A-8F2A91BB3616.log"
Test Finished: 01/05/24  05:57a
Elapsed Time: 00 Days 00:00:01

------------------------------------------------------------
  Remaining test cases: 5
  Runtime services test: BBSRVariableSizeTest_func
  Iterations: 1/1
------------------------------------------------------------
Arm ACS Version: SystemReady IR ACS v2.1.0
BBR ACS 1.0.5 (EBBR)
BBSRVariableSizeTest_func
Revision 0x00010000
Test Entry Point GUID: 19A9EDCF-EEB9-43E4-86A0-F28734FED429
Test Support Library GUIDs: 
  1F9C2AE7-F147-4D19-A5E8-255AD005EB3E
  7FD8C38D-7C5C-42FC-B044-3A834A617476
------------------------------------------------------------
UEFI 2.6
Test Configuration #0
------------------------------------------------------------
Test that UEFI variable size requirements of BBSR are met.
------------------------------------------------------------
Logfile: "\EFI\BOOT\bbr\SCT\Log\RuntimeServicesTest\BBSRVariableSizeTest0\BBSRVariableSizeTest_func_0_0_19A9EDCF-EEB9-43E4-86A0-F28734FED429.log"
Test Started: 01/05/24  05:57a
------------------------------------------------------------

QueryVariable MaxStorageSize is 131048 MaxVariableSize is 131016

QueryVariable MaxStorageSize is 131048, but must be at least 128KB
RT.SecurityVariableSizeTest - BBSR Variable Size test -- FAILURE
B6DC17CA-71E1-4BD5-9E76-F9A0847D9AE4
/home/weiouy01/code/arm-systemready/IR/Yocto/meta-woden/build/tmp/work/armv8a-oe-linux/ebbr-sct/1.0-r0/edk2-test/SctPkg/TestCase/UEFI/EFI/RuntimeServices/BBSRVariableSizeTest/BlackBoxTest/BBSRVariableSizeBBTestFunction.c:164:

RT.SecurityVariableSizeTest - BBSR Variable Size test -- FAILURE
9B37033F-53AF-4097-AAE3-73FD28D267D5
/home/weiouy01/code/arm-systemready/IR/Yocto/meta-woden/build/tmp/work/armv8a-oe-linux/ebbr-sct/1.0-r0/edk2-test/SctPkg/TestCase/UEFI/EFI/RuntimeServices/BBSRVariableSizeTest/BlackBoxTest/BBSRVariableSizeBBTestFunction.c:191:


Returned Status Code: Success

BBSRVariableSizeTest_func: [FAILED]
  Passes........... 0
  Warnings......... 0
  Errors........... 2
------------------------------------------------------------
UEFI 2.6
Revision 0x00010000
Test Entry Point GUID: 19A9EDCF-EEB9-43E4-86A0-F28734FED429
------------------------------------------------------------
Logfile: "\EFI\BOOT\bbr\SCT\Log\RuntimeServicesTest\BBSRVariableSizeTest0\BBSRVariableSizeTest_func_0_0_19A9EDCF-EEB9-43E4-86A0-F28734FED429.log"
Test Finished: 01/05/24  05:57a
Elapsed Time: 00 Days 00:00:00

------------------------------------------------------------
  Remaining test cases: 4
  Remaining test cases: 3
  Remaining test cases: 2
  Remaining test cases: 1
  Remaining test cases: 0
  Runtime services test: ImageLoading
  Iterations: 1/1
------------------------------------------------------------
Arm ACS Version: SystemReady IR ACS v2.1.0
BBR ACS 1.0.5 (EBBR)
ImageLoading
Revision 0x00010000
Test Entry Point GUID: BA4A8DD9-2D6A-43A6-96CF-7947892B7359
Test Support Library GUIDs: 
  1F9C2AE7-F147-4D19-A5E8-255AD005EB3E
  7FD8C38D-7C5C-42FC-B044-3A834A617476
------------------------------------------------------------
UEFI 2.6
Test Configuration #0
------------------------------------------------------------
Verifies Secure Boot image loading.
------------------------------------------------------------
Logfile: "\EFI\BOOT\bbr\SCT\Log\RuntimeServicesTest\SecureBootTest0\ImageLoading_0_0_BA4A8DD9-2D6A-43A6-96CF-7947892B7359.log"
Test Started: 01/05/24  06:00a
------------------------------------------------------------
** No partition table - mmc 0 **
Couldn't find partition mmc 0:7
Cannot read EFI system partition
Failed to persist EFI variables
** No partition table - mmc 0 **
Couldn't find partition mmc 0:7
Cannot read EFI system partition
Failed to persist EFI variables
** No partition table - mmc 0 **
Couldn't find partition mmc 0:7
Cannot read EFI system partition
Failed to persist EFI variables
Image not authenticated
SecureBoot - Verify load of unsigned image. -- PASS
6C605B08-2AB7-4681-9F2F-74D08D964E35
/home/weiouy01/code/arm-systemready/IR/Yocto/meta-woden/build/tmp/work/armv8a-oe-linux/ebbr-sct/1.0-r0/edk2-test/SctPkg/TestCase/UEFI/EFI/RuntimeServices/SecureBoot/BlackBoxTest/ImageLoadingBBTest.c:558:Status - 800000000000001A

Image not authenticated
SecureBoot - Verify load of signed image, but not in db. -- PASS
34DAA12D-302B-4AFD-9F1F-CB552E5948BE
/home/weiouy01/code/arm-systemready/IR/Yocto/meta-woden/build/tmp/work/armv8a-oe-linux/ebbr-sct/1.0-r0/edk2-test/SctPkg/TestCase/UEFI/EFI/RuntimeServices/SecureBoot/BlackBoxTest/ImageLoadingBBTest.c:598:Status - 800000000000001A

SecureBoot - Verify load of signed image, first signature in list. -- PASS
5E1C06CB-F84A-4B38-8096-2F7B9591BB3A
/home/weiouy01/code/arm-systemready/IR/Yocto/meta-woden/build/tmp/work/armv8a-oe-linux/ebbr-sct/1.0-r0/edk2-test/SctPkg/TestCase/UEFI/EFI/RuntimeServices/SecureBoot/BlackBoxTest/ImageLoadingBBTest.c:635:Status - Success

SecureBoot - Verify load of signed image, second signature in list. -- PASS
85F7E35E-E333-4D44-83F8-03394189F3B2
/home/weiouy01/code/arm-systemready/IR/Yocto/meta-woden/build/tmp/work/armv8a-oe-linux/ebbr-sct/1.0-r0/edk2-test/SctPkg/TestCase/UEFI/EFI/RuntimeServices/SecureBoot/BlackBoxTest/ImageLoadingBBTest.c:672:Status - Success

SecureBoot - Verify load of unsigned image with hash in list. -- PASS
AA8167AE-F03A-4074-B278-D6F1290A86A7
/home/weiouy01/code/arm-systemready/IR/Yocto/meta-woden/build/tmp/work/armv8a-oe-linux/ebbr-sct/1.0-r0/edk2-test/SctPkg/TestCase/UEFI/EFI/RuntimeServices/SecureBoot/BlackBoxTest/ImageLoadingBBTest.c:709:Status - Success

Image not authenticated
SecureBoot - Verify load of signed image with signature in db and revoked in dbx with SHA256 hash. -- PASS
B62A25F4-C24E-4853-9AD1-8B3FC59B29D7
/home/weiouy01/code/arm-systemready/IR/Yocto/meta-woden/build/tmp/work/armv8a-oe-linux/ebbr-sct/1.0-r0/edk2-test/SctPkg/TestCase/UEFI/EFI/RuntimeServices/SecureBoot/BlackBoxTest/ImageLoadingBBTest.c:794:Status - 800000000000001A

Image not authenticated
SecureBoot - Verify load of signed image with signature in db and revoked in dbx with SHA384 hash. -- PASS
54E33072-43D2-4FBF-B44E-1D1CE7F71AD2
/home/weiouy01/code/arm-systemready/IR/Yocto/meta-woden/build/tmp/work/armv8a-oe-linux/ebbr-sct/1.0-r0/edk2-test/SctPkg/TestCase/UEFI/EFI/RuntimeServices/SecureBoot/BlackBoxTest/ImageLoadingBBTest.c:834:Status - 800000000000001A

Image not authenticated
SecureBoot - Verify load of signed image with signature in db and revoked in dbx with SHA512 hash. -- PASS
20A23F21-31F1-4264-A6CB-7DC7E6963C63
/home/weiouy01/code/arm-systemready/IR/Yocto/meta-woden/build/tmp/work/armv8a-oe-linux/ebbr-sct/1.0-r0/edk2-test/SctPkg/TestCase/UEFI/EFI/RuntimeServices/SecureBoot/BlackBoxTest/ImageLoadingBBTest.c:874:Status - 800000000000001A

Image not authenticated
SecureBoot - Verify load of signed image with signature in db and revoked in dbx with certificate. -- PASS
4BB36713-D8E2-405B-8BDA-8612C79291A9
/home/weiouy01/code/arm-systemready/IR/Yocto/meta-woden/build/tmp/work/armv8a-oe-linux/ebbr-sct/1.0-r0/edk2-test/SctPkg/TestCase/UEFI/EFI/RuntimeServices/SecureBoot/BlackBoxTest/ImageLoadingBBTest.c:914:Status - 800000000000001A

Image not authenticated
SecureBoot - Verify load of signed image with signature in db and revoked in dbx with hash of image. -- PASS
3B48371B-C27E-4C19-B999-54537EA4BFED
/home/weiouy01/code/arm-systemready/IR/Yocto/meta-woden/build/tmp/work/armv8a-oe-linux/ebbr-sct/1.0-r0/edk2-test/SctPkg/TestCase/UEFI/EFI/RuntimeServices/SecureBoot/BlackBoxTest/ImageLoadingBBTest.c:954:Status - 800000000000001A

Secure Boot - ImageLoadingTest: EFI Image Execution Info Table not found -- FAILURE
6A8CAA83-B9DA-46C7-98F6-D4969DABDAA0
/home/weiouy01/code/arm-systemready/IR/Yocto/meta-woden/build/tmp/work/armv8a-oe-linux/ebbr-sct/1.0-r0/edk2-test/SctPkg/TestCase/UEFI/EFI/RuntimeServices/SecureBoot/BlackBoxTest/ImageLoadingBBTest.c:1063:Status - Not Found

SecureBootVariableCleanup: Doing cleanup of secure boot variables

** No partition table - mmc 0 **
Couldn't find partition mmc 0:7
Cannot read EFI system partition
Failed to persist EFI variables
** No partition table - mmc 0 **
Couldn't find partition mmc 0:7
Cannot read EFI system partition
Failed to persist EFI variables
** No partition table - mmc 0 **
Couldn't find partition mmc 0:7
Cannot read EFI system partition
Failed to persist EFI variables
** No partition table - mmc 0 **
Couldn't find partition mmc 0:7
Cannot read EFI system partition
Failed to persist EFI variables
** No partition table - mmc 0 **
Couldn't find partition mmc 0:7
Cannot read EFI system partition
Failed to persist EFI variables
** No partition table - mmc 0 **
Couldn't find partition mmc 0:7
Cannot read EFI system partition
Failed to persist EFI variables

Returned Status Code: Success

ImageLoading: [FAILED]
  Passes........... 10
  Warnings......... 0
  Errors........... 1
------------------------------------------------------------
UEFI 2.6
Revision 0x00010000
Test Entry Point GUID: BA4A8DD9-2D6A-43A6-96CF-7947892B7359
------------------------------------------------------------
Logfile: "\EFI\BOOT\bbr\SCT\Log\RuntimeServicesTest\SecureBootTest0\ImageLoading_0_0_BA4A8DD9-2D6A-43A6-96CF-7947892B7359.log"
Test Finished: 01/05/24  06:00a
Elapsed Time: 00 Days 00:00:02

------------------------------------------------------------
Done!
- [ok]
- [ok]
- [ok]
SIE SCT test suite execution is complete. Resetting the system
resetting ...
DDR d5483af87d cym 23/11/23-16:15:24,fwver: v1.15
LPDDR4X, 2112MHz
channel[0] BW=16 Col=10 Bk=8 CS0 Row=16 CS1 Row=16 CS=2 Die BW=16 Size=2048MB
channel[1] BW=16 Col=10 Bk=8 CS0 Row=16 CS1 Row=16 CS=2 Die BW=16 Size=2048MB
channel[2] BW=16 Col=10 Bk=8 CS0 Row=16 CS1 Row=16 CS=2 Die BW=16 Size=2048MB
channel[3] BW=16 Col=10 Bk=8 CS0 Row=16 CS1 Row=16 CS=2 Die BW=16 Size=2048MB
Manufacturer ID:0x1
CH0 RX Vref:29.7%, TX Vref:22.8%,22.8%
CH1 RX Vref:30.1%, TX Vref:21.8%,20.8%
CH2 RX Vref:30.1%, TX Vref:20.8%,20.8%
CH3 RX Vref:29.3%, TX Vref:18.8%,18.8%
change to F1: 528MHz
change to F2: 1068MHz
change to F3: 1560MHz
change to F0: 2112MHz
out
U-Boot SPL board init
U-Boot SPL 2017.09-g82435751526-231214-dirty #zhangzj (Dec 14 2023 - 09:16:28)
unknown raw ID 0 0 0
unrecognized JEDEC id bytes: 00, 00, 00
Trying to boot from MMC2
MMC: no card present
mmc_init: -123, time 0
spl: mmc init failed with error: -123
Trying to boot from MMC1
No bootable slots found, use lastboot.
Trying fit image at 0x4000 sector
## Verified-boot: 0
## Checking atf-1 0x00040000 ... sha256(b40ce543bb...) + OK
## Checking u-boot 0x00a00000 ... sha256(3188c00006...) + OK
## Checking fdt-1 0x00b08c70 ... sha256(74b6a6b93d...) + OK
## Checking atf-2 0x000f0000 ... sha256(f202de33d9...) + OK
## Checking atf-3 0xff100000 ... sha256(af08976afd...) + OK
## Checking tee-1 0x08400000 ... sha256(617eb0ee15...) + OK
Jumping to U-Boot(0x00a00000) via ARM Trusted Firmware(0x00040000)
Total: 95.235/252.681 ms

INFO:    Preloader serial: 2
NOTICE:  BL31: v2.3():v2.3-616-gdc1125f48:finley.xiao
NOTICE:  BL31: Built : 16:41:17, Jul 13 2023
INFO:    spec: 0x1
INFO:    ext 32k is not valid
INFO:    ddr: stride-en 4CH
INFO:    GICv3 without legacy support detected.
INFO:    ARM GICv3 driver initialized in EL3
INFO:    valid_cpu_msk=0xff bcore0_rst = 0x0, bcore1_rst = 0x0
INFO:    system boots from cpu-hwid-0
INFO:    idle_st=0x21fff, pd_st=0x11fff9, repair_st=0xfff70001
ERROR:   dfs get fsp_params[0] error, 0xfead0004 != 0xfead0003
ERROR:   dfs get fsp_params[1] error, 0x1111 != 0xfead0003
ERROR:   dfs get fsp_params[2] error, 0x0 != 0xfead0003
ERROR:   dfs get fsp_params[3] error, 0x60241520 != 0xfead0003
ERROR:   loader&trust unmatch!!! Please update trust if need enable dmc
INFO:    BL31: Initialising Exception Handling Framework
INFO:    BL31: Initializing runtime services
INFO:    BL31: Initializing BL32
I/TC: 
I/TC: OP-TEE version: 3.13.0-760-g540ade275 #zhangzj (gcc version 10.2.1 20201103 (GNU Toolchain for the A-profile Architecture 10.2-2020.11 (arm-10.16))) #3 Tue Dec  5 14:36:05 CST 2023 aarch64, fwver: null 
I/TC: OP-TEE memory: TEEOS 0x200000 TA 0xc00000 SHM 0x200000
I/TC: Primary CPU initializing
I/TC: Primary CPU switching to normal world boot
INFO:    BL31: Preparing for EL3 exit to normal world
INFO:    Entry point address = 0xa00000
INFO:    SPSR = 0x3c9


U-Boot 2024.01-rc5-g40e0647209-dirty (Jan 05 2024 - 13:55:47 +0800)

Model: Rockchip RK3588 EVB1 V10 Board
DRAM:  8 GiB (effective 7.7 GiB)
Core:  331 devices, 29 uclasses, devicetree: separate
MMC:   mmc@fe2e0000: 0
Loading Environment from MMC... OK
In:    serial@feb50000
Out:   serial@feb50000
Err:   serial@feb50000
Model: Rockchip RK3588 EVB1 V10 Board
Net:   eth0: ethernet@fe1b0000
Hit any key to stop autoboot:  2  1  0 
Scanning for bootflows in all bootdevs
Seq  Method       State   Uclass    Part  Name                      Filename
---  -----------  ------  --------  ----  ------------------------  ----------------
Scanning global bootmeth 'efi_mgr':
** Invalid partition 7 **
Couldn't find partition mmc 0:7
Cannot read EFI system partition
mmc write failed
Error get-and-setting cluster
Error: writing contents
** Unable to write file ubootefi.var **
Failed to persist EFI variables
Bus usb@fc800000: USB EHCI 1.00
Bus usb@fc840000: USB OHCI 1.0
Bus usb@fc880000: USB EHCI 1.00
Bus usb@fc8c0000: USB OHCI 1.0
scanning bus usb@fc800000 for devices... 1 USB Device(s) found
scanning bus usb@fc840000 for devices... 1 USB Device(s) found
scanning bus usb@fc880000 for devices... 2 USB Device(s) found
scanning bus usb@fc8c0000 for devices... 1 USB Device(s) found
Scanning bootdev 'usb_mass_storage.lun0.bootdev':
  0  efi          ready   usb_mass_    1  usb_mass_storage.lun0.boo efi/boot/bootaa64.efi
** Booting bootflow 'usb_mass_storage.lun0.bootdev.part_1' with efi
Booting /efi\boot\bootaa64.efi
Welcome to GRUB!

EQOS_DMA_MODE_SWR stuckFAILED: -110error: no such device: ((hd1,gpt1)/efi/boot)/EFI/BOOT/grub.cfg.
error: serial port `com0' isn't found.
GNU GRUB  version 2.06

вввввввввввввв”Ђвввввввввввввввввввввввввввввввввввввввввв”Ђввввввввввввввввввввввввввввввввввввввввввввввввввввввввввввввввввввввввввввввввв”Ђвввввввввввввввввввввввввввввввввввввввввввввввввввввв”Ђввввввввввввввввввввввввввввввввввввввввввввввввввввввввввввввввввввввввввввввввввввв”Ђвввввввввввввввввввввввввввввввввввввв”Ђвввв     Use the в and в keys to select which entry is highlighted.                                                                      
      Press enter to boot the selected OS, `e' to edit the commands before booting or `c' for a command-line.                           Linux Boot                                                                                                                             *bbr/bsa                                                                                                                                 SCT for Security Interface Extension (optional)                                                                                         Linux Boot for Security Interface Extension (optional)                                                                                                                                                                                                                                                                                                                                                                                                                                                                                                                                                                                                                                                                                                                                                                                                                                                                                                                                                                                                                                                                                                                                                                                                                                                                                                                                                                                                                                                                                                                                                                                                                                                                                                                                                                                                                                                                                                                                                                                                                                                                                                                                                                                                                                                                                                                                                                                                                                                                                             The highlighted entry will be executed automatically in 10s.                                                                               The highlighted entry will be executed automatically in 9s.                                                                                                                                                                                                                                                                                                                                                                    bbr/bsa                                                                                                                                *SCT for Security Interface Extension (optional)                                                                                         SCT for Security Interface Extension (optional)                                                                                        *Linux Boot for Security Interface Extension (optional)                                                                                 EFI stub: Booting Linux Kernel...
EFI stub: ACS:acsforcevamap is 0
EFI stub: ACS:efi_novamap is 1
EFI stub: Using DTB from configuration table
EFI stub: Exiting boot services...
unable to select a mode : -110
I/TC: Secondary CPU 1 initializing
I/TC: Secondary CPU 1 switching to normal world boot
I/TC: Secondary CPU 2 initializing
I/TC: Secondary CPU 2 switching to normal world boot
I/TC: Secondary CPU 3 initializing
I/TC: Secondary CPU 3 switching to normal world boot
I/TC: Secondary CPU 4 initializing
I/TC: Secondary CPU 4 switching to normal world boot
I/TC: Secondary CPU 5 initializing
I/TC: Secondary CPU 5 switching to normal world boot
I/TC: Secondary CPU 6 initializing
I/TC: Secondary CPU 6 switching to normal world boot
I/TC: Secondary CPU 7 initializing
I/TC: Secondary CPU 7 switching to normal world boot
[    0.000000] Booting Linux on physical CPU 0x0000000000 [0x412fd050]
[    0.000000] Linux version 6.4.0-yocto-standard+ (oe-user@oe-host) (aarch64-oe-linux-gcc (GCC) 12.3.0, GNU ld (GNU Binutils) 2.40.0.20230703) #1 SMP PREEMPT Sun Jun 25 23:29:58 UTC 2023
[    0.000000] Machine model: Rockchip RK3588 EVB1 V10 Board
[    0.000000] efi: EFI v2.10 by Das U-Boot
[    0.000000] efi: ESRT=0xece71040 RTPROP=0xece73040 SMBIOS=0xece9a000 RNG=0xae955040 MEMRESERVE=0xae954040 
[    0.000000] random: crng init done
[    0.000000] esrt: Reserving ESRT space from 0x00000000ece71040 to 0x00000000ece71078.
[    0.000000] OF: reserved mem: 0x00000003fc000000..0x00000003fc4fffff (5120 KiB) nomap non-reusable gap1@3,fc000000
[    0.000000] OF: reserved mem: 0x00000003fff00000..0x00000003ffffffff (1024 KiB) nomap non-reusable gap2@3,fff00000
[    0.000000] NUMA: No NUMA configuration found
[    0.000000] NUMA: Faking a node at [mem 0x0000000000200000-0x00000001ffffffff]
[    0.000000] NUMA: NODE_DATA [mem 0x1fedf79c0-0x1fedf9fff]
[    0.000000] Zone ranges:
[    0.000000]   DMA      [mem 0x0000000000200000-0x00000000ffffffff]
[    0.000000]   DMA32    empty
[    0.000000]   Normal   [mem 0x0000000100000000-0x00000001ffffffff]
[    0.000000] Movable zone start for each node
[    0.000000] Early memory node ranges
[    0.000000]   node   0: [mem 0x0000000000200000-0x0000000000b07fff]
[    0.000000]   node   0: [mem 0x0000000000b08000-0x0000000000b23fff]
[    0.000000]   node   0: [mem 0x0000000000b24000-0x00000000ece72fff]
[    0.000000]   node   0: [mem 0x00000000ece73000-0x00000000ece73fff]
[    0.000000]   node   0: [mem 0x00000000ece74000-0x00000000ece76fff]
[    0.000000]   node   0: [mem 0x00000000ece77000-0x00000000ece78fff]
[    0.000000]   node   0: [mem 0x00000000ece79000-0x00000000ece79fff]
[    0.000000]   node   0: [mem 0x00000000ece7a000-0x00000000ece9afff]
[    0.000000]   node   0: [mem 0x00000000ece9b000-0x00000000efecffff]
[    0.000000]   node   0: [mem 0x00000000efed0000-0x00000000efedffff]
[    0.000000]   node   0: [mem 0x00000000efee0000-0x00000000efffffff]
[    0.000000]   node   0: [mem 0x0000000100000000-0x00000001ffffffff]
[    0.000000] Initmem setup node 0 [mem 0x0000000000200000-0x00000001ffffffff]
[    0.000000] On node 0, zone DMA: 512 pages in unavailable ranges
[    0.000000] cma: Reserved 32 MiB at 0x00000000ede00000
[    0.000000] psci: probing for conduit method from DT.
[    0.000000] psci: PSCIv1.1 detected in firmware.
[    0.000000] psci: Using standard PSCI v0.2 function IDs
[    0.000000] psci: Trusted OS migration not required
[    0.000000] psci: SMC Calling Convention v1.2
[    0.000000] percpu: Embedded 31 pages/cpu s87592 r8192 d31192 u126976
[    0.000000] Detected VIPT I-cache on CPU0
[    0.000000] CPU features: detected: GIC system register CPU interface
[    0.000000] CPU features: detected: Virtualization Host Extensions
[    0.000000] CPU features: kernel page table isolation forced ON by KASLR
[    0.000000] CPU features: detected: Kernel page table isolation (KPTI)
[    0.000000] CPU features: detected: Qualcomm erratum 1009, or ARM erratum 1286807, 2441009
[    0.000000] CPU features: detected: ARM errata 1165522, 1319367, or 1530923
[    0.000000] alternatives: applying boot alternatives
[    0.000000] Kernel command line: BOOT_IMAGE=/Image root=PARTUUID=b16f505e-d826-4385-97c8-8da7a6760e78 rootwait rootfstype=ext4 secureboot
[    0.000000] Unknown kernel command line parameters "secureboot BOOT_IMAGE=/Image", will be passed to user space.
[    0.000000] Dentry cache hash table entries: 1048576 (order: 11, 8388608 bytes, linear)
[    0.000000] Inode-cache hash table entries: 524288 (order: 10, 4194304 bytes, linear)
[    0.000000] Fallback order for Node 0: 0 
[    0.000000] Built 1 zonelists, mobility grouping on.  Total pages: 1999368
[    0.000000] Policy zone: Normal
[    0.000000] mem auto-init: stack:all(zero), heap alloc:off, heap free:off
[    0.000000] software IO TLB: area num 8.
[    0.000000] software IO TLB: mapped [mem 0x00000000e8e46000-0x00000000ece46000] (64MB)
[    0.000000] Memory: 7814620K/8124416K available (22336K kernel code, 5554K rwdata, 9652K rodata, 12608K init, 952K bss, 277028K reserved, 32768K cma-reserved)
[    0.000000] SLUB: HWalign=64, Order=0-3, MinObjects=0, CPUs=8, Nodes=1
[    0.000000] ftrace: allocating 71191 entries in 279 pages
[    0.000000] ftrace: allocated 279 pages with 5 groups
[    0.000000] trace event string verifier disabled
[    0.000000] rcu: Preemptible hierarchical RCU implementation.
[    0.000000] rcu: 	RCU restricting CPUs from NR_CPUS=256 to nr_cpu_ids=8.
[    0.000000] 	Trampoline variant of Tasks RCU enabled.
[    0.000000] 	Rude variant of Tasks RCU enabled.
[    0.000000] 	Tracing variant of Tasks RCU enabled.
[    0.000000] rcu: RCU calculated value of scheduler-enlistment delay is 25 jiffies.
[    0.000000] rcu: Adjusting geometry for rcu_fanout_leaf=16, nr_cpu_ids=8
[    0.000000] NR_IRQS: 64, nr_irqs: 64, preallocated irqs: 0
[    0.000000] GICv3: GIC: Using split EOI/Deactivate mode
[    0.000000] GICv3: 480 SPIs implemented
[    0.000000] GICv3: 0 Extended SPIs implemented
[    0.000000] GICv3: MBI range [424:479]
[    0.000000] GICv3: Using MBI frame 0x00000000fe610000
[    0.000000] Root IRQ handler: gic_handle_irq
[    0.000000] GICv3: GICv3 features: 16 PPIs
[    0.000000] GICv3: CPU0: found redistributor 0 region 0:0x00000000fe680000
[    0.000000] ITS [mem 0xfe640000-0xfe65ffff]
[    0.000000] GIC: enabling workaround for ITS: Rockchip erratum RK3588001
[    0.000000] ITS@0x00000000fe640000: allocated 8192 Devices @100250000 (indirect, esz 8, psz 64K, shr 0)
[    0.000000] ITS@0x00000000fe640000: allocated 32768 Interrupt Collections @100260000 (flat, esz 2, psz 64K, shr 0)
[    0.000000] ITS: using cache flushing for cmd queue
[    0.000000] ITS [mem 0xfe660000-0xfe67ffff]
[    0.000000] GIC: enabling workaround for ITS: Rockchip erratum RK3588001
[    0.000000] ITS@0x00000000fe660000: allocated 8192 Devices @100280000 (indirect, esz 8, psz 64K, shr 0)
[    0.000000] ITS@0x00000000fe660000: allocated 32768 Interrupt Collections @100290000 (flat, esz 2, psz 64K, shr 0)
[    0.000000] ITS: using cache flushing for cmd queue
[    0.000000] GICv3: using LPI property table @0x00000001002a0000
[    0.000000] GIC: using cache flushing for LPI property table
[    0.000000] GICv3: CPU0: using allocated LPI pending table @0x00000001002b0000
[    0.000000] GICv3: GIC: PPI partition interrupt-partition-0[0] { /cpus/cpu@0[0] /cpus/cpu@100[1] /cpus/cpu@200[2] /cpus/cpu@300[3] }
[    0.000000] GICv3: GIC: PPI partition interrupt-partition-1[1] { /cpus/cpu@400[4] /cpus/cpu@500[5] /cpus/cpu@600[6] /cpus/cpu@700[7] }
[    0.000000] rcu: srcu_init: Setting srcu_struct sizes based on contention.
[    0.000000] arch_timer: cp15 timer(s) running at 24.00MHz (phys).
[    0.000000] clocksource: arch_sys_counter: mask: 0xffffffffffffff max_cycles: 0x588fe9dc0, max_idle_ns: 440795202592 ns
[    0.000000] sched_clock: 56 bits at 24MHz, resolution 41ns, wraps every 4398046511097ns
[    0.004133] kfence: initialized - using 2097152 bytes for 255 objects at 0x(____ptrval____)-0x(____ptrval____)
[    0.004349] Console: colour dummy device 80x25
[    0.004361] printk: console [tty0] enabled
[    0.005615] Calibrating delay loop (skipped), value calculated using timer frequency.. 48.00 BogoMIPS (lpj=96000)
[    0.005651] pid_max: default: 32768 minimum: 301
[    0.005750] LSM: initializing lsm=capability,landlock,integrity
[    0.005809] landlock: Up and running.
[    0.005905] Mount-cache hash table entries: 16384 (order: 5, 131072 bytes, linear)
[    0.005953] Mountpoint-cache hash table entries: 16384 (order: 5, 131072 bytes, linear)
[    0.008215] cblist_init_generic: Setting adjustable number of callback queues.
[    0.008254] cblist_init_generic: Setting shift to 3 and lim to 1.
[    0.008423] cblist_init_generic: Setting shift to 3 and lim to 1.
[    0.008531] cblist_init_generic: Setting shift to 3 and lim to 1.
[    0.008756] rcu: Hierarchical SRCU implementation.
[    0.008778] rcu: 	Max phase no-delay instances is 1000.
[    0.009556] Platform MSI: msi-controller@fe640000 domain created
[    0.009596] Platform MSI: msi-controller@fe660000 domain created
[    0.009834] PCI/MSI: /interrupt-controller@fe600000/msi-controller@fe640000 domain created
[    0.009882] PCI/MSI: /interrupt-controller@fe600000/msi-controller@fe660000 domain created
[    0.010122] fsl-mc MSI: msi-controller@fe640000 domain created
[    0.010158] fsl-mc MSI: msi-controller@fe660000 domain created
[    0.016708] Remapping and enabling EFI services.
[    0.017157] smp: Bringing up secondary CPUs ...
[    0.018441] Detected VIPT I-cache on CPU1
[    0.018512] GICv3: CPU1: found redistributor 100 region 0:0x00000000fe6a0000
[    0.018527] GICv3: CPU1: using allocated LPI pending table @0x00000001002c0000
[    0.018572] CPU1: Booted secondary processor 0x0000000100 [0x412fd050]
[    0.019971] Detected VIPT I-cache on CPU2
[    0.020041] GICv3: CPU2: found redistributor 200 region 0:0x00000000fe6c0000
[    0.020056] GICv3: CPU2: using allocated LPI pending table @0x00000001002d0000
[    0.020101] CPU2: Booted secondary processor 0x0000000200 [0x412fd050]
[    0.021466] Detected VIPT I-cache on CPU3
[    0.021532] GICv3: CPU3: found redistributor 300 region 0:0x00000000fe6e0000
[    0.021547] GICv3: CPU3: using allocated LPI pending table @0x00000001002e0000
[    0.021587] CPU3: Booted secondary processor 0x0000000300 [0x412fd050]
[    0.022960] CPU features: detected: Spectre-v4
[    0.022966] CPU features: detected: Spectre-BHB
[    0.022971] Detected PIPT I-cache on CPU4
[    0.023011] GICv3: CPU4: found redistributor 400 region 0:0x00000000fe700000
[    0.023020] GICv3: CPU4: using allocated LPI pending table @0x00000001002f0000
[    0.023047] CPU4: Booted secondary processor 0x0000000400 [0x414fd0b0]
[    0.024353] Detected PIPT I-cache on CPU5
[    0.024399] GICv3: CPU5: found redistributor 500 region 0:0x00000000fe720000
[    0.024409] GICv3: CPU5: using allocated LPI pending table @0x0000000100300000
[    0.024436] CPU5: Booted secondary processor 0x0000000500 [0x414fd0b0]
[    0.025697] Detected PIPT I-cache on CPU6
[    0.025741] GICv3: CPU6: found redistributor 600 region 0:0x00000000fe740000
[    0.025751] GICv3: CPU6: using allocated LPI pending table @0x0000000100310000
[    0.025778] CPU6: Booted secondary processor 0x0000000600 [0x414fd0b0]
[    0.027093] Detected PIPT I-cache on CPU7
[    0.027138] GICv3: CPU7: found redistributor 700 region 0:0x00000000fe760000
[    0.027148] GICv3: CPU7: using allocated LPI pending table @0x0000000100320000
[    0.027175] CPU7: Booted secondary processor 0x0000000700 [0x414fd0b0]
[    0.027265] smp: Brought up 1 node, 8 CPUs
[    0.027635] SMP: Total of 8 processors activated.
[    0.027652] CPU features: detected: 32-bit EL0 Support
[    0.027667] CPU features: detected: Data cache clean to the PoU not required for I/D coherence
[    0.027689] CPU features: detected: Common not Private translations
[    0.027705] CPU features: detected: CRC32 instructions
[    0.027723] CPU features: detected: RCpc load-acquire (LDAPR)
[    0.027738] CPU features: detected: LSE atomic instructions
[    0.027754] CPU features: detected: Privileged Access Never
[    0.027769] CPU features: detected: RAS Extension Support
[    0.027786] CPU features: detected: Speculative Store Bypassing Safe (SSBS)
[    0.027969] CPU: All CPU(s) started at EL2
[    0.027989] alternatives: applying system-wide alternatives
[    0.035159] devtmpfs: initialized
[    0.043150] clocksource: jiffies: mask: 0xffffffff max_cycles: 0xffffffff, max_idle_ns: 7645041785100000 ns
[    0.043171] futex hash table entries: 2048 (order: 5, 131072 bytes, linear)
[    0.043518] pinctrl core: initialized pinctrl subsystem
[    0.045309] SMBIOS 3.0 present.
[    0.045327] DMI: Unknown Unknown Product/Unknown Product, BIOS 2024.01-rc5-g40e0647209-dirty 01/01/2024
[    0.045659] NET: Registered PF_NETLINK/PF_ROUTE protocol family
[    0.046283] DMA: preallocated 1024 KiB GFP_KERNEL pool for atomic allocations
[    0.046505] DMA: preallocated 1024 KiB GFP_KERNEL|GFP_DMA pool for atomic allocations
[    0.046665] DMA: preallocated 1024 KiB GFP_KERNEL|GFP_DMA32 pool for atomic allocations
[    0.047756] thermal_sys: Registered thermal governor 'step_wise'
[    0.047759] thermal_sys: Registered thermal governor 'power_allocator'
[    0.047793] cpuidle: using governor menu
[    0.047893] hw-breakpoint: found 6 breakpoint and 4 watchpoint registers.
[    0.048023] ASID allocator initialised with 32768 entries
[    0.049310] Serial: AMBA PL011 UART driver
[    0.066849] gpio gpiochip0: Static allocation of GPIO base is deprecated, use dynamic allocation.
[    0.067052] rockchip-gpio fd8a0000.gpio: probed /pinctrl/gpio@fd8a0000
[    0.067211] gpio gpiochip1: Static allocation of GPIO base is deprecated, use dynamic allocation.
[    0.067307] rockchip-gpio fec20000.gpio: probed /pinctrl/gpio@fec20000
[    0.067452] gpio gpiochip2: Static allocation of GPIO base is deprecated, use dynamic allocation.
[    0.067539] rockchip-gpio fec30000.gpio: probed /pinctrl/gpio@fec30000
[    0.067682] gpio gpiochip3: Static allocation of GPIO base is deprecated, use dynamic allocation.
[    0.067772] rockchip-gpio fec40000.gpio: probed /pinctrl/gpio@fec40000
[    0.067935] gpio gpiochip4: Static allocation of GPIO base is deprecated, use dynamic allocation.
[    0.068020] rockchip-gpio fec50000.gpio: probed /pinctrl/gpio@fec50000
[    0.072931] KASLR enabled
[    0.073397] HugeTLB: registered 1.00 GiB page size, pre-allocated 0 pages
[    0.073407] HugeTLB: 0 KiB vmemmap can be freed for a 1.00 GiB page
[    0.073416] HugeTLB: registered 32.0 MiB page size, pre-allocated 0 pages
[    0.073423] HugeTLB: 0 KiB vmemmap can be freed for a 32.0 MiB page
[    0.073430] HugeTLB: registered 2.00 MiB page size, pre-allocated 0 pages
[    0.073437] HugeTLB: 0 KiB vmemmap can be freed for a 2.00 MiB page
[    0.073444] HugeTLB: registered 64.0 KiB page size, pre-allocated 0 pages
[    0.073450] HugeTLB: 0 KiB vmemmap can be freed for a 64.0 KiB page
[    0.140851] raid6: neonx8   gen()  4316 MB/s
[    0.208943] raid6: neonx4   gen()  4289 MB/s
[    0.277032] raid6: neonx2   gen()  3624 MB/s
[    0.345121] raid6: neonx1   gen()  2867 MB/s
[    0.413214] raid6: int64x8  gen()  1910 MB/s
[    0.481294] raid6: int64x4  gen()  2005 MB/s
[    0.549383] raid6: int64x2  gen()  1674 MB/s
[    0.617476] raid6: int64x1  gen()  1380 MB/s
[    0.617482] raid6: using algorithm neonx8 gen() 4316 MB/s
[    0.685560] raid6: .... xor() 3259 MB/s, rmw enabled
[    0.685566] raid6: using neon recovery algorithm
[    0.685947] ACPI: Interpreter disabled.
[    0.688086] iommu: Default domain type: Translated 
[    0.688096] iommu: DMA domain TLB invalidation policy: strict mode 
[    0.688283] SCSI subsystem initialized
[    0.688547] usbcore: registered new interface driver usbfs
[    0.688569] usbcore: registered new interface driver hub
[    0.688591] usbcore: registered new device driver usb
[    0.689517] pps_core: LinuxPPS API ver. 1 registered
[    0.689525] pps_core: Software ver. 5.3.6 - Copyright 2005-2007 Rodolfo Giometti <giometti@linux.it>
[    0.689540] PTP clock support registered
[    0.689753] EDAC MC: Ver: 3.0.0
[    0.690474] scmi_core: SCMI protocol bus registered
[    0.690528] efivars: Registered efivars operations
[    0.691253] FPGA manager framework
[    0.691299] Advanced Linux Sound Architecture Driver Initialized.
[    0.691705] Bluetooth: Core ver 2.22
[    0.691724] NET: Registered PF_BLUETOOTH protocol family
[    0.691730] Bluetooth: HCI device and connection manager initialized
[    0.691739] Bluetooth: HCI socket layer initialized
[    0.691746] Bluetooth: L2CAP socket layer initialized
[    0.691756] Bluetooth: SCO socket layer initialized
[    0.692017] vgaarb: loaded
[    0.692221] clocksource: Switched to clocksource arch_sys_counter
[    0.692462] pnp: PnP ACPI: disabled
[    0.697499] NET: Registered PF_INET protocol family
[    0.697665] IP idents hash table entries: 131072 (order: 8, 1048576 bytes, linear)
[    0.701901] tcp_listen_portaddr_hash hash table entries: 4096 (order: 4, 65536 bytes, linear)
[    0.702003] Table-perturb hash table entries: 65536 (order: 6, 262144 bytes, linear)
[    0.702018] TCP established hash table entries: 65536 (order: 7, 524288 bytes, linear)
[    0.702518] TCP bind hash table entries: 65536 (order: 9, 2097152 bytes, linear)
[    0.704404] TCP: Hash tables configured (established 65536 bind 65536)
[    0.704462] UDP hash table entries: 4096 (order: 5, 131072 bytes, linear)
[    0.704647] UDP-Lite hash table entries: 4096 (order: 5, 131072 bytes, linear)
[    0.704887] NET: Registered PF_UNIX/PF_LOCAL protocol family
[    0.705163] RPC: Registered named UNIX socket transport module.
[    0.705175] RPC: Registered udp transport module.
[    0.705181] RPC: Registered tcp transport module.
[    0.705186] RPC: Registered tcp NFSv4.1 backchannel transport module.
[    0.705196] PCI: CLS 0 bytes, default 64
[    0.705529] kvm [1]: IPA Size Limit: 40 bits
[    0.705556] kvm [1]: GICv3: no GICV resource entry
[    0.705564] kvm [1]: disabling GICv2 emulation
[    0.705583] kvm [1]: GIC system register CPU interface enabled
[    0.705599] kvm [1]: vgic interrupt IRQ18
[    0.705624] kvm [1]: VHE mode initialized successfully
[    0.756738] Initialise system trusted keyrings
[    0.756911] workingset: timestamp_bits=42 max_order=21 bucket_order=0
[    0.757106] squashfs: version 4.0 (2009/01/31) Phillip Lougher
[    0.757306] NFS: Registering the id_resolver key type
[    0.757329] Key type id_resolver registered
[    0.757336] Key type id_legacy registered
[    0.757350] nfs4filelayout_init: NFSv4 File Layout Driver Registering...
[    0.757362] nfs4flexfilelayout_init: NFSv4 Flexfile Layout Driver Registering...
[    0.757907] Key type cifs.idmap registered
[    0.758018] 9p: Installing v9fs 9p2000 file system support
[    0.789398] xor: measuring software checksum speed
[    0.791228]    8regs           :  5401 MB/sec
[    0.793079]    32regs          :  5352 MB/sec
[    0.794424]    arm64_neon      :  7352 MB/sec
[    0.794430] xor: using function: arm64_neon (7352 MB/sec)
[    0.794438] async_tx: api initialized (async)
[    0.794446] Key type asymmetric registered
[    0.794453] Asymmetric key parser 'x509' registered
[    0.794481] Block layer SCSI generic (bsg) driver version 0.4 loaded (major 245)
[    0.794490] io scheduler mq-deadline registered
[    0.794497] io scheduler kyber registered
[    0.794520] io scheduler bfq registered
[    0.807982] EINJ: ACPI disabled.
[    0.821112] dma-pl330 fea10000.dma-controller: Loaded driver for PL330 DMAC-241330
[    0.821127] dma-pl330 fea10000.dma-controller: 	DBUFF-128x8bytes Num_Chans-8 Num_Peri-32 Num_Events-16
[    0.821845] dma-pl330 fea30000.dma-controller: Loaded driver for PL330 DMAC-241330
[    0.821857] dma-pl330 fea30000.dma-controller: 	DBUFF-128x8bytes Num_Chans-8 Num_Peri-32 Num_Events-16
[    0.822555] dma-pl330 fed10000.dma-controller: Loaded driver for PL330 DMAC-241330
[    0.822566] dma-pl330 fed10000.dma-controller: 	DBUFF-128x8bytes Num_Chans-8 Num_Peri-32 Num_Events-16
[    0.830438] Serial: 8250/16550 driver, 16 ports, IRQ sharing enabled
[    0.833110] feb50000.serial: ttyS2 at MMIO 0xfeb50000 (irq = 39, base_baud = 1500000) is a 16550A
[    0.833233] printk: console [ttyS2] enabled
[    0.984760] SuperH (H)SCI(F) driver initialized
[    0.985674] msm_serial: driver initialized
[    0.993213] brd: module loaded
[    0.994093] megasas: 07.725.01.00-rc1
[    0.997866] spi spi2.0: Fixed dependency cycle(s) with /spi@feb20000/pmic@0/regulators/dcdc-reg10
[    0.998654] spi spi2.0: Fixed dependency cycle(s) with /spi@feb20000/pmic@0/regulators/dcdc-reg7
[    0.999452] spi spi2.0: Fixed dependency cycle(s) with /spi@feb20000/pmic@0/dvs3-null-pins
[    1.000179] spi spi2.0: Fixed dependency cycle(s) with /spi@feb20000/pmic@0/dvs2-null-pins
[    1.000918] spi spi2.0: Fixed dependency cycle(s) with /spi@feb20000/pmic@0/dvs1-null-pins
[    1.001792] spi spi2.1: Fixed dependency cycle(s) with /spi@feb20000/pmic@1/dvs3-null-pins
[    1.002520] spi spi2.1: Fixed dependency cycle(s) with /spi@feb20000/pmic@1/dvs2-null-pins
[    1.003246] spi spi2.1: Fixed dependency cycle(s) with /spi@feb20000/pmic@1/dvs1-null-pins
[    1.006783] thunder_xcv, ver 1.0
[    1.007084] thunder_bgx, ver 1.0
[    1.007378] nicpf, ver 1.0
[    1.008645] hns3: Hisilicon Ethernet Network Driver for Hip08 Family - version
[    1.009282] hns3: Copyright (c) 2017 Huawei Corporation.
[    1.009762] hclge is initializing
[    1.010062] e1000: Intel(R) PRO/1000 Network Driver
[    1.010491] e1000: Copyright (c) 1999-2006 Intel Corporation.
[    1.011006] e1000e: Intel(R) PRO/1000 Network Driver
[    1.011442] e1000e: Copyright(c) 1999 - 2015 Intel Corporation.
[    1.011969] igb: Intel(R) Gigabit Ethernet Network Driver
[    1.012452] igb: Copyright (c) 2007-2014 Intel Corporation.
[    1.012953] igbvf: Intel(R) Gigabit Virtual Function Network Driver
[    1.013502] igbvf: Copyright (c) 2009 - 2012 Intel Corporation.
[    1.014288] sky2: driver version 1.30
[    1.015842] VFIO - User Level meta-driver version: 0.3
[    1.018899] usbcore: registered new interface driver usb-storage
[    1.021735] i2c_dev: i2c /dev entries driver
[    1.028130] device-mapper: ioctl: 4.48.0-ioctl (2023-03-01) initialised: dm-devel@redhat.com
[    1.028998] ghes_edac: GHES probing device list is empty
[    1.030341] sdhci: Secure Digital Host Controller Interface driver
[    1.031352] sdhci: Copyright(c) Pierre Ossman
[    1.032500] Synopsys Designware Multimedia Card Interface Driver
[    1.033932] sdhci-pltfm: SDHCI platform and OF driver helper
[    1.036540] ledtrig-cpu: registered to indicate activity on CPUs
[    1.037765] scmi_protocol scmi_dev.1: Enabled polling mode TX channel - prot_id:16
[    1.038533] arm-scmi firmware:scmi: SCMI Notifications - Core Enabled.
[    1.039139] arm-scmi firmware:scmi: SCMI Protocol v2.0 'rockchip:' Firmware version 0x0
[    1.046399] SMCCC: SOC_ID: ARCH_SOC_ID not implemented, skipping ....
[    1.047628] usbcore: registered new interface driver usbhid
[    1.048119] usbhid: USB HID core driver
[    1.052363] hw perfevents: enabled with armv8_cortex_a55 PMU driver, 7 counters available
[    1.053960] hw perfevents: enabled with armv8_cortex_a76 PMU driver, 7 counters available
[    1.056511] optee: probing for conduit method.
[    1.056918] optee: revision 3.13 (540ade27)
[    1.057453] optee: dynamic shared memory is enabled
[    1.058368] optee: initialized driver
[    1.060921] u32 classifier
[    1.061168]     input device check on
[    1.061492]     Actions configured
[    1.061915] NET: Registered PF_INET6 protocol family
[    1.063317] Segment Routing with IPv6
[    1.063657] In-situ OAM (IOAM) with IPv6
[    1.064038] sit: IPv6, IPv4 and MPLS over IPv4 tunneling driver
[    1.064812] NET: Registered PF_PACKET protocol family
[    1.065280] Bridge firewalling registered
[    1.065684] 9pnet: Installing 9P2000 support
[    1.066084] Key type dns_resolver registered
[    1.067616] mmc0: SDHCI controller on fe2e0000.mmc [fe2e0000.mmc] using ADMA
[    1.071329] registered taskstats version 1
[    1.071802] Loading compiled-in X.509 certificates
[    1.075652] Key type .fscrypt registered
[    1.076002] Key type fscrypt-provisioning registered
[    1.077111] Btrfs loaded, zoned=no, fsverity=no
[    1.077568] Key type encrypted registered
[    1.130986] mmc0: new HS400 Enhanced strobe MMC card at address 0001
[    1.132401] mmcblk0: mmc0:0001 CJTD4R 58.2 GiB 
[    1.136646]  mmcblk0: p1 p2 p3 p4 p5 p6 p7 p8
[    1.139398] mmcblk0boot0: mmc0:0001 CJTD4R 4.00 MiB 
[    1.141291] mmcblk0boot1: mmc0:0001 CJTD4R 4.00 MiB 
[    1.143200] mmcblk0rpmb: mmc0:0001 CJTD4R 4.00 MiB, chardev (234:0)
[    1.144058] ehci-platform fc800000.usb: EHCI Host Controller
[    1.144176] ohci-platform fc840000.usb: Generic Platform OHCI controller
[    1.144313] ehci-platform fc880000.usb: EHCI Host Controller
[    1.144330] ehci-platform fc880000.usb: new USB bus registered, assigned bus number 1
[    1.144406] ehci-platform fc880000.usb: irq 47, io mem 0xfc880000
[    1.144607] ehci-platform fc800000.usb: new USB bus registered, assigned bus number 2
[    1.144767] ohci-platform fc8c0000.usb: Generic Platform OHCI controller
[    1.144777] ohci-platform fc8c0000.usb: new USB bus registered, assigned bus number 3
[    1.144837] ohci-platform fc8c0000.usb: irq 49, io mem 0xfc8c0000
[    1.145173] ohci-platform fc840000.usb: new USB bus registered, assigned bus number 4
[    1.145777] ehci-platform fc800000.usb: irq 46, io mem 0xfc800000
[    1.146397] ohci-platform fc840000.usb: irq 48, io mem 0xfc840000
[    1.148571] printk: console [netcon0] enabled
[    1.151527] netconsole: network logging started
[    1.152357] clk: Disabling unused clocks
[    1.153242] ALSA device list:
[    1.153509]   No soundcards found.
[    1.153928] dw-apb-uart feb50000.serial: forbid DMA for kernel console
[    1.160396] ehci-platform fc880000.usb: USB 2.0 started, EHCI 1.00
[    1.162212] hub 1-0:1.0: USB hub found
[    1.162653] hub 1-0:1.0: 1 port detected
[    1.176390] ehci-platform fc800000.usb: USB 2.0 started, EHCI 1.00
[    1.178565] hub 2-0:1.0: USB hub found
[    1.178959] hub 2-0:1.0: 1 port detected
[    1.208822] hub 3-0:1.0: USB hub found
[    1.209182] hub 3-0:1.0: 1 port detected
[    1.212853] hub 4-0:1.0: USB hub found
[    1.213203] hub 4-0:1.0: 1 port detected
[    1.213704] md: Waiting for all devices to be available before autodetect
[    1.214308] md: If you don't use raid, use raid=noautodetect
[    1.216114] md: Autodetecting RAID arrays.
[    1.216499] md: autorun ...
[    1.216749] md: ... autorun DONE.
[    1.217117] Waiting for root device PARTUUID=b16f505e-d826-4385-97c8-8da7a6760e78...
[    1.416312] usb 1-1: new high-speed USB device number 2 using ehci-platform
[    6.756311] usb 1-1: device descriptor read/64, error -110
[    7.022554] usb-storage 1-1:1.0: USB Mass Storage device detected
[    7.023637] scsi host0: usb-storage 1-1:1.0
[    8.037572] scsi 0:0:0:0: Direct-Access     General  UDisk            5.00 PQ: 0 ANSI: 2
[    8.039908] sd 0:0:0:0: [sda] 61440000 512-byte logical blocks: (31.5 GB/29.3 GiB)
[    8.041537] sd 0:0:0:0: [sda] Write Protect is off
[    8.042657] sd 0:0:0:0: [sda] No Caching mode page found
[    8.043134] sd 0:0:0:0: [sda] Assuming drive cache: write through
[    8.108944] GPT:Primary header thinks Alt. header is not at the end of the disk.
[    8.109601] GPT:1362543 != 61439999
[    8.109912] GPT:Alternate GPT header not at the end of the disk.
[    8.110439] GPT:1362543 != 61439999
[    8.110749] GPT: Use GNU Parted to correct GPT errors.
[    8.111211]  sda: sda1 sda2
[    8.112554] sd 0:0:0:0: [sda] Attached SCSI removable disk
[    8.136125] EXT4-fs (sda2): INFO: recovery required on readonly filesystem
[    8.136759] EXT4-fs (sda2): write access will be enabled during recovery
[   11.243323] platform pcie30-avdd1v8-regulator: deferred probe pending
[   11.243903] platform pcie20-avdd0v85-regulator: deferred probe pending
[   11.244490] platform pcie20-avdd1v8-regulator: deferred probe pending
[   19.137283] EXT4-fs (sda2): orphan cleanup on readonly fs
[   19.137894] EXT4-fs (sda2): recovery complete
[   22.717610] EXT4-fs (sda2): mounted filesystem 1ee7eb81-1caa-4565-ad7e-da3d7c830e28 ro with ordered data mode. Quota mode: disabled.
[   22.718700] VFS: Mounted root (ext4 filesystem) readonly on device 8:2.
[   24.562790] devtmpfs: mounted
[   24.569385] Freeing unused kernel memory: 12608K
[   24.569889] Run /sbin/init as init process
[   24.916756] systemd[1]: System time before build time, advancing clock.
[   24.968837] systemd[1]: systemd 253.1^ running in system mode (-PAM -AUDIT -SELINUX -APPARMOR +IMA -SMACK +SECCOMP -GCRYPT -GNUTLS -OPENSSL +ACL +BLKID -CURL -ELFUTILS -FIDO2 -IDN2 -IDN -IPTC +KMOD -LIBCRYPTSETUP +LIBFDISK -PCRE2 -PWQUALITY -P11KIT -QRENCODE -TPM2 -BZIP2 -LZ4 -XZ -ZLIB +ZSTD -BPF_FRAMEWORK -XKBCOMMON +UTMP +SYSVINIT default-hierarchy=hybrid)
[   24.971632] systemd[1]: Detected architecture arm64.

Welcome to Woden 0.0 (master)!

[   25.031607] systemd[1]: Hostname set to <generic-arm64>.
[   25.394506] systemd[1]: Queued start job for default target Multi-User System.
[   25.425373] systemd[1]: Created slice Slice /system/getty.
[  OK  ] Created slice Slice /system/getty.
[   25.427676] systemd[1]: Created slice Slice /system/modprobe.
[  OK  ] Created slice Slice /system/modprobe.
[   25.429898] systemd[1]: Created slice Slice /system/serial-getty.
[  OK  ] Created slice Slice /system/serial-getty.
[   25.441165] systemd[1]: Created slice User and Session Slice.
[  OK  ] Created slice User and Session Slice.
[   25.442661] systemd[1]: Started Dispatch Password Requests to Console Directory Watch.
[  OK  ] Started Dispatch Password вts to Console Directory Watch.
[   25.452584] systemd[1]: Started Forward Password Requests to Wall Directory Watch.
[  OK  ] Started Forward Password Rвuests to Wall Directory Watch.
[   25.464515] systemd[1]: Reached target Path Units.
[  OK  ] Reached target Path Units.
[   25.476489] systemd[1]: Reached target Remote File Systems.
[  OK  ] Reached target Remote File Systems.
[   25.477845] systemd[1]: Reached target Slice Units.
[  OK  ] Reached target Slice Units.
[   25.488495] systemd[1]: Reached target Swaps.
[  OK  ] Reached target Swaps.
[   25.500836] systemd[1]: Listening on Syslog Socket.
[  OK  ] Listening on Syslog Socket.
[   25.512631] systemd[1]: Listening on initctl Compatibility Named Pipe.
[  OK  ] Listening on initctl Compatibility Named Pipe.
[   25.527787] systemd[1]: Journal Audit Socket was skipped because of an unmet condition check (ConditionSecurity=audit).
[   25.529079] systemd[1]: Listening on Journal Socket (/dev/log).
[  OK  ] Listening on Journal Socket (/dev/log).
[   25.530730] systemd[1]: Listening on Journal Socket.
[  OK  ] Listening on Journal Socket.
[   25.540749] systemd[1]: Listening on Network Service Netlink Socket.
[  OK  ] Listening on Network Service Netlink Socket.
[   25.552803] systemd[1]: Listening on udev Control Socket.
[  OK  ] Listening on udev Control Socket.
[   25.554350] systemd[1]: Listening on udev Kernel Socket.
[  OK  ] Listening on udev Kernel Socket.
[   25.564626] systemd[1]: Listening on User Database Manager Socket.
[  OK  ] Listening on User Database Manager Socket.
[   25.588658] systemd[1]: Mounting Huge Pages File System...
         Mounting Huge Pages File System...
[   25.602396] systemd[1]: Mounting POSIX Message Queue File System...
         Mounting POSIX Message Queue File System...
[   25.614341] systemd[1]: Mounting Kernel Debug File System...
         Mounting Kernel Debug File System...
[   25.626326] systemd[1]: Mounting Kernel Trace File System...
         Mounting Kernel Trace File System...
[   25.639481] systemd[1]: Mounting Temporary Directory /tmp...
         Mounting Temporary Directory /tmp...
[   25.648550] systemd[1]: Create List of Static Device Nodes was skipped because of an unmet condition check (ConditionFileNotEmpty=/lib/modules/6.4.0-yocto-standard+/modules.devname).
[   25.652094] systemd[1]: Starting Load Kernel Module configfs...
         Starting Load Kernel Module configfs...
[   25.666456] systemd[1]: Starting Load Kernel Module drm...
         Starting Load Kernel Module drm...
[   25.678520] systemd[1]: Starting Load Kernel Module fuse...
         Starting Load Kernel Module fuse...
[   25.690467] systemd[1]: Starting File System Check on Root Device...
         Starting File System Check on Root Device...
[   25.703897] systemd[1]: Starting Journal Service...
         Starting Journal Service...
[   25.707905] systemd[1]: Load Kernel Modules was skipped because no trigger condition checks were met.
[   25.710795] systemd[1]: Starting Generate network units from Kernel command line...
         Starting Generate network вts from Kernel command line...
[   25.713782] systemd[1]: Starting Apply Kernel Variables...
         Starting Apply Kernel Variables...
[   25.716488] systemd[1]: Starting Coldplug All udev Devices...
         Starting Coldplug All udev Devices...
[   25.722450] systemd[1]: Mounted Huge Pages File System.
[  OK  ] Mounted Huge Pages File System.[   25.723191] systemd[1]: Mounted POSIX Message Queue File System.

[  OK  ] Mounted POSIX Message Queue File Sy[   25.724186] systemd[1]: Mounted Kernel Debug File System.
stem.
[  OK  ] Mounted Kernel Debug File System   25.725213] systemd[1]: Mounted Kernel Trace File System.
m.
[  OK  ] Mounted Kernel Trace File System   25.726215] systemd[1]: Mounted Temporary Directory /tmp.
m.
[  OK  ] Mounted Temporary Directory /tmp.
[   25.727474] systemd[1]: modprobe@configfs.service: Deactivated successfully.
[   25.728633] systemd[1]: Finished Load Kernel Module configfs.
[  OK  ] Finished Load Kernel Module configfs.
[   25.729781] systemd[1]: modprobe@drm.service: Deactivated successfully.
[   25.730797] systemd[1]: Finished Load Kernel Module drm.
[  OK  ] Finished Load Kernel Module drm.
[   25.731786] systemd[1]: modprobe@fuse.service: Deactivated successfully.
[   25.732811] systemd[1]: Finished Load Kernel Module fuse.
[  OK  ] Finished Load Kernel Module fuse.
[   25.733938] systemd[1]: Finished Generate network units from Kernel command line.
[  OK  ] Finished Generate network units fro[   25.735000] systemd[1]: Reached target Preparation for Network.
m Kernel command line.
[  OK  ] Reached target Preparation for Netw[   25.735918] systemd[1]: FUSE Control File System was skipped because of an unmet condition check (ConditionPathExists=/sys/fs/fuse/connections).
ork.
[   25.739583] systemd[1]: Mounting Kernel Configuration File System...
         Mounting Kernel Configuration File System...
[   25.748179] systemd[1]: Mounted Kernel Configuration File System.
[  OK  ] Mounted Kernel Configuration File System.
[   25.785596] systemd[1]: Finished Apply Kernel Variables.
[  OK  ] Finished Apply Kernel Variables.
[   25.787355] systemd-journald[143]: Collecting audit messages is disabled.
[   25.822346] systemd[1]: Started Journal Service.
[  OK  ] Started Journal Service.
[  OK  ] Finished File System Check on Root Device.
         Starting Remount Root and Kernel File Systems...
[  OK  ] Finished Coldplug All udev Devices.
[   27.682338] EXT4-fs (sda2): re-mounted 1ee7eb81-1caa-4565-ad7e-da3d7c830e28 r/w. Quota mode: disabled.
[  OK  ] Finished Remount Root and Kernel File Systems.
         Starting Flush Journal to Persistent Storage...
         Starting Create Static Device Nodes in /dev...
[   31.337114] systemd-journald[143]: Received client request to flush runtime journal.
[  OK  ] Finished Flush Journal to Persistent Storage.
[  OK  ] Finished Create Static Device Nodes in /dev.
[  OK  ] Reached target Preparation for Local File Systems.
         Mounting /var/volatile...
         Starting Rule-based Manageвfor Device Events and Files...
[  OK  ] Mounted /var/volatile.
         Starting Load/Save OS Random Seed...
[*     ] (1 of 3) A start job is running forвave OS Random Seed (8s / no limit)
[**    ] (1 of 3) A start job is running forвave OS Random Seed (8s / no limit)
[***   ] (1 of 3) A start job is running forвave OS Random Seed (9s / no limit)
[ ***  ] (2 of 3) A start job is running forв Events and Files (10s / no limit)
[  *** ] (2 of 3) A start job is running forв Events and Files (10s / no limit)
[   ***] (2 of 3) A start job is running forв Events and Files (11s / no limit)
[  OK  ] Finished Load/Save OS Random Seed.
[  OK  ] Started Rule-based Manager for Device Events and Files.
         Starting Network Configuration...
[  OK  ] Started Network Configuration.
[  OK  ] Found device UDisk BOOT.
         Mounting /boot...
[   37.316149] rk_gmac-dwmac fe1b0000.ethernet: IRQ eth_lpi not found
[   37.317390] rk_gmac-dwmac fe1b0000.ethernet: supply phy not found, using dummy regulator
[   37.318321] rk_gmac-dwmac fe1b0000.ethernet: clock input or output? (output).
[   37.318976] rk_gmac-dwmac fe1b0000.ethernet: TX delay(0x43).
[   37.319492] rk_gmac-dwmac fe1b0000.ethernet: RX delay(0x0).
[   37.320143] rk_gmac-dwmac fe1b0000.ethernet: integrated PHY? (no).
[   37.325789] rk_gmac-dwmac fe1b0000.ethernet: init for RGMII_RXID
[   37.326580] rk_gmac-dwmac fe1b0000.ethernet: User ID: 0x30, Synopsys ID: 0x51
[   37.326602] FAT-fs (sda1): Volume was not properly unmounted. Some data may be corrupt. Please run fsck.
[   37.327221] rk_gmac-dwmac fe1b0000.ethernet: 	DWMAC4/5
[   37.328639] rk_gmac-dwmac fe1b0000.ethernet: DMA HW capability register supported
[   37.329317] rk_gmac-dwmac fe1b0000.ethernet: RX Checksum Offload Engine supported
[   37.329992] rk_gmac-dwmac fe1b0000.ethernet: TX Checksum insertion supported
[   37.330627] rk_gmac-dwmac fe1b0000.ethernet: Wake-Up On Lan supported
[   37.331293] rk_gmac-dwmac fe1b0000.ethernet: TSO supported
[   37.331796] rk_gmac-dwmac fe1b0000.ethernet: Enable RX Mitigation via HW Watchdog Timer
[   37.331810] rk_gmac-dwmac fe1b0000.ethernet: device MAC address 26:8e:23:a6:a6:8b
[   37.333221] rk_gmac-dwmac fe1b0000.ethernet: Enabled L3L4 Flow TC (entries=2)
[   37.333867] rk_gmac-dwmac fe1b0000.ethernet: Enabled RFS Flow TC (entries=10)
[   37.334513] rk_gmac-dwmac fe1b0000.ethernet: TSO feature enabled
[   37.335057] rk_gmac-dwmac fe1b0000.ethernet: SPH feature enabled
[  OK  ] Mounted /boot.
[   37.335602] rk_gmac-dwmac fe1b0000.ethernet: Using 32/32 bits DMA host/device width
[  OK  ] Reached target Local File Systems.
[  OK  ] Listening on Load/Save RF вitch Status /dev/rfkill Watch.
         Starting Create Volatile Files and Directories...
[  OK  ] Finished Create Volatile Files and Directories.
         Starting Network Name Resolution...
         Starting Network Time Synchronization...
         Starting Record System Boot/Shutdown in UTMP...
[  OK  ] Finished Record System Boot/Shutdown in UTMP.
[   37.624990] rk_gmac-dwmac fe1b0000.ethernet eth0: Register MEM_TYPE_PAGE_POOL RxQ-0
[   37.626212] rk_gmac-dwmac fe1b0000.ethernet eth0: Register MEM_TYPE_PAGE_POOL RxQ-1
[  OK  ] Started Network Time Synchronization.
[  OK  ] Reached target System Time Set.
[   37.824321] rk_gmac-dwmac fe1b0000.ethernet eth0: validation of rgmii-rxid with support 00,00000000,00000000,00006280 and advertisement 00,00000000,00000000,00006280 failed: -EINVAL
[   37.866074] rk_gmac-dwmac fe1b0000.ethernet eth0: __stmmac_open: Cannot attach to PHY (error: -22)
[  OK  ] Started Network Name Resolution.
[  OK  ] Reached target Network.
[  OK  ] Reached target Host and Network Name Lookups.
[  OK  ] Reached target System Initialization.
[  OK  ] Started Daily Cleanup of Temporary Directories.
[  OK  ] Reached target Timer Units.
[  OK  ] Listening on D-Bus System Message Bus Socket.
         Starting sshd.socket...
[  OK  ] Listening on sshd.socket.
[  OK  ] Reached target Socket Units.
[  OK  ] Reached target Basic System.
[  OK  ] Started Run script with syвemd right before login prompt.
[  OK  ] Started Kernel Logging Service.
[  OK  ] Started System Logging Service.
         Starting D-Bus System Message Bus...
[   38.072936] init.sh[227]: init.sh
[  OK  ] Started Getty on tty1.
[   38.084354] init.sh[227]: Mounting efivarfs ...
[  OK  ] Started Serial Getty on ttyS0.
[  OK  ] Started Serial Getty on ttyS2.
[  OK  ] Reached target Login Prompts.
         Starting User Login Management...
         Starting OpenSSH Key Generation...
[  OK  ] Started D-Bus System Message Bus.
[  OK  ] Finished OpenSSH Key Generation.
[  OK  ] Started User Login Management.
[  OK  ] Reached target Multi-User System.
         Starting Record Runlevel Change in UTMP...
[  OK  ] Finished Record Runlevel Change in UTMP.

Woden 0.0 generic-arm64 ttyS2

generic-arm64 login: root (automatic login)

root@generic-arm64:~# [   43.101323] init.sh[227]: Attempting to mount the results partition ...
[   43.256258] init.sh[227]: Mounted the results partition on device /dev/sda1
[   46.267727] init.sh[227]: Call SIE ACS in Linux
[   46.273236] init.sh[258]: mount: /sys/kernel/security: securityfs already mounted on /sys/kernel/security.
[   46.273544] init.sh[258]:        dmesg(1) may have more information after failed mount system call.
[   51.296582] init.sh[257]: SecureBoot disabled
[   51.296919] init.sh[257]: WARNING: The System is not in SecureBoot mode
[   51.313574] init.sh[257]: Test Executed are uefirtauthvar tpm2
[   51.730208] init.sh[272]: Test: Authenticated variable tests.
[   51.730610] init.sh[272]:                                                                      :   0.0% /                                                                                Test skipped.
[   51.730849] init.sh[272]: Test: TPM2 Trusted Platform Module 2 test.
