DDR d5483af87d cym 23/11/23-16:15:24,fwver: v1.15
LPDDR4X, 2112MHz
channel[0] BW=16 Col=10 Bk=8 CS0 Row=16 CS1 Row=16 CS=2 Die BW=16 Size=2048MB
channel[1] BW=16 Col=10 Bk=8 CS0 Row=16 CS1 Row=16 CS=2 Die BW=16 Size=2048MB
channel[2] BW=16 Col=10 Bk=8 CS0 Row=16 CS1 Row=16 CS=2 Die BW=16 Size=2048MB
channel[3] BW=16 Col=10 Bk=8 CS0 Row=16 CS1 Row=16 CS=2 Die BW=16 Size=2048MB
Manufacturer ID:0x1
CH0 RX Vref:27.9%, TX Vref:20.8%,19.8%
CH1 RX Vref:28.9%, TX Vref:20.8%,20.8%
CH2 RX Vref:28.9%, TX Vref:20.8%,21.8%
CH3 RX Vref:29.3%, TX Vref:21.8%,21.8%
change to F1: 528MHz
change to F2: 1068MHz
change to F3: 1560MHz
change to F0: 2112MHz
out
U-Boot SPL board init
U-Boot SPL 2017.09-g82435751526-231214-dirty #zhangzj (Dec 14 2023 - 09:16:28)
unknown raw ID 0 0 0
unrecognized JEDEC id bytes: 00, 00, 00
Trying to boot from MMC2
MMC: no card present
mmc_init: -123, time 0
spl: mmc init failed with error: -123
Trying to boot from MMC1
SPL: A/B-slot: _a, successful: 0, tries-remain: 7
Trying fit image at 0x4000 sector
## Verified-boot: 0
## Checking atf-1 0x00040000 ... sha256(b40ce543bb...) + OK
## Checking u-boot 0x00a00000 ... sha256(3f22281513...) + OK
## Checking fdt-1 0x00b08058 ... sha256(f7f79d9813...) + OK
## Checking atf-2 0x000f0000 ... sha256(f202de33d9...) + OK
## Checking atf-3 0xff100000 ... sha256(af08976afd...) + OK
## Checking tee-1 0x08400000 ... sha256(617eb0ee15...) + OK
Jumping to U-Boot(0x00a00000) via ARM Trusted Firmware(0x00040000)
Total: 94.998/254.731 ms

INFO:    Preloader serial: 2
NOTICE:  BL31: v2.3():v2.3-616-gdc1125f48:finley.xiao
NOTICE:  BL31: Built : 16:41:17, Jul 13 2023
INFO:    spec: 0x1
INFO:    ext 32k is valid
INFO:    ddr: stride-en 4CH
INFO:    GICv3 without legacy support detected.
INFO:    ARM GICv3 driver initialized in EL3
INFO:    valid_cpu_msk=0xff bcore0_rst = 0x0, bcore1_rst = 0x0
INFO:    system boots from cpu-hwid-0
INFO:    idle_st=0x21fff, pd_st=0x11fff9, repair_st=0xfff70001
ERROR:   dfs get fsp_params[0] error, 0xfead0004 != 0xfead0003
ERROR:   dfs get fsp_params[1] error, 0x1111 != 0xfead0003
ERROR:   dfs get fsp_params[2] error, 0x0 != 0xfead0003
ERROR:   dfs get fsp_params[3] error, 0x60241520 != 0xfead0003
ERROR:   loader&trust unmatch!!! Please update trust if need enable dmc
INFO:    BL31: Initialising Exception Handling Framework
INFO:    BL31: Initializing runtime services
INFO:    BL31: Initializing BL32
I/TC: 
I/TC: OP-TEE version: 3.13.0-760-g540ade275 #zhangzj (gcc version 10.2.1 20201103 (GNU Toolchain for the A-profile Architecture 10.2-2020.11 (arm-10.16))) #3 Tue Dec  5 14:36:05 CST 2023 aarch64, fwver: null 
I/TC: OP-TEE memory: TEEOS 0x200000 TA 0xc00000 SHM 0x200000
I/TC: Primary CPU initializing
I/TC: Primary CPU switching to normal world boot
INFO:    BL31: Preparing for EL3 exit to normal world
INFO:    Entry point address = 0xa00000
INFO:    SPSR = 0x3c9


U-Boot 2024.01-rc5-gfcdc6dfa5a-dirty (Jan 29 2024 - 14:36:05 +0800)

Model: Rockchip RK3588 EVB1 V10 Board
DRAM:  8 GiB (effective 7.7 GiB)
Core:  332 devices, 29 uclasses, devicetree: separate
MMC:   mmc@fe2e0000: 0
Loading Environment from MMC... OK
In:    serial@feb50000
Out:   serial@feb50000
Err:   serial@feb50000
Model: Rockchip RK3588 EVB1 V10 Board
Net:   eth0: ethernet@fe1b0000
Hit any key to stop autoboot:  2  1  0 
Scanning for bootflows in all bootdevs
Seq  Method       State   Uclass    Part  Name                      Filename
---  -----------  ------  --------  ----  ------------------------  ----------------
Scanning global bootmeth 'efi_mgr':
ownia set var
ownia set var
ownia set var
ownia set var
ownia set var
ownia set var
ownia set var
ownia set var
ownia set var
Bus usb@fc800000: USB EHCI 1.00
Bus usb@fc840000: USB OHCI 1.0
Bus usb@fc880000: USB EHCI 1.00
Bus usb@fc8c0000: USB OHCI 1.0
scanning bus usb@fc800000 for devices... 2 USB Device(s) found
scanning bus usb@fc840000 for devices... 1 USB Device(s) found
scanning bus usb@fc880000 for devices... 1 USB Device(s) found
scanning bus usb@fc8c0000 for devices... 1 USB Device(s) found
Scanning bootdev 'usb_mass_storage.lun0.bootdev':
  0  efi          ready   usb_mass_    1  usb_mass_storage.lun0.boo efi/boot/bootaa64.efi
** Booting bootflow 'usb_mass_storage.lun0.bootdev.part_1' with efi
Booting /efi\boot\bootaa64.efi
ownia set var
ownia set var
ownia set var
ownia set var
ownia set var
ethernet@fe1b0000 Waiting for PHY auto negotiation to complete......... TIMEOUT !
phy_startup() failed: -110FAILED: -110Please press 't' to show the boot menu on this console
error: ../../grub-core/video/video.c:761:no suitable video mode found.
openSUSE Tumbleweed

вввввввв”Ђввввввввввввввввввввввввввввввввввввввввввввввввввввввввввввввввввввввввввввввввввввв”Ђввввввввввввввввввввввввввввввввввввввввввввввввввввввввввввввввввввввввввввввввввввввввввввввввввввввввввввввввввввввввввввввввввввввв”Ђвввввввввввввввввввввввввввввввввввввввввв”Ђвввввввввввввввввввввввввввввввв     Use the в and в keys to select which entry is highlighted.                                                              
      Press enter to boot the selected OS, `e' to edit the commands before booting or `c' for a command-line.                   Boot from Hard Disk                                                                                                            *Installation                                                                                                                    Upgrade                                                                                                                         More ...                                                                                                                                                                                                                                                                                                                                                                                                                                                                                                                                                                                                                                                                                                                                                                                                                                                                                                                                                                                                                                                                                                                                                                                                                                                                                                                                                                                                                                                                                                                                                                                                                                                                                                                                                                                                                                                                                                                                                                                                                                                                                                                                                                                                                                                                                                                                                                                           The highlighted entry will be executed automatically in 60s.                                                                                                                                                                                                                                                                                                                                          Loading kernel ...
Loading initial ramdisk ...
EFI stub: Booting Linux Kernel...
EFI stub: Using DTB from configuration table
EFI stub: Exiting boot services...
ownia 00000000edf47e00, 116
ownia exit 0
I/TC: Secondary CPU 1 initializing
I/TC: Secondary CPU 1 switching to normal world boot
I/TC: Secondary CPU 2 initializing
I/TC: Secondary CPU 2 switching to normal world boot
I/TC: Secondary CPU 3 initializing
I/TC: Secondary CPU 3 switching to normal world boot
I/TC: Secondary CPU 4 initializing
I/TC: Secondary CPU 4 switching to normal world boot
I/TC: Secondary CPU 5 initializing
I/TC: Secondary CPU 5 switching to normal world boot
I/TC: Secondary CPU 6 initializing
I/TC: Secondary CPU 6 switching to normal world boot
I/TC: Secondary CPU 7 initializing
I/TC: Secondary CPU 7 switching to normal world boot
[    0.000000][    T0] Booting Linux on physical CPU 0x0000000000 [0x412fd050]
[    0.000000][    T0] Linux version 6.6.10-1-default (geeko@buildhost) (gcc (SUSE Linux) 13.2.1 20231130 [revision 741743c028dc00f27b9c8b1d5211c1f602f2fddd], GNU ld (GNU Binutils; openSUSE Tumbleweed) 2.41.0.20230908-1) #1 SMP PREEMPT_DYNAMIC Mon Jan  8 08:58:39 UTC 2024 (e04388e)
[    0.000000][    T0] KASLR enabled
[    0.000000][    T0] Machine model: Rockchip RK3588 EVB1 V10 Board
[    0.000000][    T0] efi: EFI v2.10 by Das U-Boot
[    0.000000][    T0] efi: ESRT=0xece75040 RTPROP=0xece77040 SMBIOS=0xece9e000 MOKvar=0xecd6a000 RNG=0xec8fd040 MEMRESERVE=0xd8af2040 
[    0.000000][    T0] random: crng init done
[    0.000000][    T0] esrt: Reserving ESRT space from 0x00000000ece75040 to 0x00000000ece75078.
[    0.000000][    T0] OF: fdt: Reserved memory: unsupported node format, ignoring
[    0.000000][    T0] NUMA: No NUMA configuration found
[    0.000000][    T0] NUMA: Faking a node at [mem 0x0000000000200000-0x00000001ffffffff]
[    0.000000][    T0] NUMA: NODE_DATA [mem 0x1feff7ac0-0x1feffcfff]
[    0.000000][    T0] Zone ranges:
[    0.000000][    T0]   DMA      [mem 0x0000000000200000-0x00000000ffffffff]
[    0.000000][    T0]   DMA32    empty
[    0.000000][    T0]   Normal   [mem 0x0000000100000000-0x00000001ffffffff]
[    0.000000][    T0]   Device   empty
[    0.000000][    T0] Movable zone start for each node
[    0.000000][    T0] Early memory node ranges
[    0.000000][    T0]   node   0: [mem 0x0000000000200000-0x0000000000b07fff]
[    0.000000][    T0]   node   0: [mem 0x0000000000b08000-0x0000000000b21fff]
[    0.000000][    T0]   node   0: [mem 0x0000000000b22000-0x00000000083fffff]
[    0.000000][    T0]   node   0: [mem 0x0000000008400000-0x00000000093fffff]
[    0.000000][    T0]   node   0: [mem 0x0000000009400000-0x00000000ecd69fff]
[    0.000000][    T0]   node   0: [mem 0x00000000ecd6a000-0x00000000ecd6afff]
[    0.000000][    T0]   node   0: [mem 0x00000000ecd6b000-0x00000000ece76fff]
[    0.000000][    T0]   node   0: [mem 0x00000000ece77000-0x00000000ece77fff]
[    0.000000][    T0]   node   0: [mem 0x00000000ece78000-0x00000000ece7afff]
[    0.000000][    T0]   node   0: [mem 0x00000000ece7b000-0x00000000ece7cfff]
[    0.000000][    T0]   node   0: [mem 0x00000000ece7d000-0x00000000ece7dfff]
[    0.000000][    T0]   node   0: [mem 0x00000000ece7e000-0x00000000ece9efff]
[    0.000000][    T0]   node   0: [mem 0x00000000ece9f000-0x00000000efecffff]
[    0.000000][    T0]   node   0: [mem 0x00000000efed0000-0x00000000efedffff]
[    0.000000][    T0]   node   0: [mem 0x00000000efee0000-0x00000000efffffff]
[    0.000000][    T0]   node   0: [mem 0x0000000100000000-0x00000001ffffffff]
[    0.000000][    T0] Initmem setup node 0 [mem 0x0000000000200000-0x00000001ffffffff]
[    0.000000][    T0] On node 0, zone DMA: 512 pages in unavailable ranges
[    0.000000][    T0] psci: probing for conduit method from DT.
[    0.000000][    T0] psci: PSCIv1.1 detected in firmware.
[    0.000000][    T0] psci: Using standard PSCI v0.2 function IDs
[    0.000000][    T0] psci: Trusted OS migration not required
[    0.000000][    T0] psci: SMC Calling Convention v1.2
[    0.000000][    T0] percpu: Embedded 32 pages/cpu s93864 r8192 d29016 u131072
[    0.000000][    T0] Detected VIPT I-cache on CPU0
[    0.000000][    T0] CPU features: detected: GIC system register CPU interface
[    0.000000][    T0] CPU features: detected: Virtualization Host Extensions
[    0.000000][    T0] CPU features: kernel page table isolation forced ON by KASLR
[    0.000000][    T0] CPU features: detected: Kernel page table isolation (KPTI)
[    0.000000][    T0] CPU features: detected: Qualcomm erratum 1009, or ARM erratum 1286807, 2441009
[    0.000000][    T0] CPU features: detected: ARM errata 1165522, 1319367, or 1530923
[    0.000000][    T0] alternatives: applying boot alternatives
[    0.000000][    T0] Kernel command line: BOOT_IMAGE=/boot/aarch64/linux splash=silent
[    0.000000][    T0] Unknown kernel command line parameters "BOOT_IMAGE=/boot/aarch64/linux splash=silent", will be passed to user space.
[    0.000000][    T0] printk: log_buf_len individual max cpu contribution: 32768 bytes
[    0.000000][    T0] printk: log_buf_len total cpu_extra contributions: 229376 bytes
[    0.000000][    T0] printk: log_buf_len min size: 262144 bytes
[    0.000000][    T0] printk: log_buf_len: 524288 bytes
[    0.000000][    T0] printk: early log buf free: 258360(98%)
[    0.000000][    T0] Dentry cache hash table entries: 1048576 (order: 11, 8388608 bytes, linear)
[    0.000000][    T0] Inode-cache hash table entries: 524288 (order: 10, 4194304 bytes, linear)
[    0.000000][    T0] Fallback order for Node 0: 0 
[    0.000000][    T0] Built 1 zonelists, mobility grouping on.  Total pages: 1999368
[    0.000000][    T0] Policy zone: Normal
[    0.000000][    T0] mem auto-init: stack:off, heap alloc:off, heap free:off
[    0.000000][    T0] software IO TLB: area num 8.
[    0.000000][    T0] software IO TLB: mapped [mem 0x00000000e88fd000-0x00000000ec8fd000] (64MB)
[    0.000000][    T0] Memory: 3738824K/8124416K available (15040K kernel code, 3540K rwdata, 15132K rodata, 10752K init, 1173K bss, 482288K reserved, 0K cma-reserved)
[    0.000000][    T0] SLUB: HWalign=64, Order=0-3, MinObjects=0, CPUs=8, Nodes=1
[    0.000000][    T0] ftrace: allocating 50631 entries in 198 pages
[    0.000000][    T0] ftrace: allocated 198 pages with 4 groups
[    0.000000][    T0] trace event string verifier disabled
[    0.000000][    T0] Dynamic Preempt: voluntary
[    0.000000][    T0] rcu: Preemptible hierarchical RCU implementation.
[    0.000000][    T0] rcu: 	RCU event tracing is enabled.
[    0.000000][    T0] rcu: 	RCU restricting CPUs from NR_CPUS=480 to nr_cpu_ids=8.
[    0.000000][    T0] 	Trampoline variant of Tasks RCU enabled.
[    0.000000][    T0] 	Rude variant of Tasks RCU enabled.
[    0.000000][    T0] 	Tracing variant of Tasks RCU enabled.
[    0.000000][    T0] rcu: RCU calculated value of scheduler-enlistment delay is 30 jiffies.
[    0.000000][    T0] rcu: Adjusting geometry for rcu_fanout_leaf=16, nr_cpu_ids=8
[    0.000000][    T0] NR_IRQS: 64, nr_irqs: 64, preallocated irqs: 0
[    0.000000][    T0] GICv3: GIC: Using split EOI/Deactivate mode
[    0.000000][    T0] GICv3: 480 SPIs implemented
[    0.000000][    T0] GICv3: 0 Extended SPIs implemented
[    0.000000][    T0] GICv3: MBI range [424:479]
[    0.000000][    T0] GICv3: Using MBI frame 0x00000000fe610000
[    0.000000][    T0] Root IRQ handler: gic_handle_irq
[    0.000000][    T0] GICv3: GICv3 features: 16 PPIs
[    0.000000][    T0] GICv3: CPU0: found redistributor 0 region 0:0x00000000fe680000
[    0.000000][    T0] ITS [mem 0xfe640000-0xfe65ffff]
[    0.000000][    T0] GIC: enabling workaround for ITS: Rockchip erratum RK3588001
[    0.000000][    T0] ITS@0x00000000fe640000: allocated 8192 Devices @1001e0000 (indirect, esz 8, psz 64K, shr 0)
[    0.000000][    T0] ITS@0x00000000fe640000: allocated 32768 Interrupt Collections @1001f0000 (flat, esz 2, psz 64K, shr 0)
[    0.000000][    T0] ITS: using cache flushing for cmd queue
[    0.000000][    T0] ITS [mem 0xfe660000-0xfe67ffff]
[    0.000000][    T0] GIC: enabling workaround for ITS: Rockchip erratum RK3588001
[    0.000000][    T0] ITS@0x00000000fe660000: allocated 8192 Devices @100210000 (indirect, esz 8, psz 64K, shr 0)
[    0.000000][    T0] ITS@0x00000000fe660000: allocated 32768 Interrupt Collections @100220000 (flat, esz 2, psz 64K, shr 0)
[    0.000000][    T0] ITS: using cache flushing for cmd queue
[    0.000000][    T0] GICv3: using LPI property table @0x0000000100230000
[    0.000000][    T0] GIC: using cache flushing for LPI property table
[    0.000000][    T0] GICv3: CPU0: using allocated LPI pending table @0x0000000100240000
[    0.000000][    T0] GICv3: GIC: PPI partition interrupt-partition-0[0] { /cpus/cpu@0[0] /cpus/cpu@100[1] /cpus/cpu@200[2] /cpus/cpu@300[3] }
[    0.000000][    T0] GICv3: GIC: PPI partition interrupt-partition-1[1] { /cpus/cpu@400[4] /cpus/cpu@500[5] /cpus/cpu@600[6] /cpus/cpu@700[7] }
[    0.000000][    T0] rcu: srcu_init: Setting srcu_struct sizes based on contention.
[    0.000000][    T0] arch_timer: cp15 timer(s) running at 24.00MHz (phys).
[    0.000000][    T0] clocksource: arch_sys_counter: mask: 0xffffffffffffff max_cycles: 0x588fe9dc0, max_idle_ns: 440795202592 ns
[    0.000000][    T0] sched_clock: 56 bits at 24MHz, resolution 41ns, wraps every 4398046511097ns
[    0.004022][    T0] Console: colour dummy device 80x25
[    0.004036][    T0] printk: console [tty0] enabled
[    0.005626][    T0] Calibrating delay loop (skipped), value calculated using timer frequency.. 48.00 BogoMIPS (lpj=80000)
[    0.005665][    T0] pid_max: default: 32768 minimum: 301
[    0.005870][    T0] LSM: initializing lsm=lockdown,capability,landlock,yama,apparmor,tomoyo,bpf,integrity
[    0.005949][    T0] landlock: Up and running.
[    0.005965][    T0] Yama: becoming mindful.
[    0.006061][    T0] AppArmor: AppArmor initialized
[    0.006088][    T0] TOMOYO Linux initialized
[    0.006133][    T0] LSM support for eBPF active
[    0.006332][    T0] Mount-cache hash table entries: 16384 (order: 5, 131072 bytes, linear)
[    0.006385][    T0] Mountpoint-cache hash table entries: 16384 (order: 5, 131072 bytes, linear)
[    0.009042][    T1] RCU Tasks: Setting shift to 3 and lim to 1 rcu_task_cb_adjust=1.
[    0.009172][    T1] RCU Tasks Rude: Setting shift to 3 and lim to 1 rcu_task_cb_adjust=1.
[    0.009298][    T1] RCU Tasks Trace: Setting shift to 3 and lim to 1 rcu_task_cb_adjust=1.
[    0.009594][    T1] rcu: Hierarchical SRCU implementation.
[    0.009620][    T1] rcu: 	Max phase no-delay instances is 1000.
[    0.010888][    T1] Platform MSI: msi-controller@fe640000 domain created
[    0.010933][    T1] Platform MSI: msi-controller@fe660000 domain created
[    0.011177][    T1] PCI/MSI: /interrupt-controller@fe600000/msi-controller@fe640000 domain created
[    0.011231][    T1] PCI/MSI: /interrupt-controller@fe600000/msi-controller@fe660000 domain created
[    0.011490][    T1] fsl-mc MSI: msi-controller@fe640000 domain created
[    0.011532][    T1] fsl-mc MSI: msi-controller@fe660000 domain created
[    0.018058][    T1] Remapping and enabling EFI services.
[    0.018624][    T1] smp: Bringing up secondary CPUs ...
[    0.020045][    T0] Detected VIPT I-cache on CPU1
[    0.020121][    T0] GICv3: CPU1: found redistributor 100 region 0:0x00000000fe6a0000
[    0.020137][    T0] GICv3: CPU1: using allocated LPI pending table @0x0000000100250000
[    0.020188][    T0] CPU1: Booted secondary processor 0x0000000100 [0x412fd050]
[    0.021786][    T0] Detected VIPT I-cache on CPU2
[    0.021860][    T0] GICv3: CPU2: found redistributor 200 region 0:0x00000000fe6c0000
[    0.021875][    T0] GICv3: CPU2: using allocated LPI pending table @0x0000000100260000
[    0.021924][    T0] CPU2: Booted secondary processor 0x0000000200 [0x412fd050]
[    0.023429][    T0] Detected VIPT I-cache on CPU3
[    0.023501][    T0] GICv3: CPU3: found redistributor 300 region 0:0x00000000fe6e0000
[    0.023516][    T0] GICv3: CPU3: using allocated LPI pending table @0x0000000100270000
[    0.023562][    T0] CPU3: Booted secondary processor 0x0000000300 [0x412fd050]
[    0.025053][    T0] CPU features: detected: Spectre-v4
[    0.025059][    T0] CPU features: detected: Spectre-BHB
[    0.025064][    T0] Detected PIPT I-cache on CPU4
[    0.025106][    T0] GICv3: CPU4: found redistributor 400 region 0:0x00000000fe700000
[    0.025115][    T0] GICv3: CPU4: using allocated LPI pending table @0x0000000100280000
[    0.025144][    T0] CPU4: Booted secondary processor 0x0000000400 [0x414fd0b0]
[    0.026544][    T0] Detected PIPT I-cache on CPU5
[    0.026596][    T0] GICv3: CPU5: found redistributor 500 region 0:0x00000000fe720000
[    0.026605][    T0] GICv3: CPU5: using allocated LPI pending table @0x0000000100290000
[    0.026634][    T0] CPU5: Booted secondary processor 0x0000000500 [0x414fd0b0]
[    0.028059][    T0] Detected PIPT I-cache on CPU6
[    0.028108][    T0] GICv3: CPU6: found redistributor 600 region 0:0x00000000fe740000
[    0.028117][    T0] GICv3: CPU6: using allocated LPI pending table @0x00000001002a0000
[    0.028145][    T0] CPU6: Booted secondary processor 0x0000000600 [0x414fd0b0]
[    0.029565][    T0] Detected PIPT I-cache on CPU7
[    0.029615][    T0] GICv3: CPU7: found redistributor 700 region 0:0x00000000fe760000
[    0.029625][    T0] GICv3: CPU7: using allocated LPI pending table @0x00000001002b0000
[    0.029654][    T0] CPU7: Booted secondary processor 0x0000000700 [0x414fd0b0]
[    0.029764][    T1] smp: Brought up 1 node, 8 CPUs
[    0.030205][    T1] SMP: Total of 8 processors activated.
[    0.030224][    T1] CPU features: detected: 32-bit EL0 Support
[    0.030242][    T1] CPU features: detected: Data cache clean to the PoU not required for I/D coherence
[    0.030265][    T1] CPU features: detected: Common not Private translations
[    0.030283][    T1] CPU features: detected: CRC32 instructions
[    0.030300][    T1] CPU features: detected: Data cache clean to Point of Persistence
[    0.030324][    T1] CPU features: detected: RCpc load-acquire (LDAPR)
[    0.030342][    T1] CPU features: detected: LSE atomic instructions
[    0.030360][    T1] CPU features: detected: Privileged Access Never
[    0.030377][    T1] CPU features: detected: RAS Extension Support
[    0.030397][    T1] CPU features: detected: Speculative Store Bypassing Safe (SSBS)
[    0.030607][    T1] CPU: All CPU(s) started at EL2
[    0.030631][    T1] alternatives: applying system-wide alternatives
[    0.073642][   T56] node 0 deferred pages initialised in 37ms
[    0.074825][    T1] devtmpfs: initialized
[    0.083258][    T1] clocksource: jiffies: mask: 0xffffffff max_cycles: 0xffffffff, max_idle_ns: 6370867519511994 ns
[    0.083280][    T1] futex hash table entries: 2048 (order: 5, 131072 bytes, linear)
[    0.083460][    T1] pinctrl core: initialized pinctrl subsystem
[    0.085214][    T1] SMBIOS 3.0 present.
[    0.085233][    T1] DMI: Unknown Unknown Product/Unknown Product, BIOS 2024.01-rc5-gfcdc6dfa5a-dirty 01/01/2024
[    0.085538][    T1] NET: Registered PF_NETLINK/PF_ROUTE protocol family
[    0.086034][    T1] DMA: preallocated 1024 KiB GFP_KERNEL pool for atomic allocations
[    0.086123][    T1] DMA: preallocated 1024 KiB GFP_KERNEL|GFP_DMA pool for atomic allocations
[    0.086203][    T1] DMA: preallocated 1024 KiB GFP_KERNEL|GFP_DMA32 pool for atomic allocations
[    0.086255][    T1] audit: initializing netlink subsys (disabled)
[    0.086407][   T60] audit: type=2000 audit(0.079:1): state=initialized audit_enabled=0 res=1
[    0.086973][    T1] thermal_sys: Registered thermal governor 'fair_share'
[    0.086978][    T1] thermal_sys: Registered thermal governor 'bang_bang'
[    0.086989][    T1] thermal_sys: Registered thermal governor 'step_wise'
[    0.086996][    T1] thermal_sys: Registered thermal governor 'user_space'
[    0.087144][    T1] cpuidle: using governor ladder
[    0.087281][    T1] cpuidle: using governor menu
[    0.087360][    T1] hw-breakpoint: found 6 breakpoint and 4 watchpoint registers.
[    0.087507][    T1] ASID allocator initialised with 32768 entries
[    0.088564][    T1] Serial: AMBA PL011 UART driver
[    0.107590][    T1] Modules: 2G module region forced by RANDOMIZE_MODULE_REGION_FULL
[    0.107604][    T1] Modules: 0 pages in range for non-PLT usage
[    0.107607][    T1] Modules: 512816 pages in range for PLT usage
[    0.108336][    T1] HugeTLB: registered 1.00 GiB page size, pre-allocated 0 pages
[    0.108352][    T1] HugeTLB: 0 KiB vmemmap can be freed for a 1.00 GiB page
[    0.108362][    T1] HugeTLB: registered 32.0 MiB page size, pre-allocated 0 pages
[    0.108369][    T1] HugeTLB: 0 KiB vmemmap can be freed for a 32.0 MiB page
[    0.108377][    T1] HugeTLB: registered 2.00 MiB page size, pre-allocated 0 pages
[    0.108385][    T1] HugeTLB: 0 KiB vmemmap can be freed for a 2.00 MiB page
[    0.108392][    T1] HugeTLB: registered 64.0 KiB page size, pre-allocated 0 pages
[    0.108399][    T1] HugeTLB: 0 KiB vmemmap can be freed for a 64.0 KiB page
[    0.109825][    T1] ACPI: Interpreter disabled.
[    0.110688][    T1] iommu: Default domain type: Translated
[    0.110697][    T1] iommu: DMA domain TLB invalidation policy: strict mode
[    0.110993][    T1] pps_core: LinuxPPS API ver. 1 registered
[    0.111002][    T1] pps_core: Software ver. 5.3.6 - Copyright 2005-2007 Rodolfo Giometti <giometti@linux.it>
[    0.111015][    T1] PTP clock support registered
[    0.111112][    T1] EDAC MC: Ver: 3.0.0
[    0.111552][    T1] scmi_core: SCMI protocol bus registered
[    0.111826][    T1] efivars: Registered efivars operations
[    0.111936][    T1] ima: secureboot mode disabled
[    0.112832][    T1] NetLabel: Initializing
[    0.112841][    T1] NetLabel:  domain hash size = 128
[    0.112847][    T1] NetLabel:  protocols = UNLABELED CIPSOv4 CALIPSO
[    0.112886][    T1] NetLabel:  unlabeled traffic allowed by default
[    0.112900][    T1] mctp: management component transport protocol core
[    0.112907][    T1] NET: Registered PF_MCTP protocol family
[    0.113142][    T1] vgaarb: loaded
[    0.113413][    T1] clocksource: Switched to clocksource arch_sys_counter
[    0.113695][    T1] VFS: Disk quotas dquot_6.6.0
[    0.113728][    T1] VFS: Dquot-cache hash table entries: 512 (order 0, 4096 bytes)
[    0.114055][    T1] AppArmor: AppArmor Filesystem Enabled
[    0.114088][    T1] pnp: PnP ACPI: disabled
[    0.117502][    T1] NET: Registered PF_INET protocol family
[    0.117697][    T1] IP idents hash table entries: 131072 (order: 8, 1048576 bytes, linear)
[    0.122040][    T1] tcp_listen_portaddr_hash hash table entries: 4096 (order: 4, 65536 bytes, linear)
[    0.122117][    T1] Table-perturb hash table entries: 65536 (order: 6, 262144 bytes, linear)
[    0.122149][    T1] TCP established hash table entries: 65536 (order: 7, 524288 bytes, linear)
[    0.122650][    T1] TCP bind hash table entries: 65536 (order: 9, 2097152 bytes, linear)
[    0.124547][    T1] TCP: Hash tables configured (established 65536 bind 65536)
[    0.124688][    T1] MPTCP token hash table entries: 8192 (order: 5, 196608 bytes, linear)
[    0.124768][    T1] UDP hash table entries: 4096 (order: 5, 131072 bytes, linear)
[    0.124954][    T1] UDP-Lite hash table entries: 4096 (order: 5, 131072 bytes, linear)
[    0.125215][    T1] NET: Registered PF_UNIX/PF_LOCAL protocol family
[    0.125239][    T1] NET: Registered PF_XDP protocol family
[    0.125250][    T1] PCI: CLS 0 bytes, default 64
[    0.125734][   T74] Trying to unpack rootfs image as initramfs...
[    0.127112][    T1] kvm [1]: IPA Size Limit: 40 bits
[    0.127138][    T1] kvm [1]: GICv3: no GICV resource entry
[    0.127146][    T1] kvm [1]: disabling GICv2 emulation
[    0.127166][    T1] kvm [1]: GIC system register CPU interface enabled
[    0.127185][    T1] kvm [1]: vgic interrupt IRQ18
[    0.127212][    T1] kvm [1]: VHE mode initialized successfully
[    0.127495][    T1] debugfs: File ':interrupt-controller@fe600000' in directory 'domains' already present!
[    0.127509][    T1] debugfs: File ':interrupt-controller@fe600000' in directory 'domains' already present!
[    0.127518][    T1] debugfs: File ':interrupt-controller@fe600000' in directory 'domains' already present!
[    0.127528][    T1] debugfs: File ':interrupt-controller@fe600000' in directory 'domains' already present!
[    0.127537][    T1] debugfs: File ':interrupt-controller@fe600000' in directory 'domains' already present!
[    0.127547][    T1] debugfs: File ':interrupt-controller@fe600000' in directory 'domains' already present!
[    0.127557][    T1] debugfs: File ':interrupt-controller@fe600000' in directory 'domains' already present!
[    0.127566][    T1] debugfs: File ':interrupt-controller@fe600000' in directory 'domains' already present!
[    0.127576][    T1] debugfs: File ':interrupt-controller@fe600000' in directory 'domains' already present!
[    0.127585][    T1] debugfs: File ':interrupt-controller@fe600000' in directory 'domains' already present!
[    0.127595][    T1] debugfs: File ':interrupt-controller@fe600000' in directory 'domains' already present!
[    0.127604][    T1] debugfs: File ':interrupt-controller@fe600000' in directory 'domains' already present!
[    0.127614][    T1] debugfs: File ':interrupt-controller@fe600000' in directory 'domains' already present!
[    0.127623][    T1] debugfs: File ':interrupt-controller@fe600000' in directory 'domains' already present!
[    0.127633][    T1] debugfs: File ':interrupt-controller@fe600000' in directory 'domains' already present!
[    0.141016][    T1] Initialise system trusted keyrings
[    0.141040][    T1] Key type blacklist registered
[    0.141161][    T1] workingset: timestamp_bits=40 max_order=21 bucket_order=0
[    0.141188][    T1] zbud: loaded
[    0.141523][    T1] integrity: Platform Keyring initialized
[    0.141539][    T1] integrity: Machine keyring initialized
[    0.160841][    T1] jitterentropy: Initialization failed with host not compliant with requirements: 9
[    0.160853][    T1] Key type asymmetric registered
[    0.160859][    T1] Asymmetric key parser 'x509' registered
[    6.191808][   T74] Freeing initrd memory: 193980K
[    6.196129][    T1] Block layer SCSI generic (bsg) driver version 0.4 loaded (major 245)
[    6.196260][    T1] io scheduler mq-deadline registered
[    6.196268][    T1] io scheduler kyber registered
[    6.196301][    T1] io scheduler bfq registered
[    6.205113][    T1] shpchp: Standard Hot Plug PCI Controller Driver version: 0.4
[    6.221511][    T1] Serial: 8250/16550 driver, 32 ports, IRQ sharing enabled
[    6.226622][    T1] feb50000.serial: ttyS2 at MMIO 0xfeb50000 (irq = 26, base_baud = 1500000) is a 16550A
[    6.226771][    T1] printk: console [ttyS2] enabled
[    6.396644][    T1] Serial: AMBA driver
[    6.397171][    T1] SuperH (H)SCI(F) driver initialized
[    6.398139][    T1] msm_serial: driver initialized
[    6.402542][    T1] mousedev: PS/2 mouse device common for all mice
[    6.405907][    T1] ledtrig-cpu: registered to indicate activity on CPUs
[    6.406765][    T1] scmi_protocol scmi_dev.1: Enabled polling mode TX channel - prot_id:16
[    6.407628][    T1] arm-scmi firmware:scmi: SCMI Notifications - Core Enabled.
[    6.408294][    T1] arm-scmi firmware:scmi: SCMI Protocol v2.0 'rockchip:' Firmware version 0x0
[    6.414650][    T1] SMCCC: SOC_ID: ARCH_SOC_ID not implemented, skipping ....
[    6.415520][    T1] hid: raw HID events driver (C) Jiri Kosina
[    6.418462][    T1] hw perfevents: enabled with armv8_cortex_a55 PMU driver, 7 counters available
[    6.420236][    T1] hw perfevents: enabled with armv8_cortex_a76 PMU driver, 7 counters available
[    6.421442][   T62] watchdog: Delayed init of the lockup detector failed: -19
[    6.422070][   T62] watchdog: Hard watchdog permanently disabled
[    6.424173][    T1] drop_monitor: Initializing network drop monitor service
[    6.463280][    T1] NET: Registered PF_INET6 protocol family
[    6.468756][    T1] Segment Routing with IPv6
[    6.469156][    T1] RPL Segment Routing with IPv6
[    6.469590][    T1] In-situ OAM (IOAM) with IPv6
[    6.473849][    T1] registered taskstats version 1
[    6.475657][    T1] Loading compiled-in X.509 certificates
[    6.476220][    T1] Loaded X.509 cert 'openSUSE Secure Boot Signkey: fd9f2c12e599d67cc7f9067541adf426b712469e'
[    6.481265][    T1] page_owner is disabled
[    6.482033][    T1] Key type .fscrypt registered
[    6.482449][    T1] Key type fscrypt-provisioning registered
[    6.486713][    T1] Key type encrypted registered
[    6.487157][    T1] AppArmor: AppArmor sha1 policy hashing enabled
[    6.487979][    T1] ima: No TPM chip found, activating TPM-bypass!
[    6.488537][    T1] Loading compiled-in module X.509 certificates
[    6.489134][    T1] Loaded X.509 cert 'openSUSE Secure Boot Signkey: fd9f2c12e599d67cc7f9067541adf426b712469e'
[    6.490012][    T1] ima: Allocated hash algorithm: sha256
[    6.490524][    T1] ima: No architecture policies found
[    6.491009][    T1] evm: Initialising EVM extended attributes:
[    6.491521][    T1] evm: security.selinux
[    6.491876][    T1] evm: security.SMACK64 (disabled)
[    6.492313][    T1] evm: security.SMACK64EXEC (disabled)
[    6.492780][    T1] evm: security.SMACK64TRANSMUTE (disabled)
[    6.493285][    T1] evm: security.SMACK64MMAP (disabled)
[    6.493757][    T1] evm: security.apparmor
[    6.494119][    T1] evm: security.ima
[    6.494443][    T1] evm: security.capability
[    6.494820][    T1] evm: HMAC attrs: 0x1
[    7.063603][    T1] clk: Disabling unused clocks
[    7.064694][    T1] dw-apb-uart feb50000.serial: forbid DMA for kernel console
[    7.070648][    T1] Freeing unused kernel memory: 10752K
[    7.093713][    T1] Run /init as init process
[    7.177722][  T166] zram: Added device: zram0
[    7.314292][  T165] zram0: detected capacity change from 0 to 2097152
[    7.368067][    T1] EXT4-fs (zram0): mounting ext2 file system using the ext4 subsystem
[    7.369859][    T1] EXT4-fs (zram0): mounted filesystem f45f3e5b-7162-4277-9c50-fe2998d52ddf r/w without journal. Quota mode: none.
[    8.368733][  T181] loop: module loaded
[    8.489120][  T192] squashfs: version 4.0 (2009/01/31) Phillip Lougher
[    8.581184][    T1] loop0: detected capacity change from 0 to 316544
[    9.002993][    T1] loop1: detected capacity change from 0 to 38144

>>> openSUSE Tumbleweed installation program v9.2 (c) 1996-2024 SUSE LLC  <<<
Starting udev... [    9.313298][  T209] SCSI subsystem initialized
[    9.317705][  T209] alua: device handler registered
[    9.331369][  T212] emc: device handler registered
[    9.345244][  T214] rdac: device handler registered
[   10.315244][  T254] usbcore: registered new interface driver usbfs
[   10.315821][  T254] usbcore: registered new interface driver hub
[   10.316377][  T254] usbcore: registered new device driver usb
[   10.348476][  T254] Warning! ehci_hcd should always be loaded before uhci_hcd and ohci_hcd, not after
[   10.369541][  T233] gpio gpiochip0: Static allocation of GPIO base is deprecated, use dynamic allocation.
[   10.369970][  T257] sdhci: Secure Digital Host Controller Interface driver
[   10.371035][  T257] sdhci: Copyright(c) Pierre Ossman
[   10.410367][  T233] rockchip-gpio fd8a0000.gpio: probed /pinctrl/gpio@fd8a0000
[   10.411216][  T233] gpio gpiochip1: Static allocation of GPIO base is deprecated, use dynamic allocation.
[   10.412809][  T257] sdhci-pltfm: SDHCI platform and OF driver helper
[   10.419368][  T233] rockchip-gpio fec20000.gpio: probed /pinctrl/gpio@fec20000
[   10.425309][  T233] gpio gpiochip2: Static allocation of GPIO base is deprecated, use dynamic allocation.
[   10.439650][  T233] rockchip-gpio fec30000.gpio: probed /pinctrl/gpio@fec30000
[   10.446943][  T233] gpio gpiochip3: Static allocation of GPIO base is deprecated, use dynamic allocation.
[   10.470356][  T233] rockchip-gpio fec40000.gpio: probed /pinctrl/gpio@fec40000
[   10.476532][  T233] gpio gpiochip4: Static allocation of GPIO base is deprecated, use dynamic allocation.
[   10.485810][  T233] rockchip-gpio fec50000.gpio: probed /pinctrl/gpio@fec50000
[   10.498428][   T11] rockchip-dw-pcie a40c00000.pcie: host bridge /pcie@fe180000 ranges:
[   10.499160][   T11] rockchip-dw-pcie a40c00000.pcie:       IO 0x00f3100000..0x00f31fffff -> 0x00f3100000
[   10.500006][   T11] rockchip-dw-pcie a40c00000.pcie:      MEM 0x00f3200000..0x00f3ffffff -> 0x00f3200000
[   10.500172][   T79] mmc0: SDHCI controller on fe2e0000.mmc [fe2e0000.mmc] using ADMA
[   10.500876][   T11] rockchip-dw-pcie a40c00000.pcie:      MEM 0x09c0000000..0x09ffffffff -> 0x0040000000
[   10.502491][   T11] rockchip-dw-pcie a40c00000.pcie: iATU: unroll T, 8 ob, 8 ib, align 64K, limit 8G
[   10.537649][  T234] rk_gmac-dwmac fe1b0000.ethernet: IRQ eth_lpi not found
[   10.538764][  T234] rk_gmac-dwmac fe1b0000.ethernet: supply phy not found, using dummy regulator
[   10.539787][  T234] rk_gmac-dwmac fe1b0000.ethernet: clock input or output? (output).
[   10.540558][  T234] rk_gmac-dwmac fe1b0000.ethernet: TX delay(0x43).
[   10.541137][  T234] rk_gmac-dwmac fe1b0000.ethernet: RX delay(0x0).
[   10.541727][  T234] rk_gmac-dwmac fe1b0000.ethernet: integrated PHY? (no).
[   10.542814][  T170] mmc0: new HS400 Enhanced strobe MMC card at address 0001
[   10.547452][  T234] rk_gmac-dwmac fe1b0000.ethernet: init for RGMII_RXID
[   10.548250][  T234] rk_gmac-dwmac fe1b0000.ethernet: User ID: 0x30, Synopsys ID: 0x51
[   10.548956][  T234] rk_gmac-dwmac fe1b0000.ethernet: 	DWMAC4/5
[   10.549473][  T234] rk_gmac-dwmac fe1b0000.ethernet: DMA HW capability register supported
[   10.550201][  T234] rk_gmac-dwmac fe1b0000.ethernet: RX Checksum Offload Engine supported
[   10.550919][  T234] rk_gmac-dwmac fe1b0000.ethernet: TX Checksum insertion supported
[   10.551599][  T234] rk_gmac-dwmac fe1b0000.ethernet: Wake-Up On Lan supported
[   10.559045][  T234] rk_gmac-dwmac fe1b0000.ethernet: TSO supported
[   10.559638][  T234] rk_gmac-dwmac fe1b0000.ethernet: Enable RX Mitigation via HW Watchdog Timer
[   10.560586][  T234] rk_gmac-dwmac fe1b0000.ethernet: device MAC address 0e:9f:02:94:ed:93
[   10.561331][  T234] rk_gmac-dwmac fe1b0000.ethernet: Enabled L3L4 Flow TC (entries=2)
[   10.562040][  T234] rk_gmac-dwmac fe1b0000.ethernet: Enabled RFS Flow TC (entries=10)
[   10.562748][  T234] rk_gmac-dwmac fe1b0000.ethernet: TSO feature enabled
[   10.563354][  T234] rk_gmac-dwmac fe1b0000.ethernet: SPH feature enabled
[   10.563987][  T234] rk_gmac-dwmac fe1b0000.ethernet: Using 32/32 bits DMA host/device width
[   10.593060][  T255] ahci-dwc fe210000.sata: supply ahci not found, using dummy regulator
[   10.596232][  T255] ahci-dwc fe210000.sata: supply phy not found, using dummy regulator
[   10.597694][  T255] platform fe210000.sata:sata-port@0: supply target not found, using dummy regulator
[   10.608592][  T255] ahci-dwc fe210000.sata: PMPn is limited up to 5 ports
[   10.609281][  T255] ahci-dwc fe210000.sata: forcing port_map 0x0 -> 0x1
[   10.609867][  T255] ahci-dwc fe210000.sata: masking port_map 0x1 -> 0x1
[   10.610487][  T255] ahci-dwc fe210000.sata: AHCI 0001.0300 32 slots 1 ports 6 Gbps 0x1 impl platform mode
[   10.611332][  T255] ahci-dwc fe210000.sata: flags: ncq sntf pm led clo only pmp fbs pio slum part ccc apst 
[   10.702325][  T255] scsi host0: ahci-dwc
[   10.706792][   T11] rockchip-dw-pcie a40c00000.pcie: PCIe Gen.1 x1 link up
[   10.712381][  T255] ata1: SATA max UDMA/133 mmio [mem 0xfe210000-0xfe210fff] port 0x100 irq 43
[   10.713864][   T11] rockchip-dw-pcie a40c00000.pcie: PCI host bridge to bus 0003:30
[   10.714551][   T11] pci_bus 0003:30: root bus resource [bus 30-3f]
[   10.715101][   T11] pci_bus 0003:30: root bus resource [io  0x0000-0xfffff] (bus address [0xf3100000-0xf31fffff])
[   10.716002][   T11] pci_bus 0003:30: root bus resource [mem 0xf3200000-0xf3ffffff]
[   10.716669][   T11] pci_bus 0003:30: root bus resource [mem 0x9c0000000-0x9ffffffff] (bus address [0x40000000-0x7fffffff])
[   10.717735][   T11] pci 0003:30:00.0: [1d87:3588] type 01 class 0x060400
[   10.718342][   T11] pci 0003:30:00.0: reg 0x38: [mem 0x00000000-0x0000ffff pref]
[   10.719042][   T11] pci 0003:30:00.0: supports D1 D2
[   10.719481][   T11] pci 0003:30:00.0: PME# supported from D0 D1 D3hot
[   10.722652][   T11] pci 0003:30:00.0: Primary bus is hard wired to 0
[   10.723220][   T11] pci 0003:30:00.0: bridge configuration invalid ([bus 01-ff]), reconfiguring
[   10.726995][   T11] pci 0003:31:00.0: [10ec:8168] type 00 class 0x020000
[   10.727665][   T11] pci 0003:31:00.0: reg 0x10: initial BAR value 0x00000000 invalid
[   10.728346][   T11] pci 0003:31:00.0: reg 0x10: [io  size 0x0100]
[   10.728965][   T11] pci 0003:31:00.0: reg 0x18: [mem 0x00000000-0x00000fff 64bit]
[   10.729676][   T11] pci 0003:31:00.0: reg 0x20: [mem 0x00000000-0x00003fff 64bit]
[   10.730790][   T11] pci 0003:31:00.0: supports D1 D2
[   10.731229][   T11] pci 0003:31:00.0: PME# supported from D0 D1 D2 D3hot D3cold
[   10.743545][   T11] pci_bus 0003:31: busn_res: [bus 31-3f] end is updated to 31
[   10.744219][   T11] pci 0003:30:00.0: BAR 14: assigned [mem 0xf3200000-0xf32fffff]
[   10.744889][   T11] pci 0003:30:00.0: BAR 6: assigned [mem 0xf3300000-0xf330ffff pref]
[   10.745587][   T11] pci 0003:30:00.0: BAR 13: assigned [io  0x1000-0x1fff]
[   10.746196][   T11] pci 0003:31:00.0: BAR 4: assigned [mem 0xf3200000-0xf3203fff 64bit]
[   10.746961][   T11] pci 0003:31:00.0: BAR 2: assigned [mem 0xf3204000-0xf3204fff 64bit]
[   10.747716][   T11] pci 0003:31:00.0: BAR 0: assigned [io  0x1000-0x10ff]
[   10.748326][   T11] pci 0003:30:00.0: PCI bridge to [bus 31]
[   10.748826][   T11] pci 0003:30:00.0:   bridge window [io  0x1000-0x1fff]
[   10.749425][   T11] pci 0003:30:00.0:   bridge window [mem 0xf3200000-0xf32fffff]
[   10.749647][   T79] fan53555-regulator 0-0043: FAN53555 Option[10] Rev[1] Detected!
[   10.750587][   T74] fan53555-regulator 0-0042: FAN53555 Option[10] Rev[1] Detected!
[   10.754428][   T11] pcieport 0003:30:00.0: PME: Signaling with IRQ 53
[   10.755798][   T11] pcieport 0003:30:00.0: AER: enabled with IRQ 54
[   10.761178][  T265] ohci-platform fc840000.usb: Generic Platform OHCI controller
[   10.761857][  T265] ohci-platform fc840000.usb: new USB bus registered, assigned bus number 1
[   10.762690][  T265] ohci-platform fc840000.usb: irq 55, io mem 0xfc840000
[   10.764153][   T11] ehci-platform fc800000.usb: EHCI Host Controller
[   10.764741][   T11] ehci-platform fc800000.usb: new USB bus registered, assigned bus number 2
[   10.765570][   T11] ehci-platform fc800000.usb: irq 57, io mem 0xfc800000
[   10.766398][  T260] ohci-platform fc8c0000.usb: Generic Platform OHCI controller
[   10.766432][  T412] ehci-platform fc880000.usb: EHCI Host Controller
[   10.767060][  T260] ohci-platform fc8c0000.usb: new USB bus registered, assigned bus number 3
[   10.767103][  T260] ohci-platform fc8c0000.usb: irq 56, io mem 0xfc8c0000
[   10.767646][  T412] ehci-platform fc880000.usb: new USB bus registered, assigned bus number 4
[   10.769928][  T412] ehci-platform fc880000.usb: irq 58, io mem 0xfc880000
[   10.776789][   T11] ehci-platform fc800000.usb: USB 2.0 started, EHCI 1.00
[   10.777535][   T11] usb usb2: New USB device found, idVendor=1d6b, idProduct=0002, bcdDevice= 6.06
[   10.778334][   T11] usb usb2: New USB device strings: Mfr=3, Product=2, SerialNumber=1
[   10.779031][   T11] usb usb2: Product: EHCI Host Controller
[   10.779523][   T11] usb usb2: Manufacturer: Linux 6.6.10-1-default ehci_hcd
[   10.780208][   T11] usb usb2: SerialNumber: fc800000.usb
[   10.781177][   T11] hub 2-0:1.0: USB hub found
[   10.781590][   T11] hub 2-0:1.0: 1 port detected
[   10.783393][  T233] mmcblk0: mmc0:0001 TX2932 29.1 GiB
[   10.785059][  T254] r8169 0003:31:00.0: enabling device (0000 -> 0003)
[   10.790261][  T412] ehci-platform fc880000.usb: USB 2.0 started, EHCI 1.00
[   10.790702][  T233]  mmcblk0: p1 p2 p3 p4 p5 p6 p7
[   10.791111][  T412] usb usb4: New USB device found, idVendor=1d6b, idProduct=0002, bcdDevice= 6.06
[   10.792144][  T412] usb usb4: New USB device strings: Mfr=3, Product=2, SerialNumber=1
[   10.792359][  T233] mmcblk0boot0: mmc0:0001 TX2932 4.00 MiB
[   10.792844][  T412] usb usb4: Product: EHCI Host Controller
[   10.793876][  T412] usb usb4: Manufacturer: Linux 6.6.10-1-default ehci_hcd
[   10.794212][  T233] mmcblk0boot1: mmc0:0001 TX2932 4.00 MiB
[   10.794490][  T412] usb usb4: SerialNumber: fc880000.usb
[   10.795771][  T233] mmcblk0rpmb: mmc0:0001 TX2932 4.00 MiB, chardev (236:0)
[   10.796326][  T412] hub 4-0:1.0: USB hub found
[   10.796861][  T412] hub 4-0:1.0: 1 port detected
[   10.797216][  T254] r8169 0003:31:00.0: can't read MAC address, setting random one
[   10.802497][  T254] r8169 0003:31:00.0 eth0: RTL8168h/8111h, c2:93:f7:c4:82:48, XID 541, IRQ 59
[   10.803276][  T254] r8169 0003:31:00.0 eth0: jumbo features [frames: 9194 bytes, tx checksumming: ko]
[   10.824381][  T265] usb usb1: New USB device found, idVendor=1d6b, idProduct=0001, bcdDevice= 6.06
[   10.825181][  T265] usb usb1: New USB device strings: Mfr=3, Product=2, SerialNumber=1
[   10.825879][  T265] usb usb1: Product: Generic Platform OHCI controller
[   10.826461][  T265] usb usb1: Manufacturer: Linux 6.6.10-1-default ohci_hcd
[   10.827079][  T265] usb usb1: SerialNumber: fc840000.usb
[   10.828088][  T265] hub 1-0:1.0: USB hub found
[   10.828503][  T265] hub 1-0:1.0: 1 port detected
[   10.829346][  T260] usb usb3: New USB device found, idVendor=1d6b, idProduct=0001, bcdDevice= 6.06
[   10.830151][  T260] usb usb3: New USB device strings: Mfr=3, Product=2, SerialNumber=1
[   10.830848][  T260] usb usb3: Product: Generic Platform OHCI controller
[   10.831430][  T260] usb usb3: Manufacturer: Linux 6.6.10-1-default ohci_hcd
[   10.832042][  T260] usb usb3: SerialNumber: fc8c0000.usb
[   10.832918][  T260] hub 3-0:1.0: USB hub found
[   10.833325][  T260] hub 3-0:1.0: 1 port detected
[   11.028378][  T381] ata1: SATA link down (SStatus 0 SControl 300)
[   11.030739][  T182] usb 2-1: new high-speed USB device number 2 using ehci-platform
[   11.040431][  T233] r8169 0003:31:00.0 enP3p49s0: renamed from eth0
[   11.177824][  T182] usb 2-1: New USB device found, idVendor=048d, idProduct=1234, bcdDevice= 1.00
[   11.178621][  T182] usb 2-1: New USB device strings: Mfr=1, Product=2, SerialNumber=3
[   11.179311][  T182] usb 2-1: Product: UDisk           
[   11.179765][  T182] usb 2-1: Manufacturer: General 
[   11.180281][  T182] usb 2-1: SerialNumber: Р
[   11.189787][  T253] usb-storage 2-1:1.0: USB Mass Storage device detected
[   11.190997][  T253] scsi host1: usb-storage 2-1:1.0
[   11.191617][  T253] usbcore: registered new interface driver usb-storage
[   11.195779][  T253] usbcore: registered new interface driver uas
ok
[   11.621684][  T477] RPC: Registered named UNIX socket transport module.
[   11.622281][  T477] RPC: Registered udp transport module.
[   11.622757][  T477] RPC: Registered tcp transport module.
[   11.623232][  T477] RPC: Registered tcp-with-tls transport module.
[   11.623791][  T477] RPC: Registered tcp NFSv4.1 backchannel transport module.
[   12.218308][  T260] scsi 1:0:0:0: Direct-Access     General  UDisk            5.00 PQ: 0 ANSI: 2
[   12.238491][   T59] sd 1:0:0:0: [sda] 61440000 512-byte logical blocks: (31.5 GB/29.3 GiB)
[   12.239982][   T59] sd 1:0:0:0: [sda] Write Protect is off
[   12.241530][   T59] sd 1:0:0:0: [sda] No Caching mode page found
[   12.242093][   T59] sd 1:0:0:0: [sda] Assuming drive cache: write through
[   12.298925][   T59]  sda: sda1 sda2
[   12.300444][   T59] sd 1:0:0:0: [sda] Attached SCSI removable disk
[   12.402081][  T506] No iBFT detected.
GLoading basic drivers...Loading basic drivers
 ok
Hardware detection
Starting hardware detection... ok
(If a driver is not working for you, try booting with brokenmodules=driver_name.)

ARM SATA controller
  drivers: ahci_dwc*
Activating usb devices... ok
General UDisk
  drivers: uas, usb_storage*
Realtek RTL8111/8168 PCI Express Gigabit Ethernet controller
  drivers: r8169*
ARM Ethernet controller
  drivers: dwmac_rk*
Loading Installation System (1/6) -            0%  1%  2%  3%  4%  5%  6%  7%  8%  9% 10% 11% 12% 13% 14% 15% 16% 17% 18% 19% 20% 21% 22% 23% 24% 25% 26% 27% 28% 29% 30% 31% 32% 33% 34% 35% 36% 37% 38% 39% 40% 41% 42% 43% 44% 45% 46% 47% 48% 49% 50% 51% 52% 53% 54% 55% 56% 57% 58% 59% 60% 61% 62% 63% 64% 65% 66% 67% 68% 69% 70% 71% 72% 73% 74% 75% 76% 77% 78% 79% 80% 81% 82% 83% 84% 85% 86% 87% 88% 89% 90% 91% 92% 93% 94% 95% 96% 97% 98% 99%100%
Loading Installation System (2/6) -            0%  1%  2%  3%  4%  5%  6%  7%  8%  9% 10% 11% 12% 13% 14% 15% 16% 17% 18% 19% 20% 21% 22% 23% 24% 25% 26% 27% 28% 29% 30% 31% 32% 33% 34% 35% 36% 37% 38% 39% 40% 41% 42% 43% 44% 45% 46% 47% 48% 49% 50% 51% 52% 53% 54% 55% 56% 57% 58% 59% 60% 61% 62% 63% 64% 65% 66% 67% 68% 69% 70% 71% 72% 73% 74% 75% 76% 77% 78% 79% 80% 81% 82% 83% 84% 85% 86% 87% 88% 89% 90% 91% 92% 93% 94% 95% 96% 97% 98% 99%100%
Loading Installation System (3/6) -            0%  1%  2%  3%  4%  5%  6%  7%  8%  9% 10% 11% 12% 13% 14% 15% 16% 17% 18% 19% 20% 21% 22% 23% 24% 25% 26% 27% 28% 29% 30% 31% 32% 33% 34% 35% 36% 37% 38% 39% 40% 41% 42% 43% 44% 45% 46% 47% 48% 49% 50% 51% 52% 53% 54% 55% 56% 57% 58% 59% 60% 61% 62% 63% 64% 65% 66% 67% 68% 69% 70% 71% 72% 73% 74% 75% 76% 77% 78% 79% 80% 81% 82% 83% 84% 85% 86% 87% 88% 89% 90% 91% 92% 93% 94% 95% 96% 97% 98% 99%100%
Loading Installation System (4/6) -            0%  1%  2%  3%  4%  5%  6%  7%  8%  9% 10% 11% 12% 13% 14% 15% 16% 17% 18% 19% 20% 21% 22% 23% 24% 25% 26% 27% 28% 29% 30% 31% 32% 33% 34% 35% 36% 37% 38% 39% 40% 41% 42% 43% 44% 45% 46% 47% 48% 49% 50% 51% 52% 53% 54% 55% 56% 57% 58% 59% 60% 61% 62% 63% 64% 65% 66% 67% 68% 69% 70% 71% 72% 73% 74% 75% 76% 77% 78% 79% 80% 81% 82% 83% 84% 85% 86% 87% 88% 89% 90% 91% 92% 93% 94% 95% 96% 97% 98% 99%100%
Loading Installation System (5/6) - missing (optional)
Loading Installation System (6/6) -           27% 54% 81%100%

your system time is not correct:
Thu Jan  1 00:01:17 UTC 1970
setting system time to:
Thu Jan 11 12:34:56 UTC 2024

hwclock: Cannot access the Hardware Clock via any known method.
hwclock: Use the --verbose option to see the details of our search for an access method.
starting rsyslogd (logging to /dev/tty4)... ok
starting klogd... ok
starting nscd... ok
starting yast...
Starting Installer
                                                                > hal.1: read hal data                                                                > misc.9: kernel log                                                                > misc.1: misc data                                                                > misc.1.1: open serial                                                                > misc.2.1: io                                                                > misc.2.2: dma                                                                > misc.2.3: irq                                                                > misc.3: FPU                                                                > misc.3.1: DMA                                                                > misc.3.2: PIC                                                                > misc.3.3: timer                                                                > misc.3.4: RTC                                                                > pci.1: sysfs drivers                                                                > pci.2: get sysfs pci data                                                                > pci.4: build list                                                                > pci.3: macio                                                                > pci.4: vio                                                                > pci.5: xen                                                                > pci.6: ps3                                                                > pci.7: platform                                                                > pci.8: of_platform                                                                > pci.9: vm                                                                > pci.10: virtio                                                                > pci.11: ibmebus                                                                > pci.12: uisvirtpci                                                                > pci.13: mmc                                                                > pci.14: sdio                                                                > pci.15: nd                                                                > pci.16: visorbus                                                                > pci.17: mdio                                                                > serial.1: read info                                                                > serial.2: build list                                                                > misc.5: misc data                                                                > usb.1: sysfs drivers                                                                > usb.2: usb                                                                > usb.3.1: joydev mod                                                                > usb.3.2: evdev mod                                                                > usb.3.3: input                                                                > usb.3.4: lp                                                                > usb.3.5: serial                                                                > int.2: cdrom                                                                > int.3: media                                                                > int.4: floppy                                                                > int.6: mouse                                                                > int.7: hdb                                                                > int.7.1: modules                                                                > int.8: usbscsi                                                                > int.9: hotplug                                                                > int.10: modem                                                                > int.11: wlan                                                                > int.12: udev                                                                > int.13: device names                                                                > int.16: parent                                                                                                                                > hal.1: read hal data                                                                > cpu.1: cpuinfo                                                                > hal.1: read hal data                                                                > misc.9: kernel log                                                                > misc.1: misc data                                                                > misc.2.1: io                                                                > misc.2.2: dma                                                                > misc.2.3: irq                                                                > misc.3: FPU                                                                > misc.3.1: DMA                                                                > misc.3.2: PIC                                                                > misc.3.3: timer                                                                > misc.3.4: RTC                                                                > pci.1: sysfs drivers                                                                > pci.2: get sysfs pci data                                                                > pci.4: build list                                                                > pci.3: macio                                                                > pci.4: vio                                                                > pci.5: xen                                                                > pci.6: ps3                                                                > pci.7: platform                                                                > pci.8: of_platform                                                                > pci.9: vm                                                                > pci.10: virtio                                                                > pci.11: ibmebus                                                                > pci.12: uisvirtpci                                                                > pci.13: mmc                                                                > pci.14: sdio                                                                > pci.15: nd                                                                > pci.16: visorbus                                                                > pci.17: mdio                                                                > misc.5: misc data                                                                > int.2: cdrom                                                                > int.3: media                                                                > int.4: floppy                                                                > int.6: mouse                                                                > int.7: hdb                                                                > int.7.1: modules                                                                > int.8: usbscsi                                                                > int.9: hotplug                                                                > int.10: modem                                                                > int.11: wlan                                                                > int.12: udev                                                                > int.13: device names                                                                > int.16: parent                                                                > hal.1: read hal data                                                                > misc.9: kernel log                                                                > misc.1: misc data                                                                > misc.2.1: io                                                                > misc.2.2: dma                                                                > misc.2.3: irq                                                                > misc.3: FPU                                                                > misc.3.1: DMA                                                                > misc.3.2: PIC                                                                > misc.3.3: timer                                                                > misc.3.4: RTC                                                                > cpu.1: cpuinfo                                                                > misc.5: misc data                                                                > usb.1: sysfs drivers                                                                > usb.2: usb                                                                > usb.3.1: joydev mod                                                                > usb.3.2: evdev mod                                                                > usb.3.3: input                                                                > usb.3.4: lp                                                                > usb.3.5: serial                                                                > input.1: joydev mod                                                                > input.1.1: evdev mod                                                                > input.2: input                                                                > kbd.2: uml                                                                > cpu.1: cpuinfo                                                                > kbd.3: serial console                                                                > int.2: cdrom                                                                > int.3: media                                                                > int.4: floppy                                                                > int.6: mouse                                                                > int.7: hdb                                                                > int.7.1: modules                                                                > int.8: usbscsi                                                                > int.9: hotplug                                                                > int.10: modem                                                                > int.11: wlan                                                                > int.12: udev                                                                > int.13: device names                                                                > int.16: parent                                                                Sampling every 5 s to /var/log/YaST2/memsample.zcat
*** Starting YaST ***
