DDR d5483af87d cym 23/11/23-16:15:24,fwver: v1.15
LPDDR4X, 2112MHz
channel[0] BW=16 Col=10 Bk=8 CS0 Row=16 CS1 Row=16 CS=2 Die BW=16 Size=2048MB
channel[1] BW=16 Col=10 Bk=8 CS0 Row=16 CS1 Row=16 CS=2 Die BW=16 Size=2048MB
channel[2] BW=16 Col=10 Bk=8 CS0 Row=16 CS1 Row=16 CS=2 Die BW=16 Size=2048MB
channel[3] BW=16 Col=10 Bk=8 CS0 Row=16 CS1 Row=16 CS=2 Die BW=16 Size=2048MB
Manufacturer ID:0x1
CH0 RX Vref:27.9%, TX Vref:19.8%,19.8%
CH1 RX Vref:28.5%, TX Vref:21.8%,21.8%
CH2 RX Vref:28.5%, TX Vref:20.8%,21.8%
CH3 RX Vref:29.3%, TX Vref:20.8%,21.8%
change to F1: 528MHz
change to F2: 1068MHz
change to F3: 1560MHz
change to F0: 2112MHz
out
U-Boot SPL board init
U-Boot SPL 2017.09-g82435751526-231214-dirty #zhangzj (Dec 14 2023 - 09:16:28)
unknown raw ID 0 0 0
unrecognized JEDEC id bytes: 00, 00, 00
Trying to boot from MMC2
MMC: no card present
mmc_init: -123, time 0
spl: mmc init failed with error: -123
Trying to boot from MMC1
SPL: A/B-slot: _a, successful: 0, tries-remain: 7
Trying fit image at 0x4000 sector
## Verified-boot: 0
## Checking atf-1 0x00040000 ... sha256(b40ce543bb...) + OK
## Checking u-boot 0x00a00000 ... sha256(7b97a8a68e...) + OK
## Checking fdt-1 0x00b062f0 ... sha256(a29cfc9d82...) + OK
## Checking atf-2 0x000f0000 ... sha256(f202de33d9...) + OK
## Checking atf-3 0xff100000 ... sha256(af08976afd...) + OK
## Checking tee-1 0x08400000 ... sha256(617eb0ee15...) + OK
Jumping to U-Boot(0x00a00000) via ARM Trusted Firmware(0x00040000)
Total: 94.903/254.714 ms

INFO:    Preloader serial: 2
NOTICE:  BL31: v2.3():v2.3-616-gdc1125f48:finley.xiao
NOTICE:  BL31: Built : 16:41:17, Jul 13 2023
INFO:    spec: 0x1
INFO:    ext 32k is valid
INFO:    ddr: stride-en 4CH
INFO:    GICv3 without legacy support detected.
INFO:    ARM GICv3 driver initialized in EL3
INFO:    valid_cpu_msk=0xff bcore0_rst = 0x0, bcore1_rst = 0x0
INFO:    system boots from cpu-hwid-0
INFO:    idle_st=0x21fff, pd_st=0x11fff9, repair_st=0xfff70001
ERROR:   dfs get fsp_params[0] error, 0xfead0004 != 0xfead0003
ERROR:   dfs get fsp_params[1] error, 0x1111 != 0xfead0003
ERROR:   dfs get fsp_params[2] error, 0x0 != 0xfead0003
ERROR:   dfs get fsp_params[3] error, 0x60241520 != 0xfead0003
ERROR:   loader&trust unmatch!!! Please update trust if need enable dmc
INFO:    BL31: Initialising Exception Handling Framework
INFO:    BL31: Initializing runtime services
INFO:    BL31: Initializing BL32
I/TC: 
I/TC: OP-TEE version: 3.13.0-760-g540ade275 #zhangzj (gcc version 10.2.1 20201103 (GNU Toolchain for the A-profile Architecture 10.2-2020.11 (arm-10.16))) #3 Tue Dec  5 14:36:05 CST 2023 aarch64, fwver: null 
I/TC: OP-TEE memory: TEEOS 0x200000 TA 0xc00000 SHM 0x200000
I/TC: Primary CPU initializing
I/TC: Primary CPU switching to normal world boot
INFO:    BL31: Preparing for EL3 exit to normal world
INFO:    Entry point address = 0xa00000
INFO:    SPSR = 0x3c9


U-Boot 2024.01-rc5-g19b365eb3a (Apr 22 2024 - 11:18:55 +0800)

Model: Rockchip Toybrick RK3588 X0 Board
DRAM:  8 GiB (effective 7.7 GiB)
Core:  331 devices, 28 uclasses, devicetree: separate
MMC:   mmc@fe2e0000: 0
Loading Environment from MMC... OK
In:    serial@feb50000
Out:   serial@feb50000
Err:   serial@feb50000
Model: Rockchip Toybrick RK3588 X0 Board
Net:   eth0: ethernet@fe1b0000
Hit any key to stop autoboot:  2  1  0 
Scanning for bootflows in all bootdevs
Seq  Method       State   Uclass    Part  Name                      Filename
---  -----------  ------  --------  ----  ------------------------  ----------------
Scanning bootdev 'mmc@fe2e0000.bootdev':
Unknown uclass 'nvme' in label
Unknown uclass 'scsi' in label
Bus usb@fc800000: USB EHCI 1.00
Bus usb@fc840000: USB OHCI 1.0
Bus usb@fc880000: USB EHCI 1.00
Bus usb@fc8c0000: USB OHCI 1.0
scanning bus usb@fc800000 for devices... 1 USB Device(s) found
scanning bus usb@fc840000 for devices... 1 USB Device(s) found
scanning bus usb@fc880000 for devices... 2 USB Device(s) found
scanning bus usb@fc8c0000 for devices... 1 USB Device(s) found
Scanning bootdev 'usb_mass_storage.lun0.bootdev':
  0  efi          ready   usb_mass_    1  usb_mass_storage.lun0.boo efi/boot/bootaa64.efi
** Booting bootflow 'usb_mass_storage.lun0.bootdev.part_1' with efi
Booting /efi\boot\bootaa64.efi
ethernet@fe1b0000 Waiting for PHY auto negotiation to complete......... TIMEOUT !
phy_startup() failed: -110FAILED: -110Please press 't' to show the boot menu on this console
error: ../../grub-core/video/video.c:761:no suitable video mode found.
openSUSE Tumbleweed

вввввввв”Ђввввввввввввввввввввввввввввввввввввввввввввввввввввввввввввввввввввввввввввввввввввв”Ђвввввввввввввввввввввввввввввввввввввв”Ђввввввввввввввввввввввввввввввввввввввввввввввввввв”‚вввввввввввввввввввввв”‚ввввввввввввввввввввввввввввв”Ђвввввввввввввввввввввввввввввввввввввввввв”Ђввввввввввввввввввввввввввввввввввввввввввввввввввввввввввввввввввввввввввввввввв”Ђвввввввввввввввввввввввввввввввввввв     Use the в and в keys to select which entry is highlighted.                                                                                                    
      Press enter to boot the selected OS, `e' to edit the commands before booting or `c' for a command-line.                                                         Boot from Hard Disk                                                                                                                                                  *Installation                                                                                                                                                          Upgrade                                                                                                                                                               More ...                                                                                                                                                                                                                                                                                                                                                                                                                                                                                                                                                                                                                                                                                                                                                                                                                                                                                                                                                                                                                                                                                                                                                                                                                                                                                                                                                                                                                                                                                                                                                                                                                                                                                                                                                                                                                                                                                                                                                                                                                                                                                                                                                                                                                                                                                                                                                                                                                                                                                                                                                                                                                                                                                                                                                                                                                                                                                                                                                                                                                                                                                                                                                                                                                                                                                                                                                                                                                                                                                                                                                                                                                                                                                                                                                                                                                                                                                                                                                                                                                                                                                                                                                                                                                                                                                                                 The highlighted entry will be executed automatically in 60s.                                                                                                                                                                                                                                                                                                                                                                                                                                                            Loading kernel ...
Loading initial ramdisk ...
EFI stub: Booting Linux Kernel...
EFI stub: EFI_RNG_PROTOCOL unavailable
EFI stub: Using DTB from configuration table
EFI stub: Exiting boot services...
I/TC: Secondary CPU 1 initializing
I/TC: Secondary CPU 1 switching to normal world boot
I/TC: Secondary CPU 2 initializing
I/TC: Secondary CPU 2 switching to normal world boot
I/TC: Secondary CPU 3 initializing
I/TC: Secondary CPU 3 switching to normal world boot
I/TC: Secondary CPU 4 initializing
I/TC: Secondary CPU 4 switching to normal world boot
I/TC: Secondary CPU 5 initializing
I/TC: Secondary CPU 5 switching to normal world boot
I/TC: Secondary CPU 6 initializing
I/TC: Secondary CPU 6 switching to normal world boot
I/TC: Secondary CPU 7 initializing
I/TC: Secondary CPU 7 switching to normal world boot
[    0.000000][    T0] Booting Linux on physical CPU 0x0000000000 [0x412fd050]
[    0.000000][    T0] Linux version 6.6.10-1-default (geeko@buildhost) (gcc (SUSE Linux) 13.2.1 20231130 [revision 741743c028dc00f27b9c8b1d5211c1f602f2fddd], GNU ld (GNU Binutils; openSUSE Tumbleweed) 2.41.0.20230908-1) #1 SMP PREEMPT_DYNAMIC Mon Jan  8 08:58:39 UTC 2024 (e04388e)
[    0.000000][    T0] KASLR disabled due to lack of seed
[    0.000000][    T0] Machine model: Rockchip Toybrick RK3588 X0 Board
[    0.000000][    T0] efi: EFI v2.10 by Das U-Boot
[    0.000000][    T0] efi: ESRT=0xece6e040 RTPROP=0xece70040 SMBIOS=0xecea0000 MOKvar=0xecd6b000 MEMRESERVE=0xec8fe040 
[    0.000000][    T0] esrt: Reserving ESRT space from 0x00000000ece6e040 to 0x00000000ece6e078.
[    0.000000][    T0] OF: reserved mem: 0x0000000008400000..0x00000000093fffff (16384 KiB) nomap non-reusable optee@8400000
[    0.000000][    T0] OF: reserved mem: 0x00000003fc000000..0x00000003fc4fffff (5120 KiB) nomap non-reusable gap1@3,fc000000
[    0.000000][    T0] OF: reserved mem: 0x00000003fff00000..0x00000003ffffffff (1024 KiB) nomap non-reusable gap2@3,fff00000
[    0.000000][    T0] NUMA: No NUMA configuration found
[    0.000000][    T0] NUMA: Faking a node at [mem 0x0000000000200000-0x00000001ffffffff]
[    0.000000][    T0] NUMA: NODE_DATA [mem 0x1feff9ac0-0x1feffefff]
[    0.000000][    T0] Zone ranges:
[    0.000000][    T0]   DMA      [mem 0x0000000000200000-0x00000000ffffffff]
[    0.000000][    T0]   DMA32    empty
[    0.000000][    T0]   Normal   [mem 0x0000000100000000-0x00000001ffffffff]
[    0.000000][    T0]   Device   empty
[    0.000000][    T0] Movable zone start for each node
[    0.000000][    T0] Early memory node ranges
[    0.000000][    T0]   node   0: [mem 0x0000000000200000-0x0000000000b05fff]
[    0.000000][    T0]   node   0: [mem 0x0000000000b06000-0x0000000000b20fff]
[    0.000000][    T0]   node   0: [mem 0x0000000000b21000-0x00000000083fffff]
[    0.000000][    T0]   node   0: [mem 0x0000000008400000-0x00000000093fffff]
[    0.000000][    T0]   node   0: [mem 0x0000000009400000-0x00000000ecd6afff]
[    0.000000][    T0]   node   0: [mem 0x00000000ecd6b000-0x00000000ecd6bfff]
[    0.000000][    T0]   node   0: [mem 0x00000000ecd6c000-0x00000000ece6ffff]
[    0.000000][    T0]   node   0: [mem 0x00000000ece70000-0x00000000ece70fff]
[    0.000000][    T0]   node   0: [mem 0x00000000ece71000-0x00000000ece73fff]
[    0.000000][    T0]   node   0: [mem 0x00000000ece74000-0x00000000ece95fff]
[    0.000000][    T0]   node   0: [mem 0x00000000ece96000-0x00000000ece9ffff]
[    0.000000][    T0]   node   0: [mem 0x00000000ecea0000-0x00000000ecea0fff]
[    0.000000][    T0]   node   0: [mem 0x00000000ecea1000-0x00000000efecffff]
[    0.000000][    T0]   node   0: [mem 0x00000000efed0000-0x00000000efedffff]
[    0.000000][    T0]   node   0: [mem 0x00000000efee0000-0x00000000efffffff]
[    0.000000][    T0]   node   0: [mem 0x0000000100000000-0x00000001ffffffff]
[    0.000000][    T0] Initmem setup node 0 [mem 0x0000000000200000-0x00000001ffffffff]
[    0.000000][    T0] On node 0, zone DMA: 512 pages in unavailable ranges
[    0.000000][    T0] psci: probing for conduit method from DT.
[    0.000000][    T0] psci: PSCIv1.1 detected in firmware.
[    0.000000][    T0] psci: Using standard PSCI v0.2 function IDs
[    0.000000][    T0] psci: Trusted OS migration not required
[    0.000000][    T0] psci: SMC Calling Convention v1.2
[    0.000000][    T0] percpu: Embedded 32 pages/cpu s93864 r8192 d29016 u131072
[    0.000000][    T0] Detected VIPT I-cache on CPU0
[    0.000000][    T0] CPU features: detected: GIC system register CPU interface
[    0.000000][    T0] CPU features: detected: Virtualization Host Extensions
[    0.000000][    T0] CPU features: detected: Qualcomm erratum 1009, or ARM erratum 1286807, 2441009
[    0.000000][    T0] CPU features: detected: ARM errata 1165522, 1319367, or 1530923
[    0.000000][    T0] alternatives: applying boot alternatives
[    0.000000][    T0] Kernel command line: BOOT_IMAGE=/boot/aarch64/linux splash=silent
[    0.000000][    T0] Unknown kernel command line parameters "BOOT_IMAGE=/boot/aarch64/linux splash=silent", will be passed to user space.
[    0.000000][    T0] printk: log_buf_len individual max cpu contribution: 32768 bytes
[    0.000000][    T0] printk: log_buf_len total cpu_extra contributions: 229376 bytes
[    0.000000][    T0] printk: log_buf_len min size: 262144 bytes
[    0.000000][    T0] printk: log_buf_len: 524288 bytes
[    0.000000][    T0] printk: early log buf free: 258256(98%)
[    0.000000][    T0] Dentry cache hash table entries: 1048576 (order: 11, 8388608 bytes, linear)
[    0.000000][    T0] Inode-cache hash table entries: 524288 (order: 10, 4194304 bytes, linear)
[    0.000000][    T0] Fallback order for Node 0: 0 
[    0.000000][    T0] Built 1 zonelists, mobility grouping on.  Total pages: 1999368
[    0.000000][    T0] Policy zone: Normal
[    0.000000][    T0] mem auto-init: stack:off, heap alloc:off, heap free:off
[    0.000000][    T0] software IO TLB: area num 8.
[    0.000000][    T0] software IO TLB: mapped [mem 0x00000000e88fe000-0x00000000ec8fe000] (64MB)
[    0.000000][    T0] Memory: 3738820K/8124416K available (15040K kernel code, 3540K rwdata, 15132K rodata, 10752K init, 1173K bss, 482284K reserved, 0K cma-reserved)
[    0.000000][    T0] SLUB: HWalign=64, Order=0-3, MinObjects=0, CPUs=8, Nodes=1
[    0.000000][    T0] ftrace: allocating 50631 entries in 198 pages
[    0.000000][    T0] ftrace: allocated 198 pages with 4 groups
[    0.000000][    T0] trace event string verifier disabled
[    0.000000][    T0] Dynamic Preempt: voluntary
[    0.000000][    T0] rcu: Preemptible hierarchical RCU implementation.
[    0.000000][    T0] rcu: 	RCU event tracing is enabled.
[    0.000000][    T0] rcu: 	RCU restricting CPUs from NR_CPUS=480 to nr_cpu_ids=8.
[    0.000000][    T0] 	Trampoline variant of Tasks RCU enabled.
[    0.000000][    T0] 	Rude variant of Tasks RCU enabled.
[    0.000000][    T0] 	Tracing variant of Tasks RCU enabled.
[    0.000000][    T0] rcu: RCU calculated value of scheduler-enlistment delay is 30 jiffies.
[    0.000000][    T0] rcu: Adjusting geometry for rcu_fanout_leaf=16, nr_cpu_ids=8
[    0.000000][    T0] NR_IRQS: 64, nr_irqs: 64, preallocated irqs: 0
[    0.000000][    T0] GICv3: GIC: Using split EOI/Deactivate mode
[    0.000000][    T0] GICv3: 480 SPIs implemented
[    0.000000][    T0] GICv3: 0 Extended SPIs implemented
[    0.000000][    T0] GICv3: MBI range [424:479]
[    0.000000][    T0] GICv3: Using MBI frame 0x00000000fe610000
[    0.000000][    T0] Root IRQ handler: gic_handle_irq
[    0.000000][    T0] GICv3: GICv3 features: 16 PPIs
[    0.000000][    T0] GICv3: CPU0: found redistributor 0 region 0:0x00000000fe680000
[    0.000000][    T0] ITS [mem 0xfe640000-0xfe65ffff]
[    0.000000][    T0] GIC: enabling workaround for ITS: Rockchip erratum RK3588001
[    0.000000][    T0] ITS@0x00000000fe640000: allocated 8192 Devices @1001e0000 (indirect, esz 8, psz 64K, shr 0)
[    0.000000][    T0] ITS@0x00000000fe640000: allocated 32768 Interrupt Collections @1001f0000 (flat, esz 2, psz 64K, shr 0)
[    0.000000][    T0] ITS: using cache flushing for cmd queue
[    0.000000][    T0] ITS [mem 0xfe660000-0xfe67ffff]
[    0.000000][    T0] GIC: enabling workaround for ITS: Rockchip erratum RK3588001
[    0.000000][    T0] ITS@0x00000000fe660000: allocated 8192 Devices @100210000 (indirect, esz 8, psz 64K, shr 0)
[    0.000000][    T0] ITS@0x00000000fe660000: allocated 32768 Interrupt Collections @100220000 (flat, esz 2, psz 64K, shr 0)
[    0.000000][    T0] ITS: using cache flushing for cmd queue
[    0.000000][    T0] GICv3: using LPI property table @0x0000000100230000
[    0.000000][    T0] GIC: using cache flushing for LPI property table
[    0.000000][    T0] GICv3: CPU0: using allocated LPI pending table @0x0000000100240000
[    0.000000][    T0] GICv3: GIC: PPI partition interrupt-partition-0[0] { /cpus/cpu@0[0] /cpus/cpu@100[1] /cpus/cpu@200[2] /cpus/cpu@300[3] }
[    0.000000][    T0] GICv3: GIC: PPI partition interrupt-partition-1[1] { /cpus/cpu@400[4] /cpus/cpu@500[5] /cpus/cpu@600[6] /cpus/cpu@700[7] }
[    0.000000][    T0] rcu: srcu_init: Setting srcu_struct sizes based on contention.
[    0.000000][    T0] arch_timer: cp15 timer(s) running at 24.00MHz (phys).
[    0.000000][    T0] clocksource: arch_sys_counter: mask: 0xffffffffffffff max_cycles: 0x588fe9dc0, max_idle_ns: 440795202592 ns
[    0.000001][    T0] sched_clock: 56 bits at 24MHz, resolution 41ns, wraps every 4398046511097ns
[    0.004064][    T0] Console: colour dummy device 80x25
[    0.004077][    T0] printk: console [tty0] enabled
[    0.007640][    T0] Calibrating delay loop (skipped), value calculated using timer frequency.. 48.00 BogoMIPS (lpj=80000)
[    0.007680][    T0] pid_max: default: 32768 minimum: 301
[    0.011696][    T0] LSM: initializing lsm=lockdown,capability,landlock,yama,apparmor,tomoyo,bpf,integrity
[    0.011778][    T0] landlock: Up and running.
[    0.011794][    T0] Yama: becoming mindful.
[    0.011925][    T0] AppArmor: AppArmor initialized
[    0.011952][    T0] TOMOYO Linux initialized
[    0.012002][    T0] LSM support for eBPF active
[    0.013573][    T0] Mount-cache hash table entries: 16384 (order: 5, 131072 bytes, linear)
[    0.013627][    T0] Mountpoint-cache hash table entries: 16384 (order: 5, 131072 bytes, linear)
[    0.019884][    T1] RCU Tasks: Setting shift to 3 and lim to 1 rcu_task_cb_adjust=1.
[    0.020053][    T1] RCU Tasks Rude: Setting shift to 3 and lim to 1 rcu_task_cb_adjust=1.
[    0.020199][    T1] RCU Tasks Trace: Setting shift to 3 and lim to 1 rcu_task_cb_adjust=1.
[    0.020555][    T1] rcu: Hierarchical SRCU implementation.
[    0.020580][    T1] rcu: 	Max phase no-delay instances is 1000.
[    0.021988][    T1] Platform MSI: msi-controller@fe640000 domain created
[    0.022033][    T1] Platform MSI: msi-controller@fe660000 domain created
[    0.022287][    T1] PCI/MSI: /interrupt-controller@fe600000/msi-controller@fe640000 domain created
[    0.022341][    T1] PCI/MSI: /interrupt-controller@fe600000/msi-controller@fe660000 domain created
[    0.022583][    T1] fsl-mc MSI: msi-controller@fe640000 domain created
[    0.022625][    T1] fsl-mc MSI: msi-controller@fe660000 domain created
[    0.028818][    T1] Remapping and enabling EFI services.
[    0.029561][    T1] smp: Bringing up secondary CPUs ...
[    0.031102][    T0] Detected VIPT I-cache on CPU1
[    0.031178][    T0] GICv3: CPU1: found redistributor 100 region 0:0x00000000fe6a0000
[    0.031194][    T0] GICv3: CPU1: using allocated LPI pending table @0x0000000100250000
[    0.031245][    T0] CPU1: Booted secondary processor 0x0000000100 [0x412fd050]
[    0.033003][    T0] Detected VIPT I-cache on CPU2
[    0.033076][    T0] GICv3: CPU2: found redistributor 200 region 0:0x00000000fe6c0000
[    0.033091][    T0] GICv3: CPU2: using allocated LPI pending table @0x0000000100260000
[    0.033138][    T0] CPU2: Booted secondary processor 0x0000000200 [0x412fd050]
[    0.034770][    T0] Detected VIPT I-cache on CPU3
[    0.034840][    T0] GICv3: CPU3: found redistributor 300 region 0:0x00000000fe6e0000
[    0.034855][    T0] GICv3: CPU3: using allocated LPI pending table @0x0000000100270000
[    0.034900][    T0] CPU3: Booted secondary processor 0x0000000300 [0x412fd050]
[    0.036501][    T0] CPU features: detected: Spectre-v4
[    0.036507][    T0] CPU features: detected: Spectre-BHB
[    0.036513][    T0] Detected PIPT I-cache on CPU4
[    0.036555][    T0] GICv3: CPU4: found redistributor 400 region 0:0x00000000fe700000
[    0.036564][    T0] GICv3: CPU4: using allocated LPI pending table @0x0000000100280000
[    0.036592][    T0] CPU4: Booted secondary processor 0x0000000400 [0x414fd0b0]
[    0.038106][    T0] Detected PIPT I-cache on CPU5
[    0.038159][    T0] GICv3: CPU5: found redistributor 500 region 0:0x00000000fe720000
[    0.038168][    T0] GICv3: CPU5: using allocated LPI pending table @0x0000000100290000
[    0.038198][    T0] CPU5: Booted secondary processor 0x0000000500 [0x414fd0b0]
[    0.039760][    T0] Detected PIPT I-cache on CPU6
[    0.039810][    T0] GICv3: CPU6: found redistributor 600 region 0:0x00000000fe740000
[    0.039820][    T0] GICv3: CPU6: using allocated LPI pending table @0x00000001002a0000
[    0.039850][    T0] CPU6: Booted secondary processor 0x0000000600 [0x414fd0b0]
[    0.041391][    T0] Detected PIPT I-cache on CPU7
[    0.041442][    T0] GICv3: CPU7: found redistributor 700 region 0:0x00000000fe760000
[    0.041451][    T0] GICv3: CPU7: using allocated LPI pending table @0x00000001002b0000
[    0.041480][    T0] CPU7: Booted secondary processor 0x0000000700 [0x414fd0b0]
[    0.041597][    T1] smp: Brought up 1 node, 8 CPUs
[    0.042066][    T1] SMP: Total of 8 processors activated.
[    0.042085][    T1] CPU features: detected: 32-bit EL0 Support
[    0.042103][    T1] CPU features: detected: Data cache clean to the PoU not required for I/D coherence
[    0.042126][    T1] CPU features: detected: Common not Private translations
[    0.042144][    T1] CPU features: detected: CRC32 instructions
[    0.042161][    T1] CPU features: detected: Data cache clean to Point of Persistence
[    0.042186][    T1] CPU features: detected: RCpc load-acquire (LDAPR)
[    0.042203][    T1] CPU features: detected: LSE atomic instructions
[    0.042221][    T1] CPU features: detected: Privileged Access Never
[    0.042238][    T1] CPU features: detected: RAS Extension Support
[    0.042258][    T1] CPU features: detected: Speculative Store Bypassing Safe (SSBS)
[    0.042501][    T1] CPU: All CPU(s) started at EL2
[    0.042525][    T1] alternatives: applying system-wide alternatives
[    0.085536][   T56] node 0 deferred pages initialised in 37ms
[    0.088367][    T1] devtmpfs: initialized
[    0.114711][    T1] clocksource: jiffies: mask: 0xffffffff max_cycles: 0xffffffff, max_idle_ns: 6370867519511994 ns
[    0.114756][    T1] futex hash table entries: 2048 (order: 5, 131072 bytes, linear)
[    0.115909][    T1] pinctrl core: initialized pinctrl subsystem
[    0.119992][    T1] SMBIOS 3.0 present.
[    0.120035][    T1] DMI: Unknown Unknown Product/Unknown Product, BIOS 2024.01-rc5-g19b365eb3a 01/01/2024
[    0.121639][    T1] NET: Registered PF_NETLINK/PF_ROUTE protocol family
[    0.122826][    T1] DMA: preallocated 1024 KiB GFP_KERNEL pool for atomic allocations
[    0.122991][    T1] DMA: preallocated 1024 KiB GFP_KERNEL|GFP_DMA pool for atomic allocations
[    0.123146][    T1] DMA: preallocated 1024 KiB GFP_KERNEL|GFP_DMA32 pool for atomic allocations
[    0.124444][    T1] audit: initializing netlink subsys (disabled)
[    0.124681][   T60] audit: type=2000 audit(0.116:1): state=initialized audit_enabled=0 res=1
[    0.126232][    T1] thermal_sys: Registered thermal governor 'fair_share'
[    0.126243][    T1] thermal_sys: Registered thermal governor 'bang_bang'
[    0.126270][    T1] thermal_sys: Registered thermal governor 'step_wise'
[    0.126290][    T1] thermal_sys: Registered thermal governor 'user_space'
[    0.126370][    T1] cpuidle: using governor ladder
[    0.126431][    T1] cpuidle: using governor menu
[    0.126608][    T1] hw-breakpoint: found 6 breakpoint and 4 watchpoint registers.
[    0.126838][    T1] ASID allocator initialised with 65536 entries
[    0.130453][    T1] Serial: AMBA PL011 UART driver
[    0.167263][    T1] Modules: 21296 pages in range for non-PLT usage
[    0.167268][    T1] Modules: 512816 pages in range for PLT usage
[    0.168422][    T1] HugeTLB: registered 1.00 GiB page size, pre-allocated 0 pages
[    0.168443][    T1] HugeTLB: 0 KiB vmemmap can be freed for a 1.00 GiB page
[    0.168452][    T1] HugeTLB: registered 32.0 MiB page size, pre-allocated 0 pages
[    0.168460][    T1] HugeTLB: 0 KiB vmemmap can be freed for a 32.0 MiB page
[    0.168467][    T1] HugeTLB: registered 2.00 MiB page size, pre-allocated 0 pages
[    0.168475][    T1] HugeTLB: 0 KiB vmemmap can be freed for a 2.00 MiB page
[    0.168482][    T1] HugeTLB: registered 64.0 KiB page size, pre-allocated 0 pages
[    0.168490][    T1] HugeTLB: 0 KiB vmemmap can be freed for a 64.0 KiB page
[    0.170987][    T1] ACPI: Interpreter disabled.
[    0.171830][    T1] iommu: Default domain type: Translated
[    0.171839][    T1] iommu: DMA domain TLB invalidation policy: strict mode
[    0.172305][    T1] pps_core: LinuxPPS API ver. 1 registered
[    0.172314][    T1] pps_core: Software ver. 5.3.6 - Copyright 2005-2007 Rodolfo Giometti <giometti@linux.it>
[    0.172334][    T1] PTP clock support registered
[    0.172428][    T1] EDAC MC: Ver: 3.0.0
[    0.172850][    T1] scmi_core: SCMI protocol bus registered
[    0.173227][    T1] efivars: Registered efivars operations
[    0.173369][    T1] ima: secureboot mode disabled
[    0.174295][    T1] NetLabel: Initializing
[    0.174304][    T1] NetLabel:  domain hash size = 128
[    0.174309][    T1] NetLabel:  protocols = UNLABELED CIPSOv4 CALIPSO
[    0.174363][    T1] NetLabel:  unlabeled traffic allowed by default
[    0.174378][    T1] mctp: management component transport protocol core
[    0.174384][    T1] NET: Registered PF_MCTP protocol family
[    0.174668][    T1] vgaarb: loaded
[    0.175026][    T1] clocksource: Switched to clocksource arch_sys_counter
[    0.176468][    T1] VFS: Disk quotas dquot_6.6.0
[    0.176644][    T1] VFS: Dquot-cache hash table entries: 512 (order 0, 4096 bytes)
[    0.177123][    T1] AppArmor: AppArmor Filesystem Enabled
[    0.177162][    T1] pnp: PnP ACPI: disabled
[    0.184180][    T1] NET: Registered PF_INET protocol family
[    0.184369][    T1] IP idents hash table entries: 131072 (order: 8, 1048576 bytes, linear)
[    0.189483][    T1] tcp_listen_portaddr_hash hash table entries: 4096 (order: 4, 65536 bytes, linear)
[    0.189561][    T1] Table-perturb hash table entries: 65536 (order: 6, 262144 bytes, linear)
[    0.189595][    T1] TCP established hash table entries: 65536 (order: 7, 524288 bytes, linear)
[    0.190096][    T1] TCP bind hash table entries: 65536 (order: 9, 2097152 bytes, linear)
[    0.191991][    T1] TCP: Hash tables configured (established 65536 bind 65536)
[    0.192302][    T1] MPTCP token hash table entries: 8192 (order: 5, 196608 bytes, linear)
[    0.192443][    T1] UDP hash table entries: 4096 (order: 5, 131072 bytes, linear)
[    0.192630][    T1] UDP-Lite hash table entries: 4096 (order: 5, 131072 bytes, linear)
[    0.193104][    T1] NET: Registered PF_UNIX/PF_LOCAL protocol family
[    0.193129][    T1] NET: Registered PF_XDP protocol family
[    0.193141][    T1] PCI: CLS 0 bytes, default 64
[    0.193606][   T73] Trying to unpack rootfs image as initramfs...
[    0.195486][    T1] kvm [1]: IPA Size Limit: 40 bits
[    0.195518][    T1] kvm [1]: GICv3: no GICV resource entry
[    0.195526][    T1] kvm [1]: disabling GICv2 emulation
[    0.195547][    T1] kvm [1]: GIC system register CPU interface enabled
[    0.195564][    T1] kvm [1]: vgic interrupt IRQ18
[    0.195591][    T1] kvm [1]: VHE mode initialized successfully
[    0.196016][    T1] debugfs: File ':interrupt-controller@fe600000' in directory 'domains' already present!
[    0.196031][    T1] debugfs: File ':interrupt-controller@fe600000' in directory 'domains' already present!
[    0.196040][    T1] debugfs: File ':interrupt-controller@fe600000' in directory 'domains' already present!
[    0.196050][    T1] debugfs: File ':interrupt-controller@fe600000' in directory 'domains' already present!
[    0.196059][    T1] debugfs: File ':interrupt-controller@fe600000' in directory 'domains' already present!
[    0.196069][    T1] debugfs: File ':interrupt-controller@fe600000' in directory 'domains' already present!
[    0.196078][    T1] debugfs: File ':interrupt-controller@fe600000' in directory 'domains' already present!
[    0.196087][    T1] debugfs: File ':interrupt-controller@fe600000' in directory 'domains' already present!
[    0.196097][    T1] debugfs: File ':interrupt-controller@fe600000' in directory 'domains' already present!
[    0.196106][    T1] debugfs: File ':interrupt-controller@fe600000' in directory 'domains' already present!
[    0.196115][    T1] debugfs: File ':interrupt-controller@fe600000' in directory 'domains' already present!
[    0.196124][    T1] debugfs: File ':interrupt-controller@fe600000' in directory 'domains' already present!
[    0.196133][    T1] debugfs: File ':interrupt-controller@fe600000' in directory 'domains' already present!
[    0.196142][    T1] debugfs: File ':interrupt-controller@fe600000' in directory 'domains' already present!
[    0.196152][    T1] debugfs: File ':interrupt-controller@fe600000' in directory 'domains' already present!
[    0.201079][    T1] Initialise system trusted keyrings
[    0.201126][    T1] Key type blacklist registered
[    0.201237][    T1] workingset: timestamp_bits=40 max_order=21 bucket_order=0
[    0.201273][    T1] zbud: loaded
[    0.202883][    T1] integrity: Platform Keyring initialized
[    0.202916][    T1] integrity: Machine keyring initialized
[    0.224664][    T1] Key type asymmetric registered
[    0.224674][    T1] Asymmetric key parser 'x509' registered
[    6.267694][   T73] Freeing initrd memory: 193980K
[    6.271945][    T1] Block layer SCSI generic (bsg) driver version 0.4 loaded (major 245)
[    6.272056][    T1] io scheduler mq-deadline registered
[    6.272065][    T1] io scheduler kyber registered
[    6.272195][    T1] io scheduler bfq registered
[    6.281280][    T1] shpchp: Standard Hot Plug PCI Controller Driver version: 0.4
[    6.297063][    T1] Serial: 8250/16550 driver, 32 ports, IRQ sharing enabled
[    6.303468][    T1] feb50000.serial: ttyS2 at MMIO 0xfeb50000 (irq = 26, base_baud = 1500000) is a 16550A
[    6.303597][    T1] printk: console [ttyS2] enabled
[    6.472738][    T1] Serial: AMBA driver
[    6.473239][    T1] SuperH (H)SCI(F) driver initialized
[    6.474173][    T1] msm_serial: driver initialized
[    6.478931][    T1] mousedev: PS/2 mouse device common for all mice
[    6.482727][    T1] ledtrig-cpu: registered to indicate activity on CPUs
[    6.483556][    T1] scmi_protocol scmi_dev.1: Enabled polling mode TX channel - prot_id:16
[    6.484429][    T1] arm-scmi firmware:scmi: SCMI Notifications - Core Enabled.
[    6.485109][    T1] arm-scmi firmware:scmi: SCMI Protocol v2.0 'rockchip:' Firmware version 0x0
[    6.491471][    T1] SMCCC: SOC_ID: ARCH_SOC_ID not implemented, skipping ....
[    6.492357][    T1] hid: raw HID events driver (C) Jiri Kosina
[    6.495017][    T1] hw perfevents: enabled with armv8_cortex_a55 PMU driver, 7 counters available
[    6.496951][    T1] hw perfevents: enabled with armv8_cortex_a76 PMU driver, 7 counters available
[    6.498130][   T83] watchdog: Delayed init of the lockup detector failed: -19
[    6.498773][   T83] watchdog: Hard watchdog permanently disabled
[    6.500713][    T1] drop_monitor: Initializing network drop monitor service
[    6.540383][    T1] NET: Registered PF_INET6 protocol family
[    6.546109][    T1] Segment Routing with IPv6
[    6.546507][    T1] RPL Segment Routing with IPv6
[    6.546950][    T1] In-situ OAM (IOAM) with IPv6
[    6.551357][    T1] registered taskstats version 1
[    6.553464][    T1] Loading compiled-in X.509 certificates
[    6.554028][    T1] Loaded X.509 cert 'openSUSE Secure Boot Signkey: fd9f2c12e599d67cc7f9067541adf426b712469e'
[    6.559644][    T1] page_owner is disabled
[    6.560547][    T1] Key type .fscrypt registered
[    6.560963][    T1] Key type fscrypt-provisioning registered
[    6.565173][    T1] Key type encrypted registered
[    6.565605][    T1] AppArmor: AppArmor sha1 policy hashing enabled
[    6.566264][    T1] ima: No TPM chip found, activating TPM-bypass!
[    6.566818][    T1] Loading compiled-in module X.509 certificates
[    6.567409][    T1] Loaded X.509 cert 'openSUSE Secure Boot Signkey: fd9f2c12e599d67cc7f9067541adf426b712469e'
[    6.568287][    T1] ima: Allocated hash algorithm: sha256
[    6.568811][    T1] ima: No architecture policies found
[    6.569292][    T1] evm: Initialising EVM extended attributes:
[    6.569804][    T1] evm: security.selinux
[    6.570159][    T1] evm: security.SMACK64 (disabled)
[    6.570596][    T1] evm: security.SMACK64EXEC (disabled)
[    6.571063][    T1] evm: security.SMACK64TRANSMUTE (disabled)
[    6.571568][    T1] evm: security.SMACK64MMAP (disabled)
[    6.572043][    T1] evm: security.apparmor
[    6.572405][    T1] evm: security.ima
[    6.572729][    T1] evm: security.capability
[    6.573105][    T1] evm: HMAC attrs: 0x1
[    7.151000][    T1] clk: Disabling unused clocks
[    7.152120][    T1] dw-apb-uart feb50000.serial: forbid DMA for kernel console
[    7.158056][    T1] Freeing unused kernel memory: 10752K
[    7.162077][    T1] Run /init as init process
[    7.255646][  T167] zram: Added device: zram0
[    7.382495][  T166] zram0: detected capacity change from 0 to 2097152
[   11.445817][    T1] EXT4-fs (zram0): mounting ext2 file system using the ext4 subsystem
[   11.447826][    T1] EXT4-fs (zram0): mounted filesystem 19b8d08c-1dd2-11b2-a41b-69a6e53ddb5c r/w without journal. Quota mode: none.
[   13.062150][  T182] loop: module loaded
[   13.234379][  T193] squashfs: version 4.0 (2009/01/31) Phillip Lougher
[   13.374090][    T1] loop0: detected capacity change from 0 to 316544
[   13.843853][    T1] loop1: detected capacity change from 0 to 38144

>>> openSUSE Tumbleweed installation program v9.2 (c) 1996-2024 SUSE LLC  <<<
Starting udev... [   14.156500][  T211] SCSI subsystem initialized
[   14.160840][  T211] alua: device handler registered
[   14.176299][  T213] emc: device handler registered
[   14.192112][  T215] rdac: device handler registered
[   15.947407][  T230] usbcore: registered new interface driver usbfs
[   15.948073][  T230] usbcore: registered new interface driver hub
[   15.948764][  T230] usbcore: registered new device driver usb
[   15.968397][  T242] sdhci: Secure Digital Host Controller Interface driver
[   15.969016][  T242] sdhci: Copyright(c) Pierre Ossman
[   16.020428][  T233] rk_gmac-dwmac fe1b0000.ethernet: IRQ eth_lpi not found
[   16.022069][  T238] gpio gpiochip0: Static allocation of GPIO base is deprecated, use dynamic allocation.
[   16.022076][  T233] rk_gmac-dwmac fe1b0000.ethernet: supply phy not found, using dummy regulator
[   16.022168][  T233] rk_gmac-dwmac fe1b0000.ethernet: clock input or output? (output).
[   16.024381][  T233] rk_gmac-dwmac fe1b0000.ethernet: TX delay(0x43).
[   16.024942][  T233] rk_gmac-dwmac fe1b0000.ethernet: RX delay(0x0).
[   16.025508][  T233] rk_gmac-dwmac fe1b0000.ethernet: integrated PHY? (no).
[   16.025811][  T242] sdhci-pltfm: SDHCI platform and OF driver helper
[   16.031126][  T233] rk_gmac-dwmac fe1b0000.ethernet: init for RGMII_RXID
[   16.032289][  T233] rk_gmac-dwmac fe1b0000.ethernet: User ID: 0x30, Synopsys ID: 0x51
[   16.032991][  T233] rk_gmac-dwmac fe1b0000.ethernet: 	DWMAC4/5
[   16.033506][  T233] rk_gmac-dwmac fe1b0000.ethernet: DMA HW capability register supported
[   16.034218][  T233] rk_gmac-dwmac fe1b0000.ethernet: RX Checksum Offload Engine supported
[   16.034222][  T233] rk_gmac-dwmac fe1b0000.ethernet: TX Checksum insertion supported
[   16.034224][  T233] rk_gmac-dwmac fe1b0000.ethernet: Wake-Up On Lan supported
[   16.034329][  T233] rk_gmac-dwmac fe1b0000.ethernet: TSO supported
[   16.034375][  T238] rockchip-gpio fd8a0000.gpio: probed /pinctrl/gpio@fd8a0000
[   16.034624][  T238] gpio gpiochip1: Static allocation of GPIO base is deprecated, use dynamic allocation.
[   16.038301][  T233] rk_gmac-dwmac fe1b0000.ethernet: Enable RX Mitigation via HW Watchdog Timer
[   16.039085][  T233] rk_gmac-dwmac fe1b0000.ethernet: device MAC address ce:2d:c1:29:f3:1f
[   16.039810][  T233] rk_gmac-dwmac fe1b0000.ethernet: Enabled L3L4 Flow TC (entries=2)
[   16.040498][  T233] rk_gmac-dwmac fe1b0000.ethernet: Enabled RFS Flow TC (entries=10)
[   16.041186][  T233] rk_gmac-dwmac fe1b0000.ethernet: TSO feature enabled
[   16.041806][  T233] rk_gmac-dwmac fe1b0000.ethernet: SPH feature enabled
[   16.042399][  T233] rk_gmac-dwmac fe1b0000.ethernet: Using 32/32 bits DMA host/device width
[   16.063384][  T238] rockchip-gpio fec20000.gpio: probed /pinctrl/gpio@fec20000
[   16.081262][  T238] gpio gpiochip2: Static allocation of GPIO base is deprecated, use dynamic allocation.
[   16.094025][  T238] rockchip-gpio fec30000.gpio: probed /pinctrl/gpio@fec30000
[   16.101856][  T238] gpio gpiochip3: Static allocation of GPIO base is deprecated, use dynamic allocation.
[   16.114321][   T59] mmc0: SDHCI controller on fe2e0000.mmc [fe2e0000.mmc] using ADMA
[   16.129258][  T238] rockchip-gpio fec40000.gpio: probed /pinctrl/gpio@fec40000
[   16.130263][  T238] gpio gpiochip4: Static allocation of GPIO base is deprecated, use dynamic allocation.
[   16.143187][  T238] rockchip-gpio fec50000.gpio: probed /pinctrl/gpio@fec50000
[   16.152365][  T228] ahci-dwc fe210000.sata: supply ahci not found, using dummy regulator
[   16.160669][  T194] mmc0: new HS400 Enhanced strobe MMC card at address 0001
[   16.190451][  T228] ahci-dwc fe210000.sata: supply phy not found, using dummy regulator
[   16.191908][  T228] platform fe210000.sata:sata-port@0: supply target not found, using dummy regulator
[   16.192968][  T228] ahci-dwc fe210000.sata: PMPn is limited up to 5 ports
[   16.195066][  T228] ahci-dwc fe210000.sata: forcing port_map 0x0 -> 0x1
[   16.195660][  T228] ahci-dwc fe210000.sata: masking port_map 0x1 -> 0x1
[   16.196266][  T228] ahci-dwc fe210000.sata: AHCI 0001.0300 32 slots 1 ports 6 Gbps 0x1 impl platform mode
[   16.197110][  T228] ahci-dwc fe210000.sata: flags: ncq sntf pm led clo only pmp fbs pio slum part ccc apst 
[   16.240493][   T73] rockchip-dw-pcie a40c00000.pcie: host bridge /pcie@fe180000 ranges:
[   16.241227][   T73] rockchip-dw-pcie a40c00000.pcie:       IO 0x00f3100000..0x00f31fffff -> 0x00f3100000
[   16.242081][   T73] rockchip-dw-pcie a40c00000.pcie:      MEM 0x00f3200000..0x00f3ffffff -> 0x00f3200000
[   16.242917][   T73] rockchip-dw-pcie a40c00000.pcie:      MEM 0x09c0000000..0x09ffffffff -> 0x0040000000
[   16.280685][   T73] rockchip-dw-pcie a40c00000.pcie: iATU: unroll T, 8 ob, 8 ib, align 64K, limit 8G
[   16.292221][  T228] scsi host0: ahci-dwc
[   16.293826][  T228] ata1: SATA max UDMA/133 mmio [mem 0xfe210000-0xfe210fff] port 0x100 irq 42
[   16.485124][   T73] rockchip-dw-pcie a40c00000.pcie: PCIe Gen.1 x1 link up
[   16.486052][   T73] rockchip-dw-pcie a40c00000.pcie: PCI host bridge to bus 0003:30
[   16.486732][   T73] pci_bus 0003:30: root bus resource [bus 30-3f]
[   16.487281][   T73] pci_bus 0003:30: root bus resource [io  0x0000-0xfffff] (bus address [0xf3100000-0xf31fffff])
[   16.488183][   T73] pci_bus 0003:30: root bus resource [mem 0xf3200000-0xf3ffffff]
[   16.488858][   T73] pci_bus 0003:30: root bus resource [mem 0x9c0000000-0x9ffffffff] (bus address [0x40000000-0x7fffffff])
[   16.489846][   T73] pci 0003:30:00.0: [1d87:3588] type 01 class 0x060400
[   16.490451][   T73] pci 0003:30:00.0: reg 0x38: [mem 0x00000000-0x0000ffff pref]
[   16.491150][   T73] pci 0003:30:00.0: supports D1 D2
[   16.491589][   T73] pci 0003:30:00.0: PME# supported from D0 D1 D3hot
[   16.494666][   T73] pci 0003:30:00.0: Primary bus is hard wired to 0
[   16.495240][   T73] pci 0003:30:00.0: bridge configuration invalid ([bus 01-ff]), reconfiguring
[   16.496211][   T73] pci 0003:31:00.0: [10ec:8168] type 00 class 0x020000
[   16.496868][   T73] pci 0003:31:00.0: reg 0x10: initial BAR value 0x00000000 invalid
[   16.497550][   T73] pci 0003:31:00.0: reg 0x10: [io  size 0x0100]
[   16.498170][   T73] pci 0003:31:00.0: reg 0x18: [mem 0x00000000-0x00000fff 64bit]
[   16.498885][   T73] pci 0003:31:00.0: reg 0x20: [mem 0x00000000-0x00003fff 64bit]
[   16.499983][   T73] pci 0003:31:00.0: supports D1 D2
[   16.500422][   T73] pci 0003:31:00.0: PME# supported from D0 D1 D2 D3hot D3cold
[   16.515300][   T73] pci_bus 0003:31: busn_res: [bus 31-3f] end is updated to 31
[   16.516018][   T73] pci 0003:30:00.0: BAR 14: assigned [mem 0xf3200000-0xf32fffff]
[   16.516709][   T73] pci 0003:30:00.0: BAR 6: assigned [mem 0xf3300000-0xf330ffff pref]
[   16.517429][   T73] pci 0003:30:00.0: BAR 13: assigned [io  0x1000-0x1fff]
[   16.518058][   T73] pci 0003:31:00.0: BAR 4: assigned [mem 0xf3200000-0xf3203fff 64bit]
[   16.518848][   T73] pci 0003:31:00.0: BAR 2: assigned [mem 0xf3204000-0xf3204fff 64bit]
[   16.519619][   T73] pci 0003:31:00.0: BAR 0: assigned [io  0x1000-0x10ff]
[   16.520249][   T73] pci 0003:30:00.0: PCI bridge to [bus 31]
[   16.520765][   T73] pci 0003:30:00.0:   bridge window [io  0x1000-0x1fff]
[   16.521383][   T73] pci 0003:30:00.0:   bridge window [mem 0xf3200000-0xf32fffff]
[   16.528250][   T73] pcieport 0003:30:00.0: PME: Signaling with IRQ 53
[   16.536279][   T73] pcieport 0003:30:00.0: AER: enabled with IRQ 54
[   16.588971][   T11] fan53555-regulator 0-0042: FAN53555 Option[10] Rev[1] Detected!
[   16.589297][  T268] ehci-platform fc880000.usb: EHCI Host Controller
[   16.590318][  T268] ehci-platform fc880000.usb: new USB bus registered, assigned bus number 1
[   16.590431][   T73] rk_gmac-dwmac fe1b0000.ethernet: IRQ eth_lpi not found
[   16.591246][  T268] ehci-platform fc880000.usb: irq 55, io mem 0xfc880000
[   16.591707][  T266] ohci-platform fc840000.usb: Generic Platform OHCI controller
[   16.592953][  T266] ohci-platform fc840000.usb: new USB bus registered, assigned bus number 2
[   16.593847][  T266] ohci-platform fc840000.usb: irq 56, io mem 0xfc840000
[   16.594773][   T73] rk_gmac-dwmac fe1b0000.ethernet: supply phy not found, using dummy regulator
[   16.595281][   T78] ehci-platform fc800000.usb: EHCI Host Controller
[   16.595710][   T73] rk_gmac-dwmac fe1b0000.ethernet: clock input or output? (output).
[   16.596103][   T78] ehci-platform fc800000.usb: new USB bus registered, assigned bus number 3
[   16.596111][  T264] fan53555-regulator 0-0043: FAN53555 Option[10] Rev[1] Detected!
[   16.596778][   T73] rk_gmac-dwmac fe1b0000.ethernet: TX delay(0x43).
[   16.597579][   T78] ehci-platform fc800000.usb: irq 57, io mem 0xfc800000
[   16.598185][   T73] rk_gmac-dwmac fe1b0000.ethernet: RX delay(0x0).
[   16.599930][   T73] rk_gmac-dwmac fe1b0000.ethernet: integrated PHY? (no).
[   16.604153][  T420] ohci-platform fc8c0000.usb: Generic Platform OHCI controller
[   16.604823][  T420] ohci-platform fc8c0000.usb: new USB bus registered, assigned bus number 4
[   16.605553][   T73] rk_gmac-dwmac fe1b0000.ethernet: init for RGMII_RXID
[   16.605682][  T420] ohci-platform fc8c0000.usb: irq 58, io mem 0xfc8c0000
[   16.609323][   T73] rk_gmac-dwmac fe1b0000.ethernet: User ID: 0x30, Synopsys ID: 0x51
[   16.610022][   T73] rk_gmac-dwmac fe1b0000.ethernet: 	DWMAC4/5
[   16.610538][   T73] rk_gmac-dwmac fe1b0000.ethernet: DMA HW capability register supported
[   16.611256][   T73] rk_gmac-dwmac fe1b0000.ethernet: RX Checksum Offload Engine supported
[   16.612002][   T73] rk_gmac-dwmac fe1b0000.ethernet: TX Checksum insertion supported
[   16.612167][  T268] ehci-platform fc880000.usb: USB 2.0 started, EHCI 1.00
[   16.612676][   T73] rk_gmac-dwmac fe1b0000.ethernet: Wake-Up On Lan supported
[   16.612680][   T73] rk_gmac-dwmac fe1b0000.ethernet: TSO supported
[   16.612682][   T73] rk_gmac-dwmac fe1b0000.ethernet: Enable RX Mitigation via HW Watchdog Timer
[   16.612789][  T338] ata1: SATA link down (SStatus 0 SControl 300)
[   16.613509][  T268] usb usb1: New USB device found, idVendor=1d6b, idProduct=0002, bcdDevice= 6.06
[   16.613930][   T73] rk_gmac-dwmac fe1b0000.ethernet: device MAC address 6a:28:09:70:e8:83
[   16.614448][  T268] usb usb1: New USB device strings: Mfr=3, Product=2, SerialNumber=1
[   16.615208][   T73] rk_gmac-dwmac fe1b0000.ethernet: Enabled L3L4 Flow TC (entries=2)
[   16.615212][   T73] rk_gmac-dwmac fe1b0000.ethernet: Enabled RFS Flow TC (entries=10)
[   16.615215][   T73] rk_gmac-dwmac fe1b0000.ethernet: TSO feature enabled
[   16.615218][   T73] rk_gmac-dwmac fe1b0000.ethernet: SPH feature enabled
[   16.615221][   T73] rk_gmac-dwmac fe1b0000.ethernet: Using 32/32 bits DMA host/device width
[   16.621421][  T268] usb usb1: Product: EHCI Host Controller
[   16.621958][  T268] usb usb1: Manufacturer: Linux 6.6.10-1-default ehci_hcd
[   16.622587][  T268] usb usb1: SerialNumber: fc880000.usb
[   16.625631][   T78] ehci-platform fc800000.usb: USB 2.0 started, EHCI 1.00
[   16.625744][  T268] hub 1-0:1.0: USB hub found
[   16.626709][  T268] hub 1-0:1.0: 1 port detected
[   16.629390][   T78] usb usb3: New USB device found, idVendor=1d6b, idProduct=0002, bcdDevice= 6.06
[   16.630210][   T78] usb usb3: New USB device strings: Mfr=3, Product=2, SerialNumber=1
[   16.630927][   T78] usb usb3: Product: EHCI Host Controller
[   16.631434][   T78] usb usb3: Manufacturer: Linux 6.6.10-1-default ehci_hcd
[   16.632099][   T78] usb usb3: SerialNumber: fc800000.usb
[   16.633116][   T78] hub 3-0:1.0: USB hub found
[   16.633527][   T78] hub 3-0:1.0: 1 port detected
[   16.655786][  T266] usb usb2: New USB device found, idVendor=1d6b, idProduct=0001, bcdDevice= 6.06
[   16.656588][  T266] usb usb2: New USB device strings: Mfr=3, Product=2, SerialNumber=1
[   16.657285][  T266] usb usb2: Product: Generic Platform OHCI controller
[   16.657868][  T266] usb usb2: Manufacturer: Linux 6.6.10-1-default ohci_hcd
[   16.658487][  T266] usb usb2: SerialNumber: fc840000.usb
[   16.659353][  T266] hub 2-0:1.0: USB hub found
[   16.659762][  T266] hub 2-0:1.0: 1 port detected
[   16.664394][  T238] mmcblk0: mmc0:0001 TX2932 29.1 GiB
[   16.665813][  T243] r8169 0003:31:00.0: enabling device (0000 -> 0003)
[   16.665820][  T420] usb usb4: New USB device found, idVendor=1d6b, idProduct=0001, bcdDevice= 6.06
[   16.665829][  T420] usb usb4: New USB device strings: Mfr=3, Product=2, SerialNumber=1
[   16.665834][  T420] usb usb4: Product: Generic Platform OHCI controller
[   16.668485][  T420] usb usb4: Manufacturer: Linux 6.6.10-1-default ohci_hcd
[   16.669098][  T420] usb usb4: SerialNumber: fc8c0000.usb
[   16.670100][  T420] hub 4-0:1.0: USB hub found
[   16.670523][  T420] hub 4-0:1.0: 1 port detected
[   16.676442][  T238]  mmcblk0: p1 p2 p3 p4 p5 p6 p7
[   16.688341][  T243] r8169 0003:31:00.0: can't read MAC address, setting random one
[   16.692765][  T238] mmcblk0boot0: mmc0:0001 TX2932 4.00 MiB
[   16.695928][  T238] mmcblk0boot1: mmc0:0001 TX2932 4.00 MiB
[   16.698625][  T238] mmcblk0rpmb: mmc0:0001 TX2932 4.00 MiB, chardev (236:0)
[   16.704405][  T243] r8169 0003:31:00.0 eth0: RTL8168h/8111h, 6e:a3:cd:f1:67:1a, XID 541, IRQ 59
[   16.705243][  T243] r8169 0003:31:00.0 eth0: jumbo features [frames: 9194 bytes, tx checksumming: ko]
[   16.719941][  T232] r8169 0003:31:00.0 enP3p49s0: renamed from eth0
[   16.875062][   T10] usb 1-1: new high-speed USB device number 2 using ehci-platform
ok
[   17.030117][   T10] usb 1-1: New USB device found, idVendor=048d, idProduct=1234, bcdDevice= 1.00
[   17.030946][   T10] usb 1-1: New USB device strings: Mfr=1, Product=2, SerialNumber=3
[   17.031655][   T10] usb 1-1: Product: UDisk           
[   17.032148][   T10] usb 1-1: Manufacturer: General 
[   17.032594][   T10] usb 1-1: SerialNumber: Р
[   17.049879][  T248] usb-storage 1-1:1.0: USB Mass Storage device detected
[   17.051646][  T248] scsi host1: usb-storage 1-1:1.0
[   17.052642][  T248] usbcore: registered new interface driver usb-storage
[   17.060533][  T248] usbcore: registered new interface driver uas
[   17.330695][  T481] RPC: Registered named UNIX socket transport module.
[   17.331293][  T481] RPC: Registered udp transport module.
[   17.331789][  T481] RPC: Registered tcp transport module.
[   17.332263][  T481] RPC: Registered tcp-with-tls transport module.
[   17.332806][  T481] RPC: Registered tcp NFSv4.1 backchannel transport module.
[   17.650836][  T462] random: crng init done
[   18.067200][  T266] scsi 1:0:0:0: Direct-Access     General  UDisk            5.00 PQ: 0 ANSI: 2
[   18.090966][  T266] sd 1:0:0:0: [sda] 61440000 512-byte logical blocks: (31.5 GB/29.3 GiB)
[   18.092501][  T266] sd 1:0:0:0: [sda] Write Protect is off
[   18.093951][  T266] sd 1:0:0:0: [sda] No Caching mode page found
[   18.094481][  T266] sd 1:0:0:0: [sda] Assuming drive cache: write through
[   18.150580][  T266]  sda: sda1 sda2
[   18.152217][  T266] sd 1:0:0:0: [sda] Attached SCSI removable disk
[   18.377169][  T513] No iBFT detected.
GLoading basic drivers...Loading basic drivers
 ok
Hardware detection
Starting hardware detection... ok
(If a driver is not working for you, try booting with brokenmodules=driver_name.)

ARM SATA controller
  drivers: ahci_dwc*
Activating usb devices... ok
General UDisk
  drivers: uas, usb_storage*
Realtek RTL8111/8168 PCI Express Gigabit Ethernet controller
  drivers: r8169*
ARM Ethernet controller
  drivers: dwmac_rk*
Loading Installation System (1/6) -            0%  1%  2%  3%  4%  5%  6%  7%  8%  9% 10% 11% 12% 13% 14% 15% 16% 17% 18% 19% 20% 21% 22% 23% 24% 25% 26% 27% 28% 29% 30% 31% 32% 33% 34% 35% 36% 37% 38% 39% 40% 41% 42% 43% 44% 45% 46% 47% 48% 49% 50% 51% 52% 53% 54% 55% 56% 57% 58% 59% 60% 61% 62% 63% 64% 65% 66% 67% 68% 69% 70% 71% 72% 73% 74% 75% 76% 77% 78% 79% 80% 81% 82% 83% 84% 85% 86% 87% 88% 89% 90% 91% 92% 93% 94% 95% 96% 97% 98% 99%100%
Loading Installation System (2/6) -            0%  1%  2%  3%  4%  5%  6%  7%  8%  9% 10% 11% 12% 13% 14% 15% 16% 17% 18% 19% 20% 21% 22% 23% 24% 25% 26% 27% 28% 29% 30% 31% 32% 33% 34% 35% 36% 37% 38% 39% 40% 41% 42% 43% 44% 45% 46% 47% 48% 49% 50% 51% 52% 53% 54% 55% 56% 57% 58% 59% 60% 61% 62% 63% 64% 65% 66% 67% 68% 69% 70% 71% 72% 73% 74% 75% 76% 77% 78% 79% 80% 81% 82% 83% 84% 85% 86% 87% 88% 89% 90% 91% 92% 93% 94% 95% 96% 97% 98% 99%100%
Loading Installation System (3/6) -            0%  1%  2%  3%  4%  5%  6%  7%  8%  9% 10% 11% 12% 13% 14% 15% 16% 17% 18% 19% 20% 21% 22% 23% 24% 25% 26% 27% 28% 29% 30% 31% 32% 33% 34% 35% 36% 37% 38% 39% 40% 41% 42% 43% 44% 45% 46% 47% 48% 49% 50% 51% 52% 53% 54% 55% 56% 57% 58% 59% 60% 61% 62% 63% 64% 65% 66% 67% 68% 69% 70% 71% 72% 73% 74% 75% 76% 77% 78% 79% 80% 81% 82% 83% 84% 85% 86% 87% 88% 89% 90% 91% 92% 93% 94% 95% 96% 97% 98% 99%100%
Loading Installation System (4/6) -            0%  1%  2%  3%  4%  5%  6%  7%  8%  9% 10% 11% 12% 13% 14% 15% 16% 17% 18% 19% 20% 21% 22% 23% 24% 25% 26% 27% 28% 29% 30% 31% 32% 33% 34% 35% 36% 37% 38% 39% 40% 41% 42% 43% 44% 45% 46% 47% 48% 49% 50% 51% 52% 53% 54% 55% 56% 57% 58% 59% 60% 61% 62% 63% 64% 65% 66% 67% 68% 69% 70% 71% 72% 73% 74% 75% 76% 77% 78% 79% 80% 81% 82% 83% 84% 85% 86% 87% 88% 89% 90% 91% 92% 93% 94% 95% 96% 97% 98% 99%100%
Loading Installation System (5/6) - missing (optional)
Loading Installation System (6/6) -           27% 54% 81%100%

your system time is not correct:
Thu Jan  1 00:01:22 UTC 1970
setting system time to:
Thu Jan 11 12:34:56 UTC 2024

hwclock: Cannot access the Hardware Clock via any known method.
hwclock: Use the --verbose option to see the details of our search for an access method.
starting rsyslogd (logging to /dev/tty4)... ok
starting klogd... ok
starting nscd... ok
starting yast...
Starting Installer
                                                                > hal.1: read hal data                                                                > misc.9: kernel log                                                                > misc.1: misc data                                                                > misc.1.1: open serial                                                                > misc.2.1: io                                                                > misc.2.2: dma                                                                > misc.2.3: irq                                                                > misc.3: FPU                                                                > misc.3.1: DMA                                                                > misc.3.2: PIC                                                                > misc.3.3: timer                                                                > misc.3.4: RTC                                                                > pci.1: sysfs drivers                                                                > pci.2: get sysfs pci data                                                                > pci.4: build list                                                                > pci.3: macio                                                                > pci.4: vio                                                                > pci.5: xen                                                                > pci.6: ps3                                                                > pci.7: platform                                                                > pci.8: of_platform                                                                > pci.9: vm                                                                > pci.10: virtio                                                                > pci.11: ibmebus                                                                > pci.12: uisvirtpci                                                                > pci.13: mmc                                                                > pci.14: sdio                                                                > pci.15: nd                                                                > pci.16: visorbus                                                                > pci.17: mdio                                                                > serial.1: read info                                                                > serial.2: build list                                                                > misc.5: misc data                                                                > usb.1: sysfs drivers                                                                > usb.2: usb                                                                > usb.3.1: joydev mod                                                                > usb.3.2: evdev mod                                                                > usb.3.3: input                                                                > usb.3.4: lp                                                                > usb.3.5: serial                                                                > int.2: cdrom                                                                > int.3: media                                                                > int.4: floppy                                                                > int.6: mouse                                                                > int.7: hdb                                                                > int.7.1: modules                                                                > int.8: usbscsi                                                                > int.9: hotplug                                                                > int.10: modem                                                                > int.11: wlan                                                                > int.12: udev                                                                > int.13: device names                                                                > int.16: parent                                                                                                                                > hal.1: read hal data                                                                > cpu.1: cpuinfo                                                                > hal.1: read hal data                                                                > misc.9: kernel log                                                                > misc.1: misc data                                                                > misc.2.1: io                                                                > misc.2.2: dma                                                                > misc.2.3: irq                                                                > misc.3: FPU                                                                > misc.3.1: DMA                                                                > misc.3.2: PIC                                                                > misc.3.3: timer                                                                > misc.3.4: RTC                                                                > pci.1: sysfs drivers                                                                > pci.2: get sysfs pci data                                                                > pci.4: build list                                                                > pci.3: macio                                                                > pci.4: vio                                                                > pci.5: xen                                                                > pci.6: ps3                                                                > pci.7: platform                                                                > pci.8: of_platform                                                                > pci.9: vm                                                                > pci.10: virtio                                                                > pci.11: ibmebus                                                                > pci.12: uisvirtpci                                                                > pci.13: mmc                                                                > pci.14: sdio                                                                > pci.15: nd                                                                > pci.16: visorbus                                                                > pci.17: mdio                                                                > misc.5: misc data                                                                > int.2: cdrom                                                                > int.3: media                                                                > int.4: floppy                                                                > int.6: mouse                                                                > int.7: hdb                                                                > int.7.1: modules                                                                > int.8: usbscsi                                                                > int.9: hotplug                                                                > int.10: modem                                                                > int.11: wlan                                                                > int.12: udev                                                                > int.13: device names                                                                > int.16: parent                                                                > hal.1: read hal data                                                                > misc.9: kernel log                                                                > misc.1: misc data                                                                > misc.2.1: io                                                                > misc.2.2: dma                                                                > misc.2.3: irq                                                                > misc.3: FPU                                                                > misc.3.1: DMA                                                                > misc.3.2: PIC                                                                > misc.3.3: timer                                                                > misc.3.4: RTC                                                                > cpu.1: cpuinfo                                                                > misc.5: misc data                                                                > usb.1: sysfs drivers                                                                > usb.2: usb                                                                > usb.3.1: joydev mod                                                                > usb.3.2: evdev mod                                                                > usb.3.3: input                                                                > usb.3.4: lp                                                                > usb.3.5: serial                                                                > input.1: joydev mod                                                                > input.1.1: evdev mod                                                                > input.2: input                                                                > kbd.2: uml                                                                > cpu.1: cpuinfo                                                                > kbd.3: serial console                                                                > int.2: cdrom                                                                > int.3: media                                                                > int.4: floppy                                                                > int.6: mouse                                                                > int.7: hdb                                                                > int.7.1: modules                                                                > int.8: usbscsi                                                                > int.9: hotplug                                                                > int.10: modem                                                                > int.11: wlan                                                                > int.12: udev                                                                > int.13: device names                                                                > int.16: parent                                                                Sampling every 5 s to /var/log/YaST2/memsample.zcat
*** Starting YaST ***
