0010f000-0010f0ff : 10f000.sram sram@10f000
00200000-00b05fff : System RAM
00b06000-00b20fff : reserved
00b21000-083fffff : System RAM
08400000-093fffff : reserved
09400000-ece77fff : System RAM
  abf10000-ad8effff : Kernel code
  ad8f0000-ae13ffff : reserved
  ae140000-ae5effff : Kernel data
  b0a30000-b0a48fff : reserved
  b0c3c000-b0c3cfff : reserved
  b0c3d000-b0c3dfff : reserved
  e8e4c000-ece69fff : reserved
  ece76000-ece76fff : reserved
ece78000-ece78fff : reserved
ece79000-ece7bfff : System RAM
ece7c000-ece7dfff : reserved
ece7e000-ece7efff : System RAM
ece7f000-ece9ffff : reserved
ecea0000-efecffff : System RAM
  ede00000-efdfffff : reserved
efed0000-efedffff : reserved
efee0000-efffffff : System RAM
fc800000-fc83ffff : fc800000.usb usb@fc800000
fc840000-fc87ffff : fc840000.usb usb@fc840000
fc880000-fc8bffff : fc880000.usb usb@fc880000
fc8c0000-fc8fffff : fc8c0000.usb usb@fc8c0000
fd600000-fd6fffff : fd600000.sram sram@fd600000
fd880000-fd880fff : fd880000.i2c i2c@fd880000
fd8a0000-fd8a00ff : fd8a0000.gpio gpio@fd8a0000
fd8b0020-fd8b002f : fd8b0020.pwm pwm@fd8b0020
fe2e0000-fe2effff : fe2e0000.mmc mmc@fe2e0000
fe600000-fe60ffff : GICD
fe680000-fe77ffff : GICR
fea10000-fea13fff : dma-controller@fea10000
  fea10000-fea13fff : fea10000.dma-controller dma-controller@fea10000
fea30000-fea33fff : dma-controller@fea30000
  fea30000-fea33fff : fea30000.dma-controller dma-controller@fea30000
feaa0000-feaa0fff : feaa0000.i2c i2c@feaa0000
feaf0000-feaf00ff : feaf0000.watchdog watchdog@feaf0000
feb20000-feb20fff : feb20000.spi spi@feb20000
feb50000-feb5001f : serial
fec20000-fec200ff : fec20000.gpio gpio@fec20000
fec30000-fec300ff : fec30000.gpio gpio@fec30000
fec40000-fec400ff : fec40000.gpio gpio@fec40000
fec50000-fec500ff : fec50000.gpio gpio@fec50000
fed10000-fed13fff : dma-controller@fed10000
  fed10000-fed13fff : fed10000.dma-controller dma-controller@fed10000
ff001000-ff0effff : ff001000.sram sram@ff001000
100000000-1ffffffff : System RAM
  10003c000-10003cfff : reserved
  1000a0000-1000affff : reserved
  1000b0000-1000bffff : reserved
  1000c0000-1000cffff : reserved
  1000d0000-1000dffff : reserved
  1000e0000-1000effff : reserved
  1000f0000-1000fffff : reserved
  100100000-10010ffff : reserved
  100110000-10011ffff : reserved
  100120000-10012ffff : reserved
  1f6600000-1fedfffff : reserved
  1fee7d000-1fef3cfff : reserved
  1fef3d000-1fef3dfff : reserved
  1fef3e000-1fefedfff : reserved
  1feff0000-1feff0fff : reserved
  1feff1000-1feff3fff : reserved
  1feff4000-1ff007fff : reserved
  1ff008000-1ffffffff : reserved
