DDR d5483af87d cym 23/11/23-16:15:24,fwver: v1.15
LPDDR4X, 2112MHz
channel[0] BW=16 Col=10 Bk=8 CS0 Row=16 CS1 Row=16 CS=2 Die BW=16 Size=2048MB
channel[1] BW=16 Col=10 Bk=8 CS0 Row=16 CS1 Row=16 CS=2 Die BW=16 Size=2048MB
channel[2] BW=16 Col=10 Bk=8 CS0 Row=16 CS1 Row=16 CS=2 Die BW=16 Size=2048MB
channel[3] BW=16 Col=10 Bk=8 CS0 Row=16 CS1 Row=16 CS=2 Die BW=16 Size=2048MB
Manufacturer ID:0x13
CH0 RX Vref:30.1%, TX Vref:19.8%,18.8%
CH1 RX Vref:33.0%, TX Vref:18.8%,18.8%
CH2 RX Vref:37.7%, TX Vref:18.8%,18.8%
CH3 RX Vref:36.9%, TX Vref:18.8%,18.8%
change to F1: 528MHz
change to F2: 1068MHz
change to F3: 1560MHz
change to F0: 2112MHz
out
U-Boot SPL board init
U-Boot SPL 2017.09-g82435751526-231214-dirty #zhangzj (Dec 14 2023 - 09:16:28)
unknown raw ID 0 0 0
unrecognized JEDEC id bytes: 00, 00, 00
Trying to boot from MMC2
MMC: no card present
mmc_init: -123, time 0
spl: mmc init failed with error: -123
Trying to boot from MMC1
SPL: A/B-slot: _a, successful: 0, tries-remain: 7
Trying fit image at 0x4000 sector
## Verified-boot: 0
## Checking atf-1 0x00040000 ... sha256(a7d1d8d191...) + OK
## Checking u-boot 0x00a00000 ... sha256(860c44efbf...) + OK
## Checking fdt-1 0x00b0ede0 ... sha256(a64644397b...) + OK
## Checking atf-2 0x000f0000 ... sha256(aa71013e72...) + OK
## Checking atf-3 0xff100000 ... sha256(4b2065349b...) + OK
## Checking tee-1 0x08400000 ... sha256(617eb0ee15...) + OK
Jumping to U-Boot(0x00a00000) via ARM Trusted Firmware(0x00040000)
Total: 97.127/267.476 ms

INFO:    Preloader serial: 2
NOTICE:  BL31: v2.3():v2.3-682-g4ca8a8422:derrick.huang, fwver: v1.45
NOTICE:  BL31: Built : 10:11:21, Dec 27 2023
INFO:    spec: 0x1
INFO:    code: 0x88
INFO:    ext 32k is not valid
INFO:    ddr: stride-en 4CH
INFO:    GICv3 without legacy support detected.
INFO:    ARM GICv3 driver initialized in EL3
INFO:    valid_cpu_msk=0xff bcore0_rst = 0x0, bcore1_rst = 0x0
INFO:    l3 cache partition cfg-0
INFO:    system boots from cpu-hwid-0
INFO:    disable memory repair
INFO:    idle_st=0x21fff, pd_st=0x11fff9, repair_st=0xfff70001
INFO:    dfs DDR fsp_params[0].freq_mhz= 2112MHz
INFO:    dfs DDR fsp_params[1].freq_mhz= 528MHz
INFO:    dfs DDR fsp_params[2].freq_mhz= 1068MHz
INFO:    dfs DDR fsp_params[3].freq_mhz= 1560MHz
INFO:    BL31: Initialising Exception Handling Framework
INFO:    BL31: Initializing runtime services
INFO:    BL31: Initializing BL32
I/TC: 
I/TC: OP-TEE version: 3.13.0-760-g540ade275 #zhangzj (gcc version 10.2.1 20201103 (GNU Toolchain for the A-profile Architecture 10.2-2020.11 (arm-10.16))) #3 Tue Dec  5 14:36:05 CST 2023 aarch64, fwver: null 
I/TC: OP-TEE memory: TEEOS 0x200000 TA 0xc00000 SHM 0x200000
I/TC: Primary CPU initializing
I/TC: Primary CPU switching to normal world boot
INFO:    BL31: Preparing for EL3 exit to normal world
INFO:    Entry point address = 0xa00000
INFO:    SPSR = 0x3c9


U-Boot 2024.01-rc5-g6aa243c3f8-dirty (Mar 18 2024 - 13:55:03 +0800)

Model: ArmSoM Sige7 Board
DRAM:  8 GiB (effective 7.7 GiB)
pcie_dw_rockchip pcie@fe180000: failed to get pcie phy (ret=-19)
pcie_dw_rockchip pcie@fe150000: PCIe-3 Link Fail
Core:  339 devices, 28 uclasses, devicetree: separate
MMC:   mmc@fe2c0000: 1, mmc@fe2d0000: 2, mmc@fe2e0000: 0
Loading Environment from MMC... OK
In:    serial@feb50000
Out:   serial@feb50000
Err:   serial@feb50000
Model: ArmSoM Sige7 Board
Net:   eth0: eth_rtl8169, eth1: eth_rtl8169
Hit any key to stop autoboot:  2  1  0 
Scanning for bootflows in all bootdevs
Seq  Method       State   Uclass    Part  Name                      Filename
---  -----------  ------  --------  ----  ------------------------  ----------------
Scanning global bootmeth 'efi_mgr':
Card did not respond to voltage select! : -110
Card did not respond to voltage select! : -110
Bus usb@fc800000: USB EHCI 1.00
Bus usb@fc840000: USB OHCI 1.0
Bus usb@fc880000: USB EHCI 1.00
Bus usb@fc8c0000: USB OHCI 1.0
scanning bus usb@fc800000 for devices... 1 USB Device(s) found
scanning bus usb@fc840000 for devices... 1 USB Device(s) found
scanning bus usb@fc880000 for devices... 2 USB Device(s) found
scanning bus usb@fc8c0000 for devices... 1 USB Device(s) found
Scanning bootdev 'usb_mass_storage.lun0.bootdev':
  0  efi          ready   usb_mass_    1  usb_mass_storage.lun0.boo efi/boot/bootaa64.efi
** Booting bootflow 'usb_mass_storage.lun0.bootdev.part_1' with efi
Booting /efi\boot\bootaa64.efi
Please press 't' to show the boot menu on this console
error: ../../grub-core/video/video.c:761:no suitable video mode found.
openSUSE Tumbleweed

вввввввв”Ђввввввввввввввввввввввввввввввввввввввввввввввввввввввввввввввввввввввввввввввввввввв”Ђввввввввввввввввввввввввввввввввввввввввввввввввввввввввввввввввввввввввввввввввввввввввввввввввввввввввввввввввввввввввввввввввввввввв”Ђвввввввввввввввввввввввввввввввввввввввввв”Ђвввввввввввввввввввввввввввввввв     Use the в and в keys to select which entry is highlighted.                                                              
      Press enter to boot the selected OS, `e' to edit the commands before booting or `c' for a command-line.                   Boot from Hard Disk                                                                                                            *Installation                                                                                                                    Upgrade                                                                                                                         More ...                                                                                                                                                                                                                                                                                                                                                                                                                                                                                                                                                                                                                                                                                                                                                                                                                                                                                                                                                                                                                                                                                                                                                                                                                                                                                                                                                                                                                                                                                                                                                                                                                                                                                                                                                                                                                                                                                                                                                                                                                                                                                                                                                                                                                                                                                                                                                                                           The highlighted entry will be executed automatically in 60s.                                                                                                                                                                                                                                                                                                                                          openSUSE Tumbleweed

ввввввввввввввввввввввв”Ђввввввввввввввввввввввввввввввввввввввввввввввввввввввввввввввввввввввввввввввввввввв”Ђвввввввввввввввввввввввввввв”‚ввввввввввв”‚ввввввввввввввввввввввв”‚ввввввввввввввввввввввввввввввввввввввввввввввввввввввввввввввввввввввввв”Ђвввввввввввввввввввввввввввввввввввввввввв”Ђввввввввввввввввв     Minimum Emacs-like screen editing is supported. TAB lists completions. Press Ctrl-x or F10 to boot, Ctrl-c or F2 for a  
      command-line or ESC to discard edits and return to the GRUB menu.                                                       setparams 'Installation'                                                                                                                                                                                                                                          set gfxpayload=keep                                                                                                             echo 'Loading kernel ...'                                                                                                       linux /boot/aarch64/linux splash=silent                                                                                         echo 'Loading initial ramdisk ...'                                                                                              initrd /boot/aarch64/initrd                                                                                                                                                                                                                                                                                                                                                                                                                                                                                                                                                                                                                                                                                                                                                                                                                                                                                                                                                                                                                                                                                                                                                                                                                                                                                                                                                                                                                                                                                                                                                                                                                                                                                                                                                                                                                                                                                                                                                                       linux /boot/aarch64/linux splash=silen                                                                                          linux /boot/aarch64/linux splash=sile                                                                                           linux /boot/aarch64/linux splash=sil                                                                                            linux /boot/aarch64/linux splash=si                                                                                             linux /boot/aarch64/linux splash=s                                                                                              linux /boot/aarch64/linux splash=                                                                                               linux /boot/aarch64/linux splash                                                                                                linux /boot/aarch64/linux splas                                                                                                 linux /boot/aarch64/linux spla                                                                                                  linux /boot/aarch64/linux spl                                                                                                   linux /boot/aarch64/linux sp                                                                                                    linux /boot/aarch64/linux s                                                                                                     linux /boot/aarch64/linux                                                                                                       linux /boot/aarch64/linux                                                                                                       Booting a command list

Loading kernel ...
Loading initial ramdisk ...
EFI stub: Booting Linux Kernel...
EFI stub: EFI_RNG_PROTOCOL unavailable
EFI stub: Using DTB from configuration table
EFI stub: Exiting boot services...
I/TC: Secondary CPU 1 initializing
I/TC: Secondary CPU 1 switching to normal world boot
I/TC: Secondary CPU 2 initializing
I/TC: Secondary CPU 2 switching to normal world boot
I/TC: Secondary CPU 3 initializing
I/TC: Secondary CPU 3 switching to normal world boot
I/TC: Secondary CPU 4 initializing
I/TC: Secondary CPU 4 switching to normal world boot
I/TC: Secondary CPU 5 initializing
I/TC: Secondary CPU 5 switching to normal world boot
I/TC: Secondary CPU 6 initializing
I/TC: Secondary CPU 6 switching to normal world boot
I/TC: Secondary CPU 7 initializing
I/TC: Secondary CPU 7 switching to normal world boot
[    0.000000][    T0] Booting Linux on physical CPU 0x0000000000 [0x412fd050]
[    0.000000][    T0] Linux version 6.6.10-1-default (geeko@buildhost) (gcc (SUSE Linux) 13.2.1 20231130 [revision 741743c028dc00f27b9c8b1d5211c1f602f2fddd], GNU ld (GNU Binutils; openSUSE Tumbleweed) 2.41.0.20230908-1) #1 SMP PREEMPT_DYNAMIC Mon Jan  8 08:58:39 UTC 2024 (e04388e)
[    0.000000][    T0] KASLR disabled due to lack of seed
[    0.000000][    T0] Machine model: ArmSoM Sige7 Board
[    0.000000][    T0] efi: EFI v2.10 by Das U-Boot
[    0.000000][    T0] efi: ESRT=0xece6a040 RTPROP=0xece6c040 SMBIOS=0xece93000 MOKvar=0xecd5e000 MEMRESERVE=0xec8f1040 
[    0.000000][    T0] esrt: Reserving ESRT space from 0x00000000ece6a040 to 0x00000000ece6a078.
[    0.000000][    T0] OF: reserved mem: 0x0000000008400000..0x00000000093fffff (16384 KiB) nomap non-reusable optee@8400000
[    0.000000][    T0] OF: reserved mem: 0x00000003fc000000..0x00000003fc4fffff (5120 KiB) nomap non-reusable gap1@3,fc000000
[    0.000000][    T0] OF: reserved mem: 0x00000003fff00000..0x00000003ffffffff (1024 KiB) nomap non-reusable gap2@3,fff00000
[    0.000000][    T0] NUMA: No NUMA configuration found
[    0.000000][    T0] NUMA: Faking a node at [mem 0x0000000000200000-0x00000001ffffffff]
[    0.000000][    T0] NUMA: NODE_DATA [mem 0x1feffaac0-0x1feffffff]
[    0.000000][    T0] Zone ranges:
[    0.000000][    T0]   DMA      [mem 0x0000000000200000-0x00000000ffffffff]
[    0.000000][    T0]   DMA32    empty
[    0.000000][    T0]   Normal   [mem 0x0000000100000000-0x00000001ffffffff]
[    0.000000][    T0]   Device   empty
[    0.000000][    T0] Movable zone start for each node
[    0.000000][    T0] Early memory node ranges
[    0.000000][    T0]   node   0: [mem 0x0000000000200000-0x0000000000b0dfff]
[    0.000000][    T0]   node   0: [mem 0x0000000000b0e000-0x0000000000b28fff]
[    0.000000][    T0]   node   0: [mem 0x0000000000b29000-0x00000000083fffff]
[    0.000000][    T0]   node   0: [mem 0x0000000008400000-0x00000000093fffff]
[    0.000000][    T0]   node   0: [mem 0x0000000009400000-0x00000000ecd5dfff]
[    0.000000][    T0]   node   0: [mem 0x00000000ecd5e000-0x00000000ecd5efff]
[    0.000000][    T0]   node   0: [mem 0x00000000ecd5f000-0x00000000ece6bfff]
[    0.000000][    T0]   node   0: [mem 0x00000000ece6c000-0x00000000ece6cfff]
[    0.000000][    T0]   node   0: [mem 0x00000000ece6d000-0x00000000ece6ffff]
[    0.000000][    T0]   node   0: [mem 0x00000000ece70000-0x00000000ece71fff]
[    0.000000][    T0]   node   0: [mem 0x00000000ece72000-0x00000000ece72fff]
[    0.000000][    T0]   node   0: [mem 0x00000000ece73000-0x00000000ece93fff]
[    0.000000][    T0]   node   0: [mem 0x00000000ece94000-0x00000000efebffff]
[    0.000000][    T0]   node   0: [mem 0x00000000efec0000-0x00000000efecffff]
[    0.000000][    T0]   node   0: [mem 0x00000000efed0000-0x00000000efffffff]
[    0.000000][    T0]   node   0: [mem 0x0000000100000000-0x00000001ffffffff]
[    0.000000][    T0] Initmem setup node 0 [mem 0x0000000000200000-0x00000001ffffffff]
[    0.000000][    T0] On node 0, zone DMA: 512 pages in unavailable ranges
[    0.000000][    T0] psci: probing for conduit method from DT.
[    0.000000][    T0] psci: PSCIv1.1 detected in firmware.
[    0.000000][    T0] psci: Using standard PSCI v0.2 function IDs
[    0.000000][    T0] psci: Trusted OS migration not required
[    0.000000][    T0] psci: SMC Calling Convention v1.2
[    0.000000][    T0] percpu: Embedded 32 pages/cpu s93864 r8192 d29016 u131072
[    0.000000][    T0] Detected VIPT I-cache on CPU0
[    0.000000][    T0] CPU features: detected: GIC system register CPU interface
[    0.000000][    T0] CPU features: detected: Virtualization Host Extensions
[    0.000000][    T0] CPU features: detected: Qualcomm erratum 1009, or ARM erratum 1286807, 2441009
[    0.000000][    T0] CPU features: detected: ARM errata 1165522, 1319367, or 1530923
[    0.000000][    T0] alternatives: applying boot alternatives
[    0.000000][    T0] Kernel command line: BOOT_IMAGE=/boot/aarch64/linux
[    0.000000][    T0] Unknown kernel command line parameters "BOOT_IMAGE=/boot/aarch64/linux", will be passed to user space.
[    0.000000][    T0] printk: log_buf_len individual max cpu contribution: 32768 bytes
[    0.000000][    T0] printk: log_buf_len total cpu_extra contributions: 229376 bytes
[    0.000000][    T0] printk: log_buf_len min size: 262144 bytes
[    0.000000][    T0] printk: log_buf_len: 524288 bytes
[    0.000000][    T0] printk: early log buf free: 258296(98%)
[    0.000000][    T0] Dentry cache hash table entries: 1048576 (order: 11, 8388608 bytes, linear)
[    0.000000][    T0] Inode-cache hash table entries: 524288 (order: 10, 4194304 bytes, linear)
[    0.000000][    T0] Fallback order for Node 0: 0 
[    0.000000][    T0] Built 1 zonelists, mobility grouping on.  Total pages: 1999368
[    0.000000][    T0] Policy zone: Normal
[    0.000000][    T0] mem auto-init: stack:off, heap alloc:off, heap free:off
[    0.000000][    T0] software IO TLB: area num 8.
[    0.000000][    T0] software IO TLB: mapped [mem 0x00000000e88f1000-0x00000000ec8f1000] (64MB)
[    0.000000][    T0] Memory: 3738828K/8124416K available (15040K kernel code, 3540K rwdata, 15132K rodata, 10752K init, 1173K bss, 482272K reserved, 0K cma-reserved)
[    0.000000][    T0] SLUB: HWalign=64, Order=0-3, MinObjects=0, CPUs=8, Nodes=1
[    0.000000][    T0] ftrace: allocating 50631 entries in 198 pages
[    0.000000][    T0] ftrace: allocated 198 pages with 4 groups
[    0.000000][    T0] trace event string verifier disabled
[    0.000000][    T0] Dynamic Preempt: voluntary
[    0.000000][    T0] rcu: Preemptible hierarchical RCU implementation.
[    0.000000][    T0] rcu: 	RCU event tracing is enabled.
[    0.000000][    T0] rcu: 	RCU restricting CPUs from NR_CPUS=480 to nr_cpu_ids=8.
[    0.000000][    T0] 	Trampoline variant of Tasks RCU enabled.
[    0.000000][    T0] 	Rude variant of Tasks RCU enabled.
[    0.000000][    T0] 	Tracing variant of Tasks RCU enabled.
[    0.000000][    T0] rcu: RCU calculated value of scheduler-enlistment delay is 30 jiffies.
[    0.000000][    T0] rcu: Adjusting geometry for rcu_fanout_leaf=16, nr_cpu_ids=8
[    0.000000][    T0] NR_IRQS: 64, nr_irqs: 64, preallocated irqs: 0
[    0.000000][    T0] GICv3: GIC: Using split EOI/Deactivate mode
[    0.000000][    T0] GICv3: 480 SPIs implemented
[    0.000000][    T0] GICv3: 0 Extended SPIs implemented
[    0.000000][    T0] GICv3: MBI range [424:479]
[    0.000000][    T0] GICv3: Using MBI frame 0x00000000fe610000
[    0.000000][    T0] Root IRQ handler: gic_handle_irq
[    0.000000][    T0] GICv3: GICv3 features: 16 PPIs
[    0.000000][    T0] GICv3: CPU0: found redistributor 0 region 0:0x00000000fe680000
[    0.000000][    T0] ITS [mem 0xfe640000-0xfe65ffff]
[    0.000000][    T0] GIC: enabling workaround for ITS: Rockchip erratum RK3588001
[    0.000000][    T0] ITS@0x00000000fe640000: allocated 8192 Devices @1001e0000 (indirect, esz 8, psz 64K, shr 0)
[    0.000000][    T0] ITS@0x00000000fe640000: allocated 32768 Interrupt Collections @1001f0000 (flat, esz 2, psz 64K, shr 0)
[    0.000000][    T0] ITS: using cache flushing for cmd queue
[    0.000000][    T0] ITS [mem 0xfe660000-0xfe67ffff]
[    0.000000][    T0] GIC: enabling workaround for ITS: Rockchip erratum RK3588001
[    0.000000][    T0] ITS@0x00000000fe660000: allocated 8192 Devices @100210000 (indirect, esz 8, psz 64K, shr 0)
[    0.000000][    T0] ITS@0x00000000fe660000: allocated 32768 Interrupt Collections @100220000 (flat, esz 2, psz 64K, shr 0)
[    0.000000][    T0] ITS: using cache flushing for cmd queue
[    0.000000][    T0] GICv3: using LPI property table @0x0000000100230000
[    0.000000][    T0] GIC: using cache flushing for LPI property table
[    0.000000][    T0] GICv3: CPU0: using allocated LPI pending table @0x0000000100240000
[    0.000000][    T0] GICv3: GIC: PPI partition interrupt-partition-0[0] { /cpus/cpu@0[0] /cpus/cpu@100[1] /cpus/cpu@200[2] /cpus/cpu@300[3] }
[    0.000000][    T0] GICv3: GIC: PPI partition interrupt-partition-1[1] { /cpus/cpu@400[4] /cpus/cpu@500[5] /cpus/cpu@600[6] /cpus/cpu@700[7] }
[    0.000000][    T0] rcu: srcu_init: Setting srcu_struct sizes based on contention.
[    0.000000][    T0] arch_timer: cp15 timer(s) running at 24.00MHz (phys).
[    0.000000][    T0] clocksource: arch_sys_counter: mask: 0xffffffffffffff max_cycles: 0x588fe9dc0, max_idle_ns: 440795202592 ns
[    0.000000][    T0] sched_clock: 56 bits at 24MHz, resolution 41ns, wraps every 4398046511097ns
[    0.004042][    T0] Console: colour dummy device 80x25
[    0.004056][    T0] printk: console [tty0] enabled
[    0.007618][    T0] Calibrating delay loop (skipped), value calculated using timer frequency.. 48.00 BogoMIPS (lpj=80000)
[    0.007659][    T0] pid_max: default: 32768 minimum: 301
[    0.011674][    T0] LSM: initializing lsm=lockdown,capability,landlock,yama,apparmor,tomoyo,bpf,integrity
[    0.011755][    T0] landlock: Up and running.
[    0.011772][    T0] Yama: becoming mindful.
[    0.011902][    T0] AppArmor: AppArmor initialized
[    0.011929][    T0] TOMOYO Linux initialized
[    0.011975][    T0] LSM support for eBPF active
[    0.013547][    T0] Mount-cache hash table entries: 16384 (order: 5, 131072 bytes, linear)
[    0.013600][    T0] Mountpoint-cache hash table entries: 16384 (order: 5, 131072 bytes, linear)
[    0.019860][    T1] RCU Tasks: Setting shift to 3 and lim to 1 rcu_task_cb_adjust=1.
[    0.020030][    T1] RCU Tasks Rude: Setting shift to 3 and lim to 1 rcu_task_cb_adjust=1.
[    0.020176][    T1] RCU Tasks Trace: Setting shift to 3 and lim to 1 rcu_task_cb_adjust=1.
[    0.020528][    T1] rcu: Hierarchical SRCU implementation.
[    0.020553][    T1] rcu: 	Max phase no-delay instances is 1000.
[    0.021973][    T1] Platform MSI: msi-controller@fe640000 domain created
[    0.022018][    T1] Platform MSI: msi-controller@fe660000 domain created
[    0.022263][    T1] PCI/MSI: /interrupt-controller@fe600000/msi-controller@fe640000 domain created
[    0.022318][    T1] PCI/MSI: /interrupt-controller@fe600000/msi-controller@fe660000 domain created
[    0.022562][    T1] fsl-mc MSI: msi-controller@fe640000 domain created
[    0.022604][    T1] fsl-mc MSI: msi-controller@fe660000 domain created
[    0.028786][    T1] Remapping and enabling EFI services.
[    0.029532][    T1] smp: Bringing up secondary CPUs ...
[    0.031066][    T0] Detected VIPT I-cache on CPU1
[    0.031142][    T0] GICv3: CPU1: found redistributor 100 region 0:0x00000000fe6a0000
[    0.031158][    T0] GICv3: CPU1: using allocated LPI pending table @0x0000000100250000
[    0.031209][    T0] CPU1: Booted secondary processor 0x0000000100 [0x412fd050]
[    0.032956][    T0] Detected VIPT I-cache on CPU2
[    0.033024][    T0] GICv3: CPU2: found redistributor 200 region 0:0x00000000fe6c0000
[    0.033038][    T0] GICv3: CPU2: using allocated LPI pending table @0x0000000100260000
[    0.033085][    T0] CPU2: Booted secondary processor 0x0000000200 [0x412fd050]
[    0.034706][    T0] Detected VIPT I-cache on CPU3
[    0.034776][    T0] GICv3: CPU3: found redistributor 300 region 0:0x00000000fe6e0000
[    0.034790][    T0] GICv3: CPU3: using allocated LPI pending table @0x0000000100270000
[    0.034835][    T0] CPU3: Booted secondary processor 0x0000000300 [0x412fd050]
[    0.036450][    T0] CPU features: detected: Spectre-v4
[    0.036456][    T0] CPU features: detected: Spectre-BHB
[    0.036462][    T0] Detected PIPT I-cache on CPU4
[    0.036504][    T0] GICv3: CPU4: found redistributor 400 region 0:0x00000000fe700000
[    0.036514][    T0] GICv3: CPU4: using allocated LPI pending table @0x0000000100280000
[    0.036542][    T0] CPU4: Booted secondary processor 0x0000000400 [0x414fd0b0]
[    0.038054][    T0] Detected PIPT I-cache on CPU5
[    0.038107][    T0] GICv3: CPU5: found redistributor 500 region 0:0x00000000fe720000
[    0.038116][    T0] GICv3: CPU5: using allocated LPI pending table @0x0000000100290000
[    0.038145][    T0] CPU5: Booted secondary processor 0x0000000500 [0x414fd0b0]
[    0.039712][    T0] Detected PIPT I-cache on CPU6
[    0.039762][    T0] GICv3: CPU6: found redistributor 600 region 0:0x00000000fe740000
[    0.039771][    T0] GICv3: CPU6: using allocated LPI pending table @0x00000001002a0000
[    0.039800][    T0] CPU6: Booted secondary processor 0x0000000600 [0x414fd0b0]
[    0.041342][    T0] Detected PIPT I-cache on CPU7
[    0.041393][    T0] GICv3: CPU7: found redistributor 700 region 0:0x00000000fe760000
[    0.041402][    T0] GICv3: CPU7: using allocated LPI pending table @0x00000001002b0000
[    0.041432][    T0] CPU7: Booted secondary processor 0x0000000700 [0x414fd0b0]
[    0.041547][    T1] smp: Brought up 1 node, 8 CPUs
[    0.042016][    T1] SMP: Total of 8 processors activated.
[    0.042035][    T1] CPU features: detected: 32-bit EL0 Support
[    0.042053][    T1] CPU features: detected: Data cache clean to the PoU not required for I/D coherence
[    0.042078][    T1] CPU features: detected: Common not Private translations
[    0.042096][    T1] CPU features: detected: CRC32 instructions
[    0.042113][    T1] CPU features: detected: Data cache clean to Point of Persistence
[    0.042137][    T1] CPU features: detected: RCpc load-acquire (LDAPR)
[    0.042155][    T1] CPU features: detected: LSE atomic instructions
[    0.042172][    T1] CPU features: detected: Privileged Access Never
[    0.042190][    T1] CPU features: detected: RAS Extension Support
[    0.042209][    T1] CPU features: detected: Speculative Store Bypassing Safe (SSBS)
[    0.042451][    T1] CPU: All CPU(s) started at EL2
[    0.042475][    T1] alternatives: applying system-wide alternatives
[    0.085484][   T56] node 0 deferred pages initialised in 37ms
[    0.088478][    T1] devtmpfs: initialized
[    0.114641][    T1] clocksource: jiffies: mask: 0xffffffff max_cycles: 0xffffffff, max_idle_ns: 6370867519511994 ns
[    0.114688][    T1] futex hash table entries: 2048 (order: 5, 131072 bytes, linear)
[    0.115840][    T1] pinctrl core: initialized pinctrl subsystem
[    0.119898][    T1] SMBIOS 3.0 present.
[    0.119942][    T1] DMI: Unknown Unknown Product/Unknown Product, BIOS 2024.01-rc5-g6aa243c3f8-dirty 01/01/2024
[    0.121548][    T1] NET: Registered PF_NETLINK/PF_ROUTE protocol family
[    0.122719][    T1] DMA: preallocated 1024 KiB GFP_KERNEL pool for atomic allocations
[    0.122884][    T1] DMA: preallocated 1024 KiB GFP_KERNEL|GFP_DMA pool for atomic allocations
[    0.123039][    T1] DMA: preallocated 1024 KiB GFP_KERNEL|GFP_DMA32 pool for atomic allocations
[    0.124338][    T1] audit: initializing netlink subsys (disabled)
[    0.124575][   T60] audit: type=2000 audit(0.116:1): state=initialized audit_enabled=0 res=1
[    0.126124][    T1] thermal_sys: Registered thermal governor 'fair_share'
[    0.126135][    T1] thermal_sys: Registered thermal governor 'bang_bang'
[    0.126162][    T1] thermal_sys: Registered thermal governor 'step_wise'
[    0.126181][    T1] thermal_sys: Registered thermal governor 'user_space'
[    0.126261][    T1] cpuidle: using governor ladder
[    0.126321][    T1] cpuidle: using governor menu
[    0.126486][    T1] hw-breakpoint: found 6 breakpoint and 4 watchpoint registers.
[    0.126726][    T1] ASID allocator initialised with 65536 entries
[    0.130345][    T1] Serial: AMBA PL011 UART driver
[    0.168570][    T1] Modules: 21296 pages in range for non-PLT usage
[    0.168575][    T1] Modules: 512816 pages in range for PLT usage
[    0.169732][    T1] HugeTLB: registered 1.00 GiB page size, pre-allocated 0 pages
[    0.169753][    T1] HugeTLB: 0 KiB vmemmap can be freed for a 1.00 GiB page
[    0.169762][    T1] HugeTLB: registered 32.0 MiB page size, pre-allocated 0 pages
[    0.169770][    T1] HugeTLB: 0 KiB vmemmap can be freed for a 32.0 MiB page
[    0.169778][    T1] HugeTLB: registered 2.00 MiB page size, pre-allocated 0 pages
[    0.169786][    T1] HugeTLB: 0 KiB vmemmap can be freed for a 2.00 MiB page
[    0.169793][    T1] HugeTLB: registered 64.0 KiB page size, pre-allocated 0 pages
[    0.169801][    T1] HugeTLB: 0 KiB vmemmap can be freed for a 64.0 KiB page
[    0.172327][    T1] ACPI: Interpreter disabled.
[    0.173188][    T1] iommu: Default domain type: Translated
[    0.173205][    T1] iommu: DMA domain TLB invalidation policy: strict mode
[    0.173680][    T1] pps_core: LinuxPPS API ver. 1 registered
[    0.173689][    T1] pps_core: Software ver. 5.3.6 - Copyright 2005-2007 Rodolfo Giometti <giometti@linux.it>
[    0.173709][    T1] PTP clock support registered
[    0.173805][    T1] EDAC MC: Ver: 3.0.0
[    0.174240][    T1] scmi_core: SCMI protocol bus registered
[    0.174619][    T1] efivars: Registered efivars operations
[    0.174739][    T1] ima: secureboot mode disabled
[    0.175676][    T1] NetLabel: Initializing
[    0.175685][    T1] NetLabel:  domain hash size = 128
[    0.175691][    T1] NetLabel:  protocols = UNLABELED CIPSOv4 CALIPSO
[    0.175744][    T1] NetLabel:  unlabeled traffic allowed by default
[    0.175758][    T1] mctp: management component transport protocol core
[    0.175765][    T1] NET: Registered PF_MCTP protocol family
[    0.176052][    T1] vgaarb: loaded
[    0.176343][    T1] clocksource: Switched to clocksource arch_sys_counter
[    0.177831][    T1] VFS: Disk quotas dquot_6.6.0
[    0.177989][    T1] VFS: Dquot-cache hash table entries: 512 (order 0, 4096 bytes)
[    0.178462][    T1] AppArmor: AppArmor Filesystem Enabled
[    0.178501][    T1] pnp: PnP ACPI: disabled
[    0.185510][    T1] NET: Registered PF_INET protocol family
[    0.185701][    T1] IP idents hash table entries: 131072 (order: 8, 1048576 bytes, linear)
[    0.190857][    T1] tcp_listen_portaddr_hash hash table entries: 4096 (order: 4, 65536 bytes, linear)
[    0.190935][    T1] Table-perturb hash table entries: 65536 (order: 6, 262144 bytes, linear)
[    0.190968][    T1] TCP established hash table entries: 65536 (order: 7, 524288 bytes, linear)
[    0.191469][    T1] TCP bind hash table entries: 65536 (order: 9, 2097152 bytes, linear)
[    0.193365][    T1] TCP: Hash tables configured (established 65536 bind 65536)
[    0.193680][    T1] MPTCP token hash table entries: 8192 (order: 5, 196608 bytes, linear)
[    0.193823][    T1] UDP hash table entries: 4096 (order: 5, 131072 bytes, linear)
[    0.194010][    T1] UDP-Lite hash table entries: 4096 (order: 5, 131072 bytes, linear)
[    0.194483][    T1] NET: Registered PF_UNIX/PF_LOCAL protocol family
[    0.194509][    T1] NET: Registered PF_XDP protocol family
[    0.194519][    T1] PCI: CLS 0 bytes, default 64
[    0.194981][   T73] Trying to unpack rootfs image as initramfs...
[    0.196811][    T1] kvm [1]: IPA Size Limit: 40 bits
[    0.196839][    T1] kvm [1]: GICv3: no GICV resource entry
[    0.196847][    T1] kvm [1]: disabling GICv2 emulation
[    0.196867][    T1] kvm [1]: GIC system register CPU interface enabled
[    0.196885][    T1] kvm [1]: vgic interrupt IRQ18
[    0.196912][    T1] kvm [1]: VHE mode initialized successfully
[    0.197330][    T1] debugfs: File ':interrupt-controller@fe600000' in directory 'domains' already present!
[    0.197344][    T1] debugfs: File ':interrupt-controller@fe600000' in directory 'domains' already present!
[    0.197353][    T1] debugfs: File ':interrupt-controller@fe600000' in directory 'domains' already present!
[    0.197363][    T1] debugfs: File ':interrupt-controller@fe600000' in directory 'domains' already present!
[    0.197372][    T1] debugfs: File ':interrupt-controller@fe600000' in directory 'domains' already present!
[    0.197382][    T1] debugfs: File ':interrupt-controller@fe600000' in directory 'domains' already present!
[    0.197391][    T1] debugfs: File ':interrupt-controller@fe600000' in directory 'domains' already present!
[    0.197400][    T1] debugfs: File ':interrupt-controller@fe600000' in directory 'domains' already present!
[    0.197410][    T1] debugfs: File ':interrupt-controller@fe600000' in directory 'domains' already present!
[    0.197419][    T1] debugfs: File ':interrupt-controller@fe600000' in directory 'domains' already present!
[    0.197428][    T1] debugfs: File ':interrupt-controller@fe600000' in directory 'domains' already present!
[    0.197437][    T1] debugfs: File ':interrupt-controller@fe600000' in directory 'domains' already present!
[    0.197446][    T1] debugfs: File ':interrupt-controller@fe600000' in directory 'domains' already present!
[    0.197456][    T1] debugfs: File ':interrupt-controller@fe600000' in directory 'domains' already present!
[    0.197465][    T1] debugfs: File ':interrupt-controller@fe600000' in directory 'domains' already present!
[    0.202397][    T1] Initialise system trusted keyrings
[    0.202427][    T1] Key type blacklist registered
[    0.202553][    T1] workingset: timestamp_bits=40 max_order=21 bucket_order=0
[    0.202601][    T1] zbud: loaded
[    0.204178][    T1] integrity: Platform Keyring initialized
[    0.204201][    T1] integrity: Machine keyring initialized
[    0.223901][    T1] jitterentropy: Initialization failed with host not compliant with requirements: 9
[    0.223914][    T1] Key type asymmetric registered
[    0.223920][    T1] Asymmetric key parser 'x509' registered
[    6.282644][   T73] Freeing initrd memory: 193980K
[    6.286978][    T1] Block layer SCSI generic (bsg) driver version 0.4 loaded (major 245)
[    6.287122][    T1] io scheduler mq-deadline registered
[    6.287130][    T1] io scheduler kyber registered
[    6.287261][    T1] io scheduler bfq registered
[    6.296709][    T1] shpchp: Standard Hot Plug PCI Controller Driver version: 0.4
[    6.313103][    T1] Serial: 8250/16550 driver, 32 ports, IRQ sharing enabled
[    6.319572][    T1] feb50000.serial: ttyS2 at MMIO 0xfeb50000 (irq = 26, base_baud = 1500000) is a 16550A
[    6.319716][    T1] printk: console [ttyS2] enabled
[    6.489299][    T1] feb90000.serial: ttyS0 at MMIO 0xfeb90000 (irq = 27, base_baud = 1500000) is a 16550A
[    6.490894][    T1] Serial: AMBA driver
[    6.491404][    T1] SuperH (H)SCI(F) driver initialized
[    6.492348][    T1] msm_serial: driver initialized
[    6.497108][    T1] mousedev: PS/2 mouse device common for all mice
[    6.500493][    T1] ledtrig-cpu: registered to indicate activity on CPUs
[    6.501330][    T1] scmi_protocol scmi_dev.1: Enabled polling mode TX channel - prot_id:16
[    6.502206][    T1] arm-scmi firmware:scmi: SCMI Notifications - Core Enabled.
[    6.502872][    T1] arm-scmi firmware:scmi: SCMI Protocol v2.0 'rockchip:' Firmware version 0x0
[    6.509362][    T1] SMCCC: SOC_ID: ARCH_SOC_ID not implemented, skipping ....
[    6.510240][    T1] hid: raw HID events driver (C) Jiri Kosina
[    6.512911][    T1] hw perfevents: enabled with armv8_cortex_a55 PMU driver, 7 counters available
[    6.514920][    T1] hw perfevents: enabled with armv8_cortex_a76 PMU driver, 7 counters available
[    6.516114][   T83] watchdog: Delayed init of the lockup detector failed: -19
[    6.516758][   T83] watchdog: Hard watchdog permanently disabled
[    6.518633][    T1] drop_monitor: Initializing network drop monitor service
[    6.558353][    T1] NET: Registered PF_INET6 protocol family
[    6.564086][    T1] Segment Routing with IPv6
[    6.564483][    T1] RPL Segment Routing with IPv6
[    6.564932][    T1] In-situ OAM (IOAM) with IPv6
[    6.569342][    T1] registered taskstats version 1
[    6.571197][    T1] Loading compiled-in X.509 certificates
[    6.571762][    T1] Loaded X.509 cert 'openSUSE Secure Boot Signkey: fd9f2c12e599d67cc7f9067541adf426b712469e'
[    6.577365][    T1] page_owner is disabled
[    6.578211][    T1] Key type .fscrypt registered
[    6.578620][    T1] Key type fscrypt-provisioning registered
[    6.582883][    T1] Key type encrypted registered
[    6.583331][    T1] AppArmor: AppArmor sha1 policy hashing enabled
[    6.584052][    T1] ima: No TPM chip found, activating TPM-bypass!
[    6.584607][    T1] Loading compiled-in module X.509 certificates
[    6.585218][    T1] Loaded X.509 cert 'openSUSE Secure Boot Signkey: fd9f2c12e599d67cc7f9067541adf426b712469e'
[    6.586096][    T1] ima: Allocated hash algorithm: sha256
[    6.586600][    T1] ima: No architecture policies found
[    6.587081][    T1] evm: Initialising EVM extended attributes:
[    6.587594][    T1] evm: security.selinux
[    6.587949][    T1] evm: security.SMACK64 (disabled)
[    6.588385][    T1] evm: security.SMACK64EXEC (disabled)
[    6.588852][    T1] evm: security.SMACK64TRANSMUTE (disabled)
[    6.589357][    T1] evm: security.SMACK64MMAP (disabled)
[    6.589828][    T1] evm: security.apparmor
[    6.590191][    T1] evm: security.ima
[    6.590514][    T1] evm: security.capability
[    6.590891][    T1] evm: HMAC attrs: 0x1
[    7.158963][    T1] clk: Disabling unused clocks
[    7.160072][    T1] dw-apb-uart feb50000.serial: forbid DMA for kernel console
[    7.166051][    T1] Freeing unused kernel memory: 10752K
[    7.170020][    T1] Run /init as init process
[    7.267606][  T166] zram: Added device: zram0
[    7.399258][  T165] zram0: detected capacity change from 0 to 2097152
[   11.462974][    T1] EXT4-fs (zram0): mounting ext2 file system using the ext4 subsystem
[   11.465110][    T1] EXT4-fs (zram0): mounted filesystem 19bb2ab2-1dd2-11b2-bc24-393d63e8a28d r/w without journal. Quota mode: none.
[   13.079890][  T182] loop: module loaded
[   13.249487][  T193] squashfs: version 4.0 (2009/01/31) Phillip Lougher
[   13.387296][    T1] loop0: detected capacity change from 0 to 316544
[   13.864434][    T1] loop1: detected capacity change from 0 to 38144

>>> openSUSE Tumbleweed installation program v9.2 (c) 1996-2024 SUSE LLC  <<<
Starting udev... [   14.193157][  T209] SCSI subsystem initialized
[   14.197757][  T209] alua: device handler registered
[   14.213030][  T213] emc: device handler registered
[   14.228937][  T214] rdac: device handler registered
[   15.935618][  T249] usbcore: registered new interface driver usbfs
[   15.936195][  T249] usbcore: registered new interface driver hub
[   15.936780][  T249] usbcore: registered new device driver usb
[   15.969508][  T227] i2c 2-0011: Fixed dependency cycle(s) with /i2s@fe470000/port/endpoint
[   15.970129][  T232] Warning! ehci_hcd should always be loaded before uhci_hcd and ohci_hcd, not after
[   16.027739][  T230] Synopsys Designware Multimedia Card Interface Driver
[   16.038241][  T234] sdhci: Secure Digital Host Controller Interface driver
[   16.038860][  T234] sdhci: Copyright(c) Pierre Ossman
[   16.043762][  T234] sdhci-pltfm: SDHCI platform and OF driver helper
[   16.044015][  T232] gpio gpiochip0: Static allocation of GPIO base is deprecated, use dynamic allocation.
[   16.045518][  T232] rockchip-gpio fd8a0000.gpio: probed /pinctrl/gpio@fd8a0000
[   16.046308][  T232] gpio gpiochip1: Static allocation of GPIO base is deprecated, use dynamic allocation.
[   16.058916][  T232] rockchip-gpio fec20000.gpio: probed /pinctrl/gpio@fec20000
[   16.059783][  T232] gpio gpiochip2: Static allocation of GPIO base is deprecated, use dynamic allocation.
[   16.060846][  T232] rockchip-gpio fec30000.gpio: probed /pinctrl/gpio@fec30000
[   16.061605][  T232] gpio gpiochip3: Static allocation of GPIO base is deprecated, use dynamic allocation.
[   16.062631][  T232] rockchip-gpio fec40000.gpio: probed /pinctrl/gpio@fec40000
[   16.063422][  T232] gpio gpiochip4: Static allocation of GPIO base is deprecated, use dynamic allocation.
[   16.064476][  T232] rockchip-gpio fec50000.gpio: probed /pinctrl/gpio@fec50000
[   16.088957][   T73] mmc0: SDHCI controller on fe2e0000.mmc [fe2e0000.mmc] using ADMA
[   16.180584][   T11] ehci-platform fc800000.usb: EHCI Host Controller
[   16.181207][   T11] ehci-platform fc800000.usb: new USB bus registered, assigned bus number 1
[   16.181796][  T262] ohci-platform fc840000.usb: Generic Platform OHCI controller
[   16.182132][   T11] ehci-platform fc800000.usb: irq 42, io mem 0xfc800000
[   16.182612][  T262] ohci-platform fc840000.usb: new USB bus registered, assigned bus number 2
[   16.184092][  T262] ohci-platform fc840000.usb: irq 43, io mem 0xfc840000
[   16.187623][  T171] mmc0: new HS400 Enhanced strobe MMC card at address 0001
[   16.196585][   T73] rockchip-dw-pcie a40000000.pcie: host bridge /pcie@fe150000 ranges:
[   16.197316][   T73] rockchip-dw-pcie a40000000.pcie:       IO 0x00f0100000..0x00f01fffff -> 0x00f0100000
[   16.198155][   T73] rockchip-dw-pcie a40000000.pcie:      MEM 0x00f0200000..0x00f0ffffff -> 0x00f0200000
[   16.198990][   T73] rockchip-dw-pcie a40000000.pcie:      MEM 0x0900000000..0x093fffffff -> 0x0040000000
[   16.199693][   T78] ohci-platform fc8c0000.usb: Generic Platform OHCI controller
[   16.199722][   T11] ehci-platform fc800000.usb: USB 2.0 started, EHCI 1.00
[   16.199964][   T11] usb usb1: New USB device found, idVendor=1d6b, idProduct=0002, bcdDevice= 6.06
[   16.201924][   T11] usb usb1: New USB device strings: Mfr=3, Product=2, SerialNumber=1
[   16.202640][   T11] usb usb1: Product: EHCI Host Controller
[   16.203216][   T11] usb usb1: Manufacturer: Linux 6.6.10-1-default ehci_hcd
[   16.203846][   T11] usb usb1: SerialNumber: fc800000.usb
[   16.207625][   T73] rockchip-dw-pcie a40000000.pcie: iATU: unroll T, 8 ob, 8 ib, align 64K, limit 8G
[   16.210527][   T11] hub 1-0:1.0: USB hub found
[   16.212498][   T11] hub 1-0:1.0: 1 port detected
[   16.300956][   T78] ohci-platform fc8c0000.usb: new USB bus registered, assigned bus number 3
[   16.301807][   T78] ohci-platform fc8c0000.usb: irq 44, io mem 0xfc8c0000
[   16.302495][  T262] usb usb2: New USB device found, idVendor=1d6b, idProduct=0001, bcdDevice= 6.06
[   16.303298][  T262] usb usb2: New USB device strings: Mfr=3, Product=2, SerialNumber=1
[   16.303995][  T262] usb usb2: Product: Generic Platform OHCI controller
[   16.304576][  T262] usb usb2: Manufacturer: Linux 6.6.10-1-default ohci_hcd
[   16.305189][  T262] usb usb2: SerialNumber: fc840000.usb
[   16.307917][  T262] hub 2-0:1.0: USB hub found
[   16.308391][  T262] hub 2-0:1.0: 1 port detected
[   16.379793][   T78] usb usb3: New USB device found, idVendor=1d6b, idProduct=0001, bcdDevice= 6.06
[   16.380598][   T78] usb usb3: New USB device strings: Mfr=3, Product=2, SerialNumber=1
[   16.381296][   T78] usb usb3: Product: Generic Platform OHCI controller
[   16.381878][   T78] usb usb3: Manufacturer: Linux 6.6.10-1-default ohci_hcd
[   16.382491][   T78] usb usb3: SerialNumber: fc8c0000.usb
[   16.394973][   T78] hub 3-0:1.0: USB hub found
[   16.395883][   T78] hub 3-0:1.0: 1 port detected
[   16.653031][   T78] fan53555-regulator 0-0042: FAN53555 Option[10] Rev[1] Detected!
[   16.654229][  T262] fan53555-regulator 0-0043: FAN53555 Option[10] Rev[1] Detected!
[   16.683332][  T253] mmcblk0: mmc0:0001 ARV11X 58.3 GiB
[   16.689177][  T253]  mmcblk0: p1 p2 p3 p4 p5 p6 p7
[   16.689710][  T174] usb 3-1: new full-speed USB device number 2 using ohci-platform
[   16.692231][  T253] mmcblk0boot0: mmc0:0001 ARV11X 4.00 MiB
[   16.695036][  T253] mmcblk0boot1: mmc0:0001 ARV11X 4.00 MiB
[   16.697901][  T253] mmcblk0rpmb: mmc0:0001 ARV11X 4.00 MiB, chardev (236:0)
[   16.895902][  T174] usb 3-1: not running at top speed; connect to a high speed hub
[   16.907967][  T174] usb 3-1: New USB device found, idVendor=048d, idProduct=1234, bcdDevice= 1.00
[   16.908758][  T174] usb 3-1: New USB device strings: Mfr=1, Product=2, SerialNumber=3
[   16.909448][  T174] usb 3-1: Product: UDisk           
[   16.909913][  T174] usb 3-1: Manufacturer: General 
[   16.910344][  T174] usb 3-1: SerialNumber: Р
[   16.932165][  T233] usb-storage 3-1:1.0: USB Mass Storage device detected
[   16.933968][  T233] scsi host0: usb-storage 3-1:1.0
[   16.934936][  T233] usbcore: registered new interface driver usb-storage
[   16.939566][  T233] usbcore: registered new interface driver uas
ok
[   17.343251][   T73] rockchip-dw-pcie a40000000.pcie: Phy link never came up
[   17.344169][   T73] rockchip-dw-pcie a40000000.pcie: PCI host bridge to bus 0000:00
[   17.344847][   T73] pci_bus 0000:00: root bus resource [bus 00-0f]
[   17.345394][   T73] pci_bus 0000:00: root bus resource [io  0x0000-0xfffff] (bus address [0xf0100000-0xf01fffff])
[   17.346294][   T73] pci_bus 0000:00: root bus resource [mem 0xf0200000-0xf0ffffff]
[   17.346974][   T73] pci_bus 0000:00: root bus resource [mem 0x900000000-0x93fffffff] (bus address [0x40000000-0x7fffffff])
[   17.347961][   T73] pci 0000:00:00.0: [1d87:3588] type 01 class 0x060400
[   17.348560][   T73] pci 0000:00:00.0: reg 0x10: [mem 0x00000000-0x3fffffff]
[   17.349176][   T73] pci 0000:00:00.0: reg 0x14: [mem 0x00000000-0x3fffffff]
[   17.349796][   T73] pci 0000:00:00.0: reg 0x38: [mem 0x00000000-0x0000ffff pref]
[   17.350498][   T73] pci 0000:00:00.0: supports D1 D2
[   17.350937][   T73] pci 0000:00:00.0: PME# supported from D0 D1 D3hot
[   17.353929][   T73] pci_bus 0000:01: busn_res: can not insert [bus 01-ff] under [bus 00-0f] (conflicts with (null) [bus 00-0f])
[   17.355035][   T73] pci 0000:00:00.0: BAR 0: assigned [mem 0x900000000-0x93fffffff]
[   17.355712][   T73] pci 0000:00:00.0: BAR 1: no space for [mem size 0x40000000]
[   17.356363][   T73] pci 0000:00:00.0: BAR 1: failed to assign [mem size 0x40000000]
[   17.357037][   T73] pci 0000:00:00.0: BAR 6: assigned [mem 0xf0200000-0xf020ffff pref]
[   17.357735][   T73] pci 0000:00:00.0: PCI bridge to [bus 01-ff]
[   17.360204][   T73] pcieport 0000:00:00.0: PME: Signaling with IRQ 55
[   17.361376][   T73] pcieport 0000:00:00.0: AER: enabled with IRQ 56
[   17.362733][   T73] rockchip-dw-pcie a40800000.pcie: host bridge /pcie@fe170000 ranges:
[   17.363473][   T73] rockchip-dw-pcie a40800000.pcie:       IO 0x00f2100000..0x00f21fffff -> 0x00f2100000
[   17.364313][   T73] rockchip-dw-pcie a40800000.pcie:      MEM 0x00f2200000..0x00f2ffffff -> 0x00f2200000
[   17.365147][   T73] rockchip-dw-pcie a40800000.pcie:      MEM 0x0980000000..0x09bfffffff -> 0x0040000000
[   17.366105][   T73] rockchip-dw-pcie a40800000.pcie: iATU: unroll T, 8 ob, 8 ib, align 64K, limit 8G
[   17.392022][  T470] RPC: Registered named UNIX socket transport module.
[   17.392617][  T470] RPC: Registered udp transport module.
[   17.393104][  T470] RPC: Registered tcp transport module.
[   17.393578][  T470] RPC: Registered tcp-with-tls transport module.
[   17.394120][  T470] RPC: Registered tcp NFSv4.1 backchannel transport module.
[   17.573109][   T73] rockchip-dw-pcie a40800000.pcie: PCIe Gen.2 x1 link up
[   17.574013][   T73] rockchip-dw-pcie a40800000.pcie: PCI host bridge to bus 0002:20
[   17.574715][   T73] pci_bus 0002:20: root bus resource [bus 20-2f]
[   17.575282][   T73] pci_bus 0002:20: root bus resource [io  0x100000-0x1fffff] (bus address [0xf2100000-0xf21fffff])
[   17.576227][   T73] pci_bus 0002:20: root bus resource [mem 0xf2200000-0xf2ffffff]
[   17.576938][   T73] pci_bus 0002:20: root bus resource [mem 0x980000000-0x9bfffffff] (bus address [0x40000000-0x7fffffff])
[   17.577962][   T73] pci 0002:20:00.0: [1d87:3588] type 01 class 0x060400
[   17.578591][   T73] pci 0002:20:00.0: reg 0x38: [mem 0x00000000-0x0000ffff pref]
[   17.579325][   T73] pci 0002:20:00.0: supports D1 D2
[   17.579800][   T73] pci 0002:20:00.0: PME# supported from D0 D1 D3hot
[   17.586318][   T73] pci 0002:20:00.0: Primary bus is hard wired to 0
[   17.586927][   T73] pci 0002:20:00.0: bridge configuration invalid ([bus 01-ff]), reconfiguring
[   17.587939][   T73] pci 0002:21:00.0: [10ec:8125] type 00 class 0x020000
[   17.588612][   T73] pci 0002:21:00.0: reg 0x10: [io  0x0000-0x00ff]
[   17.589254][   T73] pci 0002:21:00.0: reg 0x18: [mem 0x00000000-0x0000ffff 64bit]
[   17.589996][   T73] pci 0002:21:00.0: reg 0x20: [mem 0x00000000-0x00003fff 64bit]
[   17.591101][   T73] pci 0002:21:00.0: supports D1 D2
[   17.591557][   T73] pci 0002:21:00.0: PME# supported from D0 D1 D2 D3hot D3cold
[   17.603225][   T73] pci_bus 0002:21: busn_res: [bus 21-2f] end is updated to 21
[   17.603976][   T73] pci 0002:20:00.0: BAR 14: assigned [mem 0xf2200000-0xf22fffff]
[   17.604669][   T73] pci 0002:20:00.0: BAR 6: assigned [mem 0xf2300000-0xf230ffff pref]
[   17.605389][   T73] pci 0002:20:00.0: BAR 13: assigned [io  0x100000-0x100fff]
[   17.606051][   T73] pci 0002:21:00.0: BAR 2: assigned [mem 0xf2200000-0xf220ffff 64bit]
[   17.606839][   T73] pci 0002:21:00.0: BAR 4: assigned [mem 0xf2210000-0xf2213fff 64bit]
[   17.607619][   T73] pci 0002:21:00.0: BAR 0: assigned [io  0x100000-0x1000ff]
[   17.608279][   T73] pci 0002:20:00.0: PCI bridge to [bus 21]
[   17.608795][   T73] pci 0002:20:00.0:   bridge window [io  0x100000-0x100fff]
[   17.609442][   T73] pci 0002:20:00.0:   bridge window [mem 0xf2200000-0xf22fffff]
[   17.616050][   T73] pcieport 0002:20:00.0: PME: Signaling with IRQ 67
[   17.617244][   T73] pcieport 0002:20:00.0: AER: enabled with IRQ 68
[   17.618291][   T73] r8169 0002:21:00.0: enabling device (0000 -> 0003)
[   17.645591][   T73] r8169 0002:21:00.0 eth0: RTL8125B, f6:75:99:ea:fe:1a, XID 641, IRQ 69
[   17.646376][   T73] r8169 0002:21:00.0 eth0: jumbo features [frames: 9194 bytes, tx checksumming: ko]
[   17.650595][   T78] ehci-platform fc880000.usb: EHCI Host Controller
[   17.651204][   T78] ehci-platform fc880000.usb: new USB bus registered, assigned bus number 4
[   17.652104][   T78] ehci-platform fc880000.usb: irq 70, io mem 0xfc880000
[   17.652874][   T10] usb 3-1: USB disconnect, device number 2
[   17.655431][  T235] r8169 0002:21:00.0 enP2p33s0: renamed from eth0
[   17.663194][   T78] ehci-platform fc880000.usb: USB 2.0 started, EHCI 1.00
[   17.664106][   T78] usb usb4: New USB device found, idVendor=1d6b, idProduct=0002, bcdDevice= 6.06
[   17.664922][   T78] usb usb4: New USB device strings: Mfr=3, Product=2, SerialNumber=1
[   17.665638][   T78] usb usb4: Product: EHCI Host Controller
[   17.666145][   T78] usb usb4: Manufacturer: Linux 6.6.10-1-default ehci_hcd
[   17.666804][   T78] usb usb4: SerialNumber: fc880000.usb
[   17.668085][   T78] hub 4-0:1.0: USB hub found
[   17.668535][   T78] hub 4-0:1.0: 1 port detected
[   17.700875][  T455] random: crng init done
[   17.919799][   T84] usb 4-1: new high-speed USB device number 2 using ehci-platform
[   18.447081][  T499] No iBFT detected.
[   23.226459][   T84] usb 4-1: device descriptor read/64, error -110
[   23.481529][   T84] usb 4-1: New USB device found, idVendor=048d, idProduct=1234, bcdDevice= 1.00
[   23.482341][   T84] usb 4-1: New USB device strings: Mfr=1, Product=2, SerialNumber=3
[   23.483073][   T84] usb 4-1: Product: UDisk           
[   23.483543][   T84] usb 4-1: Manufacturer: General 
[   23.483988][   T84] usb 4-1: SerialNumber: Р
[   23.485180][   T84] usb-storage 4-1:1.0: USB Mass Storage device detected
[   23.486719][   T84] scsi host0: usb-storage 4-1:1.0
GLoading basic drivers...Loading basic drivers
 ok
Hardware detection
Starting hardware detection... ok
(If a driver is not working for you, try booting with brokenmodules=driver_name.)

Activating usb devices... ok
General UDisk
  drivers: uas, usb_storage*
Realtek RTL8125 2.5GbE Controller
  drivers: r8169*
Loading Installation System (1/6) -            0%  1%  2%  3%  4%  5%  6%  7%  8%  9% 10% 11% 12% 13% 14% 15% 16% 17% 18% 19% 20% 21% 22% 23% 24% 25% 26% 27% 28% 29% 30% 31% 32% 33% 34% 35% 36% 37% 38% 39% 40% 41% 42% 43% 44% 45% 46% 47% 48% 49% 50% 51% 52% 53% 54% 55% 56% 57% 58% 59% 60% 61% 62% 63% 64% 65% 66% 67% 68% 69% 70% 71% 72% 73% 74% 75% 76% 77% 78% 79% 80% 81% 82% 83% 84% 85% 86% 87% 88% 89% 90% 91% 92% 93% 94% 95% 96% 97% 98% 99%100%
Loading Installation System (2/6) -            0%  1%  2%  3%  4%  5%  6%  7%  8%  9% 10% 11% 12% 13% 14% 15% 16% 17% 18% 19% 20% 21% 22% 23% 24% 25% 26% 27% 28% 29% 30% 31% 32% 33% 34% 35% 36% 37% 38% 39% 40% 41% 42% 43% 44% 45% 46% 47% 48% 49% 50% 51% 52% 53% 54% 55% 56% 57% 58% 59% 60% 61% 62% 63% 64% 65% 66% 67% 68% 69% 70% 71% 72% 73% 74% 75% 76% 77% 78% 79% 80% 81% 82% 83% 84% 85% 86% 87% 88% 89% 90% 91% 92% 93% 94% 95% 96% 97% 98% 99%100%
Loading Installation System (3/6) -            0%  1%  2%  3%  4%  5%  6%  7%  8%  9% 10% 11% 12% 13% 14% 15% 16% 17% 18% 19% 20% 21% 22% 23% 24% 25% 26% 27% 28% 29% 30% 31% 32% 33% 34% 35% 36% 37% 38% 39% 40% 41% 42% 43% 44% 45% 46% 47% 48% 49% 50% 51% 52% 53% 54% 55% 56% 57% 58% 59% 60% 61% 62% 63% 64% 65% 66% 67% 68% 69% 70% 71% 72% 73% 74% 75% 76% 77% 78% 79% 80% 81% 82% 83% 84% 85% 86% 87% 88% 89% 90% 91% 92% 93% 94% 95% 96% 97% 98% 99%100%
Loading Installation System (4/6) -            0%  1%  2%  3%  4%  5%  6%  7%  8%  9% 10% 11% 12% 13% 14% 15% 16% 17% 18% 19% 20% 21% 22% 23% 24% 25% 26% 27% 28% 29% 30% 31% 32% 33% 34% 35% 36% 37% 38% 39% 40% 41% 42% 43% 44% 45% 46% 47% 48% 49% 50% 51% 52% 53% 54% 55% 56% 57% 58% 59% 60% 61% 62% 63% 64% 65% 66% 67% 68% 69% 70% 71% 72% 73% 74% 75% 76% 77% 78% 79% 80% 81% 82% 83% 84% 85% 86% 87% 88% 89% 90% 91% 92% 93% 94% 95% 96% 97% 98% 99%100%
Loading Installation System (5/6) - missing (optional)
Loading Installation System (6/6) -           27% 54% 81%100%

your system time is not correct:
Thu Jan  1 00:01:27 UTC 1970
setting system time to:
Thu Jan 11 12:34:56 UTC 2024

hwclock: Cannot access the Hardware Clock via any known method.
hwclock: Use the --verbose option to see the details of our search for an access method.
starting rsyslogd (logging to /dev/tty4)... ok
starting klogd... ok
starting nscd... ok
starting yast...
Starting Installer
                                                                > hal.1: read hal data                                                                > misc.9: kernel log                                                                > misc.1: misc data                                                                > misc.1.1: open serial                                                                > misc.2.1: io                                                                > misc.2.2: dma                                                                > misc.2.3: irq                                                                > misc.3: FPU                                                                > misc.3.1: DMA                                                                > misc.3.2: PIC                                                                > misc.3.3: timer                                                                > misc.3.4: RTC                                                                > pci.1: sysfs drivers                                                                > pci.2: get sysfs pci data                                                                > pci.4: build list                                                                > pci.3: macio                                                                > pci.4: vio                                                                > pci.5: xen                                                                > pci.6: ps3                                                                > pci.7: platform                                                                > pci.8: of_platform                                                                > pci.9: vm                                                                > pci.10: virtio                                                                > pci.11: ibmebus                                                                > pci.12: uisvirtpci                                                                > pci.13: mmc                                                                > pci.14: sdio                                                                > pci.15: nd                                                                > pci.16: visorbus                                                                > pci.17: mdio                                                                > serial.1: read info                                                                > serial.2: build list                                                                > misc.5: misc data                                                                > usb.1: sysfs drivers                                                                > usb.2: usb                                                                > usb.3.1: joydev mod                                                                > usb.3.2: evdev mod                                                                > usb.3.3: input                                                                > usb.3.4: lp                                                                > usb.3.5: serial                                                                > int.2: cdrom                                                                > int.3: media                                                                > int.4: floppy                                                                > int.6: mouse                                                                > int.7: hdb                                                                > int.7.1: modules                                                                > int.8: usbscsi                                                                > int.9: hotplug                                                                > int.10: modem                                                                > int.11: wlan                                                                > int.12: udev                                                                > int.13: device names                                                                > int.16: parent                                                                                                                                > hal.1: read hal data                                                                > cpu.1: cpuinfo                                                                > hal.1: read hal data                                                                > misc.9: kernel log                                                                > misc.1: misc data                                                                > misc.2.1: io                                                                > misc.2.2: dma                                                                > misc.2.3: irq                                                                > misc.3: FPU                                                                > misc.3.1: DMA                                                                > misc.3.2: PIC                                                                > misc.3.3: timer                                                                > misc.3.4: RTC                                                                > pci.1: sysfs drivers                                                                > pci.2: get sysfs pci data                                                                > pci.4: build list                                                                > pci.3: macio                                                                > pci.4: vio                                                                > pci.5: xen                                                                > pci.6: ps3                                                                > pci.7: platform                                                                > pci.8: of_platform                                                                > pci.9: vm                                                                > pci.10: virtio                                                                > pci.11: ibmebus                                                                > pci.12: uisvirtpci                                                                > pci.13: mmc                                                                > pci.14: sdio                                                                > pci.15: nd                                                                > pci.16: visorbus                                                                > pci.17: mdio                                                                > misc.5: misc data                                                                > int.2: cdrom                                                                > int.3: media                                                                > int.4: floppy                                                                > int.6: mouse                                                                > int.7: hdb                                                                > int.7.1: modules                                                                > int.8: usbscsi                                                                > int.9: hotplug                                                                > int.10: modem                                                                > int.11: wlan                                                                > int.12: udev                                                                > int.13: device names                                                                > int.16: parent                                                                > hal.1: read hal data                                                                > misc.9: kernel log                                                                > misc.1: misc data                                                                > misc.2.1: io                                                                > misc.2.2: dma                                                                > misc.2.3: irq                                                                > misc.3: FPU                                                                > misc.3.1: DMA                                                                > misc.3.2: PIC                                                                > misc.3.3: timer                                                                > misc.3.4: RTC                                                                > cpu.1: cpuinfo                                                                > misc.5: misc data                                                                > usb.1: sysfs drivers                                                                > usb.2: usb                                                                > usb.3.1: joydev mod                                                                > usb.3.2: evdev mod                                                                > usb.3.3: input                                                                > usb.3.4: lp                                                                > usb.3.5: serial                                                                > input.1: joydev mod                                                                > input.1.1: evdev mod                                                                > input.2: input                                                                > kbd.2: uml                                                                > cpu.1: cpuinfo                                                                > kbd.3: serial console                                                                > int.2: cdrom                                                                > int.3: media                                                                > int.4: floppy                                                                > int.6: mouse                                                                > int.7: hdb                                                                > int.7.1: modules                                                                > int.8: usbscsi                                                                > int.9: hotplug                                                                > int.10: modem                                                                > int.11: wlan                                                                > int.12: udev                                                                > int.13: device names                                                                > int.16: parent                                                                Sampling every 5 s to /var/log/YaST2/memsample.zcat
*** Starting YaST ***
