DDR d5483af87d cym 23/11/23-16:15:24,fwver: v1.15
LPDDR4X, 2112MHz
channel[0] BW=16 Col=10 Bk=8 CS0 Row=16 CS1 Row=16 CS=2 Die BW=16 Size=2048MB
channel[1] BW=16 Col=10 Bk=8 CS0 Row=16 CS1 Row=16 CS=2 Die BW=16 Size=2048MB
channel[2] BW=16 Col=10 Bk=8 CS0 Row=16 CS1 Row=16 CS=2 Die BW=16 Size=2048MB
channel[3] BW=16 Col=10 Bk=8 CS0 Row=16 CS1 Row=16 CS=2 Die BW=16 Size=2048MB
Manufacturer ID:0x13
CH0 RX Vref:29.7%, TX Vref:19.8%,18.8%
CH1 RX Vref:32.6%, TX Vref:18.8%,18.8%
CH2 RX Vref:37.7%, TX Vref:18.8%,18.8%
CH3 RX Vref:35.7%, TX Vref:18.8%,18.8%
change to F1: 528MHz
change to F2: 1068MHz
change to F3: 1560MHz
change to F0: 2112MHz
out
U-Boot SPL board init
U-Boot SPL 2017.09-g82435751526-231214-dirty #zhangzj (Dec 14 2023 - 09:16:28)
unknown raw ID 0 0 0
unrecognized JEDEC id bytes: 00, 00, 00
Trying to boot from MMC2
part_get_info_efi: *** ERROR: Invalid GPT ***
part_get_info_efi: ***        Using Backup GPT ***
No misc partition
spl: partition error
Trying fit image at 0x4000 sector
Not fit magic
Trying fit image at 0x5000 sector
Not fit magic
Trying to boot from MMC1
SPL: A/B-slot: _a, successful: 0, tries-remain: 7
Trying fit image at 0x4000 sector
## Verified-boot: 0
## Checking atf-1 0x00040000 ... sha256(b40ce543bb...) + OK
## Checking u-boot 0x00a00000 ... sha256(838280ca06...) + OK
## Checking fdt-1 0x00b0edd8 ... sha256(810b0c6968...) + OK
## Checking atf-2 0x000f0000 ... sha256(f202de33d9...) + OK
## Checking atf-3 0xff100000 ... sha256(af08976afd...) + OK
## Checking tee-1 0x08400000 ... sha256(617eb0ee15...) + OK
Jumping to U-Boot(0x00a00000) via ARM Trusted Firmware(0x00040000)
Total: 263.876/434.121 ms

INFO:    Preloader serial: 2
NOTICE:  BL31: v2.3():v2.3-616-gdc1125f48:finley.xiao
NOTICE:  BL31: Built : 16:41:17, Jul 13 2023
INFO:    spec: 0x1
INFO:    ext 32k is not valid
INFO:    ddr: stride-en 4CH
INFO:    GICv3 without legacy support detected.
INFO:    ARM GICv3 driver initialized in EL3
INFO:    valid_cpu_msk=0xff bcore0_rst = 0x0, bcore1_rst = 0x0
INFO:    system boots from cpu-hwid-0
INFO:    idle_st=0x21fff, pd_st=0x11fff9, repair_st=0xfff70001
ERROR:   dfs get fsp_params[0] error, 0xfead0004 != 0xfead0003
ERROR:   dfs get fsp_params[1] error, 0x1111 != 0xfead0003
ERROR:   dfs get fsp_params[2] error, 0x0 != 0xfead0003
ERROR:   dfs get fsp_params[3] error, 0x60241520 != 0xfead0003
ERROR:   loader&trust unmatch!!! Please update trust if need enable dmc
INFO:    BL31: Initialising Exception Handling Framework
INFO:    BL31: Initializing runtime services
INFO:    BL31: Initializing BL32
I/TC: 
I/TC: OP-TEE version: 3.13.0-760-g540ade275 #zhangzj (gcc version 10.2.1 20201103 (GNU Toolchain for the A-profile Architecture 10.2-2020.11 (arm-10.16))) #3 Tue Dec  5 14:36:05 CST 2023 aarch64, fwver: null 
I/TC: OP-TEE memory: TEEOS 0x200000 TA 0xc00000 SHM 0x200000
I/TC: Primary CPU initializing
I/TC: Primary CPU switching to normal world boot
INFO:    BL31: Preparing for EL3 exit to normal world
INFO:    Entry point address = 0xa00000
INFO:    SPSR = 0x3c9


U-Boot 2024.01-rc5-g7c533e13f5-dirty (Apr 12 2024 - 10:37:27 +0800) capsule

Model: ArmSoM Sige7 Board
DRAM:  8 GiB (effective 7.7 GiB)
pcie_dw_rockchip pcie@fe180000: failed to get pcie phy (ret=-19)
pcie_dw_rockchip pcie@fe150000: PCIe-3 Link Fail
Core:  339 devices, 28 uclasses, devicetree: separate
MMC:   mmc@fe2c0000: 1, mmc@fe2d0000: 2, mmc@fe2e0000: 0
Loading Environment from MMC... OK
In:    serial@feb50000
Out:   serial@feb50000
Err:   serial@feb50000
Model: ArmSoM Sige7 Board
Net:   eth0: eth_rtl8169, eth1: eth_rtl8169
Hit any key to stop autoboot:  2  1  0 
Scanning for bootflows in all bootdevs
Seq  Method       State   Uclass    Part  Name                      Filename
---  -----------  ------  --------  ----  ------------------------  ----------------
Scanning global bootmeth 'efi_mgr':
Card did not respond to voltage select! : -110
Bus usb@fc800000: USB EHCI 1.00
Bus usb@fc840000: USB OHCI 1.0
Bus usb@fc880000: USB EHCI 1.00
Bus usb@fc8c0000: USB OHCI 1.0
scanning bus usb@fc800000 for devices... 1 USB Device(s) found
scanning bus usb@fc840000 for devices... 1 USB Device(s) found
scanning bus usb@fc880000 for devices... 2 USB Device(s) found
scanning bus usb@fc8c0000 for devices... 1 USB Device(s) found
Scanning bootdev 'usb_mass_storage.lun0.bootdev':
  0  efi          ready   usb_mass_    2  usb_mass_storage.lun0.boo efi/boot/bootaa64.efi
** Booting bootflow 'usb_mass_storage.lun0.bootdev.part_2' with efi
Booting /efi\boot\bootaa64.efi
error: file `/boot/' not found.
GNU GRUB  version 2.12~rc1

вввввв”Ђвввввввввввввввввввввввввввввввввввввввввв”Ђввввввввввввввввввввввввввввввввввввввввввввввввввввввввввввввввввввввввввввввввв”Ђвввввввввввввввввввввввввввввввввввввввв”‚вввввввввввввввввввввввв”‚вввввввввввввввввввввв”‚вввввввввввввввввввввввввввввввввввввввввввввввввввввввввв”Ђвввввввввввввввввввввввввввввввввввввв”Ђввввввввввввввввввввввввввввввввввввввввввввввввввввввввввввввввввввввввввввввввв     Use the в and в keys to select which entry is highlighted.                                                                                                    
      Press enter to boot the selected OS, `e' to edit the commands before booting or `c' for a command-line.                                                        *Try or Install Ubuntu Server                                                                                                                                          Boot from next volume                                                                                                                                                 UEFI Firmware Settings                                                                                                                                                                                                                                                                                                                                                                                                                                                                                                                                                                                                                                                                                                                                                                                                                                                                                                                                                                                                                                                                                                                                                                                                                                                                                                                                                                                                                                                                                                                                                                                                                                                                                                                                                                                                                                                                                                                                                                                                                                                                                                                                                                                                                                                                                                                                                                                                                                                                                                                                                                                                                                                                                                                                                                                                                                                                                                                                                                                                                                                                                                                                                                                                                                                                                                                                                                                                                                                                                                                                                                                                                                                                                                                                                                                                                                                                                                                                                                                                                                                                                                                                                                                                                                                                                                                                                                                                                                                                         The highlighted entry will be executed automatically in 30s.                                                                                                                                                                                                                                                                                                                                                                                                                                                            GNU GRUB  version 2.12~rc1

вввввввввввввввввввввввввввввввввввввв”Ђвввввввввввввввввввввввввввввввввввввввввв”Ђввввввввввввввввввввввввввввввввввввввввввввввввввввввввввввввввввввввввввввввввв”Ђввввввввввввввввввввввввввввв”‚вввввввввввввввввввввв”‚ввввввввввввввввввввввввввввввввввввввввввввввввввввввввввввввввввввввввввввввввввввввввввввв”Ђвввввввввввввввввввввввввввввввввввввв”Ђввввввввввввввввввввввввввввввввввввввввввввввввв     Minimum Emacs-like screen editing is supported. TAB lists completions. Press Ctrl-x or F10 to boot, Ctrl-c or F2 for a command-line or ESC to discard edits   
      and return to the GRUB menu.                                                                                                                                  setparams 'Try or Install Ubuntu Server'                                                                                                                                                                                                                                                                                                            set gfxpayload=keep                                                                                                                                                   linux        /casper/vmlinuz  ---                                                                                                                                     initrd        /casper/initrd                                                                                                                                                                                                                                                                                                                                                                                                                                                                                                                                                                                                                                                                                                                                                                                                                                                                                                                                                                                                                                                                                                                                                                                                                                                                                                                                                                                                                                                                                                                                                                                                                                                                                                                                                                                                                                                                                                                                                                                                                                                                                                                                                                                                                                                                                                                                                                                                                                                                                                                                                                                                                                                                                                                                                                                                                                                                                                                                                                                                                                                                                                                                                                                                                                                                                                                                                                                                                                                                                                                                                                                                                                                                                                                                                                                                                                                                                                                                                                                                                                                                                                                Booting a command list

EFI stub: Booting Linux Kernel...
EFI stub: EFI_RNG_PROTOCOL unavailable
EFI stub: Loaded initrd from LINUX_EFI_INITRD_MEDIA_GUID device path
EFI stub: Using DTB from configuration table
EFI stub: Exiting boot services...
I/TC: Secondary CPU 1 initializing
I/TC: Secondary CPU 1 switching to normal world boot
I/TC: Secondary CPU 2 initializing
I/TC: Secondary CPU 2 switching to normal world boot
I/TC: Secondary CPU 3 initializing
I/TC: Secondary CPU 3 switching to normal world boot
I/TC: Secondary CPU 4 initializing
I/TC: Secondary CPU 4 switching to normal world boot
I/TC: Secondary CPU 5 initializing
I/TC: Secondary CPU 5 switching to normal world boot
I/TC: Secondary CPU 6 initializing
I/TC: Secondary CPU 6 switching to normal world boot
I/TC: Secondary CPU 7 initializing
I/TC: Secondary CPU 7 switching to normal world boot
[    0.000000] Booting Linux on physical CPU 0x0000000000 [0x412fd050]
[    0.000000] Linux version 6.6.0-14-generic (buildd@bos03-arm64-023) (aarch64-linux-gnu-gcc-13 (Ubuntu 13.2.0-7ubuntu1) 13.2.0, GNU ld (GNU Binutils for Ubuntu) 2.41) #14-Ubuntu SMP PREEMPT_DYNAMIC Thu Nov 30 10:53:08 UTC 2023 (Ubuntu 6.6.0-14.14-generic 6.6.3)
[    0.000000] KASLR disabled due to lack of seed
[    0.000000] Machine model: ArmSoM Sige7 Board
[    0.000000] efi: EFI v2.10 by Das U-Boot
[    0.000000] efi: ESRT=0xece66040 RTPROP=0xece68040 SMBIOS=0xece93000 MOKvar=0xecd56000 INITRD=0xe3c66040 MEMRESERVE=0xe3c65040 
[    0.000000] secureboot: Secure boot disabled
[    0.000000] esrt: Reserving ESRT space from 0x00000000ece66040 to 0x00000000ece66078.
[    0.000000] OF: reserved mem: 0x0000000008400000..0x00000000093fffff (16384 KiB) nomap non-reusable optee@8400000
[    0.000000] OF: reserved mem: 0x00000003fc000000..0x00000003fc4fffff (5120 KiB) nomap non-reusable gap1@3,fc000000
[    0.000000] OF: reserved mem: 0x00000003fff00000..0x00000003ffffffff (1024 KiB) nomap non-reusable gap2@3,fff00000
[    0.000000] NUMA: No NUMA configuration found
[    0.000000] NUMA: Faking a node at [mem 0x0000000000200000-0x00000001ffffffff]
[    0.000000] NUMA: NODE_DATA [mem 0x1feffe600-0x1ff003fff]
[    0.000000] Zone ranges:
[    0.000000]   DMA      [mem 0x0000000000200000-0x00000000ffffffff]
[    0.000000]   DMA32    empty
[    0.000000]   Normal   [mem 0x0000000100000000-0x00000001ffffffff]
[    0.000000]   Device   empty
[    0.000000] Movable zone start for each node
[    0.000000] Early memory node ranges
[    0.000000]   node   0: [mem 0x0000000000200000-0x0000000000b0dfff]
[    0.000000]   node   0: [mem 0x0000000000b0e000-0x0000000000b28fff]
[    0.000000]   node   0: [mem 0x0000000000b29000-0x00000000083fffff]
[    0.000000]   node   0: [mem 0x0000000008400000-0x00000000093fffff]
[    0.000000]   node   0: [mem 0x0000000009400000-0x00000000ecd55fff]
[    0.000000]   node   0: [mem 0x00000000ecd56000-0x00000000ecd56fff]
[    0.000000]   node   0: [mem 0x00000000ecd57000-0x00000000ece67fff]
[    0.000000]   node   0: [mem 0x00000000ece68000-0x00000000ece68fff]
[    0.000000]   node   0: [mem 0x00000000ece69000-0x00000000ece6bfff]
[    0.000000]   node   0: [mem 0x00000000ece6c000-0x00000000ece6dfff]
[    0.000000]   node   0: [mem 0x00000000ece6e000-0x00000000ece6efff]
[    0.000000]   node   0: [mem 0x00000000ece6f000-0x00000000ece8efff]
[    0.000000]   node   0: [mem 0x00000000ece8f000-0x00000000ece92fff]
[    0.000000]   node   0: [mem 0x00000000ece93000-0x00000000ece93fff]
[    0.000000]   node   0: [mem 0x00000000ece94000-0x00000000efebffff]
[    0.000000]   node   0: [mem 0x00000000efec0000-0x00000000efecffff]
[    0.000000]   node   0: [mem 0x00000000efed0000-0x00000000efffffff]
[    0.000000]   node   0: [mem 0x0000000100000000-0x00000001ffffffff]
[    0.000000] Initmem setup node 0 [mem 0x0000000000200000-0x00000001ffffffff]
[    0.000000] On node 0, zone DMA: 512 pages in unavailable ranges
[    0.000000] cma: Reserved 32 MiB at 0x00000000ede00000 on node -1
[    0.000000] psci: probing for conduit method from DT.
[    0.000000] psci: PSCIv1.1 detected in firmware.
[    0.000000] psci: Using standard PSCI v0.2 function IDs
[    0.000000] psci: Trusted OS migration not required
[    0.000000] psci: SMC Calling Convention v1.2
[    0.000000] percpu: Embedded 54 pages/cpu s94248 r8192 d118744 u221184
[    0.000000] Detected VIPT I-cache on CPU0
[    0.000000] CPU features: detected: GIC system register CPU interface
[    0.000000] CPU features: detected: Virtualization Host Extensions
[    0.000000] CPU features: detected: Qualcomm erratum 1009, or ARM erratum 1286807, 2441009
[    0.000000] CPU features: detected: ARM errata 1165522, 1319367, or 1530923
[    0.000000] alternatives: applying boot alternatives
[    0.000000] Kernel command line: BOOT_IMAGE=/casper/vmlinuz ---
[    0.000000] Unknown kernel command line parameters "--- BOOT_IMAGE=/casper/vmlinuz", will be passed to user space.
[    0.000000] Dentry cache hash table entries: 1048576 (order: 11, 8388608 bytes, linear)
[    0.000000] Inode-cache hash table entries: 524288 (order: 10, 4194304 bytes, linear)
[    0.000000] Fallback order for Node 0: 0 
[    0.000000] Built 1 zonelists, mobility grouping on.  Total pages: 1999368
[    0.000000] Policy zone: Normal
[    0.000000] mem auto-init: stack:all(zero), heap alloc:on, heap free:off
[    0.000000] software IO TLB: area num 8.
[    0.000000] software IO TLB: mapped [mem 0x00000000e8d56000-0x00000000ecd56000] (64MB)
[    0.000000] Memory: 7693236K/8124416K available (22208K kernel code, 5082K rwdata, 15384K rodata, 11968K init, 1191K bss, 398412K reserved, 32768K cma-reserved)
[    0.000000] SLUB: HWalign=64, Order=0-3, MinObjects=0, CPUs=8, Nodes=1
[    0.000000] ftrace: allocating 60036 entries in 235 pages
[    0.000000] ftrace: allocated 235 pages with 6 groups
[    0.000000] trace event string verifier disabled
[    0.000000] Dynamic Preempt: voluntary
[    0.000000] rcu: Preemptible hierarchical RCU implementation.
[    0.000000] rcu: 	RCU restricting CPUs from NR_CPUS=512 to nr_cpu_ids=8.
[    0.000000] 	Trampoline variant of Tasks RCU enabled.
[    0.000000] 	Rude variant of Tasks RCU enabled.
[    0.000000] 	Tracing variant of Tasks RCU enabled.
[    0.000000] rcu: RCU calculated value of scheduler-enlistment delay is 25 jiffies.
[    0.000000] rcu: Adjusting geometry for rcu_fanout_leaf=16, nr_cpu_ids=8
[    0.000000] NR_IRQS: 64, nr_irqs: 64, preallocated irqs: 0
[    0.000000] GICv3: GIC: Using split EOI/Deactivate mode
[    0.000000] GICv3: 480 SPIs implemented
[    0.000000] GICv3: 0 Extended SPIs implemented
[    0.000000] GICv3: MBI range [424:479]
[    0.000000] GICv3: Using MBI frame 0x00000000fe610000
[    0.000000] Root IRQ handler: gic_handle_irq
[    0.000000] GICv3: GICv3 features: 16 PPIs
[    0.000000] GICv3: CPU0: found redistributor 0 region 0:0x00000000fe680000
[    0.000000] ITS [mem 0xfe640000-0xfe65ffff]
[    0.000000] GIC: enabling workaround for ITS: Rockchip erratum RK3588001
[    0.000000] ITS@0x00000000fe640000: allocated 8192 Devices @100290000 (indirect, esz 8, psz 64K, shr 0)
[    0.000000] ITS@0x00000000fe640000: allocated 32768 Interrupt Collections @1002a0000 (flat, esz 2, psz 64K, shr 0)
[    0.000000] ITS: using cache flushing for cmd queue
[    0.000000] ITS [mem 0xfe660000-0xfe67ffff]
[    0.000000] GIC: enabling workaround for ITS: Rockchip erratum RK3588001
[    0.000000] ITS@0x00000000fe660000: allocated 8192 Devices @1002c0000 (indirect, esz 8, psz 64K, shr 0)
[    0.000000] ITS@0x00000000fe660000: allocated 32768 Interrupt Collections @1002d0000 (flat, esz 2, psz 64K, shr 0)
[    0.000000] ITS: using cache flushing for cmd queue
[    0.000000] GICv3: using LPI property table @0x00000001002e0000
[    0.000000] GIC: using cache flushing for LPI property table
[    0.000000] GICv3: CPU0: using allocated LPI pending table @0x00000001002f0000
[    0.000000] GICv3: GIC: PPI partition interrupt-partition-0[0] { /cpus/cpu@0[0] /cpus/cpu@100[1] /cpus/cpu@200[2] /cpus/cpu@300[3] }
[    0.000000] GICv3: GIC: PPI partition interrupt-partition-1[1] { /cpus/cpu@400[4] /cpus/cpu@500[5] /cpus/cpu@600[6] /cpus/cpu@700[7] }
[    0.000000] rcu: srcu_init: Setting srcu_struct sizes based on contention.
[    0.000000] arch_timer: cp15 timer(s) running at 24.00MHz (phys).
[    0.000000] clocksource: arch_sys_counter: mask: 0xffffffffffffff max_cycles: 0x588fe9dc0, max_idle_ns: 440795202592 ns
[    0.000000] sched_clock: 56 bits at 24MHz, resolution 41ns, wraps every 4398046511097ns
[    0.004216] Console: colour dummy device 80x25
[    0.004233] printk: console [tty0] enabled
[    0.008027] Calibrating delay loop (skipped), value calculated using timer frequency.. 48.00 BogoMIPS (lpj=96000)
[    0.008094] pid_max: default: 32768 minimum: 301
[    0.012888] LSM: initializing lsm=lockdown,capability,landlock,yama,apparmor,integrity
[    0.012985] landlock: Up and running.
[    0.013004] Yama: becoming mindful.
[    0.013687] AppArmor: AppArmor initialized
[    0.015611] Mount-cache hash table entries: 16384 (order: 5, 131072 bytes, linear)
[    0.015671] Mountpoint-cache hash table entries: 16384 (order: 5, 131072 bytes, linear)
[    0.023680] RCU Tasks: Setting shift to 3 and lim to 1 rcu_task_cb_adjust=1.
[    0.023857] RCU Tasks Rude: Setting shift to 3 and lim to 1 rcu_task_cb_adjust=1.
[    0.024043] RCU Tasks Trace: Setting shift to 3 and lim to 1 rcu_task_cb_adjust=1.
[    0.024590] rcu: Hierarchical SRCU implementation.
[    0.024618] rcu: 	Max phase no-delay instances is 1000.
[    0.026366] Platform MSI: msi-controller@fe640000 domain created
[    0.026418] Platform MSI: msi-controller@fe660000 domain created
[    0.026659] PCI/MSI: /interrupt-controller@fe600000/msi-controller@fe640000 domain created
[    0.026722] PCI/MSI: /interrupt-controller@fe600000/msi-controller@fe660000 domain created
[    0.026981] fsl-mc MSI: msi-controller@fe640000 domain created
[    0.027029] fsl-mc MSI: msi-controller@fe660000 domain created
[    0.033300] Remapping and enabling EFI services.
[    0.034466] smp: Bringing up secondary CPUs ...
[    0.036427] Detected VIPT I-cache on CPU1
[    0.036519] GICv3: CPU1: found redistributor 100 region 0:0x00000000fe6a0000
[    0.036541] GICv3: CPU1: using allocated LPI pending table @0x0000000100300000
[    0.036600] CPU1: Booted secondary processor 0x0000000100 [0x412fd050]
[    0.038840] Detected VIPT I-cache on CPU2
[    0.038919] GICv3: CPU2: found redistributor 200 region 0:0x00000000fe6c0000
[    0.038938] GICv3: CPU2: using allocated LPI pending table @0x0000000100310000
[    0.038989] CPU2: Booted secondary processor 0x0000000200 [0x412fd050]
[    0.041090] Detected VIPT I-cache on CPU3
[    0.041172] GICv3: CPU3: found redistributor 300 region 0:0x00000000fe6e0000
[    0.041190] GICv3: CPU3: using allocated LPI pending table @0x0000000100320000
[    0.041240] CPU3: Booted secondary processor 0x0000000300 [0x412fd050]
[    0.043311] CPU features: detected: Spectre-v4
[    0.043318] CPU features: detected: Spectre-BHB
[    0.043324] Detected PIPT I-cache on CPU4
[    0.043372] GICv3: CPU4: found redistributor 400 region 0:0x00000000fe700000
[    0.043382] GICv3: CPU4: using allocated LPI pending table @0x0000000100330000
[    0.043413] CPU4: Booted secondary processor 0x0000000400 [0x414fd0b0]
[    0.045363] Detected PIPT I-cache on CPU5
[    0.045423] GICv3: CPU5: found redistributor 500 region 0:0x00000000fe720000
[    0.045434] GICv3: CPU5: using allocated LPI pending table @0x0000000100340000
[    0.045466] CPU5: Booted secondary processor 0x0000000500 [0x414fd0b0]
[    0.047408] Detected PIPT I-cache on CPU6
[    0.047465] GICv3: CPU6: found redistributor 600 region 0:0x00000000fe740000
[    0.047475] GICv3: CPU6: using allocated LPI pending table @0x0000000100350000
[    0.047506] CPU6: Booted secondary processor 0x0000000600 [0x414fd0b0]
[    0.049458] Detected PIPT I-cache on CPU7
[    0.049515] GICv3: CPU7: found redistributor 700 region 0:0x00000000fe760000
[    0.049525] GICv3: CPU7: using allocated LPI pending table @0x0000000100360000
[    0.049556] CPU7: Booted secondary processor 0x0000000700 [0x414fd0b0]
[    0.049707] smp: Brought up 1 node, 8 CPUs
[    0.050121] SMP: Total of 8 processors activated.
[    0.050142] CPU features: detected: 32-bit EL0 Support
[    0.050160] CPU features: detected: Data cache clean to the PoU not required for I/D coherence
[    0.050186] CPU features: detected: Common not Private translations
[    0.050206] CPU features: detected: CRC32 instructions
[    0.050224] CPU features: detected: Data cache clean to Point of Persistence
[    0.050248] CPU features: detected: RCpc load-acquire (LDAPR)
[    0.050266] CPU features: detected: LSE atomic instructions
[    0.050286] CPU features: detected: Privileged Access Never
[    0.050304] CPU features: detected: RAS Extension Support
[    0.050325] CPU features: detected: Speculative Store Bypassing Safe (SSBS)
[    0.050599] CPU: All CPU(s) started at EL2
[    0.050626] alternatives: applying system-wide alternatives
[    0.059398] devtmpfs: initialized
[    0.086015] clocksource: jiffies: mask: 0xffffffff max_cycles: 0xffffffff, max_idle_ns: 7645041785100000 ns
[    0.086053] futex hash table entries: 2048 (order: 5, 131072 bytes, linear)
[    0.087134] pinctrl core: initialized pinctrl subsystem
[    0.088894] SMBIOS 3.0 present.
[    0.088914] DMI: Unknown Unknown Product/Unknown Product, BIOS 2024.01-rc5-g7c533e13f5-dirty 01/01/2024
[    0.090065] NET: Registered PF_NETLINK/PF_ROUTE protocol family
[    0.091456] DMA: preallocated 1024 KiB GFP_KERNEL pool for atomic allocations
[    0.092069] DMA: preallocated 1024 KiB GFP_KERNEL|GFP_DMA pool for atomic allocations
[    0.092480] DMA: preallocated 1024 KiB GFP_KERNEL|GFP_DMA32 pool for atomic allocations
[    0.092514] audit: initializing netlink subsys (disabled)
[    0.092733] audit: type=2000 audit(0.088:1): state=initialized audit_enabled=0 res=1
[    0.093577] thermal_sys: Registered thermal governor 'fair_share'
[    0.093583] thermal_sys: Registered thermal governor 'bang_bang'
[    0.093594] thermal_sys: Registered thermal governor 'step_wise'
[    0.093601] thermal_sys: Registered thermal governor 'user_space'
[    0.093608] thermal_sys: Registered thermal governor 'power_allocator'
[    0.093650] cpuidle: using governor ladder
[    0.093673] cpuidle: using governor menu
[    0.093768] hw-breakpoint: found 6 breakpoint and 4 watchpoint registers.
[    0.093952] ASID allocator initialised with 65536 entries
[    0.095706] Serial: AMBA PL011 UART driver
[    0.118799] Modules: 18752 pages in range for non-PLT usage
[    0.118806] Modules: 510272 pages in range for PLT usage
[    0.119929] HugeTLB: registered 1.00 GiB page size, pre-allocated 0 pages
[    0.119947] HugeTLB: 0 KiB vmemmap can be freed for a 1.00 GiB page
[    0.119956] HugeTLB: registered 32.0 MiB page size, pre-allocated 0 pages
[    0.119964] HugeTLB: 0 KiB vmemmap can be freed for a 32.0 MiB page
[    0.119972] HugeTLB: registered 2.00 MiB page size, pre-allocated 0 pages
[    0.119979] HugeTLB: 0 KiB vmemmap can be freed for a 2.00 MiB page
[    0.119987] HugeTLB: registered 64.0 KiB page size, pre-allocated 0 pages
[    0.119994] HugeTLB: 0 KiB vmemmap can be freed for a 64.0 KiB page
[    0.123121] fbcon: Taking over console
[    0.123140] ACPI: Interpreter disabled.
[    0.124298] iommu: Default domain type: Translated
[    0.124309] iommu: DMA domain TLB invalidation policy: strict mode
[    0.125058] SCSI subsystem initialized
[    0.125348] usbcore: registered new interface driver usbfs
[    0.125369] usbcore: registered new interface driver hub
[    0.125391] usbcore: registered new device driver usb
[    0.125635] pps_core: LinuxPPS API ver. 1 registered
[    0.125644] pps_core: Software ver. 5.3.6 - Copyright 2005-2007 Rodolfo Giometti <giometti@linux.it>
[    0.125658] PTP clock support registered
[    0.125989] EDAC MC: Ver: 3.0.0
[    0.126500] scmi_core: SCMI protocol bus registered
[    0.127011] efivars: Registered efivars operations
[    0.128260] NetLabel: Initializing
[    0.128270] NetLabel:  domain hash size = 128
[    0.128277] NetLabel:  protocols = UNLABELED CIPSOv4 CALIPSO
[    0.128321] NetLabel:  unlabeled traffic allowed by default
[    0.128591] mctp: management component transport protocol core
[    0.128600] NET: Registered PF_MCTP protocol family
[    0.128799] vgaarb: loaded
[    0.129318] clocksource: Switched to clocksource arch_sys_counter
[    0.130979] VFS: Disk quotas dquot_6.6.0
[    0.131154] VFS: Dquot-cache hash table entries: 512 (order 0, 4096 bytes)
[    0.131714] AppArmor: AppArmor Filesystem Enabled
[    0.131764] pnp: PnP ACPI: disabled
[    0.137221] NET: Registered PF_INET protocol family
[    0.137444] IP idents hash table entries: 131072 (order: 8, 1048576 bytes, linear)
[    0.142780] tcp_listen_portaddr_hash hash table entries: 4096 (order: 4, 65536 bytes, linear)
[    0.142885] Table-perturb hash table entries: 65536 (order: 6, 262144 bytes, linear)
[    0.142987] TCP established hash table entries: 65536 (order: 7, 524288 bytes, linear)
[    0.143711] TCP bind hash table entries: 65536 (order: 9, 2097152 bytes, linear)
[    0.145608] TCP: Hash tables configured (established 65536 bind 65536)
[    0.145996] MPTCP token hash table entries: 8192 (order: 5, 196608 bytes, linear)
[    0.146163] UDP hash table entries: 4096 (order: 5, 131072 bytes, linear)
[    0.146364] UDP-Lite hash table entries: 4096 (order: 5, 131072 bytes, linear)
[    0.146890] NET: Registered PF_UNIX/PF_LOCAL protocol family
[    0.146919] NET: Registered PF_XDP protocol family
[    0.146932] PCI: CLS 0 bytes, default 64
[    0.147316] Trying to unpack rootfs image as initramfs...
[    0.158068] kvm [1]: IPA Size Limit: 40 bits
[    0.158114] kvm [1]: GICv3: no GICV resource entry
[    0.158123] kvm [1]: disabling GICv2 emulation
[    0.158145] kvm [1]: GIC system register CPU interface enabled
[    0.158171] kvm [1]: vgic interrupt IRQ18
[    0.158213] kvm [1]: VHE mode initialized successfully
[    0.165194] Initialise system trusted keyrings
[    0.165241] Key type blacklist registered
[    0.165516] workingset: timestamp_bits=40 max_order=21 bucket_order=0
[    0.165577] zbud: loaded
[    0.172207] squashfs: version 4.0 (2009/01/31) Phillip Lougher
[    0.175183] fuse: init (API version 7.39)
[    0.176330] integrity: Platform Keyring initialized
[    0.176364] integrity: Machine keyring initialized
[    0.198339] Key type asymmetric registered
[    0.198350] Asymmetric key parser 'x509' registered
[    0.198450] Block layer SCSI generic (bsg) driver version 0.4 loaded (major 242)
[    0.198730] io scheduler mq-deadline registered
[    0.207200] shpchp: Standard Hot Plug PCI Controller Driver version: 0.4
[    0.223169] Serial: 8250/16550 driver, 32 ports, IRQ sharing enabled
[    0.229646] feb50000.serial: ttyS2 at MMIO 0xfeb50000 (irq = 26, base_baud = 1500000) is a 16550A
[    0.229789] printk: console [ttyS2] enabled
[    0.370539] feb90000.serial: ttyS0 at MMIO 0xfeb90000 (irq = 27, base_baud = 1500000) is a 16550A
[    0.372285] SuperH (H)SCI(F) driver initialized
[    0.373304] msm_serial: driver initialized
[    0.381677] loop: module loaded
[    0.383522] tun: Universal TUN/TAP device driver, 1.6
[    0.384768] PPP generic driver version 2.4.2
[    0.386012] mousedev: PS/2 mouse device common for all mice
[    0.387040] i2c_dev: i2c /dev entries driver
[    0.388640] device-mapper: core: CONFIG_IMA_DISABLE_HTABLE is disabled. Duplicate IMA measurements will not be recorded in the IMA log.
[    0.389806] device-mapper: uevent: version 1.0.3
[    0.390403] device-mapper: ioctl: 4.48.0-ioctl (2023-03-01) initialised: dm-devel@redhat.com
[    0.392936] ledtrig-cpu: registered to indicate activity on CPUs
[    0.393791] scmi_protocol scmi_dev.1: Enabled polling mode TX channel - prot_id:16
[    0.395170] arm-scmi firmware:scmi: SCMI RAW Mode initialized for instance 0
[    0.395794] arm-scmi firmware:scmi: SCMI RAW Mode COEX enabled !
[    0.396387] arm-scmi firmware:scmi: SCMI Notifications - Core Enabled.
[    0.396996] arm-scmi firmware:scmi: SCMI Protocol v2.0 'rockchip:' Firmware version 0x0
[    0.403768] SMCCC: SOC_ID: ARCH_SOC_ID not implemented, skipping ....
[    0.413634] hw perfevents: enabled with armv8_cortex_a55 PMU driver, 7 counters available
[    0.416215] hw perfevents: enabled with armv8_cortex_a76 PMU driver, 7 counters available
[    0.417466] watchdog: Delayed init of the lockup detector failed: -19
[    0.418035] watchdog: Hard watchdog permanently disabled
[    0.419215] drop_monitor: Initializing network drop monitor service
[    0.465180] NET: Registered PF_INET6 protocol family
[    0.688450] Freeing initrd memory: 101720K
[    0.735404] Segment Routing with IPv6
[    0.735790] In-situ OAM (IOAM) with IPv6
[    0.736219] NET: Registered PF_PACKET protocol family
[    0.737142] Key type dns_resolver registered
[    0.742426] registered taskstats version 1
[    0.744963] Loading compiled-in X.509 certificates
[    0.747791] Loaded X.509 cert 'Build time autogenerated kernel key: 5cc52cdc086f55b317420bbda770f3d98816c38b'
[    0.750593] Loaded X.509 cert 'Canonical Ltd. Live Patch Signing: 14df34d1a87cf37625abec039ef2bf521249b969'
[    0.753358] Loaded X.509 cert 'Canonical Ltd. Kernel Module Signing: 88f752e560a1e0737e31163a466ad7b70a850c19'
[    0.754237] blacklist: Loading compiled-in revocation X.509 certificates
[    0.754874] Loaded X.509 cert 'Canonical Ltd. Secure Boot Signing: 61482aa2830d0ab2ad5af10b7250da9033ddcef0'
[    0.755790] Loaded X.509 cert 'Canonical Ltd. Secure Boot Signing (2017): 242ade75ac4a15e50d50c84b0d45ff3eae707a03'
[    0.756772] Loaded X.509 cert 'Canonical Ltd. Secure Boot Signing (ESM 2018): 365188c1d374d6b07c3c8f240f8ef722433d6a8b'
[    0.757798] Loaded X.509 cert 'Canonical Ltd. Secure Boot Signing (2019): c0746fd6c5da3ae827864651ad66ae47fe24b3e8'
[    0.758750] Loaded X.509 cert 'Canonical Ltd. Secure Boot Signing (2021 v1): a8d54bbb3825cfb94fa13c9f8a594a195c107b8d'
[    0.759724] Loaded X.509 cert 'Canonical Ltd. Secure Boot Signing (2021 v2): 4cf046892d6fd3c9a5b03f98d845f90851dc6a8c'
[    0.760710] Loaded X.509 cert 'Canonical Ltd. Secure Boot Signing (2021 v3): 100437bb6de6e469b581e61cd66bce3ef4ed53af'
[    0.761704] Loaded X.509 cert 'Canonical Ltd. Secure Boot Signing (Ubuntu Core 2019): c1d57b8f6b743f23ee41f4f7ee292f06eecadfb9'
[    0.775606] Key type .fscrypt registered
[    0.775958] Key type fscrypt-provisioning registered
[    0.824270] Key type encrypted registered
[    0.824648] AppArmor: AppArmor sha1 policy hashing enabled
[    0.825348] ima: secureboot mode disabled
[    0.825710] ima: No TPM chip found, activating TPM-bypass!
[    0.826219] Loading compiled-in module X.509 certificates
[    0.828655] Loaded X.509 cert 'Build time autogenerated kernel key: 5cc52cdc086f55b317420bbda770f3d98816c38b'
[    0.829546] ima: Allocated hash algorithm: sha256
[    0.830003] ima: No architecture policies found
[    0.830430] evm: Initialising EVM extended attributes:
[    0.830883] evm: security.selinux
[    0.831178] evm: security.SMACK64
[    0.831472] evm: security.SMACK64EXEC
[    0.831797] evm: security.SMACK64TRANSMUTE
[    0.832159] evm: security.SMACK64MMAP
[    0.832483] evm: security.apparmor
[    0.832785] evm: security.ima
[    0.833048] evm: security.capability
[    0.833371] evm: HMAC attrs: 0x1
[    0.878411] clk: Disabling unused clocks
[    0.879487] dw-apb-uart feb50000.serial: forbid DMA for kernel console
[    0.886373] Freeing unused kernel memory: 11968K
[    0.968352] Checked W+X mappings: passed, no W+X pages found
[    0.968876] Run /init as init process
Loading, please wait...
Starting systemd-udevd version 253.5-1ubuntu7
[    2.093005] i2c 2-0011: Fixed dependency cycle(s) with /i2s@fe470000/port/endpoint
[    2.151524] dma-pl330 fea10000.dma-controller: Loaded driver for PL330 DMAC-241330
[    2.152212] dma-pl330 fea10000.dma-controller: 	DBUFF-128x8bytes Num_Chans-8 Num_Peri-32 Num_Events-16
[    2.166867] dma-pl330 fea30000.dma-controller: Loaded driver for PL330 DMAC-241330
[    2.167551] dma-pl330 fea30000.dma-controller: 	DBUFF-128x8bytes Num_Chans-8 Num_Peri-32 Num_Events-16
[    2.181669] dma-pl330 fed10000.dma-controller: Loaded driver for PL330 DMAC-241330
[    2.182354] dma-pl330 fed10000.dma-controller: 	DBUFF-128x8bytes Num_Chans-8 Num_Peri-32 Num_Events-16
[    2.189179] Synopsys Designware Multimedia Card Interface Driver
[    2.205451] sdhci: Secure Digital Host Controller Interface driver
[    2.206010] sdhci: Copyright(c) Pierre Ossman
[    2.240025] sdhci-pltfm: SDHCI platform and OF driver helper
[    2.263203] gpio gpiochip0: Static allocation of GPIO base is deprecated, use dynamic allocation.
[    2.277532] rockchip-gpio fd8a0000.gpio: probed /pinctrl/gpio@fd8a0000
[    2.297830] gpio gpiochip1: Static allocation of GPIO base is deprecated, use dynamic allocation.
[    2.309427] mmc0: SDHCI controller on fe2e0000.mmc [fe2e0000.mmc] using ADMA
[    2.310839] spi spi2.0: Fixed dependency cycle(s) with /spi@feb20000/pmic@0/regulators/dcdc-reg7
[    2.311014] rockchip-gpio fec20000.gpio: probed /pinctrl/gpio@fec20000
[    2.311740] spi spi2.0: Fixed dependency cycle(s) with /spi@feb20000/pmic@0/dvs3-null-pins
[    2.313004] spi spi2.0: Fixed dependency cycle(s) with /spi@feb20000/pmic@0/dvs2-null-pins
[    2.313818] spi spi2.0: Fixed dependency cycle(s) with /spi@feb20000/pmic@0/dvs1-null-pins
[    2.380235] gpio gpiochip2: Static allocation of GPIO base is deprecated, use dynamic allocation.
[    2.398695] rockchip-gpio fec30000.gpio: probed /pinctrl/gpio@fec30000
[    2.414436] mmc0: new HS400 Enhanced strobe MMC card at address 0001
[    2.428208] gpio gpiochip3: Static allocation of GPIO base is deprecated, use dynamic allocation.
[    2.437586] rockchip-gpio fec40000.gpio: probed /pinctrl/gpio@fec40000
[    2.440403] mmcblk0: mmc0:0001 ARV11X 58.3 GiB
[    2.442622] gpio gpiochip4: Static allocation of GPIO base is deprecated, use dynamic allocation.
[    2.452241] rockchip-gpio fec50000.gpio: probed /pinctrl/gpio@fec50000
[    2.466204]  mmcblk0: p1 p2 p3 p4 p5 p6 p7
[    2.468343] ehci-platform fc800000.usb: EHCI Host Controller
[    2.474862] ehci-platform fc800000.usb: new USB bus registered, assigned bus number 1
[    2.475535] ohci-platform fc840000.usb: Generic Platform OHCI controller
[    2.475857] ehci-platform fc800000.usb: irq 48, io mem 0xfc800000
[    2.476146] ohci-platform fc840000.usb: new USB bus registered, assigned bus number 2
[    2.477534] ohci-platform fc840000.usb: irq 49, io mem 0xfc840000
[    2.489383] ehci-platform fc800000.usb: USB 2.0 started, EHCI 1.00
[    2.495034] usb usb1: New USB device found, idVendor=1d6b, idProduct=0002, bcdDevice= 6.06
[    2.495809] usb usb1: New USB device strings: Mfr=3, Product=2, SerialNumber=1
[    2.496468] usb usb1: Product: EHCI Host Controller
[    2.496916] usb usb1: Manufacturer: Linux 6.6.0-14-generic ehci_hcd
[    2.497573] usb usb1: SerialNumber: fc800000.usb
[    2.530233] hub 1-0:1.0: USB hub found
[    2.530629] hub 1-0:1.0: 1 port detected
[    2.550082] rockchip-dw-pcie a40000000.pcie: host bridge /pcie@fe150000 ranges:
[    2.550820] rockchip-dw-pcie a40000000.pcie:       IO 0x00f0100000..0x00f01fffff -> 0x00f0100000
[    2.551658] rockchip-dw-pcie a40000000.pcie:      MEM 0x00f0200000..0x00f0ffffff -> 0x00f0200000
[    2.552465] rockchip-dw-pcie a40000000.pcie:      MEM 0x0900000000..0x093fffffff -> 0x0040000000
[    2.561054] rockchip-dw-pcie a40000000.pcie: iATU: unroll T, 8 ob, 8 ib, align 64K, limit 8G
[    2.569039] usb usb2: New USB device found, idVendor=1d6b, idProduct=0001, bcdDevice= 6.06
[    2.569805] usb usb2: New USB device strings: Mfr=3, Product=2, SerialNumber=1
[    2.570445] usb usb2: Product: Generic Platform OHCI controller
[    2.570968] usb usb2: Manufacturer: Linux 6.6.0-14-generic ohci_hcd
[    2.571520] usb usb2: SerialNumber: fc840000.usb
[    2.572576] fan53555-regulator 0-0042: FAN53555 Option[10] Rev[1] Detected!
[    2.573107] fan53555-regulator 0-0043: FAN53555 Option[10] Rev[1] Detected!
[    2.595543] hub 2-0:1.0: USB hub found
[    2.596050] hub 2-0:1.0: 1 port detected
[    2.627069] rtc-hym8563 1-0051: no valid clock/calendar values available
[    2.646858] mmcblk0boot0: mmc0:0001 ARV11X 4.00 MiB
[    2.649021] rtc-hym8563 1-0051: registered as rtc0
[    2.650689] rtc-hym8563 1-0051: no valid clock/calendar values available
[    2.651287] rtc-hym8563 1-0051: hctosys: unable to read the hardware clock
[    2.668970] mmcblk0boot1: mmc0:0001 ARV11X 4.00 MiB
[    2.690319] rk808-regulator rk808-regulator.2.auto: there is no dvs0 gpio
[    2.690403] mmcblk0rpmb: mmc0:0001 ARV11X 4.00 MiB, chardev (238:0)
[    2.690930] rk808-regulator rk808-regulator.2.auto: there is no dvs1 gpio
[    2.697907] vdd_2v0_pldo_s3: Bringing 1975000uV into 2000000-2000000uV
[    2.699373] vcc_3v3_s3: Bringing 3275000uV into 3300000-3300000uV
[    2.701092] vcc_1v8_s3: Bringing 1775000uV into 1800000-1800000uV
[    3.670524] rockchip-dw-pcie a40000000.pcie: Phy link never came up
[    3.671648] rockchip-dw-pcie a40000000.pcie: PCI host bridge to bus 0000:00
[    3.672320] pci_bus 0000:00: root bus resource [bus 00-0f]
[    3.672832] pci_bus 0000:00: root bus resource [io  0x0000-0xfffff] (bus address [0xf0100000-0xf01fffff])
[    3.673739] pci_bus 0000:00: root bus resource [mem 0xf0200000-0xf0ffffff]
[    3.674369] pci_bus 0000:00: root bus resource [mem 0x900000000-0x93fffffff] (bus address [0x40000000-0x7fffffff])
[    3.675369] pci 0000:00:00.0: [1d87:3588] type 01 class 0x060400
[    3.675937] pci 0000:00:00.0: reg 0x10: [mem 0x00000000-0x3fffffff]
[    3.676516] pci 0000:00:00.0: reg 0x14: [mem 0x00000000-0x3fffffff]
[    3.677095] pci 0000:00:00.0: reg 0x38: [mem 0x00000000-0x0000ffff pref]
[    3.677811] pci 0000:00:00.0: supports D1 D2
[    3.678208] pci 0000:00:00.0: PME# supported from D0 D1 D3hot
[    3.684801] pci_bus 0000:01: busn_res: can not insert [bus 01-ff] under [bus 00-0f] (conflicts with (null) [bus 00-0f])
[    3.686020] pci 0000:00:00.0: BAR 0: assigned [mem 0x900000000-0x93fffffff]
[    3.686670] pci 0000:00:00.0: BAR 1: no space for [mem size 0x40000000]
[    3.687275] pci 0000:00:00.0: BAR 1: failed to assign [mem size 0x40000000]
[    3.687911] pci 0000:00:00.0: BAR 6: assigned [mem 0xf0200000-0xf020ffff pref]
[    3.688573] pci 0000:00:00.0: PCI bridge to [bus 01-ff]
[    3.694211] pcieport 0000:00:00.0: PME: Signaling with IRQ 78
[    3.695641] pcieport 0000:00:00.0: AER: enabled with IRQ 79
[    3.698164] rockchip-dw-pcie a40800000.pcie: host bridge /pcie@fe170000 ranges:
[    3.698870] rockchip-dw-pcie a40800000.pcie:       IO 0x00f2100000..0x00f21fffff -> 0x00f2100000
[    3.699686] rockchip-dw-pcie a40800000.pcie:      MEM 0x00f2200000..0x00f2ffffff -> 0x00f2200000
[    3.700491] rockchip-dw-pcie a40800000.pcie:      MEM 0x0980000000..0x09bfffffff -> 0x0040000000
[    3.701514] rockchip-dw-pcie a40800000.pcie: iATU: unroll T, 8 ob, 8 ib, align 64K, limit 8G
[    3.909588] rockchip-dw-pcie a40800000.pcie: PCIe Gen.2 x1 link up
[    3.910370] rockchip-dw-pcie a40800000.pcie: PCI host bridge to bus 0002:20
[    3.911013] pci_bus 0002:20: root bus resource [bus 20-2f]
[    3.911522] pci_bus 0002:20: root bus resource [io  0x100000-0x1fffff] (bus address [0xf2100000-0xf21fffff])
[    3.912409] pci_bus 0002:20: root bus resource [mem 0xf2200000-0xf2ffffff]
[    3.913037] pci_bus 0002:20: root bus resource [mem 0x980000000-0x9bfffffff] (bus address [0x40000000-0x7fffffff])
[    3.914037] pci 0002:20:00.0: [1d87:3588] type 01 class 0x060400
[    3.914611] pci 0002:20:00.0: reg 0x38: [mem 0x00000000-0x0000ffff pref]
[    3.915295] pci 0002:20:00.0: supports D1 D2
[    3.915691] pci 0002:20:00.0: PME# supported from D0 D1 D3hot
[    3.922186] pci 0002:20:00.0: Primary bus is hard wired to 0
[    3.922718] pci 0002:20:00.0: bridge configuration invalid ([bus 01-ff]), reconfiguring
[    3.923706] pci 0002:21:00.0: [10ec:8125] type 00 class 0x020000
[    3.924325] pci 0002:21:00.0: reg 0x10: [io  0x0000-0x00ff]
[    3.924912] pci 0002:21:00.0: reg 0x18: [mem 0x00000000-0x0000ffff 64bit]
[    3.925602] pci 0002:21:00.0: reg 0x20: [mem 0x00000000-0x00003fff 64bit]
[    3.926666] pci 0002:21:00.0: supports D1 D2
[    3.927062] pci 0002:21:00.0: PME# supported from D0 D1 D2 D3hot D3cold
[    3.937589] pci_bus 0002:21: busn_res: [bus 21-2f] end is updated to 21
[    3.938202] pci 0002:20:00.0: BAR 14: assigned [mem 0xf2200000-0xf22fffff]
[    3.938811] pci 0002:20:00.0: BAR 6: assigned [mem 0xf2300000-0xf230ffff pref]
[    3.939449] pci 0002:20:00.0: BAR 13: assigned [io  0x100000-0x100fff]
[    3.940029] pci 0002:21:00.0: BAR 2: assigned [mem 0xf2200000-0xf220ffff 64bit]
[    3.940707] pci 0002:21:00.0: BAR 4: assigned [mem 0xf2210000-0xf2213fff 64bit]
[    3.941412] pci 0002:21:00.0: BAR 0: assigned [io  0x100000-0x1000ff]
[    3.941991] pci 0002:20:00.0: PCI bridge to [bus 21]
[    3.942431] pci 0002:20:00.0:   bridge window [io  0x100000-0x100fff]
[    3.942999] pci 0002:20:00.0:   bridge window [mem 0xf2200000-0xf22fffff]
[    3.949686] pcieport 0002:20:00.0: PME: Signaling with IRQ 90
[    3.950551] pcieport 0002:20:00.0: AER: enabled with IRQ 91
[    3.951296] r8169 0002:21:00.0: enabling device (0000 -> 0003)
[    3.978698] r8169 0002:21:00.0 eth0: RTL8125B, f6:75:99:ea:fe:1a, XID 641, IRQ 92
[    3.979376] r8169 0002:21:00.0 eth0: jumbo features [frames: 9194 bytes, tx checksumming: ko]
[    3.983072] dwmmc_rockchip fe2c0000.mmc: IDMAC supports 32-bit address mode.
[    3.983718] dwmmc_rockchip fe2c0000.mmc: Using internal DMA controller.
[    3.984304] dwmmc_rockchip fe2c0000.mmc: Version ID is 270a
[    3.984844] dwmmc_rockchip fe2c0000.mmc: DW MMC controller at irq 93,32 bit host data width,256 deep fifo
[    3.984935] dwmmc_rockchip fe2d0000.mmc: IDMAC supports 32-bit address mode.
[    3.986439] dwmmc_rockchip fe2d0000.mmc: Using internal DMA controller.
[    3.987047] dwmmc_rockchip fe2d0000.mmc: Version ID is 270a
[    3.987464] dwmmc_rockchip fe2c0000.mmc: Got CD GPIO
[    3.987587] dwmmc_rockchip fe2d0000.mmc: DW MMC controller at irq 94,32 bit host data width,256 deep fifo
[    3.987894] ehci-platform fc880000.usb: EHCI Host Controller
[    3.987912] ehci-platform fc880000.usb: new USB bus registered, assigned bus number 3
[    3.988044] ehci-platform fc880000.usb: irq 95, io mem 0xfc880000
[    3.988173] ohci-platform fc8c0000.usb: Generic Platform OHCI controller
[    3.988189] ohci-platform fc8c0000.usb: new USB bus registered, assigned bus number 4
[    3.988255] ohci-platform fc8c0000.usb: irq 96, io mem 0xfc8c0000
[    3.989758] mmc_host mmc2: card is non-removable.
[    3.989876] rockchip-dw-pcie a41000000.pcie: host bridge /pcie@fe190000 ranges:
[    3.989898] rockchip-dw-pcie a41000000.pcie:       IO 0x00f4100000..0x00f41fffff -> 0x00f4100000
[    3.989911] rockchip-dw-pcie a41000000.pcie:      MEM 0x00f4200000..0x00f4ffffff -> 0x00f4200000
[    3.989918] rockchip-dw-pcie a41000000.pcie:      MEM 0x0a00000000..0x0a3fffffff -> 0x0040000000
[    3.990078] rockchip-dw-pcie a41000000.pcie: iATU: unroll T, 8 ob, 8 ib, align 64K, limit 8G
[    4.000793] mmc_host mmc1: Bus speed (slot 0) = 400000Hz (slot req 400000Hz, actual 400000HZ div = 0)
[    4.001510] mmc_host mmc2: Bus speed (slot 0) = 400000Hz (slot req 400000Hz, actual 400000HZ div = 0)
[    4.005516] ehci-platform fc880000.usb: USB 2.0 started, EHCI 1.00
[    4.006435] usb usb3: New USB device found, idVendor=1d6b, idProduct=0002, bcdDevice= 6.06
[    4.007175] usb usb3: New USB device strings: Mfr=3, Product=2, SerialNumber=1
[    4.007181] usb usb3: Product: EHCI Host Controller
[    4.007185] usb usb3: Manufacturer: Linux 6.6.0-14-generic ehci_hcd
[    4.007188] usb usb3: SerialNumber: fc880000.usb
[    4.007707] hub 3-0:1.0: USB hub found
[    4.009667] hub 3-0:1.0: 1 port detected
[    4.017481] r8169 0002:21:00.0 enP2p33s0: renamed from eth0
[    4.037538] mmc_host mmc2: Bus speed (slot 0) = 300000Hz (slot req 300000Hz, actual 300000HZ div = 0)
[    4.049660] usb usb4: New USB device found, idVendor=1d6b, idProduct=0001, bcdDevice= 6.06
[    4.050400] usb usb4: New USB device strings: Mfr=3, Product=2, SerialNumber=1
[    4.051038] usb usb4: Product: Generic Platform OHCI controller
[    4.051560] usb usb4: Manufacturer: Linux 6.6.0-14-generic ohci_hcd
[    4.052112] usb usb4: SerialNumber: fc8c0000.usb
[    4.053430] hub 4-0:1.0: USB hub found
[    4.053800] hub 4-0:1.0: 1 port detected
[    4.076155] mmc_host mmc2: Bus speed (slot 0) = 200000Hz (slot req 200000Hz, actual 200000HZ div = 0)
[    4.081459] mmc_host mmc1: Bus speed (slot 0) = 198000000Hz (slot req 200000000Hz, actual 198000000HZ div = 0)
[    4.118900] mmc_host mmc2: Bus speed (slot 0) = 187500Hz (slot req 187500Hz, actual 187500HZ div = 0)
Begin: Loading essential drivers ... [    4.149762] mmc2: Failed to initialize a non-removable card
[    4.201529] rockchip-dw-pcie a41000000.pcie: PCIe Gen.2 x1 link up
[    4.202729] rockchip-dw-pcie a41000000.pcie: PCI host bridge to bus 0004:40
[    4.203348] pci_bus 0004:40: root bus resource [bus 40-4f]
[    4.203837] pci_bus 0004:40: root bus resource [io  0x200000-0x2fffff] (bus address [0xf4100000-0xf41fffff])
[    4.204700] pci_bus 0004:40: root bus resource [mem 0xf4200000-0xf4ffffff]
[    4.205327] pci_bus 0004:40: root bus resource [mem 0xa00000000-0xa3fffffff] (bus address [0x40000000-0x7fffffff])
[    4.206266] pci 0004:40:00.0: [1d87:3588] type 01 class 0x060400
[    4.206810] pci 0004:40:00.0: reg 0x38: [mem 0x00000000-0x0000ffff pref]
[    4.207447] pci 0004:40:00.0: supports D1 D2
[    4.207828] pci 0004:40:00.0: PME# supported from D0 D1 D3hot
[    4.210815] pci 0004:40:00.0: Primary bus is hard wired to 0
[    4.211319] pci 0004:40:00.0: bridge configuration invalid ([bus 01-ff]), reconfiguring
[    4.212167] pci 0004:41:00.0: [10ec:8125] type 00 class 0x020000
[    4.212750] pci 0004:41:00.0: reg 0x10: [io  0x0000-0x00ff]
[    4.213317] pci 0004:41:00.0: reg 0x18: [mem 0x00000000-0x0000ffff 64bit]
[    4.213957] pci 0004:41:00.0: reg 0x20: [mem 0x00000000-0x00003fff 64bit]
[    4.214958] pci 0004:41:00.0: supports D1 D2
[    4.215338] pci 0004:41:00.0: PME# supported from D0 D1 D2 D3hot D3cold
[    4.225513] pci_bus 0004:41: busn_res: [bus 41-4f] end is updated to 41
[    4.226125] pci 0004:40:00.0: BAR 14: assigned [mem 0xf4200000-0xf42fffff]
[    4.226735] pci 0004:40:00.0: BAR 6: assigned [mem 0xf4300000-0xf430ffff pref]
[    4.227373] pci 0004:40:00.0: BAR 13: assigned [io  0x200000-0x200fff]
[    4.227953] pci 0004:41:00.0: BAR 2: assigned [mem 0xf4200000-0xf420ffff 64bit]
[    4.228632] pci 0004:41:00.0: BAR 4: assigned [mem 0xf4210000-0xf4213fff 64bit]
[    4.229322] pci 0004:41:00.0: BAR 0: assigned [io  0x200000-0x2000ff]
[    4.229901] pci 0004:40:00.0: PCI bridge to [bus 41]
[    4.230340] pci 0004:40:00.0:   bridge window [io  0x200000-0x200fff]
[    4.230909] pci 0004:40:00.0:   bridge window [mem 0xf4200000-0xf42fffff]
[    4.233708] pcieport 0004:40:00.0: PME: Signaling with IRQ 108
[    4.234845] pcieport 0004:40:00.0: AER: enabled with IRQ 109
[    4.235670] r8169 0004:41:00.0: enabling device (0000 -> 0003)
[    4.257553] r8169 0004:41:00.0 eth0: RTL8125B, f6:75:99:ea:fe:1b, XID 641, IRQ 110
[    4.258287] r8169 0004:41:00.0 eth0: jumbo features [frames: 9194 bytes, tx checksumming: ko]
[    4.277538] usb 3-1: new high-speed USB device number 2 using ehci-platform
[    4.305781] r8169 0004:41:00.0 enP4p65s0: renamed from eth0
[    4.377335] raid6: neonx8   gen()  1518 MB/s
[    4.444400] dwmmc_rockchip fe2c0000.mmc: Successfully tuned phase to 111
[    4.445011] mmc1: new ultra high speed SDR104 SDHC card at address aaaa
[    4.445329] raid6: neonx4   gen()  1493 MB/s
[    4.446482] mmcblk1: mmc1:aaaa SC16G 14.8 GiB
[    4.513327] raid6: neonx2   gen()  1459 MB/s
[    4.581322] raid6: neonx1   gen()  1272 MB/s
[    4.649326] raid6: int64x8  gen()   916 MB/s
[    4.717323] raid6: int64x4  gen()  1078 MB/s
[    4.785332] raid6: int64x2  gen()  1008 MB/s
[    4.853341] raid6: int64x1  gen()   782 MB/s
[    4.853739] raid6: using algorithm neonx8 gen() 1518 MB/s
[    4.921324] raid6: .... xor() 1133 MB/s, rmw enabled
[    4.921785] raid6: using neon recovery algorithm
[    4.928920] xor: measuring software checksum speed
[    4.931184]    8regs           :  5422 MB/sec
[    4.933406]    32regs          :  5375 MB/sec
[    4.935206]    arm64_neon      :  6965 MB/sec
[    4.935592] xor: using function: arm64_neon (6965 MB/sec)
[    4.939354] async_tx: api initialized (async)
[    5.011861] usb 3-1: New USB device found, idVendor=067b, idProduct=2731, bcdDevice= 1.00
[    5.012636] usb 3-1: New USB device strings: Mfr=1, Product=2, SerialNumber=3
[    5.013286] usb 3-1: Product: USB SD Card Reader     
[    5.013791] usb 3-1: Manufacturer: Prolific Technology Inc.
[    5.014309] usb 3-1: SerialNumber: ABCDEF0123456789AB
[    5.028249] usb-storage 3-1:1.0: USB Mass Storage device detected
[    5.029248] scsi host0: usb-storage 3-1:1.0
[    5.030472] usbcore: registered new interface driver usb-storage
done.
[    5.035626] usbcore: registered new interface driver uas
Begin: Running /scripts/init-premount ... done.
Begin: Mounting root file system ... Begin: Running /scripts/nfs-top ... done.
Begin: Running /scripts/nfs-premount ... done.
[    5.808162] evict_inodes inode (____ptrval____), i_count = 1, was skipped!
[    5.808816] evict_inodes inode (____ptrval____), i_count = 1, was skipped!
Begin: Running /scripts/casper-premount ... done.
done.
[    6.774032] scsi 0:0:0:0: Direct-Access              SD Card Reader   1.00 PQ: 0 ANSI: 6
[    6.775728] sd 0:0:0:0: Attached scsi generic sg0 type 0
[    6.777459] sd 0:0:0:0: [sda] 62333952 512-byte logical blocks: (31.9 GB/29.7 GiB)
[    6.778958] sd 0:0:0:0: [sda] Write Protect is off
[    6.780545] sd 0:0:0:0: [sda] No Caching mode page found
[    6.781087] sd 0:0:0:0: [sda] Assuming drive cache: write through
[    6.789902]  sda: sda1 sda2 sda3
[    6.791141] sd 0:0:0:0: [sda] Attached SCSI removable disk
[    9.197856] loop0: detected capacity change from 0 to 284904
[    9.282548] loop1: detected capacity change from 0 to 721032
[    9.355207] loop2: detected capacity change from 0 to 857912
[    9.434511] loop3: detected capacity change from 0 to 332760
[    9.475455] overlayfs: null uuid detected in lower fs '/', falling back to xino=off,index=off,nfs_export=off.
[    9.543859] EXT4-fs (sda3): recovery complete
[    9.544266] EXT4-fs (sda3): mounted filesystem 19f9170a-1dd2-11b2-8a24-ad4f30d53547 r/w with ordered data mode. Quota mode: none.
done.
Begin: Creating debconf-communicate fifo mechanism ... done.
Begin: Running /scripts/casper-bottom ... Begin: Moving mount points... ... done.
Begin: Configuring fstab... ... done.
Begin: Setting up locales... ... [   10.417414] random: crng init done
done.
Begin: Setting up automatic login... ... done.
Begin: Setting hostname... ... done.
Begin: Setting up console keyboard... ... done.
Begin: Applying desktop settings... ... done.
Begin: Regenerating SSL certificate... ... done.
Begin: Loading preseed file... ... done.
Begin: Adding live session user... ... [   15.075791] platform a40c00000.pcie: deferred probe pending
passwd: password changed.
done.
Begin: Setting up init... ... done.
Begin: Configuring accessibility options... ... done.
Begin: Disabling update-notifier... ... done.
Begin: Enabling detection of crashes... ... done.
Begin: Disabling unnecessary KDE services... ... done.
Begin: Disabling the lock screen for LXQt (LP: #2000787)... ... done.
Begin: Adding APT-CDROM source... ... Using CD-ROM mount point /cdrom/
Identifying... [a003e873732998c4c98648d621fa0a7b-2]
Scanning disc for index files...
Found 2 package indexes, 0 source indexes, 0 translation indexes and 1 signatures
Found label 'Ubuntu-Server 24.04 LTS _Noble Numbat_ - Daily arm64 (20240125)'
This disc is called: 
'Ubuntu-Server 24.04 LTS _Noble Numbat_ - Daily arm64 (20240125)'
Copying package lists...gpgv: Signature made Thu Jan 25 08:15:11 2024 UTC
gpgv:                using RSA key 843938DF228D22F7B3742BC0D94AA3F0EFE21092
gpgv: key D94AA3F0EFE21092 was created 15471 days in the future (time warp or clock problem)
gpgv: key D94AA3F0EFE21092 was created 15471 days in the future (time warp or clock problem)
gpgv: key D94AA3F0EFE21092 was created 15471 days in the future (time warp or clock problem)
gpgv: Good signature from "Ubuntu CD Image Automatic Signing Key (2012) <cdimage@ubuntu.com>"
Reading Package Indexes... 0%Reading Package Indexes... Done
Writing new source list
Source list entries for this disc are:
deb cdrom:[Ubuntu-Server 24.04 LTS _Noble Numbat_ - Daily arm64 (20240125)]/ noble main restricted
Repeat this process for the rest of the CDs in your set.
done.
Begin: Possibly disabling update-initramfs (useless on a live CD)... ... done.
Begin: Grant administrative PolicyKit privileges to default user... ... done.
Begin: Configuring jackd2... ... done.
Begin: Disabling gnome-initial-setup... ... chown: warning: '.' should be ':': 'ubuntu-server.ubuntu-server'
done.
Begin: Disabling security unattended-upgrades... ... done.
Begin: Disabling snap refresh... ... done.
Begin: Overriding 71-nvidia.rules... ... done.
Begin: Configuring pollinate... ... done.
Begin: Setting up networking for ubuntu-server... ... done.
Begin: Disabling ibus-mozc auto setup... ... chown: warning: '.' should be ':': 'ubuntu-server.ubuntu-server'
done.
Begin: Set up the installer log directory for adm users... ... done.
Begin: Tweaks for the desktop image... ... done.
done.
Begin: Running /scripts/nfs-bottom ... done.
Begin: Running /scripts/init-bottom ... [   19.199252] loop4: detected capacity change from 0 to 284904
[   19.205706] loop5: detected capacity change from 0 to 721032
[   19.212343] overlayfs: "xino" feature enabled using 32 upper inode bits.
done.
[   20.154642] systemd[1]: System time before build time, advancing clock.
[   20.304592] systemd[1]: Inserted module 'autofs4'
[   20.519417] systemd[1]: systemd 253.5-1ubuntu7 running in system mode (+PAM +AUDIT +SELINUX +APPARMOR +IMA +SMACK +SECCOMP +GCRYPT -GNUTLS +OPENSSL +ACL +BLKID +CURL +ELFUTILS +FIDO2 +IDN2 -IDN +IPTC +KMOD +LIBCRYPTSETUP +LIBFDISK +PCRE2 -PWQUALITY +P11KIT +QRENCODE +TPM2 +BZIP2 +LZ4 +XZ +ZLIB +ZSTD -BPF_FRAMEWORK -XKBCOMMON +UTMP +SYSVINIT default-hierarchy=unified)
[   20.522305] systemd[1]: Detected architecture arm64.

Welcome to Ubuntu Noble Numbat (development branch)!

[   20.535512] systemd[1]: Hostname set to <ubuntu-server>.
[   20.554861] systemd[1]: Initializing machine ID from random generator.
[   20.626348] systemd[1]: memfd_create() called without MFD_EXEC or MFD_NOEXEC_SEAL set
[   21.831835] systemd[1]: /lib/systemd/system/rsyslog.service:24: Failed to parse protect home value, ignoring: readonly
[   21.969620] systemd[1]: Queued start job for default target graphical.target.
[   22.003786] systemd[1]: Created slice system-modprobe.slice - Slice /system/modprobe.
[  OK  ] Created slice system-modprвlice - Slice /system/modprobe.
[   22.018411] systemd[1]: Created slice system-serial\x2dgetty.slice - Slice /system/serial-getty.
[  OK  ] Created slice system-seriaв - Slice /system/serial-getty.
[   22.030206] systemd[1]: Created slice user.slice - User and Session Slice.
[  OK  ] Created slice user.slice - User and Session Slice.
[   22.041761] systemd[1]: Started systemd-ask-password-wall.path - Forward Password Requests to Wall Directory Watch.
[  OK  ] Started systemd-ask-passwoв Requests to Wall Directory Watch.
[   22.054074] systemd[1]: Set up automount proc-sys-fs-binfmt_misc.automount - Arbitrary Executable File Formats File System Automount Point.
[  OK  ] Set up automount proc-sys-вrmats File System Automount Point.
[   22.065628] systemd[1]: Reached target integritysetup.target - Local Integrity Protected Volumes.
[  OK  ] Reached target integrityseвLocal Integrity Protected Volumes.
[   22.077685] systemd[1]: Reached target slices.target - Slice Units.
[  OK  ] Reached target slices.target - Slice Units.
[   22.089614] systemd[1]: Reached target snapd.mounts-pre.target - Mounting snaps.
[  OK  ] Reached target snapd.mounts-pre.target - Mounting snaps.
[   22.101612] systemd[1]: Reached target swap.target - Swaps.
[  OK  ] Reached target swap.target - Swaps.
[   22.103041] systemd[1]: Reached target veritysetup.target - Local Verity Protected Volumes.
[  OK  ] Reached target veritysetupв - Local Verity Protected Volumes.
[   22.113738] systemd[1]: Listening on dm-event.socket - Device-mapper event daemon FIFOs.
[  OK  ] Listening on dm-event.sockв Device-mapper event daemon FIFOs.
[   22.129361] systemd[1]: Listening on lvm2-lvmpolld.socket - LVM2 poll daemon socket.
[  OK  ] Listening on lvm2-lvmpolldвket - LVM2 poll daemon socket.
[   22.141869] systemd[1]: Listening on multipathd.socket - multipathd control socket.
[  OK  ] Listening on multipathd.soвt - multipathd control socket.
[   22.154726] systemd[1]: Listening on syslog.socket - Syslog Socket.
[  OK  ] Listening on syslog.socket - Syslog Socket.
[   22.165756] systemd[1]: Listening on systemd-initctl.socket - initctl Compatibility Named Pipe.
[  OK  ] Listening on systemd-initcв initctl Compatibility Named Pipe.
[   22.180052] systemd[1]: Listening on systemd-journald-dev-log.socket - Journal Socket (/dev/log).
[  OK  ] Listening on systemd-journвt - Journal Socket (/dev/log).
[   22.193868] systemd[1]: Listening on systemd-journald.socket - Journal Socket.
[  OK  ] Listening on systemd-journald.socket - Journal Socket.
[   22.206016] systemd[1]: Listening on systemd-networkd.socket - Network Service Netlink Socket.
[  OK  ] Listening on systemd-netwoв - Network Service Netlink Socket.
[   22.221468] systemd[1]: Listening on systemd-udevd-control.socket - udev Control Socket.
[  OK  ] Listening on systemd-udevdв.socket - udev Control Socket.
[   22.233770] systemd[1]: Listening on systemd-udevd-kernel.socket - udev Kernel Socket.
[  OK  ] Listening on systemd-udevdвl.socket - udev Kernel Socket.
[   22.281758] systemd[1]: Mounting dev-hugepages.mount - Huge Pages File System...
         Mounting dev-hugepages.mount - Huge Pages File System...
[   22.295842] systemd[1]: Mounting dev-mqueue.mount - POSIX Message Queue File System...
         Mounting dev-mqueue.mountPOSIX Message Queue File System...
[   22.307909] systemd[1]: Mounting sys-kernel-debug.mount - Kernel Debug File System...
         Mounting sys-kernel-debug.в - Kernel Debug File System...
[   22.327580] systemd[1]: Mounting sys-kernel-tracing.mount - Kernel Trace File System...
         Mounting sys-kernel-tracinв - Kernel Trace File System...
[   22.345986] systemd[1]: Starting systemd-journald.service - Journal Service...
         Starting systemd-journald.service - Journal Service...
[   22.360152] systemd[1]: Starting keyboard-setup.service - Set the console keyboard layout...
         Starting keyboard-setup.seвSet the console keyboard layout...
[   22.377384] systemd[1]: Starting kmod-static-nodes.service - Create List of Static Device Nodes...
         Starting kmod-static-nodesвate List of Static Device Nodes...
[   22.392210] systemd[1]: Starting lvm2-monitor.service - Monitoring of LVM2 mirrors, snapshots etc. using dmeventd or progress polling...
         Starting lvm2-monitor.servвng dmeventd or progress polling...
[   22.412391] systemd[1]: Starting modprobe@configfs.service - Load Kernel Module configfs...
         Starting modprobe@configfsвm - Load Kernel Module configfs...
[   22.432203] systemd[1]: Starting modprobe@dm_mod.service - Load Kernel Module dm_mod...
         Starting modprobe@dm_mod.sв[0m - Load Kernel Module dm_mod...
[   22.452292] systemd[1]: Starting modprobe@drm.service - Load Kernel Module drm...
         Starting modprobe@drm.service - Load Kernel Module drm...
[   22.476402] systemd[1]: Starting modprobe@efi_pstore.service - Load Kernel Module efi_pstore...
         Starting modprobe@efi_pstoв- Load Kernel Module efi_pstore...
[   22.483288] systemd-journald[1220]: Collecting audit messages is disabled.
[   22.497056] systemd[1]: Starting modprobe@fuse.service - Load Kernel Module fuse...
         Starting modprobe@fuse.serвe - Load Kernel Module fuse...
[   22.516410] systemd[1]: Starting modprobe@loop.service - Load Kernel Module loop...
         Starting modprobe@loop.serвe - Load Kernel Module loop...
[   22.550085] systemd[1]: netplan-ovs-cleanup.service - OpenVSwitch configuration for cleanup was skipped because of an unmet condition check (ConditionFileIsExecutable=/usr/bin/ovs-vsctl).
[   22.629853] systemd[1]: Starting systemd-modules-load.service - Load Kernel Modules...
         Starting systemd-modules-lвrvice - Load Kernel Modules...
[   22.641607] systemd[1]: systemd-pcrmachine.service - TPM2 PCR Machine ID Measurement was skipped because of an unmet condition check (ConditionPathExists=/sys/firmware/efi/efivars/StubPcrKernelImage-4a67b082-0a4c-41cf-b6c7-440b29bb8c4f).
[   22.646301] systemd[1]: Starting systemd-remount-fs.service - Remount Root and Kernel File Systems...
         Starting systemd-remount-fвnt Root and Kernel File Systems...
[   22.660226] systemd[1]: Starting systemd-udev-trigger.service - Coldplug All udev Devices...
         Starting systemd-udev-trigв[0m - Coldplug All udev Devices...
[   22.679649] systemd[1]: Started systemd-journald.service - Journal Service.
[  OK  ] Started systemd-journald.service - Journal Service.
[  OK  ] Mounted dev-hugepages.mount - Huge Pages File System.
[  OK  ] Mounted dev-mqueue.mount- POSIX Message Queue File System.
[  OK  ] Mounted sys-kernel-debug.mвnt - Kernel Debug File System.
[  OK  ] Mounted sys-kernel-tracingвnt - Kernel Trace File System.
[  OK  ] Finished keyboard-setup.seв- Set the console keyboard layout.
[  OK  ] Finished kmod-static-nodesвreate List of Static Device Nodes.
[  OK  ] Finished modprobe@configfsв[0m - Load Kernel Module configfs.
[  OK  ] Finished modprobe@dm_mod.sвe - Load Kernel Module dm_mod.
[  OK  ] Finished modprobe@drm.service - Load Kernel Module drm.
[  OK  ] Finished modprobe@efi_pstoвm - Load Kernel Module efi_pstore.
[  OK  ] Finished modprobe@fuse.service - Load Kernel Module fuse.
[  OK  ] Finished modprobe@loop.service - Load Kernel Module loop.
[  OK  ] Finished systemd-remount-fвount Root and Kernel File Systems.
[  OK  ] Finished systemd-modules-lвservice - Load Kernel Modules.
         Mounting sys-fs-fuse-conneв - FUSE Control File System...
         Mounting sys-kernel-configвernel Configuration File System...
         Starting multipathd.servicвper Multipath Device Controller...
         Starting systemd-journal-fвh Journal to Persistent Storage...
         Starting systemd-random-seв - Load/Save OS Random Seed...
[   23.009231] systemd-journald[1220]: Received client request to flush runtime journal.
         Starting systemd-sysctl.seвce - Apply Kernel Variables...
         Starting systemd-sysusers.вrvice - Create System Users...
[  OK  ] Mounted sys-fs-fuse-connecвnt - FUSE Control File System.
[  OK  ] Mounted sys-kernel-config.в Kernel Configuration File System.
[  OK  ] Finished lvm2-monitor.servвsing dmeventd or progress polling.
[  OK  ] Finished systemd-journal-fвush Journal to Persistent Storage.
[  OK  ] Finished systemd-random-seвce - Load/Save OS Random Seed.
[  OK  ] Finished systemd-sysctl.service - Apply Kernel Variables.
[  OK  ] Finished systemd-sysusers.service - Create System Users.
         Starting systemd-tmpfiles-вate Static Device Nodes in /dev...
[  OK  ] Finished systemd-udev-trigвe - Coldplug All udev Devices.
[  OK  ] Finished systemd-tmpfiles-вreate Static Device Nodes in /dev.
[  OK  ] Started multipathd.serviceвapper Multipath Device Controller.
[  OK  ] Reached target local-fs-prвreparation for Local File Systems.
         Mounting snap.mount - в directory shares mount events....
         Mounting tmp.mount - /tmp...
         Starting systemd-udevd.serвger for Device Events and Files...
[  OK  ] Mounted snap.mount - Eвap directory shares mount events..
[  OK  ] Mounted tmp.mount - /tmp.
         Mounting snap-core22-1035.в unit for core22, revision 1035...
         Mounting snap-lxd-26202.moвnt unit for lxd, revision 26202...
         Mounting snap-snapd-20674.в unit for snapd, revision 20674...
         Mounting snap-subiquity-54вit for subiquity, revision 5429...
[  OK  ] Mounted snap-core22-1035.mвnt unit for core22, revision 1035.
[  OK  ] Mounted snap-lxd-26202.mouвount unit for lxd, revision 26202.
[  OK  ] Mounted snap-snapd-20674.mвnt unit for snapd, revision 20674.
[  OK  ] Mounted snap-subiquity-542вunit for subiquity, revision 5429.
[  OK  ] Started systemd-udevd.servвnager for Device Events and Files.
[  OK  ] Reached target snapd.mounts.target - Mounted snaps.
[  OK  ] Reached target local-fs.target - Local File Systems.
         Starting console-setup.serвm - Set console font and keymap...
         Starting finalrd.serviceime dir for shutdown pivot root...
         Starting plymouth-read-wriвmouth To Write Out Runtime Data...
[  OK  ] Started systemd-ask-passwoвquests to Console Directory Watch.
[  OK  ] Reached target cryptsetup.вget - Local Encrypted Volumes.
         Starting snapd.apparmor.seвles managed internally by snapd...
         Starting systemd-binfmt.seвet Up Additional Binary Formats...
         Starting systemd-tmpfiles-в Volatile Files and Directories...
         Starting ufw.service - Uncomplicated firewall...
[  OK  ] Finished console-setup.serв[0m - Set console font and keymap.
[  OK  ] Finished finalrd.servicentime dir for shutdown pivot root.
[  OK  ] Finished ufw.service - Uncomplicated firewall.
[  OK  ] Finished plymouth-read-wriвlymouth To Write Out Runtime Data.
[  OK  ] Found device dev-ttyS2.device - /dev/ttyS2.
         Mounting proc-sys-fs-binfmвutable File Formats File System...
[  OK  ] Finished systemd-tmpfiles-вte Volatile Files and Directories.
         Starting systemd-resolved.вe - Network Name Resolution...
         Starting systemd-timesyncdв - Network Time Synchronization...
         Starting systemd-update-utвrd System Boot/Shutdown in UTMP...
         Starting cloud-init-local.вcloud-init job (pre-networking)...
[  OK  ] Mounted proc-sys-fs-binfmtвecutable File Formats File System.
[  OK  ] Finished systemd-update-utвcord System Boot/Shutdown in UTMP.
[  OK  ] Finished systemd-binfmt.seв Set Up Additional Binary Formats.
[  OK  ] Started systemd-timesyncd.в0m - Network Time Synchronization.
[  OK  ] Reached target time-set.target - System Time Set.
[  OK  ] Listening on systemd-rfkilвl Switch Status /dev/rfkill Watch.
[  OK  ] Reached target sound.target - Sound Card.
[  OK  ] Started systemd-resolved.sвice - Network Name Resolution.
[  OK  ] Reached target nss-lookup.вm - Host and Network Name Lookups.
[  OK  ] Finished snapd.apparmor.seвfiles managed internally by snapd.
[  OK  ] Finished cloud-init-local.вl cloud-init job (pre-networking).
[  OK  ] Reached target network-preвget - Preparation for Network.
         Starting systemd-networkd.вice - Network Configuration...
[  OK  ] Started systemd-networkd.service - Network Configuration.
[  OK  ] Reached target network.target - Network.
         Starting systemd-networkd-вit for Network to be Configured...
[  OK  ] Finished systemd-networkd-вWait for Network to be Configured.
         Starting cloud-init.servicв job (metadata service crawler)...
[  OK  ] Finished cloud-init.servicвit job (metadata service crawler).
[  OK  ] Reached target cloud-confiвt - Cloud-config availability.
[  OK  ] Reached target network-online.target - Network is Online.
[  OK  ] Reached target sysinit.target - System Initialization.
[  OK  ] Started apt-daily.timer - Daily apt download activities.
[  OK  ] Started apt-daily-upgrade.в apt upgrade and clean activities.
[  OK  ] Started dpkg-db-backup.timв Daily dpkg database backup timer.
[  OK  ] Started e2scrub_all.timeretadata Check for All Filesystems.
[  OK  ] Started fstrim.timer -вsed filesystem blocks once a week.
[  OK  ] Started fwupd-refresh.timeв Refresh fwupd metadata regularly.
[  OK  ] Started logrotate.timer - Daily rotation of log files.
[  OK  ] Started man-db.timer - Daily man-db regeneration.
[  OK  ] Started motd-news.timer - Message of the Day.
[  OK  ] Started systemd-tmpfiles-cв Cleanup of Temporary Directories.
[  OK  ] Started update-notifier-doвat failed at package install time.
[  OK  ] Started update-notifier-moвa new version of Ubuntu available.
[  OK  ] Reached target paths.target - Path Units.
[  OK  ] Reached target timers.target - Timer Units.
[  OK  ] Listening on cloud-init-hoв - cloud-init hotplug hook socket.
[  OK  ] Listening on dbus.socket- D-Bus System Message Bus Socket.
[  OK  ] Listening on iscsid.socket - Open-iSCSI iscsid Socket.
         Starting snapd.socket вet activation for snappy daemon...
[  OK  ] Listening on ssh.socketpenBSD Secure Shell server socket.
[  OK  ] Listening on uuidd.socketm - UUID daemon activation socket.
[  OK  ] Reached target remote-fs-pвeparation for Remote File Systems.
[  OK  ] Reached target remote-fs.target - Remote File Systems.
[  OK  ] Finished blk-availability.вm - Availability of block devices.
[  OK  ] Listening on snapd.socketcket activation for snappy daemon.
[  OK  ] Reached target sockets.target - Socket Units.
[  OK  ] Reached target basic.target - Basic System.
         Starting apport.servicetomatic crash report generation...
[  OK  ] Started cron.service -вkground program processing daemon.
         Starting dbus.service - D-Bus System Message Bus...
[  OK  ] Started dmesg.service вnitial kernel messages after boot.
         Starting e2scrub_reap.servвe ext4 Metadata Check Snapshots...
[  OK  ] Started irqbalance.service - irqbalance daemon.
         Starting polkit.service - Authorization Manager...
         Starting pollinate.serviceв pseudo random number generator...
         Starting rsyslog.service - System Logging Service...
[  OK  ] Started snapd.aa-prompt-liвrspace listener for prompt events.
[  OK  ] Reached target getty-pre.target - Preparation for Logins.
         Starting snapd.service - Snap Daemon...
         Starting systemd-logind.seвice - User Login Management...
         Starting systemd-user-sessвvice - Permit User Sessions...
         Starting udisks2.service - Disk Manager...
[  OK  ] Started dbus.service - D-Bus System Message Bus.
[  OK  ] Finished e2scrub_reap.servвine ext4 Metadata Check Snapshots.
[  OK  ] Finished systemd-user-sessвervice - Permit User Sessions.
         Starting plymouth-quit-waiв until boot process finishes up...
         Starting plymouth-quit.serв Terminate Plymouth Boot Screen...
[  OK  ] Finished plymouth-quit-waiвld until boot process finishes up.
[  OK  ] Finished plymouth-quit.serв - Terminate Plymouth Boot Screen.
[  OK  ] Started serial-getty@ttyS2вinstaller for Ubuntu Server ttyS2.
[  OK  ] Reached target getty.target - Login Prompts.
         Starting setvtrgb.service - Set console scheme...
[  OK  ] Finished setvtrgb.service - Set console scheme.
[  OK  ] Started systemd-logind.service - User Login Management.
[  OK  ] Started unattended-upgradeв0m - Unattended Upgrades Shutdown.
[  OK  ] Started polkit.service - Authorization Manager.
         Starting ModemManager.service - Modem Manager...
[  OK  ] Started rsyslog.service - System Logging Service.
[  OK  ] Started ModemManager.service - Modem Manager.
[  OK  ] Started udisks2.service - Disk Manager.
[  OK  ] Finished apport.serviceautomatic crash report generation.

Ubuntu Noble Numbat (development branch) ubuntu-server ttyS2


connecting...  -\|/-\| 
waiting for cloud-init...  -\|/-\|/-\|/-\|/-\|/-\|/-\|/-\|/-\|/-\|/-\|/-\|/-\|/-\|/- 
