0010f000-0010f0ff : 10f000.sram sram@10f000
00200000-00b0dfff : System RAM
00b0e000-00b28fff : reserved
00b29000-ece6bfff : System RAM
  ab530000-ab547fff : reserved
  ab740000-ad68ffff : Kernel code
  ad690000-ae2dffff : reserved
  ae2e0000-ae94ffff : Kernel data
  ae951000-ae951fff : reserved
  ae952000-ae952fff : reserved
  ae953000-ae96bfff : reserved
  e8e40000-ece5dfff : reserved
  ece6a000-ece6afff : reserved
ece6c000-ece6cfff : reserved
ece6d000-ece6ffff : System RAM
ece70000-ece71fff : reserved
ece72000-ece72fff : System RAM
ece73000-ece93fff : reserved
ece94000-efebffff : System RAM
  ede00000-efdfffff : reserved
efec0000-efecffff : reserved
efed0000-efffffff : System RAM
fc800000-fc83ffff : fc800000.usb usb@fc800000
fc840000-fc87ffff : fc840000.usb usb@fc840000
fc880000-fc8bffff : fc880000.usb usb@fc880000
fc8c0000-fc8fffff : fc8c0000.usb usb@fc8c0000
fd600000-fd6fffff : fd600000.sram sram@fd600000
fd880000-fd880fff : fd880000.i2c i2c@fd880000
fd8a0000-fd8a00ff : fd8a0000.gpio gpio@fd8a0000
fd8b0010-fd8b001f : fd8b0010.pwm pwm@fd8b0010
fe2e0000-fe2effff : fe2e0000.mmc mmc@fe2e0000
fe600000-fe60ffff : GICD
fe680000-fe77ffff : GICR
fea10000-fea13fff : dma-controller@fea10000
  fea10000-fea13fff : fea10000.dma-controller dma-controller@fea10000
fea30000-fea33fff : dma-controller@fea30000
  fea30000-fea33fff : fea30000.dma-controller dma-controller@fea30000
feaf0000-feaf00ff : feaf0000.watchdog watchdog@feaf0000
feb20000-feb20fff : feb20000.spi spi@feb20000
feb50000-feb5001f : serial
feb90000-feb9001f : serial
fec20000-fec200ff : fec20000.gpio gpio@fec20000
fec30000-fec300ff : fec30000.gpio gpio@fec30000
fec40000-fec400ff : fec40000.gpio gpio@fec40000
fec50000-fec500ff : fec50000.gpio gpio@fec50000
fec80000-fec80fff : fec80000.i2c i2c@fec80000
fec90000-fec90fff : fec90000.i2c i2c@fec90000
fed10000-fed13fff : dma-controller@fed10000
  fed10000-fed13fff : fed10000.dma-controller dma-controller@fed10000
ff001000-ff0effff : ff001000.sram sram@ff001000
100000000-1ffffffff : System RAM
  100235000-100235fff : reserved
  1002a0000-1002affff : reserved
  1002b0000-1002bffff : reserved
  1002c0000-1002cffff : reserved
  1002d0000-1002dffff : reserved
  1002e0000-1002effff : reserved
  1002f0000-1002fffff : reserved
  100300000-10030ffff : reserved
  100310000-10031ffff : reserved
  100320000-10032ffff : reserved
  1f6400000-1febfffff : reserved
  1fec32000-1fecf1fff : reserved
  1fecf2000-1fecf2fff : reserved
  1fecf3000-1fedeafff : reserved
  1fedec000-1fedeefff : reserved
  1fedef000-1fedeffff : reserved
  1fedf0000-1fee03fff : reserved
  1fee04000-1ffffffff : reserved
