0010f000-0010f0ff : 10f000.sram sram@10f000
00200000-00b07fff : System RAM
00b08000-00b23fff : reserved
00b24000-ece72fff : System RAM
  9ae50000-9cd9ffff : Kernel code
  9cda0000-9d9effff : reserved
  9d9f0000-9e05ffff : Kernel data
  b0ae0000-b0af9fff : reserved
  b0d06000-b0d06fff : reserved
  b0d08000-b0d08fff : reserved
  b0d09000-b0d09fff : reserved
  e8e46000-ece64fff : reserved
  ece71000-ece71fff : reserved
ece73000-ece73fff : reserved
ece74000-ece76fff : System RAM
ece77000-ece78fff : reserved
ece79000-ece79fff : System RAM
ece7a000-ece9afff : reserved
ece9b000-efecffff : System RAM
  ede00000-efdfffff : reserved
efed0000-efedffff : reserved
efee0000-efffffff : System RAM
fc800000-fc83ffff : fc800000.usb usb@fc800000
fc840000-fc87ffff : fc840000.usb usb@fc840000
fc880000-fc8bffff : fc880000.usb usb@fc880000
fc8c0000-fc8fffff : fc8c0000.usb usb@fc8c0000
fd600000-fd6fffff : fd600000.sram sram@fd600000
fd8a0000-fd8a00ff : fd8a0000.gpio gpio@fd8a0000
fd8b0020-fd8b002f : fd8b0020.pwm pwm@fd8b0020
fe1b0000-fe1bffff : fe1b0000.ethernet ethernet@fe1b0000
fe2e0000-fe2effff : fe2e0000.mmc mmc@fe2e0000
fe600000-fe60ffff : GICD
fe680000-fe77ffff : GICR
fea10000-fea13fff : dma-controller@fea10000
  fea10000-fea13fff : fea10000.dma-controller dma-controller@fea10000
fea30000-fea33fff : dma-controller@fea30000
  fea30000-fea33fff : fea30000.dma-controller dma-controller@fea30000
feaa0000-feaa0fff : feaa0000.i2c i2c@feaa0000
feaf0000-feaf00ff : feaf0000.watchdog watchdog@feaf0000
feb20000-feb20fff : feb20000.spi spi@feb20000
feb50000-feb5001f : serial
fec20000-fec200ff : fec20000.gpio gpio@fec20000
fec30000-fec300ff : fec30000.gpio gpio@fec30000
fec40000-fec400ff : fec40000.gpio gpio@fec40000
fec50000-fec500ff : fec50000.gpio gpio@fec50000
fed10000-fed13fff : dma-controller@fed10000
  fed10000-fed13fff : fed10000.dma-controller dma-controller@fed10000
ff001000-ff0effff : ff001000.sram sram@ff001000
100000000-1ffffffff : System RAM
  100237000-100237fff : reserved
  1002a0000-1002affff : reserved
  1002b0000-1002bffff : reserved
  1002c0000-1002cffff : reserved
  1002d0000-1002dffff : reserved
  1002e0000-1002effff : reserved
  1002f0000-1002fffff : reserved
  100300000-10030ffff : reserved
  100310000-10031ffff : reserved
  100320000-10032ffff : reserved
  1f6400000-1febfffff : reserved
  1fec27000-1fece6fff : reserved
  1fece7000-1fece7fff : reserved
  1fece8000-1feddffff : reserved
  1fede1000-1fede4fff : reserved
  1fede5000-1fedf8fff : reserved
  1fedf9000-1ffffffff : reserved
