09000000-09000fff : pl011@9000000
  09000000-09000fff : 9000000.pl011 pl011@9000000
09030000-09030fff : pl061@9030000
  09030000-09030fff : 9030000.pl061 pl061@9030000
0c000000-0c004fff : c000000.tpm_tis tpm_tis@0
10000000-3efeffff : pcie@10000000
  10000000-10000fff : 0000:00:01.0
  10001000-10001fff : 0000:00:02.0
  10002000-10002fff : 0000:00:03.0
40000000-bc4effff : System RAM
  98390000-99c3ffff : Kernel code
  99c40000-9a33ffff : reserved
  9a340000-9a75ffff : Kernel data
  9c8a0000-9c8a1fff : reserved
  ba400000-bc3fffff : reserved
  bc40c000-bc40cfff : reserved
  bc40d000-bc40dfff : reserved
  bc410000-bc412fff : reserved
bc4f0000-bc72ffff : reserved
bc730000-bfbfffff : System RAM
  bd4d3000-bd7d3fff : reserved
  bd7d4000-bd7fbfff : reserved
  bd7fe000-bf7fffff : reserved
  bf800000-bf800fff : reserved
  bf801000-bf814fff : reserved
  bf815000-bf81efff : reserved
  bf81f000-bfbfffff : reserved
bfc00000-bffdffff : reserved
bffe0000-bfffffff : System RAM
  bffe0000-bfffffff : reserved
4010000000-401fffffff : PCI ECAM
8000000000-ffffffffff : pcie@10000000
  8000000000-8000003fff : 0000:00:01.0
    8000000000-8000003fff : virtio-pci-modern
  8000004000-8000007fff : 0000:00:02.0
    8000004000-8000007fff : virtio-pci-modern
  8000008000-800000bfff : 0000:00:03.0
    8000008000-800000bfff : virtio-pci-modern
