
U-Boot TPL 2022.04-g5266117637 (Nov 14 2023 - 14:06:08)
Channel 0: LPDDR3, 800MHz
BW=32 Col=10 Bk=8 CS0 Row=15 CS1 Row=15 CS=2 Die BW=16 Size=2048MB
Channel 1: LPDDR3, 800MHz
BW=32 Col=10 Bk=8 CS0 Row=15 CS1 Row=15 CS=2 Die BW=16 Size=2048MB
256B stride
Trying to boot from BOOTROM
Returning to boot ROM...

U-Boot SPL 2022.04-g5266117637 (Nov 14 2023 - 14:06:08 +0800)
Trying to boot from MMC2


U-Boot 2022.04-g5266117637 (Nov 14 2023 - 14:06:08 +0800)

SoC: Rockchip rk3399
Reset cause: POR
Model: Rockchip RK3399 Toybrick ProD Board
DRAM:  3.9 GiB
PMIC:  RK8090 (on=0x40, off=0x00)
Core:  260 devices, 25 uclasses, devicetree: separate
MMC:   mmc@fe320000: 1, mmc@fe330000: 0
Loading Environment from MMC... OK
In:    serial
Out:   serial
Err:   serial
Model: Rockchip RK3399 Toybrick ProD Board
Net:   eth0: ethernet@fe300000
Hit any key to stop autoboot:  2  1  0 
starting USB...
Bus usb@fe380000: USB EHCI 1.00
Bus usb@fe3c0000: USB EHCI 1.00
Bus usb@fe900000: Register 2000140 NbrPorts 2
Starting the controller
USB XHCI 1.10
scanning bus usb@fe380000 for devices... 2 USB Device(s) found
scanning bus usb@fe3c0000 for devices... 1 USB Device(s) found
scanning bus usb@fe900000 for devices... 5 USB Device(s) found
       scanning usb for storage devices... 2 Storage Device(s) found

Device 0: Vendor: General  Rev: 5.00 Prod: UDisk           
            Type: Removable Hard Disk
            Capacity: 30000.0 MB = 29.2 GB (61440000 x 512)
... is now current device
Scanning usb 0:2...
libfdt fdt_check_header(): FDT_ERR_BADMAGIC
Card did not respond to voltage select! : -110
Scanning disk mmc@fe320000.blk...
Disk mmc@fe320000.blk not ready
Scanning disk mmc@fe330000.blk...
Scanning disk usb_mass_storage.lun0...
Scanning disk usb_mass_storage.lun0...
ERROR: failure to add disk device usb_mass_storage.lun0, r = 20
Found 11 disks
BootOrder not defined
EFI boot manager: Cannot load any image
Found EFI removable media binary efi/boot/bootaa64.efi
980056 bytes read in 28 ms (33.4 MiB/s)
libfdt fdt_check_header(): FDT_ERR_BADMAGIC
Booting /efi\boot\bootaa64.efi
ethernet@fe300000 Waiting for PHY auto negotiation to complete......... TIMEOUT !
Could not initialize PHY ethernet@fe300000
error: file `/boot/' not found.
GNU GRUB  version 2.06

ввввввввввввввввввввввввввввввввввввввввввввввввввввв”Ђвввввввввввввввввввввввввввввввввввввввввв”Ђввввввввввввввввввввввввввввввввввввввввввввввввввввввввввввввввввввввввввввввввв”Ђввввввввввввввввввввввввввввввввввввввввввввввввввввввввввв””ввввввввввввввввввввввввввввввввввввввввввввввввввввввввввввввввввввввввввввввввв”Ђвввввввввввввввввввввввввввввввввввввввввв”Ђвввввввввввввввввввввввввввввввввввввввввввввввввввввв     Use the в and в keys to select which entry is highlighted.                                                                                                              
      Press enter to boot the selected OS, `e' to edit the commands before booting or `c' for a command-line.                                                                  *Try or Install Ubuntu Server                                                                                                                                                    Ubuntu Server with the HWE kernel                                                                                                                                               Boot from next volume                                                                                                                                                           UEFI Firmware Settings                                                                                                                                                                                                                                                                                                                                                                                                                                                                                                                                                                                                                                                                                                                                                                                                                                                                                                                                                                                                                                                                                                                                                                                                                                                                                                                                                                                                                                                                                                                                                                                                                                                                                                                                                                                                                                                                                                                                                                                                                                                                                                                                                                                                                                                                                                                                                                                                                                                                                                                                                                                                                                                                                                                                                                                                                                                                                                                                                                                                                                                                                                                                                                                                                                                                                                                                                                                                                                                                                                                                                                                                                                                                                                                                                                                                                                                                                                                                                                                                                                                                                                                                                                                                                                                                                                                                                                                                                                                                                                                                                             The highlighted entry will be executed automatically in 30s.                                                                                                                                                                                                                                                                                                                                                                                                                                                                                          GNU GRUB  version 2.06

ввввввввввввввввввввввввввввввввввввввв”Ђввввввввввввввввввввввввввввввввввввввввввввввввввввввввввввввввввввввввввввввввввввв”Ђвввввввввввввввввввввввввввввввввввввв”Ђвввввввввввввввввввввввв”‚вввввввввввввввввввввввввввввввввввввввввввввввввввввввввввввввввввввввввввввв”Ђвввввввввввввввввввввввввввввввввввввввввв”Ђввввввввввввввввввввввввввввввввввввввввввввввввввввввввввввввввввввввввввввввввв”Ђввввввввввввввввввввввввв     Minimum Emacs-like screen editing is supported. TAB lists completions. Press Ctrl-x or F10 to boot, Ctrl-c or F2 for a command-line or ESC to discard edits and return  
      to the GRUB menu.                                                                                                                                                       setparams 'Try or Install Ubuntu Server'                                                                                                                                                                                                                                                                                                                                set gfxpayload=keep                                                                                                                                                             linux        /casper/vmlinuz quiet ---                                                                                                                                          initrd        /casper/initrd                                                                                                                                                                                                                                                                                                                                                                                                                                                                                                                                                                                                                                                                                                                                                                                                                                                                                                                                                                                                                                                                                                                                                                                                                                                                                                                                                                                                                                                                                                                                                                                                                                                                                                                                                                                                                                                                                                                                                                                                                                                                                                                                                                                                                                                                                                                                                                                                                                                                                                                                                                                                                                                                                                                                                                                                                                                                                                                                                                                                                                                                                                                                                                                                                                                                                                                                                                                                                                                                                                                                                                                                                                                                                                                                                                                                                                                                                                                                                                                                                                                                                                                                                                                                                                                                                                                                                                      linux        /casper/vmlinuz quie ---                                                                                                                                           linux        /casper/vmlinuz qui ---                                                                                                                                            linux        /casper/vmlinuz qu ---                                                                                                                                             linux        /casper/vmlinuz q ---                                                                                                                                              linux        /casper/vmlinuz  ---                                                                                                                                         Booting a command list

EFI stub: Booting Linux Kernel...
EFI stub: Using DTB from configuration table
EFI stub: Exiting boot services...
[    0.000000] Booting Linux on physical CPU 0x0000000000 [0x410fd034]
[    0.000000] Linux version 5.15.0-78-generic (buildd@bos02-arm64-036) (gcc (Ubuntu 11.3.0-1ubuntu1~22.04.1) 11.3.0, GNU ld (GNU Binutils for Ubuntu) 2.38) #85-Ubuntu SMP Fri Jul 7 15:29:30 UTC 2023 (Ubuntu 5.15.0-78.85-generic 5.15.99)
[    0.000000] Machine model: Rockchip RK3399 Toybrick ProD Board
[    0.000000] efi: EFI v2.90 by Das U-Boot
[    0.000000] efi: ESRT=0xf4ebb040 RTPROP=0xf4ebd040 SMBIOS=0xf4eb9000 MOKvar=0xf4dd0000 RNG=0xe968b040 MEMRESERVE=0xe968a040 
[    0.000000] random: crng init done
[    0.000000] secureboot: Secure boot disabled
[    0.000000] esrt: Reserving ESRT space from 0x00000000f4ebb040 to 0x00000000f4ebb078.
[    0.000000] NUMA: No NUMA configuration found
[    0.000000] NUMA: Faking a node at [mem 0x0000000000200000-0x00000000f7ffffff]
[    0.000000] NUMA: NODE_DATA [mem 0xf77d7f80-0xf77dcfff]
[    0.000000] Zone ranges:
[    0.000000]   DMA      [mem 0x0000000000200000-0x00000000f7ffffff]
[    0.000000]   DMA32    empty
[    0.000000]   Normal   empty
[    0.000000]   Device   empty
[    0.000000] Movable zone start for each node
[    0.000000] Early memory node ranges
[    0.000000]   node   0: [mem 0x0000000000200000-0x00000000f4dcffff]
[    0.000000]   node   0: [mem 0x00000000f4dd0000-0x00000000f4dd0fff]
[    0.000000]   node   0: [mem 0x00000000f4dd1000-0x00000000f4eb8fff]
[    0.000000]   node   0: [mem 0x00000000f4eb9000-0x00000000f4eb9fff]
[    0.000000]   node   0: [mem 0x00000000f4eba000-0x00000000f4ebcfff]
[    0.000000]   node   0: [mem 0x00000000f4ebd000-0x00000000f4ebdfff]
[    0.000000]   node   0: [mem 0x00000000f4ebe000-0x00000000f4ebffff]
[    0.000000]   node   0: [mem 0x00000000f4ec0000-0x00000000f4ec1fff]
[    0.000000]   node   0: [mem 0x00000000f4ec2000-0x00000000f4ec2fff]
[    0.000000]   node   0: [mem 0x00000000f4ec3000-0x00000000f4ec6fff]
[    0.000000]   node   0: [mem 0x00000000f4ec7000-0x00000000f7eeffff]
[    0.000000]   node   0: [mem 0x00000000f7ef0000-0x00000000f7efffff]
[    0.000000]   node   0: [mem 0x00000000f7f00000-0x00000000f7ffffff]
[    0.000000] Initmem setup node 0 [mem 0x0000000000200000-0x00000000f7ffffff]
[    0.000000] On node 0, zone DMA: 512 pages in unavailable ranges
[    0.000000] cma: Reserved 32 MiB at 0x00000000f5000000
[    0.000000] psci: probing for conduit method from DT.
[    0.000000] psci: PSCIv1.1 detected in firmware.
[    0.000000] psci: Using standard PSCI v0.2 function IDs
[    0.000000] psci: MIGRATE_INFO_TYPE not supported.
[    0.000000] psci: SMC Calling Convention v1.2
[    0.000000] percpu: Embedded 30 pages/cpu s83352 r8192 d31336 u122880
[    0.000000] Detected VIPT I-cache on CPU0
[    0.000000] CPU features: detected: GIC system register CPU interface
[    0.000000] CPU features: kernel page table isolation forced ON by KASLR
[    0.000000] CPU features: detected: Kernel page table isolation (KPTI)
[    0.000000] CPU features: detected: ARM erratum 845719
[    0.000000] Built 1 zonelists, mobility grouping on.  Total pages: 999432
[    0.000000] Policy zone: DMA
[    0.000000] Kernel command line: BOOT_IMAGE=/casper/vmlinuz ---
[    0.000000] Unknown kernel command line parameters "--- BOOT_IMAGE=/casper/vmlinuz", will be passed to user space.
[    0.000000] Dentry cache hash table entries: 524288 (order: 10, 4194304 bytes, linear)
[    0.000000] Inode-cache hash table entries: 262144 (order: 9, 2097152 bytes, linear)
[    0.000000] mem auto-init: stack:off, heap alloc:on, heap free:off
[    0.000000] Memory: 3797952K/4061184K available (17216K kernel code, 4562K rwdata, 13884K rodata, 9600K init, 1191K bss, 230464K reserved, 32768K cma-reserved)
[    0.000000] SLUB: HWalign=64, Order=0-3, MinObjects=0, CPUs=6, Nodes=1
[    0.000000] ftrace: allocating 54109 entries in 212 pages
[    0.000000] ftrace: allocated 212 pages with 4 groups
[    0.000000] trace event string verifier disabled
[    0.000000] rcu: Hierarchical RCU implementation.
[    0.000000] rcu: 	RCU restricting CPUs from NR_CPUS=256 to nr_cpu_ids=6.
[    0.000000] 	Rude variant of Tasks RCU enabled.
[    0.000000] 	Tracing variant of Tasks RCU enabled.
[    0.000000] rcu: RCU calculated value of scheduler-enlistment delay is 25 jiffies.
[    0.000000] rcu: Adjusting geometry for rcu_fanout_leaf=16, nr_cpu_ids=6
[    0.000000] NR_IRQS: 64, nr_irqs: 64, preallocated irqs: 0
[    0.000000] GICv3: GIC: Using split EOI/Deactivate mode
[    0.000000] GICv3: 256 SPIs implemented
[    0.000000] GICv3: 0 Extended SPIs implemented
[    0.000000] GICv3: Distributor has no Range Selector support
[    0.000000] Root IRQ handler: gic_handle_irq
[    0.000000] GICv3: 16 PPIs implemented
[    0.000000] GICv3: CPU0: found redistributor 0 region 0:0x00000000fef00000
[    0.000000] ITS [mem 0xfee20000-0xfee3ffff]
[    0.000000] ITS@0x00000000fee20000: allocated 65536 Devices @1200000 (flat, esz 8, psz 64K, shr 0)
[    0.000000] ITS: using cache flushing for cmd queue
[    0.000000] GICv3: using LPI property table @0x00000000011d0000
[    0.000000] GIC: using cache flushing for LPI property table
[    0.000000] GICv3: CPU0: using allocated LPI pending table @0x00000000011e0000
[    0.000000] GICv3: GIC: PPI partition interrupt-partition-0[0] { /cpus/cpu@0[0] /cpus/cpu@1[1] /cpus/cpu@2[2] /cpus/cpu@3[3] }
[    0.000000] GICv3: GIC: PPI partition interrupt-partition-1[1] { /cpus/cpu@100[4] /cpus/cpu@101[5] }
[    0.000000] arch_timer: cp15 timer(s) running at 24.00MHz (phys).
[    0.000000] clocksource: arch_sys_counter: mask: 0xffffffffffffff max_cycles: 0x588fe9dc0, max_idle_ns: 440795202592 ns
[    0.000001] sched_clock: 56 bits at 24MHz, resolution 41ns, wraps every 4398046511097ns
[    0.003539] Console: colour dummy device 80x25
[    0.004592] printk: console [tty0] enabled
[    0.004771] Calibrating delay loop (skipped), value calculated using timer frequency.. 48.00 BogoMIPS (lpj=96000)
[    0.004815] pid_max: default: 32768 minimum: 301
[    0.005018] LSM: Security Framework initializing
[    0.005098] landlock: Up and running.
[    0.005117] Yama: becoming mindful.
[    0.005267] AppArmor: AppArmor initialized
[    0.005523] Mount-cache hash table entries: 8192 (order: 4, 65536 bytes, linear)
[    0.005579] Mountpoint-cache hash table entries: 8192 (order: 4, 65536 bytes, linear)
[    0.009266] rcu: Hierarchical SRCU implementation.
[    0.011020] Platform MSI: interrupt-controller@fee20000 domain created
[    0.011434] PCI/MSI: /interrupt-controller@fee00000/interrupt-controller@fee20000 domain created
[    0.011821] fsl-mc MSI: interrupt-controller@fee20000 domain created
[    0.017674] Remapping and enabling EFI services.
[    0.018778] smp: Bringing up secondary CPUs ...
[    0.019873] Detected VIPT I-cache on CPU1
[    0.019935] GICv3: CPU1: found redistributor 1 region 0:0x00000000fef20000
[    0.020019] GICv3: CPU1: using allocated LPI pending table @0x00000000011f0000
[    0.020089] CPU1: Booted secondary processor 0x0000000001 [0x410fd034]
[    0.021306] Detected VIPT I-cache on CPU2
[    0.021363] GICv3: CPU2: found redistributor 2 region 0:0x00000000fef40000
[    0.021435] GICv3: CPU2: using allocated LPI pending table @0x0000000001280000
[    0.021485] CPU2: Booted secondary processor 0x0000000002 [0x410fd034]
[    0.022628] Detected VIPT I-cache on CPU3
[    0.022680] GICv3: CPU3: found redistributor 3 region 0:0x00000000fef60000
[    0.022749] GICv3: CPU3: using allocated LPI pending table @0x0000000001290000
[    0.022794] CPU3: Booted secondary processor 0x0000000003 [0x410fd034]
[    0.023937] CPU features: detected: Spectre-v2
[    0.023950] CPU features: detected: Spectre-v3a
[    0.023959] CPU features: detected: Spectre-BHB
[    0.023967] CPU features: detected: ARM erratum 1742098
[    0.023974] CPU features: detected: ARM errata 1165522, 1319367, or 1530923
[    0.023980] Detected PIPT I-cache on CPU4
[    0.024023] GICv3: CPU4: found redistributor 100 region 0:0x00000000fef80000
[    0.024088] GICv3: CPU4: using allocated LPI pending table @0x00000000012a0000
[    0.024135] CPU4: Booted secondary processor 0x0000000100 [0x410fd082]
[    0.025271] Detected PIPT I-cache on CPU5
[    0.025309] GICv3: CPU5: found redistributor 101 region 0:0x00000000fefa0000
[    0.025361] GICv3: CPU5: using allocated LPI pending table @0x00000000012b0000
[    0.025398] CPU5: Booted secondary processor 0x0000000101 [0x410fd082]
[    0.025554] smp: Brought up 1 node, 6 CPUs
[    0.025903] SMP: Total of 6 processors activated.
[    0.025925] CPU features: detected: 32-bit EL0 Support
[    0.025943] CPU features: detected: 32-bit EL1 Support
[    0.025965] CPU features: detected: CRC32 instructions
[    0.026259] CPU features: emulated: Privileged Access Never (PAN) using TTBR0_EL1 switching
[    0.055792] CPU: All CPU(s) started at EL2
[    0.055909] alternatives: patching kernel code
[    0.059586] devtmpfs: initialized
[    0.073000] Registered cp15_barrier emulation handler
[    0.073042] Registered setend emulation handler
[    0.073064] KASLR enabled
[    0.073279] clocksource: jiffies: mask: 0xffffffff max_cycles: 0xffffffff, max_idle_ns: 7645041785100000 ns
[    0.073373] futex hash table entries: 2048 (order: 5, 131072 bytes, linear)
[    0.074411] pinctrl core: initialized pinctrl subsystem
[    0.075302] SMBIOS 3.0 present.
[    0.075335] DMI: Unknown Unknown Product/Unknown Product, BIOS 2022.04-g5266117637 04/01/2022
[    0.075950] NET: Registered PF_NETLINK/PF_ROUTE protocol family
[    0.087115] DMA: preallocated 512 KiB GFP_KERNEL pool for atomic allocations
[    0.087820] DMA: preallocated 512 KiB GFP_KERNEL|GFP_DMA pool for atomic allocations
[    0.088725] DMA: preallocated 512 KiB GFP_KERNEL|GFP_DMA32 pool for atomic allocations
[    0.088831] audit: initializing netlink subsys (disabled)
[    0.089200] audit: type=2000 audit(0.088:1): state=initialized audit_enabled=0 res=1
[    0.090663] thermal_sys: Registered thermal governor 'fair_share'
[    0.090674] thermal_sys: Registered thermal governor 'bang_bang'
[    0.090694] thermal_sys: Registered thermal governor 'step_wise'
[    0.090708] thermal_sys: Registered thermal governor 'user_space'
[    0.090721] thermal_sys: Registered thermal governor 'power_allocator'
[    0.091172] cpuidle: using governor ladder
[    0.091220] cpuidle: using governor menu
[    0.091391] hw-breakpoint: found 6 breakpoint and 4 watchpoint registers.
[    0.091629] ASID allocator initialised with 32768 entries
[    0.093344] Serial: AMBA PL011 UART driver
[    0.117010] platform ff770000.syscon:phy@f780: Fixing up cyclic dependency with fe330000.mmc
[    0.129467] platform edp-panel: Fixing up cyclic dependency with ff970000.edp
[    0.142059] HugeTLB registered 1.00 GiB page size, pre-allocated 0 pages
[    0.142092] HugeTLB registered 32.0 MiB page size, pre-allocated 0 pages
[    0.142108] HugeTLB registered 2.00 MiB page size, pre-allocated 0 pages
[    0.142124] HugeTLB registered 64.0 KiB page size, pre-allocated 0 pages
[    0.152357] fbcon: Taking over console
[    0.152423] ACPI: Interpreter disabled.
[    0.154075] iommu: Default domain type: Translated 
[    0.154101] iommu: DMA domain TLB invalidation policy: strict mode 
[    0.156927] SCSI subsystem initialized
[    0.157578] vgaarb: loaded
[    0.157794] usbcore: registered new interface driver usbfs
[    0.157854] usbcore: registered new interface driver hub
[    0.157903] usbcore: registered new device driver usb
[    0.158387] pps_core: LinuxPPS API ver. 1 registered
[    0.158404] pps_core: Software ver. 5.3.6 - Copyright 2005-2007 Rodolfo Giometti <giometti@linux.it>
[    0.158433] PTP clock support registered
[    0.158685] EDAC MC: Ver: 3.0.0
[    0.159784] Registered efivars operations
[    0.161531] NetLabel: Initializing
[    0.161551] NetLabel:  domain hash size = 128
[    0.161563] NetLabel:  protocols = UNLABELED CIPSOv4 CALIPSO
[    0.161673] NetLabel:  unlabeled traffic allowed by default
[    0.162277] clocksource: Switched to clocksource arch_sys_counter
[    0.230604] VFS: Disk quotas dquot_6.6.0
[    0.230700] VFS: Dquot-cache hash table entries: 512 (order 0, 4096 bytes)
[    0.231493] AppArmor: AppArmor Filesystem Enabled
[    0.231581] pnp: PnP ACPI: disabled
[    0.242439] NET: Registered PF_INET protocol family
[    0.242764] IP idents hash table entries: 65536 (order: 7, 524288 bytes, linear)
[    0.246025] tcp_listen_portaddr_hash hash table entries: 2048 (order: 3, 32768 bytes, linear)
[    0.246254] Table-perturb hash table entries: 65536 (order: 6, 262144 bytes, linear)
[    0.246476] TCP established hash table entries: 32768 (order: 6, 262144 bytes, linear)
[    0.247047] TCP bind hash table entries: 32768 (order: 7, 524288 bytes, linear)
[    0.247727] TCP: Hash tables configured (established 32768 bind 32768)
[    0.248062] MPTCP token hash table entries: 4096 (order: 4, 98304 bytes, linear)
[    0.248216] UDP hash table entries: 2048 (order: 4, 65536 bytes, linear)
[    0.248396] UDP-Lite hash table entries: 2048 (order: 4, 65536 bytes, linear)
[    0.248726] NET: Registered PF_UNIX/PF_LOCAL protocol family
[    0.248772] NET: Registered PF_XDP protocol family
[    0.248795] PCI: CLS 0 bytes, default 64
[    0.249171] Trying to unpack rootfs image as initramfs...
[    0.284144] hw perfevents: enabled with armv8_cortex_a53 PMU driver, 7 counters available
[    0.284613] hw perfevents: enabled with armv8_cortex_a72 PMU driver, 7 counters available
[    0.285085] kvm [1]: IPA Size Limit: 40 bits
[    0.288332] kvm [1]: vgic-v2@fff20000
[    0.288375] kvm [1]: GIC system register CPU interface enabled
[    0.288643] kvm [1]: vgic interrupt IRQ18
[    0.291963] kvm [1]: Hyp mode initialized successfully
[    0.293920] Initialise system trusted keyrings
[    0.293993] Key type blacklist registered
[    0.294337] workingset: timestamp_bits=40 max_order=20 bucket_order=0
[    0.301122] zbud: loaded
[    0.302877] squashfs: version 4.0 (2009/01/31) Phillip Lougher
[    0.303791] fuse: init (API version 7.34)
[    0.304473] integrity: Platform Keyring initialized
[    0.368686] Key type asymmetric registered
[    0.368724] Asymmetric key parser 'x509' registered
[    0.368855] Block layer SCSI generic (bsg) driver version 0.4 loaded (major 242)
[    0.369139] io scheduler mq-deadline registered
[    0.380894] shpchp: Standard Hot Plug PCI Controller Driver version: 0.4
[    0.408458] Serial: 8250/16550 driver, 32 ports, IRQ sharing enabled
[    0.419383] ff1a0000.serial: ttyS2 at MMIO 0xff1a0000 (irq = 35, base_baud = 1500000) is a 16550A
[    0.532389] printk: console [ttyS2] enabled
[    0.535339] msm_serial: driver initialized
[    0.538373] cacheinfo: Unable to detect cache hierarchy for CPU 0
[    0.548468] loop: module loaded
[    0.549919] SPI driver altr_a10sr has no spi_device_id for altr,a10sr
[    0.552876] tun: Universal TUN/TAP device driver, 1.6
[    0.555127] PPP generic driver version 2.4.2
[    0.556249] ehci_hcd: USB 2.0 'Enhanced' Host Controller (EHCI) Driver
[    0.556862] ehci-pci: EHCI PCI platform driver
[    0.557320] ehci-orion: EHCI orion driver
[    0.557908] ohci_hcd: USB 1.1 'Open' Host Controller (OHCI) Driver
[    0.558501] ohci-pci: OHCI PCI platform driver
[    0.558976] uhci_hcd: USB Universal Host Controller Interface driver
[    0.560059] mousedev: PS/2 mouse device common for all mice
[    0.561718] i2c_dev: i2c /dev entries driver
[    0.564712] device-mapper: core: CONFIG_IMA_DISABLE_HTABLE is disabled. Duplicate IMA measurements will not be recorded in the IMA log.
[    0.565939] device-mapper: uevent: version 1.0.3
[    0.566702] device-mapper: ioctl: 4.45.0-ioctl (2021-03-22) initialised: dm-devel@redhat.com
[    0.571344] ledtrig-cpu: registered to indicate activity on CPUs
[    0.573335] SMCCC: SOC_ID: ARCH_SOC_ID not implemented, skipping ....
[    0.577061] drop_monitor: Initializing network drop monitor service
[    0.578476] NET: Registered PF_INET6 protocol family
[    4.824384] Freeing initrd memory: 104756K
[    4.876786] Segment Routing with IPv6
[    4.877195] In-situ OAM (IOAM) with IPv6
[    4.877642] NET: Registered PF_PACKET protocol family
[    4.878813] Key type dns_resolver registered
[    4.880555] registered taskstats version 1
[    4.881735] Loading compiled-in X.509 certificates
[    4.886129] Loaded X.509 cert 'Build time autogenerated kernel key: c9c2ba52b43e8d13d4cbefcfa9a1ef8ade9eebd2'
[    4.889962] Loaded X.509 cert 'Canonical Ltd. Live Patch Signing: 14df34d1a87cf37625abec039ef2bf521249b969'
[    4.893770] Loaded X.509 cert 'Canonical Ltd. Kernel Module Signing: 88f752e560a1e0737e31163a466ad7b70a850c19'
[    4.894682] blacklist: Loading compiled-in revocation X.509 certificates
[    4.895373] Loaded X.509 cert 'Canonical Ltd. Secure Boot Signing: 61482aa2830d0ab2ad5af10b7250da9033ddcef0'
[    4.896324] Loaded X.509 cert 'Canonical Ltd. Secure Boot Signing (2017): 242ade75ac4a15e50d50c84b0d45ff3eae707a03'
[    4.897333] Loaded X.509 cert 'Canonical Ltd. Secure Boot Signing (ESM 2018): 365188c1d374d6b07c3c8f240f8ef722433d6a8b'
[    4.898394] Loaded X.509 cert 'Canonical Ltd. Secure Boot Signing (2019): c0746fd6c5da3ae827864651ad66ae47fe24b3e8'
[    4.899394] Loaded X.509 cert 'Canonical Ltd. Secure Boot Signing (2021 v1): a8d54bbb3825cfb94fa13c9f8a594a195c107b8d'
[    4.900418] Loaded X.509 cert 'Canonical Ltd. Secure Boot Signing (2021 v2): 4cf046892d6fd3c9a5b03f98d845f90851dc6a8c'
[    4.901444] Loaded X.509 cert 'Canonical Ltd. Secure Boot Signing (2021 v3): 100437bb6de6e469b581e61cd66bce3ef4ed53af'
[    4.902492] Loaded X.509 cert 'Canonical Ltd. Secure Boot Signing (Ubuntu Core 2019): c1d57b8f6b743f23ee41f4f7ee292f06eecadfb9'
[    4.904429] zswap: loaded using pool lzo/zbud
[    4.907380] Key type .fscrypt registered
[    4.907743] Key type fscrypt-provisioning registered
[    5.016254] cryptd: max_cpu_qlen set to 1000
[    5.068845] Key type encrypted registered
[    5.069242] AppArmor: AppArmor sha1 policy hashing enabled
[    5.070171] integrity: Loading X.509 certificate: UEFI:MokListRT (MOKvar table)
[    5.072735] integrity: Loaded X.509 cert 'Canonical Ltd. Master Certificate Authority: ad91990bc22ab1f517048c23b6655a268e345a63'
[    5.073775] ima: No TPM chip found, activating TPM-bypass!
[    5.074292] Loading compiled-in module X.509 certificates
[    5.077689] Loaded X.509 cert 'Build time autogenerated kernel key: c9c2ba52b43e8d13d4cbefcfa9a1ef8ade9eebd2'
[    5.078595] ima: Allocated hash algorithm: sha1
[    5.079032] ima: No architecture policies found
[    5.079490] evm: Initialising EVM extended attributes:
[    5.079950] evm: security.selinux
[    5.080250] evm: security.SMACK64
[    5.080549] evm: security.SMACK64EXEC
[    5.080878] evm: security.SMACK64TRANSMUTE
[    5.081245] evm: security.SMACK64MMAP
[    5.081574] evm: security.apparmor
[    5.081882] evm: security.ima
[    5.082151] evm: security.capability
[    5.082485] evm: HMAC attrs: 0x1
[    5.123754] dw-apb-uart ff1a0000.serial: forbid DMA for kernel console
[    5.138309] Freeing unused kernel memory: 9600K
[    5.209834] Checked W+X mappings: passed, no W+X pages found
[    5.210397] Run /init as init process
Loading, please wait...
Starting version 249.11-0ubuntu3.9
[    5.998489] ohci-platform: OHCI generic platform driver
[    6.021381] Synopsys Designware Multimedia Card Interface Driver
[    6.021440] ehci-platform: EHCI generic platform driver
[    6.037174] sdhci: Secure Digital Host Controller Interface driver
[    6.037767] sdhci: Copyright(c) Pierre Ossman
[    6.099532] sdhci-pltfm: SDHCI platform and OF driver helper
[    6.109612] dma-pl330 ff6d0000.dma-controller: Loaded driver for PL330 DMAC-241330
[    6.110390] dma-pl330 ff6d0000.dma-controller: 	DBUFF-32x8bytes Num_Chans-6 Num_Peri-12 Num_Events-12
[    6.115123] dma-pl330 ff6e0000.dma-controller: Loaded driver for PL330 DMAC-241330
[    6.115851] dma-pl330 ff6e0000.dma-controller: 	DBUFF-128x8bytes Num_Chans-8 Num_Peri-20 Num_Events-16
[    6.196312] rockchip-usb2phy ff770000.syscon:usb2phy@e460: failed to create phy
[    6.251460] rockchip-usb2phy ff770000.syscon:usb2phy@e460: failed to create phy
[    6.255545] mmc0: CQHCI version 5.10
[    6.275426] rockchip-usb2phy ff770000.syscon:usb2phy@e460: failed to create phy
[    6.286379] mmc0: SDHCI controller on fe330000.mmc [fe330000.mmc] using ADMA
[    6.303890] rockchip-gpio ff720000.gpio0: probed /pinctrl/gpio0@ff720000
[    6.305223] rockchip-gpio ff730000.gpio1: probed /pinctrl/gpio1@ff730000
[    6.306771] rockchip-gpio ff780000.gpio2: probed /pinctrl/gpio2@ff780000
[    6.307181] rockchip-usb2phy ff770000.syscon:usb2phy@e460: failed to create phy
[    6.307969] rockchip-gpio ff788000.gpio3: probed /pinctrl/gpio3@ff788000
[    6.309326] rockchip-gpio ff790000.gpio4: probed /pinctrl/gpio4@ff790000
[    6.321844] dwmmc_rockchip fe320000.mmc: IDMAC supports 32-bit address mode.
[    6.322584] dwmmc_rockchip fe320000.mmc: Using internal DMA controller.
[    6.323225] dwmmc_rockchip fe320000.mmc: Version ID is 270a
[    6.323812] dwmmc_rockchip fe320000.mmc: DW MMC controller at irq 29,32 bit host data width,256 deep fifo
[    6.325187] dwmmc_rockchip fe320000.mmc: Got CD GPIO
[    6.327669] rockchip-usb2phy ff770000.syscon:usb2phy@e460: failed to create phy
[    6.334179] rockchip-drm display-subsystem: [drm:rockchip_drm_platform_probe [rockchipdrm]] *ERROR* No available vop found for display-subsystem.
[    6.338650] mmc_host mmc1: Bus speed (slot 0) = 400000Hz (slot req 400000Hz, actual 400000HZ div = 0)
[    6.362908] mmc0: Command Queue Engine enabled
[    6.363373] mmc0: new HS400 Enhanced strobe MMC card at address 0001
[    6.392226] mmcblk0: mmc0:0001 Y2P032 29.1 GiB 
[    6.403908] rockchip-usb2phy ff770000.syscon:usb2phy@e460: failed to create phy
[    6.435859]  mmcblk0: p1 p2 p3 p4 p5 p6 p7
[    6.497576] rockchip-usb2phy ff770000.syscon:usb2phy@e460: failed to create phy
[    6.498607] mmcblk0boot0: mmc0:0001 Y2P032 4.00 MiB 
[    6.500690] rk_gmac-dwmac fe300000.ethernet: IRQ eth_wake_irq not found
[    6.501305] rk_gmac-dwmac fe300000.ethernet: IRQ eth_lpi not found
[    6.501987] rk_gmac-dwmac fe300000.ethernet: PTP uses main clock
[    6.509945] rk_gmac-dwmac fe300000.ethernet: clock input or output? (input).
[    6.510656] rk_gmac-dwmac fe300000.ethernet: TX delay(0x28).
[    6.511183] rk_gmac-dwmac fe300000.ethernet: RX delay(0x11).
[    6.511712] rk_gmac-dwmac fe300000.ethernet: integrated PHY? (no).
[    6.512348] rk_gmac-dwmac fe300000.ethernet: cannot get clock clk_mac_speed
[    6.512983] rk_gmac-dwmac fe300000.ethernet: clock input from PHY
[    6.518558] rk_gmac-dwmac fe300000.ethernet: init for RGMII
[    6.520172] rk_gmac-dwmac fe300000.ethernet: User ID: 0x10, Synopsys ID: 0x35
[    6.520872] rk_gmac-dwmac fe300000.ethernet: 	DWMAC1000
[    6.521336] mmcblk0boot1: mmc0:0001 Y2P032 4.00 MiB 
[    6.521366] rk_gmac-dwmac fe300000.ethernet: DMA HW capability register supported
[    6.522526] rk_gmac-dwmac fe300000.ethernet: RX Checksum Offload Engine supported
[    6.523221] rk_gmac-dwmac fe300000.ethernet: COE Type 2
[    6.523707] rk_gmac-dwmac fe300000.ethernet: TX Checksum insertion supported
[    6.524349] rk_gmac-dwmac fe300000.ethernet: Wake-Up On Lan supported
[    6.524926] mmcblk0rpmb: mmc0:0001 Y2P032 16.0 MiB, chardev (237:0)
[    6.525070] rk_gmac-dwmac fe300000.ethernet: Normal descriptors
[    6.526085] rk_gmac-dwmac fe300000.ethernet: Ring mode enabled
[    6.526777] rk_gmac-dwmac fe300000.ethernet: Enable RX Mitigation via HW Watchdog Timer
[    6.652492] rk808 0-0020: chip id: 0x8090
[    6.657281] RTL8211E Gigabit Ethernet stmmac-0:00: attached PHY driver (mii_bus:phy_addr=stmmac-0:00, irq=POLL)
[    6.658256] RTL8211E Gigabit Ethernet stmmac-0:01: attached PHY driver (mii_bus:phy_addr=stmmac-0:01, irq=POLL)
[    6.700785] rockchip-usb2phy ff770000.syscon:usb2phy@e460: failed to create phy
[    6.734901] rockchip-usb2phy ff770000.syscon:usb2phy@e460: failed to create phy
[    6.787689] rk808-regulator rk808-regulator: there is no dvs0 gpio
[    6.788350] rk808-regulator rk808-regulator: there is no dvs1 gpio
[    6.794238] vdd_log: supplied by vcc5v0_sys
[    6.795672] rockchip-usb2phy ff770000.syscon:usb2phy@e460: failed to create phy
[    6.802628] rk808-rtc rk808-rtc: registered as rtc0
[    6.806670] rk808-rtc rk808-rtc: setting system clock to 2017-08-05T09:00:46 UTC (1501923646)
[    6.808204] vdd_cpu_l: supplied by vcc5v0_sys
[    6.813061] rockchip-usb2phy ff770000.syscon:usb2phy@e460: failed to create phy
[    6.813362] vcc_ddr: supplied by vcc5v0_sys
[    6.819431] vcc3v3_sys: supplied by vcc5v0_sys
[    6.820328] cpu cpu0: OPP table can't be empty
[    6.824840] vcc_buck5: Bringing 3300000uV into 2200000-2200000uV
[    6.832981] vcc_buck5: supplied by vcc5v0_sys
[    6.838868] vcca_0v9: supplied by vcc_buck5
[    6.846955] vcc_1v8: supplied by vcc_buck5
[    6.853994] vcc0v9_soc: supplied by vcc_buck5
[    6.860472] vcca_1v8: supplied by vcc_buck5
[    6.866331] vdd1v5_dvp: supplied by vcc_buck5
[    6.872735] vcc_1v5: supplied by vcc_buck5
[    6.879746] vcc_3v0: supplied by vcc3v3_sys
[    6.887857] vccio_sd: supplied by vcc3v3_sys
[    6.899139] vcc_sd: supplied by vcc3v3_sys
[    6.904796] vcc5v0_usb: failed to get the current voltage: -EPROBE_DEFER
[    6.905506] vcc5v0_usb: supplied by vcc5v0_sys
[    6.909031] vcc3v3_s0: supplied by vcc3v3_sys
[    6.969323] ohci-platform fe3e0000.usb: Generic Platform OHCI controller
[    6.969974] ohci-platform fe3e0000.usb: new USB bus registered, assigned bus number 1
[    6.970844] ohci-platform fe3e0000.usb: irq 34, io mem 0xfe3e0000
[    6.975824] xhci-hcd xhci-hcd.1.auto: xHCI Host Controller
[    6.976385] xhci-hcd xhci-hcd.1.auto: new USB bus registered, assigned bus number 2
[    6.977304] xhci-hcd xhci-hcd.1.auto: hcc params 0x0220fe64 hci version 0x110 quirks 0x0000000002010010
[    6.978236] xhci-hcd xhci-hcd.1.auto: irq 62, io mem 0xfe900000
[    6.979351] xhci-hcd xhci-hcd.1.auto: xHCI Host Controller
[    6.979877] xhci-hcd xhci-hcd.1.auto: new USB bus registered, assigned bus number 3
[    6.980590] xhci-hcd xhci-hcd.1.auto: Host supports USB 3.0 SuperSpeed
[    6.981507] usb usb2: New USB device found, idVendor=1d6b, idProduct=0002, bcdDevice= 5.15
[    6.982294] usb usb2: New USB device strings: Mfr=3, Product=2, SerialNumber=1
[    6.982957] usb usb2: Product: xHCI Host Controller
[    6.983405] usb usb2: Manufacturer: Linux 5.15.0-78-generic xhci-hcd
[    6.983981] usb usb2: SerialNumber: xhci-hcd.1.auto
[    6.985273] hub 2-0:1.0: USB hub found
[    6.985693] hub 2-0:1.0: 1 port detected
[    6.986857] usb usb3: We don't know the algorithms for LPM for this host, disabling LPM.
[    6.987830] usb usb3: New USB device found, idVendor=1d6b, idProduct=0003, bcdDevice= 5.15
[    6.988588] usb usb3: New USB device strings: Mfr=3, Product=2, SerialNumber=1
[    6.989246] usb usb3: Product: xHCI Host Controller
[    6.989692] usb usb3: Manufacturer: Linux 5.15.0-78-generic xhci-hcd
[    6.990293] usb usb3: SerialNumber: xhci-hcd.1.auto
[    6.991705] hub 3-0:1.0: USB hub found
[    6.992127] hub 3-0:1.0: 1 port detected
[    7.034753] usb usb1: New USB device found, idVendor=1d6b, idProduct=0001, bcdDevice= 5.15
[    7.035517] usb usb1: New USB device strings: Mfr=3, Product=2, SerialNumber=1
[    7.036165] usb usb1: Product: Generic Platform OHCI controller
[    7.036696] usb usb1: Manufacturer: Linux 5.15.0-78-generic ohci_hcd
[    7.037264] usb usb1: SerialNumber: fe3e0000.usb
[    7.038545] hub 1-0:1.0: USB hub found
[    7.038928] hub 1-0:1.0: 1 port detected
[    7.041611] ehci-platform fe3c0000.usb: EHCI Host Controller
[    7.042151] ehci-platform fe3c0000.usb: new USB bus registered, assigned bus number 4
[    7.043035] ehci-platform fe3c0000.usb: irq 33, io mem 0xfe3c0000
[    7.058442] ehci-platform fe3c0000.usb: USB 2.0 started, EHCI 1.00
[    7.059268] usb usb4: New USB device found, idVendor=1d6b, idProduct=0002, bcdDevice= 5.15
[    7.060013] usb usb4: New USB device strings: Mfr=3, Product=2, SerialNumber=1
[    7.060660] usb usb4: Product: EHCI Host Controller
[    7.061100] usb usb4: Manufacturer: Linux 5.15.0-78-generic ehci_hcd
[    7.061668] usb usb4: SerialNumber: fe3c0000.usb
[    7.063179] hub 4-0:1.0: USB hub found
[    7.063641] hub 4-0:1.0: 1 port detected
[    7.322569] usb 2-1: new high-speed USB device number 2 using xhci-hcd
[    7.482124] usb 2-1: New USB device found, idVendor=05e3, idProduct=0610, bcdDevice= 4.02
[    7.482962] usb 2-1: New USB device strings: Mfr=1, Product=2, SerialNumber=0
[    7.483612] usb 2-1: Product: USB2.0 Hub
[    7.483975] usb 2-1: Manufacturer: GenesysLogic
[    7.526739] hub 2-1:1.0: USB hub found
[    7.528126] hub 2-1:1.0: 4 ports detected
[    7.608022] usb 3-1: new SuperSpeed USB device number 2 using xhci-hcd
[    7.631918] usb 3-1: New USB device found, idVendor=05e3, idProduct=0616, bcdDevice= 4.02
[    7.632699] usb 3-1: New USB device strings: Mfr=1, Product=2, SerialNumber=0
[    7.633347] usb 3-1: Product: USB3.0 Hub
[    7.633711] usb 3-1: Manufacturer: GenesysLogic
[    7.655107] hub 3-1:1.0: USB hub found
[    7.656127] hub 3-1:1.0: 4 ports detected
[    7.890567] usb 2-1.2: new high-speed USB device number 3 using xhci-hcd
[    7.992752] usb 2-1.2: New USB device found, idVendor=048d, idProduct=1234, bcdDevice= 1.00
[    7.993546] usb 2-1.2: New USB device strings: Mfr=1, Product=2, SerialNumber=3
[    7.994211] usb 2-1.2: Product: UDisk           
[    7.994682] usb 2-1.2: Manufacturer: General 
[    7.995084] usb 2-1.2: SerialNumber: Р
[    8.030011] usb-storage 2-1.2:1.0: USB Mass Storage device detected
[    8.032452] scsi host0: usb-storage 2-1.2:1.0
[    8.034824] usbcore: registered new interface driver usb-storage
[    8.045578] usbcore: registered new interface driver uas
[    8.082474] usb 2-1.3: new high-speed USB device number 4 using xhci-hcd
[    8.188183] usb 2-1.3: New USB device found, idVendor=048d, idProduct=1234, bcdDevice= 1.00
[    8.188977] usb 2-1.3: New USB device strings: Mfr=1, Product=2, SerialNumber=3
[    8.189642] usb 2-1.3: Product: UDisk           
[    8.190067] usb 2-1.3: Manufacturer: General 
[    8.190525] usb 2-1.3: SerialNumber: Р
[    8.192648] usb-storage 2-1.3:1.0: USB Mass Storage device detected
[    8.194693] scsi host1: usb-storage 2-1.3:1.0
Begin: Loading essential drivers ... [    8.598347] raid6: neonx8   gen()  1063 MB/s
[    8.666338] raid6: neonx8   xor()   791 MB/s
[    8.734342] raid6: neonx4   gen()  1088 MB/s
[    8.802332] raid6: neonx4   xor()   775 MB/s
[    8.870348] raid6: neonx2   gen()  1029 MB/s
[    8.938338] raid6: neonx2   xor()   712 MB/s
[    9.006341] raid6: neonx1   gen()   884 MB/s
[    9.055996] scsi 0:0:0:0: Direct-Access     General  UDisk            5.00 PQ: 0 ANSI: 2
[    9.057687] sd 0:0:0:0: Attached scsi generic sg0 type 0
[    9.058476] sd 0:0:0:0: [sda] 61440000 512-byte logical blocks: (31.5 GB/29.3 GiB)
[    9.059618] sd 0:0:0:0: [sda] Write Protect is off
[    9.060462] sd 0:0:0:0: [sda] No Caching mode page found
[    9.060961] sd 0:0:0:0: [sda] Assuming drive cache: write through
[    9.074282] raid6: neonx1   xor()   604 MB/s
[    9.116559]  sda: sda1 sda2
[    9.118837] sd 0:0:0:0: [sda] Attached SCSI removable disk
[    9.142510] raid6: int64x8  gen()   680 MB/s
[    9.210384] raid6: int64x8  xor()   384 MB/s
[    9.215680] scsi 1:0:0:0: Direct-Access     General  UDisk            5.00 PQ: 0 ANSI: 2
[    9.217449] sd 1:0:0:0: Attached scsi generic sg1 type 0
[    9.217869] sd 1:0:0:0: [sdb] 61440000 512-byte logical blocks: (31.5 GB/29.3 GiB)
[    9.219062] sd 1:0:0:0: [sdb] Write Protect is off
[    9.219909] sd 1:0:0:0: [sdb] No Caching mode page found
[    9.220394] sd 1:0:0:0: [sdb] Assuming drive cache: write through
[    9.274714]  sdb:
[    9.277209] sd 1:0:0:0: [sdb] Attached SCSI removable disk
[    9.278314] raid6: int64x4  gen()   792 MB/s
[    9.346284] raid6: int64x4  xor()   423 MB/s
[    9.414533] raid6: int64x2  gen()   696 MB/s
[    9.482432] raid6: int64x2  xor()   373 MB/s
[    9.550423] raid6: int64x1  gen()   514 MB/s
[    9.618415] raid6: int64x1  xor()   257 MB/s
[    9.618811] raid6: using algorithm neonx4 gen() 1088 MB/s
[    9.619300] raid6: .... xor() 775 MB/s, rmw enabled
[    9.619744] raid6: using neon recovery algorithm
[    9.629259] xor: measuring software checksum speed
[    9.633743]    8regs           :  2449 MB/sec
[    9.637539]    32regs          :  2900 MB/sec
[    9.641839]    arm64_neon      :  2525 MB/sec
[    9.642234] xor: using function: 32regs (2900 MB/sec)
[    9.647300] async_tx: api initialized (async)
done.
Begin: Running /scripts/init-premount ... done.
Begin: Mounting root file system ... Begin: Running /scripts/nfs-top ... done.
Begin: Running /scripts/nfs-premount ... done.
[   10.385432] EXT4-fs (mmcblk0p5): mounting ext2 file system using the ext4 subsystem
[   10.386518] EXT4-fs (mmcblk0p5): bad geometry: block count 49152 exceeds size of device (2048 blocks)
Begin: Running /scripts/casper-premount ... done.
done.
stdin: Not a typewriter
mount: mounting /dev/mmcblk0p5 on /cdrom failed: Invalid argument
[   11.696282]  sda: sda1 sda2 sda3
[   11.702192]  sda: sda1 sda2 sda3


U-Boot TPL 2022.04-g5266117637 (Nov 14 2023 - 14:06:08)
Channel 0: LPDDR3, 800MHz
BW=32 Col=10 Bk=8 CS0 Row=15 CS1 Row=15 CS=2 Die BW=16 Size=2048MB
Channel 1: LPDDR3, 800MHz
BW=32 Col=10 Bk=8 CS0 Row=15 CS1 Row=15 CS=2 Die BW=16 Size=2048MB
256B stride
Trying to boot from BOOTROM
Returning to boot ROM...

U-Boot SPL 2022.04-g5266117637 (Nov 14 2023 - 14:06:08 +0800)
Trying to boot from MMC2


U-Boot 2022.04-g5266117637 (Nov 14 2023 - 14:06:08 +0800)

SoC: Rockchip rk3399
Reset cause: POR
Model: Rockchip RK3399 Toybrick ProD Board
DRAM:  3.9 GiB
PMIC:  RK8090 (on=0x10, off=0x00)
Core:  260 devices, 25 uclasses, devicetree: separate
MMC:   mmc@fe320000: 1, mmc@fe330000: 0
Loading Environment from MMC... OK
In:    serial
Out:   serial
Err:   serial
Model: Rockchip RK3399 Toybrick ProD Board
Net:   eth0: ethernet@fe300000
Hit any key to stop autoboot:  2  1  0 
starting USB...
Bus usb@fe380000: USB EHCI 1.00
Bus usb@fe3c0000: USB EHCI 1.00
Bus usb@fe900000: Register 2000140 NbrPorts 2
Starting the controller
USB XHCI 1.10
scanning bus usb@fe380000 for devices... 2 USB Device(s) found
scanning bus usb@fe3c0000 for devices... 1 USB Device(s) found
scanning bus usb@fe900000 for devices... 5 USB Device(s) found
       scanning usb for storage devices... 2 Storage Device(s) found

Device 0: Vendor: General  Rev: 5.00 Prod: UDisk           
            Type: Removable Hard Disk
            Capacity: 30000.0 MB = 29.2 GB (61440000 x 512)
... is now current device
Scanning usb 0:2...
libfdt fdt_check_header(): FDT_ERR_BADMAGIC
Card did not respond to voltage select! : -110
Scanning disk mmc@fe320000.blk...
Disk mmc@fe320000.blk not ready
Scanning disk mmc@fe330000.blk...
Scanning disk usb_mass_storage.lun0...
Scanning disk usb_mass_storage.lun0...
ERROR: failure to add disk device usb_mass_storage.lun0, r = 20
Found 12 disks
BootOrder not defined
EFI boot manager: Cannot load any image
Found EFI removable media binary efi/boot/bootaa64.efi
980056 bytes read in 30 ms (31.2 MiB/s)
libfdt fdt_check_header(): FDT_ERR_BADMAGIC
Booting /efi\boot\bootaa64.efi
ethernet@fe300000 Waiting for PHY auto negotiation to complete......... TIMEOUT !
Could not initialize PHY ethernet@fe300000
error: file `/boot/' not found.
GNU GRUB  version 2.06

вввввввввввввввввввввввв”Ђвввввввввввввввввввввввввввввввввввввввввв”Ђввввввввввввввввввввввввввввввввввввввввввввввввввввввввввввввввввввввввввввввввв”Ђвввввввввввввввввввввввввввввввввввввввввввввввввввввввввввввввввввввввввввввввввввввввввввввввввввввввввввввввввввввввввввввввввввввввввввввввв”Ђвввввввввввввввввввввввввввввввввввввв”Ђввввввввввввввввввввввввввввввввввввввввввввввввввввввввввввввввввввввввввввввввввв     Use the в and в keys to select which entry is highlighted.                                                                                                              
      Press enter to boot the selected OS, `e' to edit the commands before booting or `c' for a command-line.                                                                  *Try or Install Ubuntu Server                                                                                                                                                    Ubuntu Server with the HWE kernel                                                                                                                                               Boot from next volume                                                                                                                                                           UEFI Firmware Settings                                                                                                                                                                                                                                                                                                                                                                                                                                                                                                                                                                                                                                                                                                                                                                                                                                                                                                                                                                                                                                                                                                                                                                                                                                                                                                                                                                                                                                                                                                                                                                                                                                                                                                                                                                                                                                                                                                                                                                                                                                                                                                                                                                                                                                                                                                                                                                                                                                                                                                                                                                                                                                                                                                                                                                                                                                                                                                                                                                                                                                                                                                                                                                                                                                                                                                                                                                                                                                                                                                                                                                                                                                                                                                                                                                                                                                                                                                                                                                                                                                                                                                                                                                                                                                                                                                                                                                                                                                                                                                                                                             The highlighted entry will be executed automatically in 30s.                                                                                                                       The highlighted entry will be executed automatically in 29s.                                                                                                                                                                                                                                                                                                                                                                                                                                                                                           Try or Install Ubuntu Server                                                                                                                                                   *Ubuntu Server with the HWE kernel                                                                                                                                               Ubuntu Server with the HWE kernel                                                                                                                                              *Try or Install Ubuntu Server                                                                                                                                                   GNU GRUB  version 2.06

ввввввввввввввввввввввввввввввввввввввввввв”Ђвввввввввввввввввввввввввввввввввввввввввв”Ђввввввввввввввввввввввввввввввввввввввввввввввввввввввввввввввввввввввввввввввввв”Ђвввввввввввввввввввввввввввввввввввввввввввввввввввввввввввввввввввввввввввввввввввввввввввввввввввввввввввввввввввввввввввввввввввввввввввв”Ђвввввввввввввввввввввввввввввввввввввввввв”Ђвввввввввввввввввввввввввввввввввввввввввввввввввввввввввввввввв     Minimum Emacs-like screen editing is supported. TAB lists completions. Press Ctrl-x or F10 to boot, Ctrl-c or F2 for a command-line or ESC to discard edits and return  
      to the GRUB menu.                                                                                                                                                       setparams 'Try or Install Ubuntu Server'                                                                                                                                                                                                                                                                                                                                set gfxpayload=keep                                                                                                                                                             linux        /casper/vmlinuz quiet ---                                                                                                                                          initrd        /casper/initrd                                                                                                                                                                                                                                                                                                                                                                                                                                                                                                                                                                                                                                                                                                                                                                                                                                                                                                                                                                                                                                                                                                                                                                                                                                                                                                                                                                                                                                                                                                                                                                                                                                                                                                                                                                                                                                                                                                                                                                                                                                                                                                                                                                                                                                                                                                                                                                                                                                                                                                                                                                                                                                                                                                                                                                                                                                                                                                                                                                                                                                                                                                                                                                                                                                                                                                                                                                                                                                                                                                                                                                                                                                                                                                                                                                                                                                                                                                                                                                                                                                                                                                                                                                                                                                                                                                                                                                      linux        /casper/vmlinuz quie ---                                                                                                                                           linux        /casper/vmlinuz qui ---                                                                                                                                            linux        /casper/vmlinuz qu ---                                                                                                                                             linux        /casper/vmlinuz q ---                                                                                                                                              linux        /casper/vmlinuz  ---                                                                                                                                         Booting a command list

EFI stub: Booting Linux Kernel...
EFI stub: Using DTB from configuration table
EFI stub: Exiting boot services...
[    0.000000] Booting Linux on physical CPU 0x0000000000 [0x410fd034]
[    0.000000] Linux version 5.15.0-78-generic (buildd@bos02-arm64-036) (gcc (Ubuntu 11.3.0-1ubuntu1~22.04.1) 11.3.0, GNU ld (GNU Binutils for Ubuntu) 2.38) #85-Ubuntu SMP Fri Jul 7 15:29:30 UTC 2023 (Ubuntu 5.15.0-78.85-generic 5.15.99)
[    0.000000] Machine model: Rockchip RK3399 Toybrick ProD Board
[    0.000000] efi: EFI v2.90 by Das U-Boot
[    0.000000] efi: ESRT=0xf4eb9040 RTPROP=0xf4ebb040 SMBIOS=0xf4eb7000 MOKvar=0xf4dce000 RNG=0xe9689040 MEMRESERVE=0xe9688040 
[    0.000000] random: crng init done
[    0.000000] secureboot: Secure boot disabled
[    0.000000] esrt: Reserving ESRT space from 0x00000000f4eb9040 to 0x00000000f4eb9078.
[    0.000000] NUMA: No NUMA configuration found
[    0.000000] NUMA: Faking a node at [mem 0x0000000000200000-0x00000000f7ffffff]
[    0.000000] NUMA: NODE_DATA [mem 0xf77d5f80-0xf77dafff]
[    0.000000] Zone ranges:
[    0.000000]   DMA      [mem 0x0000000000200000-0x00000000f7ffffff]
[    0.000000]   DMA32    empty
[    0.000000]   Normal   empty
[    0.000000]   Device   empty
[    0.000000] Movable zone start for each node
[    0.000000] Early memory node ranges
[    0.000000]   node   0: [mem 0x0000000000200000-0x00000000f4dcdfff]
[    0.000000]   node   0: [mem 0x00000000f4dce000-0x00000000f4dcefff]
[    0.000000]   node   0: [mem 0x00000000f4dcf000-0x00000000f4eb6fff]
[    0.000000]   node   0: [mem 0x00000000f4eb7000-0x00000000f4eb7fff]
[    0.000000]   node   0: [mem 0x00000000f4eb8000-0x00000000f4ebafff]
[    0.000000]   node   0: [mem 0x00000000f4ebb000-0x00000000f4ebbfff]
[    0.000000]   node   0: [mem 0x00000000f4ebc000-0x00000000f4ebdfff]
[    0.000000]   node   0: [mem 0x00000000f4ebe000-0x00000000f4ebffff]
[    0.000000]   node   0: [mem 0x00000000f4ec0000-0x00000000f4ec0fff]
[    0.000000]   node   0: [mem 0x00000000f4ec1000-0x00000000f4ec4fff]
[    0.000000]   node   0: [mem 0x00000000f4ec5000-0x00000000f7eeffff]
[    0.000000]   node   0: [mem 0x00000000f7ef0000-0x00000000f7efffff]
[    0.000000]   node   0: [mem 0x00000000f7f00000-0x00000000f7ffffff]
[    0.000000] Initmem setup node 0 [mem 0x0000000000200000-0x00000000f7ffffff]
[    0.000000] On node 0, zone DMA: 512 pages in unavailable ranges
[    0.000000] cma: Reserved 32 MiB at 0x00000000f5000000
[    0.000000] psci: probing for conduit method from DT.
[    0.000000] psci: PSCIv1.1 detected in firmware.
[    0.000000] psci: Using standard PSCI v0.2 function IDs
[    0.000000] psci: MIGRATE_INFO_TYPE not supported.
[    0.000000] psci: SMC Calling Convention v1.2
[    0.000000] percpu: Embedded 30 pages/cpu s83352 r8192 d31336 u122880
[    0.000000] Detected VIPT I-cache on CPU0
[    0.000000] CPU features: detected: GIC system register CPU interface
[    0.000000] CPU features: kernel page table isolation forced ON by KASLR
[    0.000000] CPU features: detected: Kernel page table isolation (KPTI)
[    0.000000] CPU features: detected: ARM erratum 845719
[    0.000000] Built 1 zonelists, mobility grouping on.  Total pages: 999432
[    0.000000] Policy zone: DMA
[    0.000000] Kernel command line: BOOT_IMAGE=/casper/vmlinuz ---
[    0.000000] Unknown kernel command line parameters "--- BOOT_IMAGE=/casper/vmlinuz", will be passed to user space.
[    0.000000] Dentry cache hash table entries: 524288 (order: 10, 4194304 bytes, linear)
[    0.000000] Inode-cache hash table entries: 262144 (order: 9, 2097152 bytes, linear)
[    0.000000] mem auto-init: stack:off, heap alloc:on, heap free:off
[    0.000000] Memory: 3797944K/4061184K available (17216K kernel code, 4562K rwdata, 13884K rodata, 9600K init, 1191K bss, 230472K reserved, 32768K cma-reserved)
[    0.000000] SLUB: HWalign=64, Order=0-3, MinObjects=0, CPUs=6, Nodes=1
[    0.000000] ftrace: allocating 54109 entries in 212 pages
[    0.000000] ftrace: allocated 212 pages with 4 groups
[    0.000000] trace event string verifier disabled
[    0.000000] rcu: Hierarchical RCU implementation.
[    0.000000] rcu: 	RCU restricting CPUs from NR_CPUS=256 to nr_cpu_ids=6.
[    0.000000] 	Rude variant of Tasks RCU enabled.
[    0.000000] 	Tracing variant of Tasks RCU enabled.
[    0.000000] rcu: RCU calculated value of scheduler-enlistment delay is 25 jiffies.
[    0.000000] rcu: Adjusting geometry for rcu_fanout_leaf=16, nr_cpu_ids=6
[    0.000000] NR_IRQS: 64, nr_irqs: 64, preallocated irqs: 0
[    0.000000] GICv3: GIC: Using split EOI/Deactivate mode
[    0.000000] GICv3: 256 SPIs implemented
[    0.000000] GICv3: 0 Extended SPIs implemented
[    0.000000] GICv3: Distributor has no Range Selector support
[    0.000000] Root IRQ handler: gic_handle_irq
[    0.000000] GICv3: 16 PPIs implemented
[    0.000000] GICv3: CPU0: found redistributor 0 region 0:0x00000000fef00000
[    0.000000] ITS [mem 0xfee20000-0xfee3ffff]
[    0.000000] ITS@0x00000000fee20000: allocated 65536 Devices @1200000 (flat, esz 8, psz 64K, shr 0)
[    0.000000] ITS: using cache flushing for cmd queue
[    0.000000] GICv3: using LPI property table @0x00000000011d0000
[    0.000000] GIC: using cache flushing for LPI property table
[    0.000000] GICv3: CPU0: using allocated LPI pending table @0x00000000011e0000
[    0.000000] GICv3: GIC: PPI partition interrupt-partition-0[0] { /cpus/cpu@0[0] /cpus/cpu@1[1] /cpus/cpu@2[2] /cpus/cpu@3[3] }
[    0.000000] GICv3: GIC: PPI partition interrupt-partition-1[1] { /cpus/cpu@100[4] /cpus/cpu@101[5] }
[    0.000000] arch_timer: cp15 timer(s) running at 24.00MHz (phys).
[    0.000000] clocksource: arch_sys_counter: mask: 0xffffffffffffff max_cycles: 0x588fe9dc0, max_idle_ns: 440795202592 ns
[    0.000001] sched_clock: 56 bits at 24MHz, resolution 41ns, wraps every 4398046511097ns
[    0.003553] Console: colour dummy device 80x25
[    0.004607] printk: console [tty0] enabled
[    0.004784] Calibrating delay loop (skipped), value calculated using timer frequency.. 48.00 BogoMIPS (lpj=96000)
[    0.004829] pid_max: default: 32768 minimum: 301
[    0.005032] LSM: Security Framework initializing
[    0.005111] landlock: Up and running.
[    0.005129] Yama: becoming mindful.
[    0.005277] AppArmor: AppArmor initialized
[    0.005530] Mount-cache hash table entries: 8192 (order: 4, 65536 bytes, linear)
[    0.005585] Mountpoint-cache hash table entries: 8192 (order: 4, 65536 bytes, linear)
[    0.009279] rcu: Hierarchical SRCU implementation.
[    0.011052] Platform MSI: interrupt-controller@fee20000 domain created
[    0.011458] PCI/MSI: /interrupt-controller@fee00000/interrupt-controller@fee20000 domain created
[    0.011842] fsl-mc MSI: interrupt-controller@fee20000 domain created
[    0.017682] Remapping and enabling EFI services.
[    0.018790] smp: Bringing up secondary CPUs ...
[    0.019883] Detected VIPT I-cache on CPU1
[    0.019945] GICv3: CPU1: found redistributor 1 region 0:0x00000000fef20000
[    0.020030] GICv3: CPU1: using allocated LPI pending table @0x00000000011f0000
[    0.020102] CPU1: Booted secondary processor 0x0000000001 [0x410fd034]
[    0.021320] Detected VIPT I-cache on CPU2
[    0.021374] GICv3: CPU2: found redistributor 2 region 0:0x00000000fef40000
[    0.021447] GICv3: CPU2: using allocated LPI pending table @0x0000000001280000
[    0.021499] CPU2: Booted secondary processor 0x0000000002 [0x410fd034]
[    0.022646] Detected VIPT I-cache on CPU3
[    0.022698] GICv3: CPU3: found redistributor 3 region 0:0x00000000fef60000
[    0.022767] GICv3: CPU3: using allocated LPI pending table @0x0000000001290000
[    0.022815] CPU3: Booted secondary processor 0x0000000003 [0x410fd034]
[    0.023965] CPU features: detected: Spectre-v2
[    0.023978] CPU features: detected: Spectre-v3a
[    0.023987] CPU features: detected: Spectre-BHB
[    0.023995] CPU features: detected: ARM erratum 1742098
[    0.024002] CPU features: detected: ARM errata 1165522, 1319367, or 1530923
[    0.024008] Detected PIPT I-cache on CPU4
[    0.024050] GICv3: CPU4: found redistributor 100 region 0:0x00000000fef80000
[    0.024116] GICv3: CPU4: using allocated LPI pending table @0x00000000012a0000
[    0.024162] CPU4: Booted secondary processor 0x0000000100 [0x410fd082]
[    0.025305] Detected PIPT I-cache on CPU5
[    0.025342] GICv3: CPU5: found redistributor 101 region 0:0x00000000fefa0000
[    0.025394] GICv3: CPU5: using allocated LPI pending table @0x00000000012b0000
[    0.025432] CPU5: Booted secondary processor 0x0000000101 [0x410fd082]
[    0.025587] smp: Brought up 1 node, 6 CPUs
[    0.025941] SMP: Total of 6 processors activated.
[    0.025962] CPU features: detected: 32-bit EL0 Support
[    0.025981] CPU features: detected: 32-bit EL1 Support
[    0.026002] CPU features: detected: CRC32 instructions
[    0.026299] CPU features: emulated: Privileged Access Never (PAN) using TTBR0_EL1 switching
[    0.055498] CPU: All CPU(s) started at EL2
[    0.055614] alternatives: patching kernel code
[    0.059351] devtmpfs: initialized
[    0.072754] Registered cp15_barrier emulation handler
[    0.072795] Registered setend emulation handler
[    0.072816] KASLR enabled
[    0.073037] clocksource: jiffies: mask: 0xffffffff max_cycles: 0xffffffff, max_idle_ns: 7645041785100000 ns
[    0.073132] futex hash table entries: 2048 (order: 5, 131072 bytes, linear)
[    0.074277] pinctrl core: initialized pinctrl subsystem
[    0.075169] SMBIOS 3.0 present.
[    0.075202] DMI: Unknown Unknown Product/Unknown Product, BIOS 2022.04-g5266117637 04/01/2022
[    0.075817] NET: Registered PF_NETLINK/PF_ROUTE protocol family
[    0.086957] DMA: preallocated 512 KiB GFP_KERNEL pool for atomic allocations
[    0.087661] DMA: preallocated 512 KiB GFP_KERNEL|GFP_DMA pool for atomic allocations
[    0.088571] DMA: preallocated 512 KiB GFP_KERNEL|GFP_DMA32 pool for atomic allocations
[    0.088693] audit: initializing netlink subsys (disabled)
[    0.089055] audit: type=2000 audit(0.088:1): state=initialized audit_enabled=0 res=1
[    0.090522] thermal_sys: Registered thermal governor 'fair_share'
[    0.090534] thermal_sys: Registered thermal governor 'bang_bang'
[    0.090554] thermal_sys: Registered thermal governor 'step_wise'
[    0.090568] thermal_sys: Registered thermal governor 'user_space'
[    0.090581] thermal_sys: Registered thermal governor 'power_allocator'
[    0.091033] cpuidle: using governor ladder
[    0.091082] cpuidle: using governor menu
[    0.091251] hw-breakpoint: found 6 breakpoint and 4 watchpoint registers.
[    0.091489] ASID allocator initialised with 32768 entries
[    0.093214] Serial: AMBA PL011 UART driver
[    0.116901] platform ff770000.syscon:phy@f780: Fixing up cyclic dependency with fe330000.mmc
[    0.129400] platform edp-panel: Fixing up cyclic dependency with ff970000.edp
[    0.141892] HugeTLB registered 1.00 GiB page size, pre-allocated 0 pages
[    0.141923] HugeTLB registered 32.0 MiB page size, pre-allocated 0 pages
[    0.141940] HugeTLB registered 2.00 MiB page size, pre-allocated 0 pages
[    0.141956] HugeTLB registered 64.0 KiB page size, pre-allocated 0 pages
[    0.152118] fbcon: Taking over console
[    0.152184] ACPI: Interpreter disabled.
[    0.153841] iommu: Default domain type: Translated 
[    0.153867] iommu: DMA domain TLB invalidation policy: strict mode 
[    0.156690] SCSI subsystem initialized
[    0.157403] vgaarb: loaded
[    0.157593] usbcore: registered new interface driver usbfs
[    0.157653] usbcore: registered new interface driver hub
[    0.157703] usbcore: registered new device driver usb
[    0.158196] pps_core: LinuxPPS API ver. 1 registered
[    0.158213] pps_core: Software ver. 5.3.6 - Copyright 2005-2007 Rodolfo Giometti <giometti@linux.it>
[    0.158243] PTP clock support registered
[    0.158504] EDAC MC: Ver: 3.0.0
[    0.159562] Registered efivars operations
[    0.161336] NetLabel: Initializing
[    0.161384] NetLabel:  domain hash size = 128
[    0.161397] NetLabel:  protocols = UNLABELED CIPSOv4 CALIPSO
[    0.161476] NetLabel:  unlabeled traffic allowed by default
[    0.162063] clocksource: Switched to clocksource arch_sys_counter
[    0.230947] VFS: Disk quotas dquot_6.6.0
[    0.231043] VFS: Dquot-cache hash table entries: 512 (order 0, 4096 bytes)
[    0.231799] AppArmor: AppArmor Filesystem Enabled
[    0.231905] pnp: PnP ACPI: disabled
[    0.242849] NET: Registered PF_INET protocol family
[    0.243176] IP idents hash table entries: 65536 (order: 7, 524288 bytes, linear)
[    0.246491] tcp_listen_portaddr_hash hash table entries: 2048 (order: 3, 32768 bytes, linear)
[    0.246709] Table-perturb hash table entries: 65536 (order: 6, 262144 bytes, linear)
[    0.246913] TCP established hash table entries: 32768 (order: 6, 262144 bytes, linear)
[    0.247484] TCP bind hash table entries: 32768 (order: 7, 524288 bytes, linear)
[    0.248164] TCP: Hash tables configured (established 32768 bind 32768)
[    0.248519] MPTCP token hash table entries: 4096 (order: 4, 98304 bytes, linear)
[    0.248679] UDP hash table entries: 2048 (order: 4, 65536 bytes, linear)
[    0.248862] UDP-Lite hash table entries: 2048 (order: 4, 65536 bytes, linear)
[    0.249228] NET: Registered PF_UNIX/PF_LOCAL protocol family
[    0.249274] NET: Registered PF_XDP protocol family
[    0.249297] PCI: CLS 0 bytes, default 64
[    0.249671] Trying to unpack rootfs image as initramfs...
[    0.284713] hw perfevents: enabled with armv8_cortex_a53 PMU driver, 7 counters available
[    0.285167] hw perfevents: enabled with armv8_cortex_a72 PMU driver, 7 counters available
[    0.285640] kvm [1]: IPA Size Limit: 40 bits
[    0.288864] kvm [1]: vgic-v2@fff20000
[    0.288908] kvm [1]: GIC system register CPU interface enabled
[    0.289181] kvm [1]: vgic interrupt IRQ18
[    0.291087] kvm [1]: Hyp mode initialized successfully
[    0.293091] Initialise system trusted keyrings
[    0.293157] Key type blacklist registered
[    0.293444] workingset: timestamp_bits=40 max_order=20 bucket_order=0
[    0.300264] zbud: loaded
[    0.301999] squashfs: version 4.0 (2009/01/31) Phillip Lougher
[    0.302909] fuse: init (API version 7.34)
[    0.303580] integrity: Platform Keyring initialized
[    0.368064] Key type asymmetric registered
[    0.368102] Asymmetric key parser 'x509' registered
[    0.368228] Block layer SCSI generic (bsg) driver version 0.4 loaded (major 242)
[    0.368465] io scheduler mq-deadline registered
[    0.380582] shpchp: Standard Hot Plug PCI Controller Driver version: 0.4
[    0.408235] Serial: 8250/16550 driver, 32 ports, IRQ sharing enabled
[    0.419178] ff1a0000.serial: ttyS2 at MMIO 0xff1a0000 (irq = 35, base_baud = 1500000) is a 16550A
[    0.532154] printk: console [ttyS2] enabled
[    0.535070] msm_serial: driver initialized
[    0.538040] cacheinfo: Unable to detect cache hierarchy for CPU 0
[    0.548273] loop: module loaded
[    0.549705] SPI driver altr_a10sr has no spi_device_id for altr,a10sr
[    0.552701] tun: Universal TUN/TAP device driver, 1.6
[    0.554961] PPP generic driver version 2.4.2
[    0.556084] ehci_hcd: USB 2.0 'Enhanced' Host Controller (EHCI) Driver
[    0.556696] ehci-pci: EHCI PCI platform driver
[    0.557158] ehci-orion: EHCI orion driver
[    0.557753] ohci_hcd: USB 1.1 'Open' Host Controller (OHCI) Driver
[    0.558353] ohci-pci: OHCI PCI platform driver
[    0.558817] uhci_hcd: USB Universal Host Controller Interface driver
[    0.559826] mousedev: PS/2 mouse device common for all mice
[    0.561499] i2c_dev: i2c /dev entries driver
[    0.564550] device-mapper: core: CONFIG_IMA_DISABLE_HTABLE is disabled. Duplicate IMA measurements will not be recorded in the IMA log.
[    0.565776] device-mapper: uevent: version 1.0.3
[    0.566540] device-mapper: ioctl: 4.45.0-ioctl (2021-03-22) initialised: dm-devel@redhat.com
[    0.571054] ledtrig-cpu: registered to indicate activity on CPUs
[    0.573078] SMCCC: SOC_ID: ARCH_SOC_ID not implemented, skipping ....
[    0.576860] drop_monitor: Initializing network drop monitor service
[    0.578287] NET: Registered PF_INET6 protocol family
[    4.869053] Freeing initrd memory: 104756K
[    4.921142] Segment Routing with IPv6
[    4.921542] In-situ OAM (IOAM) with IPv6
[    4.921987] NET: Registered PF_PACKET protocol family
[    4.923228] Key type dns_resolver registered
[    4.925051] registered taskstats version 1
[    4.926158] Loading compiled-in X.509 certificates
[    4.931244] Loaded X.509 cert 'Build time autogenerated kernel key: c9c2ba52b43e8d13d4cbefcfa9a1ef8ade9eebd2'
[    4.935091] Loaded X.509 cert 'Canonical Ltd. Live Patch Signing: 14df34d1a87cf37625abec039ef2bf521249b969'
[    4.938901] Loaded X.509 cert 'Canonical Ltd. Kernel Module Signing: 88f752e560a1e0737e31163a466ad7b70a850c19'
[    4.939794] blacklist: Loading compiled-in revocation X.509 certificates
[    4.940480] Loaded X.509 cert 'Canonical Ltd. Secure Boot Signing: 61482aa2830d0ab2ad5af10b7250da9033ddcef0'
[    4.941436] Loaded X.509 cert 'Canonical Ltd. Secure Boot Signing (2017): 242ade75ac4a15e50d50c84b0d45ff3eae707a03'
[    4.942455] Loaded X.509 cert 'Canonical Ltd. Secure Boot Signing (ESM 2018): 365188c1d374d6b07c3c8f240f8ef722433d6a8b'
[    4.943485] Loaded X.509 cert 'Canonical Ltd. Secure Boot Signing (2019): c0746fd6c5da3ae827864651ad66ae47fe24b3e8'
[    4.944505] Loaded X.509 cert 'Canonical Ltd. Secure Boot Signing (2021 v1): a8d54bbb3825cfb94fa13c9f8a594a195c107b8d'
[    4.945530] Loaded X.509 cert 'Canonical Ltd. Secure Boot Signing (2021 v2): 4cf046892d6fd3c9a5b03f98d845f90851dc6a8c'
[    4.946592] Loaded X.509 cert 'Canonical Ltd. Secure Boot Signing (2021 v3): 100437bb6de6e469b581e61cd66bce3ef4ed53af'
[    4.947644] Loaded X.509 cert 'Canonical Ltd. Secure Boot Signing (Ubuntu Core 2019): c1d57b8f6b743f23ee41f4f7ee292f06eecadfb9'
[    4.949571] zswap: loaded using pool lzo/zbud
[    4.952564] Key type .fscrypt registered
[    4.952937] Key type fscrypt-provisioning registered
[    5.061950] cryptd: max_cpu_qlen set to 1000
[    5.113184] Key type encrypted registered
[    5.113578] AppArmor: AppArmor sha1 policy hashing enabled
[    5.114570] integrity: Loading X.509 certificate: UEFI:MokListRT (MOKvar table)
[    5.116932] integrity: Loaded X.509 cert 'Canonical Ltd. Master Certificate Authority: ad91990bc22ab1f517048c23b6655a268e345a63'
[    5.117968] ima: No TPM chip found, activating TPM-bypass!
[    5.118506] Loading compiled-in module X.509 certificates
[    5.121899] Loaded X.509 cert 'Build time autogenerated kernel key: c9c2ba52b43e8d13d4cbefcfa9a1ef8ade9eebd2'
[    5.122800] ima: Allocated hash algorithm: sha1
[    5.123236] ima: No architecture policies found
[    5.123728] evm: Initialising EVM extended attributes:
[    5.124189] evm: security.selinux
[    5.124490] evm: security.SMACK64
[    5.124791] evm: security.SMACK64EXEC
[    5.125122] evm: security.SMACK64TRANSMUTE
[    5.125490] evm: security.SMACK64MMAP
[    5.125819] evm: security.apparmor
[    5.126142] evm: security.ima
[    5.126412] evm: security.capability
[    5.126734] evm: HMAC attrs: 0x1
[    5.167336] dw-apb-uart ff1a0000.serial: forbid DMA for kernel console
[    5.181936] Freeing unused kernel memory: 9600K
[    5.261830] Checked W+X mappings: passed, no W+X pages found
[    5.262402] Run /init as init process
Loading, please wait...
Starting version 249.11-0ubuntu3.9
[    6.017838] ohci-platform: OHCI generic platform driver
[    6.068773] ehci-platform: EHCI generic platform driver
[    6.084188] dma-pl330 ff6d0000.dma-controller: Loaded driver for PL330 DMAC-241330
[    6.084892] dma-pl330 ff6d0000.dma-controller: 	DBUFF-32x8bytes Num_Chans-6 Num_Peri-12 Num_Events-12
[    6.093222] dma-pl330 ff6e0000.dma-controller: Loaded driver for PL330 DMAC-241330
[    6.093922] dma-pl330 ff6e0000.dma-controller: 	DBUFF-128x8bytes Num_Chans-8 Num_Peri-20 Num_Events-16
[    6.112545] sdhci: Secure Digital Host Controller Interface driver
[    6.113139] sdhci: Copyright(c) Pierre Ossman
[    6.146011] Synopsys Designware Multimedia Card Interface Driver
[    6.158988] sdhci-pltfm: SDHCI platform and OF driver helper
[    6.252628] rockchip-usb2phy ff770000.syscon:usb2phy@e460: failed to create phy
[    6.254144] mmc0: CQHCI version 5.10
[    6.281848] mmc0: SDHCI controller on fe330000.mmc [fe330000.mmc] using ADMA
[    6.298099] rockchip-usb2phy ff770000.syscon:usb2phy@e460: failed to create phy
[    6.344587] mmc0: Command Queue Engine enabled
[    6.344750] rockchip-gpio ff720000.gpio0: probed /pinctrl/gpio0@ff720000
[    6.345028] mmc0: new HS400 Enhanced strobe MMC card at address 0001
[    6.370249] mmcblk0: mmc0:0001 Y2P032 29.1 GiB 
[    6.370711] rockchip-gpio ff730000.gpio1: probed /pinctrl/gpio1@ff730000
[    6.374947] dwmmc_rockchip fe320000.mmc: IDMAC supports 32-bit address mode.
[    6.375667] dwmmc_rockchip fe320000.mmc: Using internal DMA controller.
[    6.376283] dwmmc_rockchip fe320000.mmc: Version ID is 270a
[    6.376894] dwmmc_rockchip fe320000.mmc: DW MMC controller at irq 29,32 bit host data width,256 deep fifo
[    6.378372] dwmmc_rockchip fe320000.mmc: Got CD GPIO
[    6.382647]  mmcblk0: p1 p2 p3 p4 p5 p6 p7
[    6.386295] rockchip-gpio ff780000.gpio2: probed /pinctrl/gpio2@ff780000
[    6.390324] rockchip-usb2phy ff770000.syscon:usb2phy@e460: failed to create phy
[    6.390415] mmc_host mmc1: Bus speed (slot 0) = 400000Hz (slot req 400000Hz, actual 400000HZ div = 0)
[    6.399366] mmcblk0boot0: mmc0:0001 Y2P032 4.00 MiB 
[    6.406958] rockchip-gpio ff788000.gpio3: probed /pinctrl/gpio3@ff788000
[    6.416869] mmcblk0boot1: mmc0:0001 Y2P032 4.00 MiB 
[    6.425384] rockchip-usb2phy ff770000.syscon:usb2phy@e460: failed to create phy
[    6.437063] rockchip-gpio ff790000.gpio4: probed /pinctrl/gpio4@ff790000
[    6.441135] mmcblk0rpmb: mmc0:0001 Y2P032 16.0 MiB, chardev (237:0)
[    6.475999] rockchip-usb2phy ff770000.syscon:usb2phy@e460: failed to create phy
[    6.497150] rk_gmac-dwmac fe300000.ethernet: IRQ eth_wake_irq not found
[    6.497793] rk_gmac-dwmac fe300000.ethernet: IRQ eth_lpi not found
[    6.498605] rk_gmac-dwmac fe300000.ethernet: PTP uses main clock
[    6.506769] rk_gmac-dwmac fe300000.ethernet: clock input or output? (input).
[    6.507456] rk_gmac-dwmac fe300000.ethernet: TX delay(0x28).
[    6.507983] rk_gmac-dwmac fe300000.ethernet: RX delay(0x11).
[    6.508512] rk_gmac-dwmac fe300000.ethernet: integrated PHY? (no).
[    6.509168] rk_gmac-dwmac fe300000.ethernet: cannot get clock clk_mac_speed
[    6.509808] rk_gmac-dwmac fe300000.ethernet: clock input from PHY
[    6.515422] rk_gmac-dwmac fe300000.ethernet: init for RGMII
[    6.516427] rk_gmac-dwmac fe300000.ethernet: User ID: 0x10, Synopsys ID: 0x35
[    6.517112] rk_gmac-dwmac fe300000.ethernet: 	DWMAC1000
[    6.517592] rk_gmac-dwmac fe300000.ethernet: DMA HW capability register supported
[    6.518314] rk_gmac-dwmac fe300000.ethernet: RX Checksum Offload Engine supported
[    6.518994] rk_gmac-dwmac fe300000.ethernet: COE Type 2
[    6.519473] rk_gmac-dwmac fe300000.ethernet: TX Checksum insertion supported
[    6.520108] rk_gmac-dwmac fe300000.ethernet: Wake-Up On Lan supported
[    6.521162] rk_gmac-dwmac fe300000.ethernet: Normal descriptors
[    6.521718] rk_gmac-dwmac fe300000.ethernet: Ring mode enabled
[    6.522382] rk_gmac-dwmac fe300000.ethernet: Enable RX Mitigation via HW Watchdog Timer
[    6.603051] rockchip-drm display-subsystem: [drm:rockchip_drm_platform_probe [rockchipdrm]] *ERROR* No available vop found for display-subsystem.
[    6.661246] RTL8211E Gigabit Ethernet stmmac-0:00: attached PHY driver (mii_bus:phy_addr=stmmac-0:00, irq=POLL)
[    6.662238] RTL8211E Gigabit Ethernet stmmac-0:01: attached PHY driver (mii_bus:phy_addr=stmmac-0:01, irq=POLL)
[    6.668928] rockchip-usb2phy ff770000.syscon:usb2phy@e460: failed to create phy
[    6.715506] rk808 0-0020: chip id: 0x8090
[    6.805279] rockchip-usb2phy ff770000.syscon:usb2phy@e460: failed to create phy
[    6.848127] rk808-regulator rk808-regulator: there is no dvs0 gpio
[    6.848732] rk808-regulator rk808-regulator: there is no dvs1 gpio
[    6.851437] vdd_log: supplied by vcc5v0_sys
[    6.851981] rockchip-usb2phy ff770000.syscon:usb2phy@e460: failed to create phy
[    6.869550] vdd_cpu_l: supplied by vcc5v0_sys
[    6.895377] vcc_ddr: supplied by vcc5v0_sys
[    6.906678] vcc3v3_sys: supplied by vcc5v0_sys
[    6.916356] rk808-rtc rk808-rtc: registered as rtc0
[    6.918717] rockchip-usb2phy ff770000.syscon:usb2phy@e460: failed to create phy
[    6.920244] vcc_buck5: Bringing 3300000uV into 2200000-2200000uV
[    6.921349] rk808-rtc rk808-rtc: setting system clock to 2017-08-05T09:03:32 UTC (1501923812)
[    6.923116] cpu cpu0: OPP table can't be empty
[    6.925855] vcc_buck5: supplied by vcc5v0_sys
[    6.931281] vcca_0v9: supplied by vcc_buck5
[    6.938092] vcc_1v8: supplied by vcc_buck5
[    6.947177] vcc0v9_soc: supplied by vcc_buck5
[    6.947399] rockchip-usb2phy ff770000.syscon:usb2phy@e460: failed to create phy
[    6.953230] vcca_1v8: supplied by vcc_buck5
[    6.958647] vdd1v5_dvp: supplied by vcc_buck5
[    6.964954] vcc_1v5: supplied by vcc_buck5
[    6.971094] vcc_3v0: supplied by vcc3v3_sys
[    6.977212] vccio_sd: supplied by vcc3v3_sys
[    6.984468] vcc_sd: supplied by vcc3v3_sys
[    6.989738] vcc5v0_usb: failed to get the current voltage: -EPROBE_DEFER
[    6.990443] vcc5v0_usb: supplied by vcc5v0_sys
[    6.993654] vcc3v3_s0: supplied by vcc3v3_sys
[    7.027463] ohci-platform fe3e0000.usb: Generic Platform OHCI controller
[    7.028104] ohci-platform fe3e0000.usb: new USB bus registered, assigned bus number 1
[    7.028935] ohci-platform fe3e0000.usb: irq 34, io mem 0xfe3e0000
[    7.090621] usb usb1: New USB device found, idVendor=1d6b, idProduct=0001, bcdDevice= 5.15
[    7.091384] usb usb1: New USB device strings: Mfr=3, Product=2, SerialNumber=1
[    7.092031] usb usb1: Product: Generic Platform OHCI controller
[    7.092562] usb usb1: Manufacturer: Linux 5.15.0-78-generic ohci_hcd
[    7.093128] usb usb1: SerialNumber: fe3e0000.usb
[    7.094266] hub 1-0:1.0: USB hub found
[    7.094651] hub 1-0:1.0: 1 port detected
[    7.097209] ehci-platform fe3c0000.usb: EHCI Host Controller
[    7.097752] ehci-platform fe3c0000.usb: new USB bus registered, assigned bus number 2
[    7.098614] ehci-platform fe3c0000.usb: irq 33, io mem 0xfe3c0000
[    7.114227] ehci-platform fe3c0000.usb: USB 2.0 started, EHCI 1.00
[    7.115090] usb usb2: New USB device found, idVendor=1d6b, idProduct=0002, bcdDevice= 5.15
[    7.115837] usb usb2: New USB device strings: Mfr=3, Product=2, SerialNumber=1
[    7.116485] usb usb2: Product: EHCI Host Controller
[    7.116925] usb usb2: Manufacturer: Linux 5.15.0-78-generic ehci_hcd
[    7.117492] usb usb2: SerialNumber: fe3c0000.usb
[    7.118656] hub 2-0:1.0: USB hub found
[    7.119050] hub 2-0:1.0: 1 port detected
[    7.141453] xhci-hcd xhci-hcd.1.auto: xHCI Host Controller
[    7.142011] xhci-hcd xhci-hcd.1.auto: new USB bus registered, assigned bus number 3
[    7.142986] xhci-hcd xhci-hcd.1.auto: hcc params 0x0220fe64 hci version 0x110 quirks 0x0000000002010010
[    7.143918] xhci-hcd xhci-hcd.1.auto: irq 62, io mem 0xfe900000
[    7.144712] xhci-hcd xhci-hcd.1.auto: xHCI Host Controller
[    7.145227] xhci-hcd xhci-hcd.1.auto: new USB bus registered, assigned bus number 4
[    7.145932] xhci-hcd xhci-hcd.1.auto: Host supports USB 3.0 SuperSpeed
[    7.146872] usb usb3: New USB device found, idVendor=1d6b, idProduct=0002, bcdDevice= 5.15
[    7.147628] usb usb3: New USB device strings: Mfr=3, Product=2, SerialNumber=1
[    7.148286] usb usb3: Product: xHCI Host Controller
[    7.148733] usb usb3: Manufacturer: Linux 5.15.0-78-generic xhci-hcd
[    7.149309] usb usb3: SerialNumber: xhci-hcd.1.auto
[    7.151075] hub 3-0:1.0: USB hub found
[    7.151481] hub 3-0:1.0: 1 port detected
[    7.152595] usb usb4: We don't know the algorithms for LPM for this host, disabling LPM.
[    7.153563] usb usb4: New USB device found, idVendor=1d6b, idProduct=0003, bcdDevice= 5.15
[    7.154368] usb usb4: New USB device strings: Mfr=3, Product=2, SerialNumber=1
[    7.155029] usb usb4: Product: xHCI Host Controller
[    7.155477] usb usb4: Manufacturer: Linux 5.15.0-78-generic xhci-hcd
[    7.156052] usb usb4: SerialNumber: xhci-hcd.1.auto
[    7.157380] hub 4-0:1.0: USB hub found
[    7.157778] hub 4-0:1.0: 1 port detected
[    7.486291] usb 3-1: new high-speed USB device number 2 using xhci-hcd
[    7.646160] usb 3-1: New USB device found, idVendor=05e3, idProduct=0610, bcdDevice= 4.02
[    7.646916] usb 3-1: New USB device strings: Mfr=1, Product=2, SerialNumber=0
[    7.647555] usb 3-1: Product: USB2.0 Hub
[    7.647911] usb 3-1: Manufacturer: GenesysLogic
[    7.692264] hub 3-1:1.0: USB hub found
[    7.693264] hub 3-1:1.0: 4 ports detected
[    7.770648] usb 4-1: new SuperSpeed USB device number 2 using xhci-hcd
[    7.795819] usb 4-1: New USB device found, idVendor=05e3, idProduct=0616, bcdDevice= 4.02
[    7.796575] usb 4-1: New USB device strings: Mfr=1, Product=2, SerialNumber=0
[    7.797215] usb 4-1: Product: USB3.0 Hub
[    7.797572] usb 4-1: Manufacturer: GenesysLogic
[    7.820307] hub 4-1:1.0: USB hub found
[    7.821166] hub 4-1:1.0: 4 ports detected
[    8.054287] usb 3-1.2: new high-speed USB device number 3 using xhci-hcd
[    8.156294] usb 3-1.2: New USB device found, idVendor=048d, idProduct=1234, bcdDevice= 1.00
[    8.157068] usb 3-1.2: New USB device strings: Mfr=1, Product=2, SerialNumber=3
[    8.157726] usb 3-1.2: Product: UDisk           
[    8.158184] usb 3-1.2: Manufacturer: General 
[    8.158586] usb 3-1.2: SerialNumber: Р
[    8.192353] usb-storage 3-1.2:1.0: USB Mass Storage device detected
[    8.193903] scsi host0: usb-storage 3-1.2:1.0
[    8.195328] usbcore: registered new interface driver usb-storage
[    8.206018] usbcore: registered new interface driver uas
[    8.242199] usb 3-1.3: new high-speed USB device number 4 using xhci-hcd
[    8.344248] usb 3-1.3: New USB device found, idVendor=048d, idProduct=1234, bcdDevice= 1.00
[    8.345015] usb 3-1.3: New USB device strings: Mfr=1, Product=2, SerialNumber=3
[    8.345671] usb 3-1.3: Product: UDisk           
[    8.346110] usb 3-1.3: Manufacturer: General 
[    8.346506] usb 3-1.3: SerialNumber: Р
[    8.348663] usb-storage 3-1.3:1.0: USB Mass Storage device detected
[    8.350526] scsi host1: usb-storage 3-1.3:1.0
Begin: Loading essential drivers ... [    8.630066] raid6: neonx8   gen()  1697 MB/s
[    8.698061] raid6: neonx8   xor()  1249 MB/s
[    8.766060] raid6: neonx4   gen()  1744 MB/s
[    8.834060] raid6: neonx4   xor()  1298 MB/s
[    8.902066] raid6: neonx2   gen()  1532 MB/s
[    8.970067] raid6: neonx2   xor()  1202 MB/s
[    9.038076] raid6: neonx1   gen()  1186 MB/s
[    9.106069] raid6: neonx1   xor()   964 MB/s
[    9.174074] raid6: int64x8  gen()   907 MB/s
[    9.215402] scsi 0:0:0:0: Direct-Access     General  UDisk            5.00 PQ: 0 ANSI: 2
[    9.217770] sd 0:0:0:0: Attached scsi generic sg0 type 0
[    9.218246] sd 0:0:0:0: [sda] 61440000 512-byte logical blocks: (31.5 GB/29.3 GiB)
[    9.219442] sd 0:0:0:0: [sda] Write Protect is off
[    9.220187] sd 0:0:0:0: [sda] No Caching mode page found
[    9.220681] sd 0:0:0:0: [sda] Assuming drive cache: write through
[    9.242057] raid6: int64x8  xor()   549 MB/s
[    9.278583]  sda: sda1 sda2 sda3
[    9.281714] sd 0:0:0:0: [sda] Attached SCSI removable disk
[    9.310072] raid6: int64x4  gen()  1015 MB/s
[    9.378068] raid6: int64x4  xor()   578 MB/s
[    9.446061] raid6: int64x2  gen()   954 MB/s
[    9.514074] raid6: int64x2  xor()   514 MB/s
[    9.582088] raid6: int64x1  gen()   732 MB/s
[    9.650057] raid6: int64x1  xor()   382 MB/s
[    9.650456] raid6: using algorithm neonx4 gen() 1744 MB/s
[    9.650939] raid6: .... xor() 1298 MB/s, rmw enabled
[    9.651385] raid6: using neon recovery algorithm
[    9.653172] scsi 1:0:0:0: Direct-Access     General  UDisk            5.00 PQ: 0 ANSI: 2
[    9.655774] sd 1:0:0:0: Attached scsi generic sg1 type 0
[    9.656659] sd 1:0:0:0: [sdb] 61440000 512-byte logical blocks: (31.5 GB/29.3 GiB)
[    9.657621] sd 1:0:0:0: [sdb] Write Protect is off
[    9.658680] sd 1:0:0:0: [sdb] No Caching mode page found
[    9.659163] sd 1:0:0:0: [sdb] Assuming drive cache: write through
[    9.713605]  sdb:
[    9.717810] sd 1:0:0:0: [sdb] Attached SCSI removable disk
[    9.723536] xor: measuring software checksum speed
[    9.727912]    8regs           :  2529 MB/sec
[    9.731713]    32regs          :  2906 MB/sec
[    9.736012]    arm64_neon      :  2528 MB/sec
[    9.736406] xor: using function: 32regs (2906 MB/sec)
[    9.741610] async_tx: api initialized (async)
done.
Begin: Running /scripts/init-premount ... done.
Begin: Mounting root file system ... Begin: Running /scripts/nfs-top ... done.
Begin: Running /scripts/nfs-premount ... done.
[   10.476170] EXT4-fs (mmcblk0p5): mounting ext2 file system using the ext4 subsystem
[   10.477262] EXT4-fs (mmcblk0p5): bad geometry: block count 49152 exceeds size of device (2048 blocks)
Begin: Running /scripts/casper-premount ... done.
done.
stdin: Not a typewriter
mount: mounting /dev/mmcblk0p5 on /cdrom failed: Invalid argument
[   11.536701] loop0: detected capacity change from 0 to 271752
[   11.711138] loop1: detected capacity change from 0 to 631408
[   11.907079] loop2: detected capacity change from 0 to 956352
[   12.106899] loop3: detected capacity change from 0 to 252776
[   12.179734] overlayfs: null uuid detected in lower fs '/', falling back to xino=off,index=off,nfs_export=off.
done.
Begin: Creating debconf-communicate fifo mechanism ... done.
Begin: Running /scripts/casper-bottom ... Begin: Moving mount points... ... done.
Begin: Configuring fstab... ... done.
Begin: Setting up locales... ... done.
Begin: Setting up automatic login... ... done.
Begin: Disabling systemd's GPT auto generator... ... done.
Begin: Setting hostname... ... done.
Begin: Setting up console keyboard... ... done.
Begin: Applying desktop settings... ... done.
Begin: Regenerating SSL certificate... ... done.
Begin: Loading preseed file... ... done.
Begin: Adding live session user... ... passwd: password expiry information changed.
done.
Begin: Setting up init... ... done.
Begin: Configuring accessibility options... ... done.
Begin: Disabling update-notifier... ... done.
Begin: Configuring power management... ... done.
Begin: Enabling detection of crashes... ... done.
Begin: Disabling unnecessary KDE services... ... done.
Begin: Fixing language selector... ... done.
Begin: Disabling trackerd... ... done.
Begin: Adding APT-CDROM source... ... Using CD-ROM mount point /cdrom/
Identifying... [b13161c34b3376f26f5adde94f4bae17-2]
Scanning disc for index files...
Found 2 package indexes, 0 source indexes, 0 translation indexes and 1 signatures
Found label 'Ubuntu-Server 22.04.3 LTS _Jammy Jellyfish_ - Release arm64 (20230810)'
This disc is called: 
'Ubuntu-Server 22.04.3 LTS _Jammy Jellyfish_ - Release arm64 (20230810)'
Copying package lists...gpgv: Signature made Thu Aug 10 05:07:03 2023 UTC
gpgv:                using RSA key 843938DF228D22F7B3742BC0D94AA3F0EFE21092
gpgv: Good signature from "Ubuntu CD Image Automatic Signing Key (2012) <cdimage@ubuntu.com>"
Reading Package Indexes... 0%Reading Package Indexes... Done
Writing new source list
