DDR d5483af87d cym 23/11/23-16:15:24,fwver: v1.15
LPDDR4X, 2112MHz
channel[0] BW=16 Col=10 Bk=8 CS0 Row=16 CS1 Row=16 CS=2 Die BW=16 Size=2048MB
channel[1] BW=16 Col=10 Bk=8 CS0 Row=16 CS1 Row=16 CS=2 Die BW=16 Size=2048MB
channel[2] BW=16 Col=10 Bk=8 CS0 Row=16 CS1 Row=16 CS=2 Die BW=16 Size=2048MB
channel[3] BW=16 Col=10 Bk=8 CS0 Row=16 CS1 Row=16 CS=2 Die BW=16 Size=2048MB
Manufacturer ID:0x13
CH0 RX Vref:27.1%, TX Vref:20.8%,19.8%
CH1 RX Vref:27.5%, TX Vref:21.8%,21.8%
CH2 RX Vref:30.5%, TX Vref:21.8%,20.8%
CH3 RX Vref:27.5%, TX Vref:20.8%,21.8%
change to F1: 528MHz
change to F2: 1068MHz
change to F3: 1560MHz
change to F0: 2112MHz
out
U-Boot SPL board init
U-Boot SPL 2017.09-g82435751526-231214-dirty #zhangzj (Dec 14 2023 - 09:16:28)
unknown raw ID 0 0 0
unrecognized JEDEC id bytes: 00, 00, 00
Trying to boot from MMC2
MMC: no card present
mmc_init: -123, time 0
spl: mmc init failed with error: -123
Trying to boot from MMC1
SPL: A/B-slot: _a, successful: 0, tries-remain: 7
Trying fit image at 0x4000 sector
## Verified-boot: 0
## Checking atf-1 0x00040000 ... sha256(b40ce543bb...) + OK
## Checking u-boot 0x00a00000 ... sha256(dc0d3a8f98...) + OK
## Checking fdt-1 0x00b0ef08 ... sha256(69919507e2...) + OK
## Checking atf-2 0x000f0000 ... sha256(f202de33d9...) + OK
## Checking atf-3 0xff100000 ... sha256(af08976afd...) + OK
## Checking tee-1 0x08400000 ... sha256(617eb0ee15...) + OK
Jumping to U-Boot(0x00a00000) via ARM Trusted Firmware(0x00040000)
Total: 97.88/256.466 ms

INFO:    Preloader serial: 2
NOTICE:  BL31: v2.3():v2.3-616-gdc1125f48:finley.xiao
NOTICE:  BL31: Built : 16:41:17, Jul 13 2023
INFO:    spec: 0x1
INFO:    ext 32k is not valid
INFO:    ddr: stride-en 4CH
INFO:    GICv3 without legacy support detected.
INFO:    ARM GICv3 driver initialized in EL3
INFO:    valid_cpu_msk=0xff bcore0_rst = 0x0, bcore1_rst = 0x0
INFO:    system boots from cpu-hwid-0
INFO:    idle_st=0x21fff, pd_st=0x11fff9, repair_st=0xfff70001
ERROR:   dfs get fsp_params[0] error, 0xfead0004 != 0xfead0003
ERROR:   dfs get fsp_params[1] error, 0x1111 != 0xfead0003
ERROR:   dfs get fsp_params[2] error, 0x0 != 0xfead0003
ERROR:   dfs get fsp_params[3] error, 0x60241520 != 0xfead0003
ERROR:   loader&trust unmatch!!! Please update trust if need enable dmc
INFO:    BL31: Initialising Exception Handling Framework
INFO:    BL31: Initializing runtime services
INFO:    BL31: Initializing BL32
I/TC: 
I/TC: OP-TEE version: 3.13.0-760-g540ade275 #zhangzj (gcc version 10.2.1 20201103 (GNU Toolchain for the A-profile Architecture 10.2-2020.11 (arm-10.16))) #3 Tue Dec  5 14:36:05 CST 2023 aarch64, fwver: null 
I/TC: OP-TEE memory: TEEOS 0x200000 TA 0xc00000 SHM 0x200000
I/TC: Primary CPU initializing
I/TC: Primary CPU switching to normal world boot
INFO:    BL31: Preparing for EL3 exit to normal world
INFO:    Entry point address = 0xa00000
INFO:    SPSR = 0x3c9


U-Boot 2024.01-rc5-ge76b31e32d-dirty (May 13 2024 - 11:12:19 +0800) capsule

Model: ArmSoM Sige7 Board
DRAM:  8 GiB (effective 7.7 GiB)
pcie_dw_rockchip pcie@fe180000: failed to get pcie phy (ret=-19)
pcie_dw_rockchip pcie@fe150000: PCIe-3 Link Fail
Core:  339 devices, 28 uclasses, devicetree: separate
MMC:   mmc@fe2c0000: 1, mmc@fe2d0000: 2, mmc@fe2e0000: 0
Loading Environment from MMC... OK
In:    serial@feb50000
Out:   serial@feb50000
Err:   serial@feb50000
Model: ArmSoM Sige7 Board
Net:   eth0: eth_rtl8169, eth1: eth_rtl8169
Hit any key to stop autoboot:  2  1  0 
Scanning for bootflows in all bootdevs
Seq  Method       State   Uclass    Part  Name                      Filename
---  -----------  ------  --------  ----  ------------------------  ----------------
Scanning bootdev 'mmc@fe2c0000.bootdev':
Card did not respond to voltage select! : -110
Scanning bootdev 'mmc@fe2e0000.bootdev':
Unknown uclass 'nvme' in label
Unknown uclass 'scsi' in label
Bus usb@fc800000: USB EHCI 1.00
Bus usb@fc840000: USB OHCI 1.0
Bus usb@fc880000: USB EHCI 1.00
Bus usb@fc8c0000: USB OHCI 1.0
scanning bus usb@fc800000 for devices... 1 USB Device(s) found
scanning bus usb@fc840000 for devices... 1 USB Device(s) found
scanning bus usb@fc880000 for devices... 2 USB Device(s) found
scanning bus usb@fc8c0000 for devices... 1 USB Device(s) found
Scanning bootdev 'usb_mass_storage.lun0.bootdev':
  0  efi          ready   usb_mass_    2  usb_mass_storage.lun0.boo efi/boot/bootaa64.efi
** Booting bootflow 'usb_mass_storage.lun0.bootdev.part_2' with efi
Card did not respond to voltage select! : -110
Card did not respond to voltage select! : -110
Booting /efi\boot\bootaa64.efi
error: file `/boot/' not found.
GNU GRUB  version 2.12~rc1

вввввв”Ђвввввввввввввввввввввввввввввввввввввввввв”Ђввввввввввввввввввввввввввввввввввввввввввввввввввввввввввввввввввввввввввввввввв”Ђвввввввввввввввввввввввввввввввввввввввввв”Ђввввввввввввввввввввввввввввввв”‚вввввввввввв”‚вввввввввввввввввввввв”‚ввввввввввввввввввввввв”‚вввввввввввввввввввв”Ђввввввввввввввввввввввввввввввввввввввввввввввввввввввввввввввввввввввввввввввввввввв”Ђвввввввввввввввввввввввввввввввввввввввввв”Ђвввввввввввввввввввввввввввввввввввввввввввввввввввввввв     Use the в and в keys to select which entry is highlighted.                                                                                                                                 
      Press enter to boot the selected OS, `e' to edit the commands before booting or `c' for a command-line.                                                                                     *Try or Install Ubuntu Server                                                                                                                                                                       Boot from next volume                                                                                                                                                                              UEFI Firmware Settings                                                                                                                                                                                                                                                                                                                                                                                                                                                                                                                                                                                                                                                                                                                                                                                                                                                                                                                                                                                                                                                                                                                                                                                                                                                                                                                                                                                                                                                                                                                                                                                                                                                                                                                                                                                                                                                                                                                                                                                                                                                                                                                                                                                                                                                                                                                                                                                                                                                                                                                                                                                                                                                                                                                                                                                                                                                                                                                                                                                                                                                                                                                                                                                                                                                                                                                                                                                                                                                                                                                                                                                                                                                                                                                                                                                                                                                                                                                                                                                                                                                                                                                                                                                                                                                                                                                                                                                                                                                                                                                                                                                                                                                                                                                                                                                                                                                                                                                                                                                                                                                                                                                                                                                                                                                                                                                                                                                                                                                                                                                                                                                                                                                                                                                                                                                                                                                                                                                                                                                                                                                                                                                                                                                                                                                                                                                                                                                                                                                                             The highlighted entry will be executed automatically in 30s.                                                                                                                                          The highlighted entry will be executed automatically in 29s.                                                                                                                                          The highlighted entry will be executed automatically in 28s.                                                                                                                                          The highlighted entry will be executed automatically in 27s.                                                                                                                                          The highlighted entry will be executed automatically in 26s.                                                                                                                                          The highlighted entry will be executed automatically in 25s.                                                                                                                                          The highlighted entry will be executed automatically in 24s.                                                                                                                                          The highlighted entry will be executed automatically in 23s.                                                                                                                                          The highlighted entry will be executed automatically in 22s.                                                                                                                                          The highlighted entry will be executed automatically in 21s.                                                                                                                                          The highlighted entry will be executed automatically in 20s.                                                                                                                                          The highlighted entry will be executed automatically in 19s.                                                                                                                                          The highlighted entry will be executed automatically in 18s.                                                                                                                                          The highlighted entry will be executed automatically in 17s.                                                                                                                                          The highlighted entry will be executed automatically in 16s.                                                                                                                                          The highlighted entry will be executed automatically in 15s.                                                                                                                                          The highlighted entry will be executed automatically in 14s.                                                                                                                                          The highlighted entry will be executed automatically in 13s.                                                                                                                                          The highlighted entry will be executed automatically in 12s.                                                                                                                                          The highlighted entry will be executed automatically in 11s.                                                                                                                                          The highlighted entry will be executed automatically in 10s.                                                                                                                                          The highlighted entry will be executed automatically in 9s.                                                                                                                                           The highlighted entry will be executed automatically in 8s.                                                                                                                                           The highlighted entry will be executed automatically in 7s.                                                                                                                                           The highlighted entry will be executed automatically in 6s.                                                                                                                                           The highlighted entry will be executed automatically in 5s.                                                                                                                                                                                                                                                                                                                                                                                                                                                                                                                                                    EFI stub: Booting Linux Kernel...
EFI stub: EFI_RNG_PROTOCOL unavailable
EFI stub: Loaded initrd from LINUX_EFI_INITRD_MEDIA_GUID device path
EFI stub: Using DTB from configuration table
EFI stub: Exiting boot services...
I/TC: Secondary CPU 1 initializing
I/TC: Secondary CPU 1 switching to normal world boot
I/TC: Secondary CPU 2 initializing
I/TC: Secondary CPU 2 switching to normal world boot
I/TC: Secondary CPU 3 initializing
I/TC: Secondary CPU 3 switching to normal world boot
I/TC: Secondary CPU 4 initializing
I/TC: Secondary CPU 4 switching to normal world boot
I/TC: Secondary CPU 5 initializing
I/TC: Secondary CPU 5 switching to normal world boot
I/TC: Secondary CPU 6 initializing
I/TC: Secondary CPU 6 switching to normal world boot
I/TC: Secondary CPU 7 initializing
I/TC: Secondary CPU 7 switching to normal world boot
[    0.000000] Booting Linux on physical CPU 0x0000000000 [0x412fd050]
[    0.000000] Linux version 6.6.0-14-generic (buildd@bos03-arm64-023) (aarch64-linux-gnu-gcc-13 (Ubuntu 13.2.0-7ubuntu1) 13.2.0, GNU ld (GNU Binutils for Ubuntu) 2.41) #14-Ubuntu SMP PREEMPT_DYNAMIC Thu Nov 30 10:53:08 UTC 2023 (Ubuntu 6.6.0-14.14-generic 6.6.3)
[    0.000000] KASLR disabled due to lack of seed
[    0.000000] Machine model: ArmSoM Sige7 Board
[    0.000000] efi: EFI v2.10 by Das U-Boot
[    0.000000] efi: ESRT=0xece5f040 RTPROP=0xece61040 SMBIOS=0xece93000 MOKvar=0xecd5a000 INITRD=0xe3c6a040 MEMRESERVE=0xe3c69040 
[    0.000000] secureboot: Secure boot disabled
[    0.000000] esrt: Reserving ESRT space from 0x00000000ece5f040 to 0x00000000ece5f078.
[    0.000000] OF: reserved mem: 0x0000000008400000..0x00000000093fffff (16384 KiB) nomap non-reusable optee@8400000
[    0.000000] OF: reserved mem: 0x00000003fc000000..0x00000003fc4fffff (5120 KiB) nomap non-reusable gap1@3,fc000000
[    0.000000] OF: reserved mem: 0x00000003fff00000..0x00000003ffffffff (1024 KiB) nomap non-reusable gap2@3,fff00000
[    0.000000] NUMA: No NUMA configuration found
[    0.000000] NUMA: Faking a node at [mem 0x0000000000200000-0x00000001ffffffff]
[    0.000000] NUMA: NODE_DATA [mem 0x1feffe600-0x1ff003fff]
[    0.000000] Zone ranges:
[    0.000000]   DMA      [mem 0x0000000000200000-0x00000000ffffffff]
[    0.000000]   DMA32    empty
[    0.000000]   Normal   [mem 0x0000000100000000-0x00000001ffffffff]
[    0.000000]   Device   empty
[    0.000000] Movable zone start for each node
[    0.000000] Early memory node ranges
[    0.000000]   node   0: [mem 0x0000000000200000-0x0000000000b0dfff]
[    0.000000]   node   0: [mem 0x0000000000b0e000-0x0000000000b28fff]
[    0.000000]   node   0: [mem 0x0000000000b29000-0x00000000083fffff]
[    0.000000]   node   0: [mem 0x0000000008400000-0x00000000093fffff]
[    0.000000]   node   0: [mem 0x0000000009400000-0x00000000ecd59fff]
[    0.000000]   node   0: [mem 0x00000000ecd5a000-0x00000000ecd5afff]
[    0.000000]   node   0: [mem 0x00000000ecd5b000-0x00000000ece60fff]
[    0.000000]   node   0: [mem 0x00000000ece61000-0x00000000ece61fff]
[    0.000000]   node   0: [mem 0x00000000ece62000-0x00000000ece64fff]
[    0.000000]   node   0: [mem 0x00000000ece65000-0x00000000ece86fff]
[    0.000000]   node   0: [mem 0x00000000ece87000-0x00000000ece92fff]
[    0.000000]   node   0: [mem 0x00000000ece93000-0x00000000ece93fff]
[    0.000000]   node   0: [mem 0x00000000ece94000-0x00000000efebffff]
[    0.000000]   node   0: [mem 0x00000000efec0000-0x00000000efecffff]
[    0.000000]   node   0: [mem 0x00000000efed0000-0x00000000efffffff]
[    0.000000]   node   0: [mem 0x0000000100000000-0x00000001ffffffff]
[    0.000000] Initmem setup node 0 [mem 0x0000000000200000-0x00000001ffffffff]
[    0.000000] On node 0, zone DMA: 512 pages in unavailable ranges
[    0.000000] cma: Reserved 32 MiB at 0x00000000ede00000 on node -1
[    0.000000] psci: probing for conduit method from DT.
[    0.000000] psci: PSCIv1.1 detected in firmware.
[    0.000000] psci: Using standard PSCI v0.2 function IDs
[    0.000000] psci: Trusted OS migration not required
[    0.000000] psci: SMC Calling Convention v1.2
[    0.000000] percpu: Embedded 54 pages/cpu s94248 r8192 d118744 u221184
[    0.000000] Detected VIPT I-cache on CPU0
[    0.000000] CPU features: detected: GIC system register CPU interface
[    0.000000] CPU features: detected: Virtualization Host Extensions
[    0.000000] CPU features: detected: Qualcomm erratum 1009, or ARM erratum 1286807, 2441009
[    0.000000] CPU features: detected: ARM errata 1165522, 1319367, or 1530923
[    0.000000] alternatives: applying boot alternatives
[    0.000000] Kernel command line: BOOT_IMAGE=/casper/vmlinuz ---
[    0.000000] Unknown kernel command line parameters "--- BOOT_IMAGE=/casper/vmlinuz", will be passed to user space.
[    0.000000] Dentry cache hash table entries: 1048576 (order: 11, 8388608 bytes, linear)
[    0.000000] Inode-cache hash table entries: 524288 (order: 10, 4194304 bytes, linear)
[    0.000000] Fallback order for Node 0: 0 
[    0.000000] Built 1 zonelists, mobility grouping on.  Total pages: 1999368
[    0.000000] Policy zone: Normal
[    0.000000] mem auto-init: stack:all(zero), heap alloc:on, heap free:off
[    0.000000] software IO TLB: area num 8.
[    0.000000] software IO TLB: mapped [mem 0x00000000e8d5a000-0x00000000ecd5a000] (64MB)
[    0.000000] Memory: 7693232K/8124416K available (22208K kernel code, 5082K rwdata, 15384K rodata, 11968K init, 1191K bss, 398416K reserved, 32768K cma-reserved)
[    0.000000] SLUB: HWalign=64, Order=0-3, MinObjects=0, CPUs=8, Nodes=1
[    0.000000] ftrace: allocating 60036 entries in 235 pages
[    0.000000] ftrace: allocated 235 pages with 6 groups
[    0.000000] trace event string verifier disabled
[    0.000000] Dynamic Preempt: voluntary
[    0.000000] rcu: Preemptible hierarchical RCU implementation.
[    0.000000] rcu: 	RCU restricting CPUs from NR_CPUS=512 to nr_cpu_ids=8.
[    0.000000] 	Trampoline variant of Tasks RCU enabled.
[    0.000000] 	Rude variant of Tasks RCU enabled.
[    0.000000] 	Tracing variant of Tasks RCU enabled.
[    0.000000] rcu: RCU calculated value of scheduler-enlistment delay is 25 jiffies.
[    0.000000] rcu: Adjusting geometry for rcu_fanout_leaf=16, nr_cpu_ids=8
[    0.000000] NR_IRQS: 64, nr_irqs: 64, preallocated irqs: 0
[    0.000000] GICv3: GIC: Using split EOI/Deactivate mode
[    0.000000] GICv3: 480 SPIs implemented
[    0.000000] GICv3: 0 Extended SPIs implemented
[    0.000000] GICv3: MBI range [424:479]
[    0.000000] GICv3: Using MBI frame 0x00000000fe610000
[    0.000000] Root IRQ handler: gic_handle_irq
[    0.000000] GICv3: GICv3 features: 16 PPIs
[    0.000000] GICv3: CPU0: found redistributor 0 region 0:0x00000000fe680000
[    0.000000] ITS [mem 0xfe640000-0xfe65ffff]
[    0.000000] GIC: enabling workaround for ITS: Rockchip erratum RK3588001
[    0.000000] ITS@0x00000000fe640000: allocated 8192 Devices @100290000 (indirect, esz 8, psz 64K, shr 0)
[    0.000000] ITS@0x00000000fe640000: allocated 32768 Interrupt Collections @1002a0000 (flat, esz 2, psz 64K, shr 0)
[    0.000000] ITS: using cache flushing for cmd queue
[    0.000000] ITS [mem 0xfe660000-0xfe67ffff]
[    0.000000] GIC: enabling workaround for ITS: Rockchip erratum RK3588001
[    0.000000] ITS@0x00000000fe660000: allocated 8192 Devices @1002c0000 (indirect, esz 8, psz 64K, shr 0)
[    0.000000] ITS@0x00000000fe660000: allocated 32768 Interrupt Collections @1002d0000 (flat, esz 2, psz 64K, shr 0)
[    0.000000] ITS: using cache flushing for cmd queue
[    0.000000] GICv3: using LPI property table @0x00000001002e0000
[    0.000000] GIC: using cache flushing for LPI property table
[    0.000000] GICv3: CPU0: using allocated LPI pending table @0x00000001002f0000
[    0.000000] GICv3: GIC: PPI partition interrupt-partition-0[0] { /cpus/cpu@0[0] /cpus/cpu@100[1] /cpus/cpu@200[2] /cpus/cpu@300[3] }
[    0.000000] GICv3: GIC: PPI partition interrupt-partition-1[1] { /cpus/cpu@400[4] /cpus/cpu@500[5] /cpus/cpu@600[6] /cpus/cpu@700[7] }
[    0.000000] rcu: srcu_init: Setting srcu_struct sizes based on contention.
[    0.000000] arch_timer: cp15 timer(s) running at 24.00MHz (phys).
[    0.000000] clocksource: arch_sys_counter: mask: 0xffffffffffffff max_cycles: 0x588fe9dc0, max_idle_ns: 440795202592 ns
[    0.000001] sched_clock: 56 bits at 24MHz, resolution 41ns, wraps every 4398046511097ns
[    0.004426] Console: colour dummy device 80x25
[    0.004442] printk: console [tty0] enabled
[    0.008208] Calibrating delay loop (skipped), value calculated using timer frequency.. 48.00 BogoMIPS (lpj=96000)
[    0.008253] pid_max: default: 32768 minimum: 301
[    0.013078] LSM: initializing lsm=lockdown,capability,landlock,yama,apparmor,integrity
[    0.013209] landlock: Up and running.
[    0.013230] Yama: becoming mindful.
[    0.013808] AppArmor: AppArmor initialized
[    0.015760] Mount-cache hash table entries: 16384 (order: 5, 131072 bytes, linear)
[    0.015820] Mountpoint-cache hash table entries: 16384 (order: 5, 131072 bytes, linear)
[    0.023790] RCU Tasks: Setting shift to 3 and lim to 1 rcu_task_cb_adjust=1.
[    0.023981] RCU Tasks Rude: Setting shift to 3 and lim to 1 rcu_task_cb_adjust=1.
[    0.024171] RCU Tasks Trace: Setting shift to 3 and lim to 1 rcu_task_cb_adjust=1.
[    0.024714] rcu: Hierarchical SRCU implementation.
[    0.024742] rcu: 	Max phase no-delay instances is 1000.
[    0.026520] Platform MSI: msi-controller@fe640000 domain created
[    0.026572] Platform MSI: msi-controller@fe660000 domain created
[    0.026828] PCI/MSI: /interrupt-controller@fe600000/msi-controller@fe640000 domain created
[    0.026891] PCI/MSI: /interrupt-controller@fe600000/msi-controller@fe660000 domain created
[    0.027151] fsl-mc MSI: msi-controller@fe640000 domain created
[    0.027198] fsl-mc MSI: msi-controller@fe660000 domain created
[    0.033756] Remapping and enabling EFI services.
[    0.034904] smp: Bringing up secondary CPUs ...
[    0.036836] Detected VIPT I-cache on CPU1
[    0.036922] GICv3: CPU1: found redistributor 100 region 0:0x00000000fe6a0000
[    0.036943] GICv3: CPU1: using allocated LPI pending table @0x0000000100300000
[    0.037003] CPU1: Booted secondary processor 0x0000000100 [0x412fd050]
[    0.039178] Detected VIPT I-cache on CPU2
[    0.039256] GICv3: CPU2: found redistributor 200 region 0:0x00000000fe6c0000
[    0.039275] GICv3: CPU2: using allocated LPI pending table @0x0000000100310000
[    0.039325] CPU2: Booted secondary processor 0x0000000200 [0x412fd050]
[    0.041405] Detected VIPT I-cache on CPU3
[    0.041486] GICv3: CPU3: found redistributor 300 region 0:0x00000000fe6e0000
[    0.041504] GICv3: CPU3: using allocated LPI pending table @0x0000000100320000
[    0.041554] CPU3: Booted secondary processor 0x0000000300 [0x412fd050]
[    0.043642] CPU features: detected: Spectre-v4
[    0.043649] CPU features: detected: Spectre-BHB
[    0.043655] Detected PIPT I-cache on CPU4
[    0.043703] GICv3: CPU4: found redistributor 400 region 0:0x00000000fe700000
[    0.043713] GICv3: CPU4: using allocated LPI pending table @0x0000000100330000
[    0.043743] CPU4: Booted secondary processor 0x0000000400 [0x414fd0b0]
[    0.045715] Detected PIPT I-cache on CPU5
[    0.045778] GICv3: CPU5: found redistributor 500 region 0:0x00000000fe720000
[    0.045789] GICv3: CPU5: using allocated LPI pending table @0x0000000100340000
[    0.045821] CPU5: Booted secondary processor 0x0000000500 [0x414fd0b0]
[    0.047734] Detected PIPT I-cache on CPU6
[    0.047790] GICv3: CPU6: found redistributor 600 region 0:0x00000000fe740000
[    0.047800] GICv3: CPU6: using allocated LPI pending table @0x0000000100350000
[    0.047831] CPU6: Booted secondary processor 0x0000000600 [0x414fd0b0]
[    0.049803] Detected PIPT I-cache on CPU7
[    0.049860] GICv3: CPU7: found redistributor 700 region 0:0x00000000fe760000
[    0.049870] GICv3: CPU7: using allocated LPI pending table @0x0000000100360000
[    0.049901] CPU7: Booted secondary processor 0x0000000700 [0x414fd0b0]
[    0.050052] smp: Brought up 1 node, 8 CPUs
[    0.050467] SMP: Total of 8 processors activated.
[    0.050488] CPU features: detected: 32-bit EL0 Support
[    0.050507] CPU features: detected: Data cache clean to the PoU not required for I/D coherence
[    0.050532] CPU features: detected: Common not Private translations
[    0.050552] CPU features: detected: CRC32 instructions
[    0.050570] CPU features: detected: Data cache clean to Point of Persistence
[    0.050594] CPU features: detected: RCpc load-acquire (LDAPR)
[    0.050613] CPU features: detected: LSE atomic instructions
[    0.050632] CPU features: detected: Privileged Access Never
[    0.050651] CPU features: detected: RAS Extension Support
[    0.050672] CPU features: detected: Speculative Store Bypassing Safe (SSBS)
[    0.050943] CPU: All CPU(s) started at EL2
[    0.050969] alternatives: applying system-wide alternatives
[    0.059747] devtmpfs: initialized
[    0.086310] clocksource: jiffies: mask: 0xffffffff max_cycles: 0xffffffff, max_idle_ns: 7645041785100000 ns
[    0.086348] futex hash table entries: 2048 (order: 5, 131072 bytes, linear)
[    0.087450] pinctrl core: initialized pinctrl subsystem
[    0.089329] SMBIOS 3.0 present.
[    0.089348] DMI: Unknown Unknown Product/Unknown Product, BIOS 2024.01-rc5-ge76b31e32d-dirty 01/01/2024
[    0.090459] NET: Registered PF_NETLINK/PF_ROUTE protocol family
[    0.091857] DMA: preallocated 1024 KiB GFP_KERNEL pool for atomic allocations
[    0.092462] DMA: preallocated 1024 KiB GFP_KERNEL|GFP_DMA pool for atomic allocations
[    0.092868] DMA: preallocated 1024 KiB GFP_KERNEL|GFP_DMA32 pool for atomic allocations
[    0.092903] audit: initializing netlink subsys (disabled)
[    0.093131] audit: type=2000 audit(0.088:1): state=initialized audit_enabled=0 res=1
[    0.093963] thermal_sys: Registered thermal governor 'fair_share'
[    0.093968] thermal_sys: Registered thermal governor 'bang_bang'
[    0.093979] thermal_sys: Registered thermal governor 'step_wise'
[    0.093986] thermal_sys: Registered thermal governor 'user_space'
[    0.093993] thermal_sys: Registered thermal governor 'power_allocator'
[    0.094028] cpuidle: using governor ladder
[    0.094051] cpuidle: using governor menu
[    0.094144] hw-breakpoint: found 6 breakpoint and 4 watchpoint registers.
[    0.094324] ASID allocator initialised with 65536 entries
[    0.096059] Serial: AMBA PL011 UART driver
[    0.119506] Modules: 18752 pages in range for non-PLT usage
[    0.119512] Modules: 510272 pages in range for PLT usage
[    0.120624] HugeTLB: registered 1.00 GiB page size, pre-allocated 0 pages
[    0.120642] HugeTLB: 0 KiB vmemmap can be freed for a 1.00 GiB page
[    0.120651] HugeTLB: registered 32.0 MiB page size, pre-allocated 0 pages
[    0.120659] HugeTLB: 0 KiB vmemmap can be freed for a 32.0 MiB page
[    0.120667] HugeTLB: registered 2.00 MiB page size, pre-allocated 0 pages
[    0.120674] HugeTLB: 0 KiB vmemmap can be freed for a 2.00 MiB page
[    0.120682] HugeTLB: registered 64.0 KiB page size, pre-allocated 0 pages
[    0.120689] HugeTLB: 0 KiB vmemmap can be freed for a 64.0 KiB page
[    0.123813] fbcon: Taking over console
[    0.123832] ACPI: Interpreter disabled.
[    0.125015] iommu: Default domain type: Translated
[    0.125025] iommu: DMA domain TLB invalidation policy: strict mode
[    0.125752] SCSI subsystem initialized
[    0.126049] usbcore: registered new interface driver usbfs
[    0.126070] usbcore: registered new interface driver hub
[    0.126092] usbcore: registered new device driver usb
[    0.126347] pps_core: LinuxPPS API ver. 1 registered
[    0.126356] pps_core: Software ver. 5.3.6 - Copyright 2005-2007 Rodolfo Giometti <giometti@linux.it>
[    0.126370] PTP clock support registered
[    0.126691] EDAC MC: Ver: 3.0.0
[    0.127243] scmi_core: SCMI protocol bus registered
[    0.127790] efivars: Registered efivars operations
[    0.129026] NetLabel: Initializing
[    0.129036] NetLabel:  domain hash size = 128
[    0.129042] NetLabel:  protocols = UNLABELED CIPSOv4 CALIPSO
[    0.129107] NetLabel:  unlabeled traffic allowed by default
[    0.129379] mctp: management component transport protocol core
[    0.129387] NET: Registered PF_MCTP protocol family
[    0.129572] vgaarb: loaded
[    0.130041] clocksource: Switched to clocksource arch_sys_counter
[    0.178793] VFS: Disk quotas dquot_6.6.0
[    0.178971] VFS: Dquot-cache hash table entries: 512 (order 0, 4096 bytes)
[    0.179514] AppArmor: AppArmor Filesystem Enabled
[    0.179565] pnp: PnP ACPI: disabled
[    0.188500] NET: Registered PF_INET protocol family
[    0.188705] IP idents hash table entries: 131072 (order: 8, 1048576 bytes, linear)
[    0.194064] tcp_listen_portaddr_hash hash table entries: 4096 (order: 4, 65536 bytes, linear)
[    0.194169] Table-perturb hash table entries: 65536 (order: 6, 262144 bytes, linear)
[    0.194286] TCP established hash table entries: 65536 (order: 7, 524288 bytes, linear)
[    0.195009] TCP bind hash table entries: 65536 (order: 9, 2097152 bytes, linear)
[    0.196897] TCP: Hash tables configured (established 65536 bind 65536)
[    0.197260] MPTCP token hash table entries: 8192 (order: 5, 196608 bytes, linear)
[    0.197427] UDP hash table entries: 4096 (order: 5, 131072 bytes, linear)
[    0.197628] UDP-Lite hash table entries: 4096 (order: 5, 131072 bytes, linear)
[    0.198147] NET: Registered PF_UNIX/PF_LOCAL protocol family
[    0.198188] NET: Registered PF_XDP protocol family
[    0.198202] PCI: CLS 0 bytes, default 64
[    0.198414] Trying to unpack rootfs image as initramfs...
[    0.202236] kvm [1]: IPA Size Limit: 40 bits
[    0.202264] kvm [1]: GICv3: no GICV resource entry
[    0.202271] kvm [1]: disabling GICv2 emulation
[    0.202295] kvm [1]: GIC system register CPU interface enabled
[    0.202314] kvm [1]: vgic interrupt IRQ18
[    0.202360] kvm [1]: VHE mode initialized successfully
[    0.203490] Initialise system trusted keyrings
[    0.203529] Key type blacklist registered
[    0.203756] workingset: timestamp_bits=40 max_order=21 bucket_order=0
[    0.203805] zbud: loaded
[    0.209632] squashfs: version 4.0 (2009/01/31) Phillip Lougher
[    0.212375] fuse: init (API version 7.39)
[    0.213179] integrity: Platform Keyring initialized
[    0.213203] integrity: Machine keyring initialized
[    0.235113] Key type asymmetric registered
[    0.235123] Asymmetric key parser 'x509' registered
[    0.235177] Block layer SCSI generic (bsg) driver version 0.4 loaded (major 242)
[    0.235436] io scheduler mq-deadline registered
[    0.241823] shpchp: Standard Hot Plug PCI Controller Driver version: 0.4
[    0.258563] Serial: 8250/16550 driver, 32 ports, IRQ sharing enabled
[    0.266625] feb50000.serial: ttyS2 at MMIO 0xfeb50000 (irq = 26, base_baud = 1500000) is a 16550A
[    0.266764] printk: console [ttyS2] enabled
[    0.406223] feb90000.serial: ttyS0 at MMIO 0xfeb90000 (irq = 27, base_baud = 1500000) is a 16550A
[    0.408068] SuperH (H)SCI(F) driver initialized
[    0.409104] msm_serial: driver initialized
[    0.417617] loop: module loaded
[    0.419652] tun: Universal TUN/TAP device driver, 1.6
[    0.421052] PPP generic driver version 2.4.2
[    0.422491] mousedev: PS/2 mouse device common for all mice
[    0.423576] i2c_dev: i2c /dev entries driver
[    0.425239] device-mapper: core: CONFIG_IMA_DISABLE_HTABLE is disabled. Duplicate IMA measurements will not be recorded in the IMA log.
[    0.426389] device-mapper: uevent: version 1.0.3
[    0.427081] device-mapper: ioctl: 4.48.0-ioctl (2023-03-01) initialised: dm-devel@redhat.com
[    0.430844] ledtrig-cpu: registered to indicate activity on CPUs
[    0.431828] scmi_protocol scmi_dev.1: Enabled polling mode TX channel - prot_id:16
[    0.433333] arm-scmi firmware:scmi: SCMI RAW Mode initialized for instance 0
[    0.433956] arm-scmi firmware:scmi: SCMI RAW Mode COEX enabled !
[    0.434638] arm-scmi firmware:scmi: SCMI Notifications - Core Enabled.
[    0.435272] arm-scmi firmware:scmi: SCMI Protocol v2.0 'rockchip:' Firmware version 0x0
[    0.442206] SMCCC: SOC_ID: ARCH_SOC_ID not implemented, skipping ....
[    0.446661] hw perfevents: enabled with armv8_cortex_a55 PMU driver, 7 counters available
[    0.448817] hw perfevents: enabled with armv8_cortex_a76 PMU driver, 7 counters available
[    0.450179] watchdog: Delayed init of the lockup detector failed: -19
[    0.450750] watchdog: Hard watchdog permanently disabled
[    0.451978] drop_monitor: Initializing network drop monitor service
[    0.498066] NET: Registered PF_INET6 protocol family
[    0.712382] Freeing initrd memory: 101720K
[    0.759655] Segment Routing with IPv6
[    0.760052] In-situ OAM (IOAM) with IPv6
[    0.760505] NET: Registered PF_PACKET protocol family
[    0.761501] Key type dns_resolver registered
[    0.766936] registered taskstats version 1
[    0.769619] Loading compiled-in X.509 certificates
[    0.772615] Loaded X.509 cert 'Build time autogenerated kernel key: 5cc52cdc086f55b317420bbda770f3d98816c38b'
[    0.775400] Loaded X.509 cert 'Canonical Ltd. Live Patch Signing: 14df34d1a87cf37625abec039ef2bf521249b969'
[    0.778157] Loaded X.509 cert 'Canonical Ltd. Kernel Module Signing: 88f752e560a1e0737e31163a466ad7b70a850c19'
[    0.779036] blacklist: Loading compiled-in revocation X.509 certificates
[    0.779703] Loaded X.509 cert 'Canonical Ltd. Secure Boot Signing: 61482aa2830d0ab2ad5af10b7250da9033ddcef0'
[    0.780604] Loaded X.509 cert 'Canonical Ltd. Secure Boot Signing (2017): 242ade75ac4a15e50d50c84b0d45ff3eae707a03'
[    0.781574] Loaded X.509 cert 'Canonical Ltd. Secure Boot Signing (ESM 2018): 365188c1d374d6b07c3c8f240f8ef722433d6a8b'
[    0.782592] Loaded X.509 cert 'Canonical Ltd. Secure Boot Signing (2019): c0746fd6c5da3ae827864651ad66ae47fe24b3e8'
[    0.783544] Loaded X.509 cert 'Canonical Ltd. Secure Boot Signing (2021 v1): a8d54bbb3825cfb94fa13c9f8a594a195c107b8d'
[    0.784517] Loaded X.509 cert 'Canonical Ltd. Secure Boot Signing (2021 v2): 4cf046892d6fd3c9a5b03f98d845f90851dc6a8c'
[    0.785498] Loaded X.509 cert 'Canonical Ltd. Secure Boot Signing (2021 v3): 100437bb6de6e469b581e61cd66bce3ef4ed53af'
[    0.786477] Loaded X.509 cert 'Canonical Ltd. Secure Boot Signing (Ubuntu Core 2019): c1d57b8f6b743f23ee41f4f7ee292f06eecadfb9'
[    0.800393] Key type .fscrypt registered
[    0.800745] Key type fscrypt-provisioning registered
[    0.845902] Key type encrypted registered
[    0.846292] AppArmor: AppArmor sha1 policy hashing enabled
[    0.847692] ima: secureboot mode disabled
[    0.848060] ima: No TPM chip found, activating TPM-bypass!
[    0.848556] Loading compiled-in module X.509 certificates
[    0.851036] Loaded X.509 cert 'Build time autogenerated kernel key: 5cc52cdc086f55b317420bbda770f3d98816c38b'
[    0.851910] ima: Allocated hash algorithm: sha256
[    0.852372] ima: No architecture policies found
[    0.852804] evm: Initialising EVM extended attributes:
[    0.853257] evm: security.selinux
[    0.853552] evm: security.SMACK64
[    0.853846] evm: security.SMACK64EXEC
[    0.854180] evm: security.SMACK64TRANSMUTE
[    0.854542] evm: security.SMACK64MMAP
[    0.854866] evm: security.apparmor
[    0.855168] evm: security.ima
[    0.855432] evm: security.capability
[    0.855748] evm: HMAC attrs: 0x1
[    0.900999] clk: Disabling unused clocks
[    0.902084] dw-apb-uart feb50000.serial: forbid DMA for kernel console
[    0.908930] Freeing unused kernel memory: 11968K
[    0.976804] Checked W+X mappings: passed, no W+X pages found
[    0.977330] Run /init as init process
Loading, please wait...
Starting systemd-udevd version 253.5-1ubuntu7
[    2.227004] Synopsys Designware Multimedia Card Interface Driver
[    2.244985] sdhci: Secure Digital Host Controller Interface driver
[    2.245544] sdhci: Copyright(c) Pierre Ossman
[    2.255080] sdhci-pltfm: SDHCI platform and OF driver helper
[    2.258566] dma-pl330 fea10000.dma-controller: Loaded driver for PL330 DMAC-241330
[    2.258708] i2c 2-0011: Fixed dependency cycle(s) with /i2s@fe470000/port/endpoint
[    2.259264] dma-pl330 fea10000.dma-controller: 	DBUFF-128x8bytes Num_Chans-8 Num_Peri-32 Num_Events-16
[    2.265889] sysfs: cannot create duplicate filename '/class/extcon/extcon0'
[    2.266537] CPU: 6 PID: 66 Comm: kworker/u16:1 Not tainted 6.6.0-14-generic #14-Ubuntu
[    2.267237] Hardware name: Unknown Unknown Product/Unknown Product, BIOS 2024.01-rc5-ge76b31e32d-dirty 01/01/2024
[    2.268138] Workqueue: events_unbound deferred_probe_work_func
[    2.268665] Call trace:
[    2.268885]  dump_backtrace+0xa0/0x150
[    2.269224]  show_stack+0x24/0x50
[    2.269521]  dump_stack_lvl+0x78/0xf8
[    2.269853]  dump_stack+0x1c/0x38
[    2.270153]  sysfs_warn_dup+0xa8/0xf0
[    2.270482]  sysfs_do_create_link_sd+0x140/0x150
[    2.270895]  sysfs_create_link+0x2c/0x80
[    2.271246]  device_add+0x344/0x778
[    2.271559]  device_register+0x2c/0x50
[    2.271894]  extcon_dev_register+0x10c/0x610
[    2.272277]  devm_extcon_dev_register+0x58/0xf0
[    2.272682]  rockchip_usb2phy_probe+0x51c/0x788 [phy_rockchip_inno_usb2]
[    2.273290]  platform_probe+0x74/0x118
[    2.273624]  really_probe+0x1c0/0x420
[    2.273953]  __driver_probe_device+0x94/0x1d8
[    2.274344]  driver_probe_device+0x48/0x188
[    2.274718]  __device_attach_driver+0x114/0x220
[    2.275124]  bus_for_each_drv+0x94/0x118
[    2.275475]  __device_attach+0xac/0x208
[    2.275819]  device_initial_probe+0x20/0x48
[    2.276194]  bus_probe_device+0xcc/0xd8
[    2.276539]  deferred_probe_work_func+0xac/0x120
[    2.276951]  process_one_work+0x168/0x3f0
[    2.277310]  worker_thread+0x360/0x480
[    2.277644]  kthread+0xf8/0x110
[    2.277929]  ret_from_fork+0x10/0x20
[    2.279004] rockchip-usb2phy fd5d8000.syscon:usb2-phy@8000: failed to register extcon device
[    2.279758] rockchip-usb2phy: probe of fd5d8000.syscon:usb2-phy@8000 failed with error -17
[    2.300714] gpio gpiochip0: Static allocation of GPIO base is deprecated, use dynamic allocation.
[    2.310085] mmc0: SDHCI controller on fe2e0000.mmc [fe2e0000.mmc] using ADMA
[    2.314773] rockchip-gpio fd8a0000.gpio: probed /pinctrl/gpio@fd8a0000
[    2.316911] gpio gpiochip1: Static allocation of GPIO base is deprecated, use dynamic allocation.
[    2.318248] rockchip-gpio fec20000.gpio: probed /pinctrl/gpio@fec20000
[    2.319409] gpio gpiochip2: Static allocation of GPIO base is deprecated, use dynamic allocation.
[    2.320788] rockchip-gpio fec30000.gpio: probed /pinctrl/gpio@fec30000
[    2.321891] gpio gpiochip3: Static allocation of GPIO base is deprecated, use dynamic allocation.
[    2.323312] rockchip-gpio fec40000.gpio: probed /pinctrl/gpio@fec40000
[    2.324346] gpio gpiochip4: Static allocation of GPIO base is deprecated, use dynamic allocation.
[    2.325676] rockchip-gpio fec50000.gpio: probed /pinctrl/gpio@fec50000
[    2.370123] dma-pl330 fea30000.dma-controller: Loaded driver for PL330 DMAC-241330
[    2.370806] dma-pl330 fea30000.dma-controller: 	DBUFF-128x8bytes Num_Chans-8 Num_Peri-32 Num_Events-16
[    2.415223] spi spi2.0: Fixed dependency cycle(s) with /spi@feb20000/pmic@0/regulators/dcdc-reg7
[    2.415910] mmc0: new HS400 Enhanced strobe MMC card at address 0001
[    2.419944] spi spi2.0: Fixed dependency cycle(s) with /spi@feb20000/pmic@0/dvs3-null-pins
[    2.420695] spi spi2.0: Fixed dependency cycle(s) with /spi@feb20000/pmic@0/dvs2-null-pins
[    2.421428] spi spi2.0: Fixed dependency cycle(s) with /spi@feb20000/pmic@0/dvs1-null-pins
[    2.423319] mmcblk0: mmc0:0001 ARV11X 58.3 GiB
[    2.434371] rockchip-dw-pcie a40000000.pcie: host bridge /pcie@fe150000 ranges:
[    2.435050] rockchip-dw-pcie a40000000.pcie:       IO 0x00f0100000..0x00f01fffff -> 0x00f0100000
[    2.435833] rockchip-dw-pcie a40000000.pcie:      MEM 0x00f0200000..0x00f0ffffff -> 0x00f0200000
[    2.436609] rockchip-dw-pcie a40000000.pcie:      MEM 0x0900000000..0x093fffffff -> 0x0040000000
[    2.436671] dma-pl330 fed10000.dma-controller: Loaded driver for PL330 DMAC-241330
[    2.438110] dma-pl330 fed10000.dma-controller: 	DBUFF-128x8bytes Num_Chans-8 Num_Peri-32 Num_Events-16
[    2.445358] rockchip-dw-pcie a40000000.pcie: iATU: unroll T, 8 ob, 8 ib, align 64K, limit 8G
[    2.617715]  mmcblk0: p1 p2 p3 p4 p5 p6 p7
[    2.627171] fan53555-regulator 0-0043: FAN53555 Option[10] Rev[1] Detected!
[    2.630118] fan53555-regulator 0-0042: FAN53555 Option[10] Rev[1] Detected!
[    2.688651] mmcblk0boot0: mmc0:0001 ARV11X 4.00 MiB
[    2.691288] mmcblk0boot1: mmc0:0001 ARV11X 4.00 MiB
[    2.692805] mmcblk0rpmb: mmc0:0001 ARV11X 4.00 MiB, chardev (238:0)
[    2.710813] rtc-hym8563 1-0051: no valid clock/calendar values available
[    2.711866] rtc-hym8563 1-0051: registered as rtc0
[    2.713312] rtc-hym8563 1-0051: no valid clock/calendar values available
[    2.713909] rtc-hym8563 1-0051: hctosys: unable to read the hardware clock
[    2.741918] rk808-regulator rk808-regulator.2.auto: there is no dvs0 gpio
[    2.742629] rk808-regulator rk808-regulator.2.auto: there is no dvs1 gpio
[    2.755373] vdd_2v0_pldo_s3: Bringing 1975000uV into 2000000-2000000uV
[    2.756752] vcc_3v3_s3: Bringing 3275000uV into 3300000-3300000uV
[    2.758594] vcc_1v8_s3: Bringing 1775000uV into 1800000-1800000uV
[    3.554924] rockchip-dw-pcie a40000000.pcie: Phy link never came up
[    3.555797] rockchip-dw-pcie a40000000.pcie: PCI host bridge to bus 0000:00
[    3.556416] pci_bus 0000:00: root bus resource [bus 00-0f]
[    3.556905] pci_bus 0000:00: root bus resource [io  0x0000-0xfffff] (bus address [0xf0100000-0xf01fffff])
[    3.557746] pci_bus 0000:00: root bus resource [mem 0xf0200000-0xf0ffffff]
[    3.558373] pci_bus 0000:00: root bus resource [mem 0x900000000-0x93fffffff] (bus address [0x40000000-0x7fffffff])
[    3.559315] pci 0000:00:00.0: [1d87:3588] type 01 class 0x060400
[    3.559854] pci 0000:00:00.0: reg 0x10: [mem 0x00000000-0x3fffffff]
[    3.560411] pci 0000:00:00.0: reg 0x14: [mem 0x00000000-0x3fffffff]
[    3.560967] pci 0000:00:00.0: reg 0x38: [mem 0x00000000-0x0000ffff pref]
[    3.561612] pci 0000:00:00.0: supports D1 D2
[    3.561991] pci 0000:00:00.0: PME# supported from D0 D1 D3hot
[    3.565088] pci_bus 0000:01: busn_res: can not insert [bus 01-ff] under [bus 00-0f] (conflicts with (null) [bus 00-0f])
[    3.566149] pci 0000:00:00.0: BAR 0: assigned [mem 0x900000000-0x93fffffff]
[    3.566766] pci 0000:00:00.0: BAR 1: no space for [mem size 0x40000000]
[    3.567350] pci 0000:00:00.0: BAR 1: failed to assign [mem size 0x40000000]
[    3.567965] pci 0000:00:00.0: BAR 6: assigned [mem 0xf0200000-0xf020ffff pref]
[    3.568603] pci 0000:00:00.0: PCI bridge to [bus 01-ff]
[    3.571188] pcieport 0000:00:00.0: PME: Signaling with IRQ 76
[    3.572706] pcieport 0000:00:00.0: AER: enabled with IRQ 77
[    3.574114] rockchip-dw-pcie a40800000.pcie: host bridge /pcie@fe170000 ranges:
[    3.574778] rockchip-dw-pcie a40800000.pcie:       IO 0x00f2100000..0x00f21fffff -> 0x00f2100000
[    3.575589] rockchip-dw-pcie a40800000.pcie:      MEM 0x00f2200000..0x00f2ffffff -> 0x00f2200000
[    3.576365] rockchip-dw-pcie a40800000.pcie:      MEM 0x0980000000..0x09bfffffff -> 0x0040000000
[    3.577250] rockchip-dw-pcie a40800000.pcie: iATU: unroll T, 8 ob, 8 ib, align 64K, limit 8G
[    3.786342] rockchip-dw-pcie a40800000.pcie: PCIe Gen.2 x1 link up
[    3.787039] rockchip-dw-pcie a40800000.pcie: PCI host bridge to bus 0002:20
[    3.787657] pci_bus 0002:20: root bus resource [bus 20-2f]
[    3.788146] pci_bus 0002:20: root bus resource [io  0x100000-0x1fffff] (bus address [0xf2100000-0xf21fffff])
[    3.789009] pci_bus 0002:20: root bus resource [mem 0xf2200000-0xf2ffffff]
[    3.789616] pci_bus 0002:20: root bus resource [mem 0x980000000-0x9bfffffff] (bus address [0x40000000-0x7fffffff])
[    3.790583] pci 0002:20:00.0: [1d87:3588] type 01 class 0x060400
[    3.791127] pci 0002:20:00.0: reg 0x38: [mem 0x00000000-0x0000ffff pref]
[    3.791761] pci 0002:20:00.0: supports D1 D2
[    3.792141] pci 0002:20:00.0: PME# supported from D0 D1 D3hot
[    3.795179] pci 0002:20:00.0: Primary bus is hard wired to 0
[    3.795682] pci 0002:20:00.0: bridge configuration invalid ([bus 01-ff]), reconfiguring
[    3.796534] pci 0002:21:00.0: [10ec:8125] type 00 class 0x020000
[    3.797117] pci 0002:21:00.0: reg 0x10: [io  0x0000-0x00ff]
[    3.797676] pci 0002:21:00.0: reg 0x18: [mem 0x00000000-0x0000ffff 64bit]
[    3.798324] pci 0002:21:00.0: reg 0x20: [mem 0x00000000-0x00003fff 64bit]
[    3.799312] pci 0002:21:00.0: supports D1 D2
[    3.799691] pci 0002:21:00.0: PME# supported from D0 D1 D2 D3hot D3cold
[    3.810226] pci_bus 0002:21: busn_res: [bus 21-2f] end is updated to 21
[    3.810839] pci 0002:20:00.0: BAR 14: assigned [mem 0xf2200000-0xf22fffff]
[    3.811452] pci 0002:20:00.0: BAR 6: assigned [mem 0xf2300000-0xf230ffff pref]
[    3.812094] pci 0002:20:00.0: BAR 13: assigned [io  0x100000-0x100fff]
[    3.812673] pci 0002:21:00.0: BAR 2: assigned [mem 0xf2200000-0xf220ffff 64bit]
[    3.813350] pci 0002:21:00.0: BAR 4: assigned [mem 0xf2210000-0xf2213fff 64bit]
[    3.814028] pci 0002:21:00.0: BAR 0: assigned [io  0x100000-0x1000ff]
[    3.814616] pci 0002:20:00.0: PCI bridge to [bus 21]
[    3.815056] pci 0002:20:00.0:   bridge window [io  0x100000-0x100fff]
[    3.815625] pci 0002:20:00.0:   bridge window [mem 0xf2200000-0xf22fffff]
[    3.826058] pcieport 0002:20:00.0: PME: Signaling with IRQ 88
[    3.826916] pcieport 0002:20:00.0: AER: enabled with IRQ 89
[    3.830481] r8169 0002:21:00.0: enabling device (0000 -> 0003)
[    3.833010] dwmmc_rockchip fe2c0000.mmc: IDMAC supports 32-bit address mode.
[    3.833661] dwmmc_rockchip fe2c0000.mmc: Using internal DMA controller.
[    3.834291] dwmmc_rockchip fe2c0000.mmc: Version ID is 270a
[    3.834832] dwmmc_rockchip fe2c0000.mmc: DW MMC controller at irq 90,32 bit host data width,256 deep fifo
[    3.834976] dwmmc_rockchip fe2d0000.mmc: IDMAC supports 32-bit address mode.
[    3.836277] dwmmc_rockchip fe2c0000.mmc: Got CD GPIO
[    3.836407] dwmmc_rockchip fe2d0000.mmc: Using internal DMA controller.
[    3.837326] rockchip-dw-pcie a41000000.pcie: host bridge /pcie@fe190000 ranges:
[    3.837346] dwmmc_rockchip fe2d0000.mmc: Version ID is 270a
[    3.837986] rockchip-dw-pcie a41000000.pcie:       IO 0x00f4100000..0x00f41fffff -> 0x00f4100000
[    3.838649] dwmmc_rockchip fe2d0000.mmc: DW MMC controller at irq 91,32 bit host data width,256 deep fifo
[    3.839278] rockchip-dw-pcie a41000000.pcie:      MEM 0x00f4200000..0x00f4ffffff -> 0x00f4200000
[    3.840913] rockchip-dw-pcie a41000000.pcie:      MEM 0x0a00000000..0x0a3fffffff -> 0x0040000000
[    3.841128] mmc_host mmc2: card is non-removable.
[    3.844970] rockchip-dw-pcie a41000000.pcie: iATU: unroll T, 8 ob, 8 ib, align 64K, limit 8G
[    3.849516] mmc_host mmc1: Bus speed (slot 0) = 400000Hz (slot req 400000Hz, actual 400000HZ div = 0)
[    3.854090] mmc_host mmc2: Bus speed (slot 0) = 400000Hz (slot req 400000Hz, actual 400000HZ div = 0)
[    3.860122] r8169 0002:21:00.0 eth0: RTL8125B, f6:75:99:ea:fe:1a, XID 641, IRQ 93
[    3.860819] r8169 0002:21:00.0 eth0: jumbo features [frames: 9194 bytes, tx checksumming: ko]
[    3.889932] mmc_host mmc2: Bus speed (slot 0) = 300000Hz (slot req 300000Hz, actual 300000HZ div = 0)
[    3.906298] r8169 0002:21:00.0 enP2p33s0: renamed from eth0
[    3.928901] mmc_host mmc2: Bus speed (slot 0) = 200000Hz (slot req 200000Hz, actual 200000HZ div = 0)
[    3.971487] mmc_host mmc2: Bus speed (slot 0) = 187500Hz (slot req 187500Hz, actual 187500HZ div = 0)
[    4.002212] mmc2: Failed to initialize a non-removable card
[    4.050318] rockchip-dw-pcie a41000000.pcie: PCIe Gen.2 x1 link up
[    4.051748] rockchip-dw-pcie a41000000.pcie: PCI host bridge to bus 0004:40
[    4.052393] pci_bus 0004:40: root bus resource [bus 40-4f]
[    4.052903] pci_bus 0004:40: root bus resource [io  0x200000-0x2fffff] (bus address [0xf4100000-0xf41fffff])
[    4.053790] pci_bus 0004:40: root bus resource [mem 0xf4200000-0xf4ffffff]
[    4.054451] pci_bus 0004:40: root bus resource [mem 0xa00000000-0xa3fffffff] (bus address [0x40000000-0x7fffffff])
[    4.055426] pci 0004:40:00.0: [1d87:3588] type 01 class 0x060400
[    4.055999] pci 0004:40:00.0: reg 0x38: [mem 0x00000000-0x0000ffff pref]
[    4.056686] pci 0004:40:00.0: supports D1 D2
[    4.057083] pci 0004:40:00.0: PME# supported from D0 D1 D3hot
[    4.063954] pci 0004:40:00.0: Primary bus is hard wired to 0
[    4.064482] pci 0004:40:00.0: bridge configuration invalid ([bus 01-ff]), reconfiguring
[    4.065486] pci 0004:41:00.0: [10ec:8125] type 00 class 0x020000
[    4.066130] pci 0004:41:00.0: reg 0x10: [io  0x0000-0x00ff]
[    4.066719] pci 0004:41:00.0: reg 0x18: [mem 0x00000000-0x0000ffff 64bit]
[    4.067385] pci 0004:41:00.0: reg 0x20: [mem 0x00000000-0x00003fff 64bit]
[    4.068446] pci 0004:41:00.0: supports D1 D2
[    4.068842] pci 0004:41:00.0: PME# supported from D0 D1 D2 D3hot D3cold
[    4.082293] pci_bus 0004:41: busn_res: [bus 41-4f] end is updated to 41
[    4.082936] pci 0004:40:00.0: BAR 14: assigned [mem 0xf4200000-0xf42fffff]
[    4.083568] pci 0004:40:00.0: BAR 6: assigned [mem 0xf4300000-0xf430ffff pref]
[    4.084230] pci 0004:40:00.0: BAR 13: assigned [io  0x200000-0x200fff]
[    4.084834] pci 0004:41:00.0: BAR 2: assigned [mem 0xf4200000-0xf420ffff 64bit]
[    4.085541] pci 0004:41:00.0: BAR 4: assigned [mem 0xf4210000-0xf4213fff 64bit]
[    4.086280] pci 0004:41:00.0: BAR 0: assigned [io  0x200000-0x2000ff]
[    4.086884] pci 0004:40:00.0: PCI bridge to [bus 41]
[    4.087342] pci 0004:40:00.0:   bridge window [io  0x200000-0x200fff]
[    4.087932] pci 0004:40:00.0:   bridge window [mem 0xf4200000-0xf42fffff]
[    4.093453] pcieport 0004:40:00.0: PME: Signaling with IRQ 104
[    4.094915] pcieport 0004:40:00.0: AER: enabled with IRQ 105
[    4.095940] r8169 0004:41:00.0: enabling device (0000 -> 0003)
[    4.124777] r8169 0004:41:00.0 eth0: RTL8125B, f6:75:99:ea:fe:1b, XID 641, IRQ 106
[    4.125495] r8169 0004:41:00.0 eth0: jumbo features [frames: 9194 bytes, tx checksumming: ko]
[    4.133543] ohci-platform fc8c0000.usb: Generic Platform OHCI controller
[    4.133820] ehci-platform fc880000.usb: EHCI Host Controller
[    4.134169] ohci-platform fc8c0000.usb: new USB bus registered, assigned bus number 1
[    4.134245] ohci-platform fc8c0000.usb: irq 107, io mem 0xfc8c0000
[    4.134689] ehci-platform fc880000.usb: new USB bus registered, assigned bus number 2
[    4.136848] ehci-platform fc880000.usb: irq 108, io mem 0xfc880000
[    4.154166] ehci-platform fc880000.usb: USB 2.0 started, EHCI 1.00
[    4.156034] usb usb2: New USB device found, idVendor=1d6b, idProduct=0002, bcdDevice= 6.06
[    4.156795] usb usb2: New USB device strings: Mfr=3, Product=2, SerialNumber=1
[    4.157453] usb usb2: Product: EHCI Host Controller
[    4.157901] usb usb2: Manufacturer: Linux 6.6.0-14-generic ehci_hcd
[    4.158599] usb usb2: SerialNumber: fc880000.usb
[    4.160118] hub 2-0:1.0: USB hub found
[    4.160622] hub 2-0:1.0: 1 port detected
[    4.162491] r8169 0004:41:00.0 enP4p65s0: renamed from eth0
Begin: Loading essential drivers ... [    4.198303] usb usb1: New USB device found, idVendor=1d6b, idProduct=0001, bcdDevice= 6.06
[    4.199047] usb usb1: New USB device strings: Mfr=3, Product=2, SerialNumber=1
[    4.199684] usb usb1: Product: Generic Platform OHCI controller
[    4.200206] usb usb1: Manufacturer: Linux 6.6.0-14-generic ohci_hcd
[    4.200758] usb usb1: SerialNumber: fc8c0000.usb
[    4.201765] hub 1-0:1.0: USB hub found
[    4.202186] hub 1-0:1.0: 1 port detected
[    4.354050] raid6: neonx8   gen()  1520 MB/s
[    4.414260] usb 2-1: new high-speed USB device number 2 using ehci-platform
[    4.422065] raid6: neonx4   gen()  1501 MB/s
[    4.490059] raid6: neonx2   gen()  1461 MB/s
[    4.558070] raid6: neonx1   gen()  1271 MB/s
[    4.571804] usb 2-1: New USB device found, idVendor=048d, idProduct=1234, bcdDevice= 1.00
[    4.572560] usb 2-1: New USB device strings: Mfr=1, Product=2, SerialNumber=3
[    4.573209] usb 2-1: Product: UDisk           
[    4.573619] usb 2-1: Manufacturer: General 
[    4.574006] usb 2-1: SerialNumber: Р
[    4.587488] usb-storage 2-1:1.0: USB Mass Storage device detected
[    4.589146] scsi host0: usb-storage 2-1:1.0
[    4.590727] usbcore: registered new interface driver usb-storage
[    4.600633] usbcore: registered new interface driver uas
[    4.626058] raid6: int64x8  gen()   915 MB/s
[    4.694053] raid6: int64x4  gen()  1079 MB/s
[    4.762055] raid6: int64x2  gen()  1008 MB/s
[    4.830051] raid6: int64x1  gen()   790 MB/s
[    4.830450] raid6: using algorithm neonx8 gen() 1520 MB/s
[    4.898042] raid6: .... xor() 1133 MB/s, rmw enabled
[    4.898501] raid6: using neon recovery algorithm
[    4.905078] xor: measuring software checksum speed
[    4.907338]    8regs           :  5416 MB/sec
[    4.909559]    32regs          :  5372 MB/sec
[    4.911356]    arm64_neon      :  6999 MB/sec
[    4.911742] xor: using function: arm64_neon (6999 MB/sec)
[    4.915574] async_tx: api initialized (async)
done.
Begin: Running /scripts/init-premount ... done.
Begin: Mounting root file system ... Begin: Running /scripts/nfs-top ... done.
Begin: Running /scripts/nfs-premount ... done.
[    5.607257] scsi 0:0:0:0: Direct-Access     General  UDisk            5.00 PQ: 0 ANSI: 2
[    5.608664] sd 0:0:0:0: Attached scsi generic sg0 type 0
[    5.609816] sd 0:0:0:0: [sda] 61440000 512-byte logical blocks: (31.5 GB/29.3 GiB)
[    5.611412] sd 0:0:0:0: [sda] Write Protect is off
[    5.612709] sd 0:0:0:0: [sda] No Caching mode page found
[    5.613188] sd 0:0:0:0: [sda] Assuming drive cache: write through
[    5.670341]  sda: sda1 sda2 sda3
[    5.672822] sd 0:0:0:0: [sda] Attached SCSI removable disk
[    5.775087] evict_inodes inode (____ptrval____), i_count = 1, was skipped!
[    5.775772] evict_inodes inode (____ptrval____), i_count = 1, was skipped!
Begin: Running /scripts/casper-premount ... done.
done.
[    8.645208] loop0: detected capacity change from 0 to 284904
[    8.713425] loop1: detected capacity change from 0 to 721032
[    8.781900] loop2: detected capacity change from 0 to 857912
[    8.850748] loop3: detected capacity change from 0 to 332760
[    8.896418] overlayfs: null uuid detected in lower fs '/', falling back to xino=off,index=off,nfs_export=off.
done.
Begin: Creating debconf-communicate fifo mechanism ... [   10.050166] random: crng init done
done.
Begin: Running /scripts/casper-bottom ... Begin: Moving mount points... ... done.
Begin: Configuring fstab... ... done.
Begin: Setting up locales... ... done.
Begin: Setting up automatic login... ... done.
Begin: Setting hostname... ... done.
Begin: Setting up console keyboard... ... done.
Begin: Applying desktop settings... ... done.
Begin: Regenerating SSL certificate... ... done.
Begin: Loading preseed file... ... done.
Begin: Adding live session user... ... [   14.823590] platform a40c00000.pcie: deferred probe pending
[   14.824131] platform fc840000.usb: deferred probe pending
[   14.824625] platform fc800000.usb: deferred probe pending
passwd: password changed.
done.
Begin: Setting up init... ... done.
Begin: Configuring accessibility options... ... done.
Begin: Disabling update-notifier... ... done.
Begin: Enabling detection of crashes... ... done.
Begin: Disabling unnecessary KDE services... ... done.
Begin: Disabling the lock screen for LXQt (LP: #2000787)... ... done.
Begin: Adding APT-CDROM source... ... Using CD-ROM mount point /cdrom/
Identifying... [a003e873732998c4c98648d621fa0a7b-2]
Scanning disc for index files...
Found 2 package indexes, 0 source indexes, 0 translation indexes and 1 signatures
Found label 'Ubuntu-Server 24.04 LTS _Noble Numbat_ - Daily arm64 (20240125)'
This disc is called: 
'Ubuntu-Server 24.04 LTS _Noble Numbat_ - Daily arm64 (20240125)'
Copying package lists...gpgv: Signature made Thu Jan 25 08:15:11 2024 UTC
gpgv:                using RSA key 843938DF228D22F7B3742BC0D94AA3F0EFE21092
gpgv: key D94AA3F0EFE21092 was created 15471 days in the future (time warp or clock problem)
gpgv: key D94AA3F0EFE21092 was created 15471 days in the future (time warp or clock problem)
gpgv: key D94AA3F0EFE21092 was created 15471 days in the future (time warp or clock problem)
gpgv: Good signature from "Ubuntu CD Image Automatic Signing Key (2012) <cdimage@ubuntu.com>"
Reading Package Indexes... 0%Reading Package Indexes... Done
Writing new source list
Source list entries for this disc are:
deb cdrom:[Ubuntu-Server 24.04 LTS _Noble Numbat_ - Daily arm64 (20240125)]/ noble main restricted
Repeat this process for the rest of the CDs in your set.
done.
Begin: Possibly disabling update-initramfs (useless on a live CD)... ... done.
Begin: Grant administrative PolicyKit privileges to default user... ... done.
Begin: Configuring jackd2... ... done.
Begin: Disabling gnome-initial-setup... ... chown: warning: '.' should be ':': 'ubuntu-server.ubuntu-server'
done.
Begin: Disabling security unattended-upgrades... ... done.
Begin: Disabling snap refresh... ... done.
Begin: Overriding 71-nvidia.rules... ... done.
Begin: Configuring pollinate... ... done.
done.
Begin: Running /scripts/nfs-bottom ... done.
Begin: Running /scripts/init-bottom ... [   18.808761] loop4: detected capacity change from 0 to 284904
[   18.815631] loop5: detected capacity change from 0 to 721032
[   18.822198] overlayfs: "xino" feature enabled using 32 upper inode bits.
done.
[   19.783854] systemd[1]: System time before build time, advancing clock.
[   19.936512] systemd[1]: Inserted module 'autofs4'
[   20.157334] systemd[1]: systemd 253.5-1ubuntu7 running in system mode (+PAM +AUDIT +SELINUX +APPARMOR +IMA +SMACK +SECCOMP +GCRYPT -GNUTLS +OPENSSL +ACL +BLKID +CURL +ELFUTILS +FIDO2 +IDN2 -IDN +IPTC +KMOD +LIBCRYPTSETUP +LIBFDISK +PCRE2 -PWQUALITY +P11KIT +QRENCODE +TPM2 +BZIP2 +LZ4 +XZ +ZLIB +ZSTD -BPF_FRAMEWORK -XKBCOMMON +UTMP +SYSVINIT default-hierarchy=unified)
[   20.160237] systemd[1]: Detected architecture arm64.

Welcome to Ubuntu Noble Numbat (development branch)!

[   20.182336] systemd[1]: Hostname set to <ubuntu-server>.
[   20.201720] systemd[1]: Initializing machine ID from random generator.
[   20.270650] systemd[1]: memfd_create() called without MFD_EXEC or MFD_NOEXEC_SEAL set
[   21.437121] systemd[1]: /lib/systemd/system/rsyslog.service:24: Failed to parse protect home value, ignoring: readonly
[   21.571606] systemd[1]: Queued start job for default target graphical.target.
[   21.584459] systemd[1]: Created slice system-modprobe.slice - Slice /system/modprobe.
[  OK  ] Created slice system-modprвlice - Slice /system/modprobe.
[   21.599133] systemd[1]: Created slice system-serial\x2dgetty.slice - Slice /system/serial-getty.
[  OK  ] Created slice system-seriaв - Slice /system/serial-getty.
[   21.610834] systemd[1]: Created slice user.slice - User and Session Slice.
[  OK  ] Created slice user.slice - User and Session Slice.
[   21.622492] systemd[1]: Started systemd-ask-password-wall.path - Forward Password Requests to Wall Directory Watch.
[  OK  ] Started systemd-ask-passwoв Requests to Wall Directory Watch.
[   21.634762] systemd[1]: Set up automount proc-sys-fs-binfmt_misc.automount - Arbitrary Executable File Formats File System Automount Point.
[  OK  ] Set up automount proc-sys-вrmats File System Automount Point.
[   21.646339] systemd[1]: Reached target integritysetup.target - Local Integrity Protected Volumes.
[  OK  ] Reached target integrityseвLocal Integrity Protected Volumes.
[   21.658397] systemd[1]: Reached target slices.target - Slice Units.
[  OK  ] Reached target slices.target - Slice Units.
[   21.670323] systemd[1]: Reached target snapd.mounts-pre.target - Mounting snaps.
[  OK  ] Reached target snapd.mounts-pre.target - Mounting snaps.
[   21.682326] systemd[1]: Reached target swap.target - Swaps.
[  OK  ] Reached target swap.target - Swaps.
[   21.683736] systemd[1]: Reached target veritysetup.target - Local Verity Protected Volumes.
[  OK  ] Reached target veritysetupв - Local Verity Protected Volumes.
[   21.694535] systemd[1]: Listening on dm-event.socket - Device-mapper event daemon FIFOs.
[  OK  ] Listening on dm-event.sockв Device-mapper event daemon FIFOs.
[   21.710020] systemd[1]: Listening on lvm2-lvmpolld.socket - LVM2 poll daemon socket.
[  OK  ] Listening on lvm2-lvmpolldвket - LVM2 poll daemon socket.
[   21.722572] systemd[1]: Listening on multipathd.socket - multipathd control socket.
[  OK  ] Listening on multipathd.soвt - multipathd control socket.
[   21.735454] systemd[1]: Listening on syslog.socket - Syslog Socket.
[  OK  ] Listening on syslog.socket - Syslog Socket.
[   21.746469] systemd[1]: Listening on systemd-initctl.socket - initctl Compatibility Named Pipe.
[  OK  ] Listening on systemd-initcв initctl Compatibility Named Pipe.
[   21.760616] systemd[1]: Listening on systemd-journald-dev-log.socket - Journal Socket (/dev/log).
[  OK  ] Listening on systemd-journвt - Journal Socket (/dev/log).
[   21.774582] systemd[1]: Listening on systemd-journald.socket - Journal Socket.
[  OK  ] Listening on systemd-journald.socket - Journal Socket.
[   21.786760] systemd[1]: Listening on systemd-networkd.socket - Network Service Netlink Socket.
[  OK  ] Listening on systemd-netwoв - Network Service Netlink Socket.
[   21.802178] systemd[1]: Listening on systemd-udevd-control.socket - udev Control Socket.
[  OK  ] Listening on systemd-udevdв.socket - udev Control Socket.
[   21.814486] systemd[1]: Listening on systemd-udevd-kernel.socket - udev Kernel Socket.
[  OK  ] Listening on systemd-udevdвl.socket - udev Kernel Socket.
[   21.838487] systemd[1]: Mounting dev-hugepages.mount - Huge Pages File System...
         Mounting dev-hugepages.mount - Huge Pages File System...
[   21.852555] systemd[1]: Mounting dev-mqueue.mount - POSIX Message Queue File System...
         Mounting dev-mqueue.mountPOSIX Message Queue File System...
[   21.864606] systemd[1]: Mounting sys-kernel-debug.mount - Kernel Debug File System...
         Mounting sys-kernel-debug.в - Kernel Debug File System...
[   21.868451] systemd[1]: Mounting sys-kernel-tracing.mount - Kernel Trace File System...
         Mounting sys-kernel-tracinв - Kernel Trace File System...
[   21.882673] systemd[1]: Starting systemd-journald.service - Journal Service...
         Starting systemd-journald.service - Journal Service...
[   21.896915] systemd[1]: Starting keyboard-setup.service - Set the console keyboard layout...
         Starting keyboard-setup.seвSet the console keyboard layout...
[   21.913990] systemd[1]: Starting kmod-static-nodes.service - Create List of Static Device Nodes...
         Starting kmod-static-nodesвate List of Static Device Nodes...
[   21.928914] systemd[1]: Starting lvm2-monitor.service - Monitoring of LVM2 mirrors, snapshots etc. using dmeventd or progress polling...
         Starting lvm2-monitor.servвng dmeventd or progress polling...
[   21.945168] systemd[1]: Starting modprobe@configfs.service - Load Kernel Module configfs...
         Starting modprobe@configfsвm - Load Kernel Module configfs...
[   21.960976] systemd[1]: Starting modprobe@dm_mod.service - Load Kernel Module dm_mod...
         Starting modprobe@dm_mod.sв[0m - Load Kernel Module dm_mod...
[   21.976794] systemd[1]: Starting modprobe@drm.service - Load Kernel Module drm...
         Starting modprobe@drm.service - Load Kernel Module drm...
[   21.980933] systemd[1]: Starting modprobe@efi_pstore.service - Load Kernel Module efi_pstore...
         Starting modprobe@efi_pstoв- Load Kernel Module efi_pstore...
[   21.997006] systemd[1]: Starting modprobe@fuse.service - Load Kernel Module fuse...
         Starting modprobe@fuse.serвЂ¦e - Load Kernel Module fuse...
[   22.012493] systemd-journald[1160]: Collecting audit messages is disabled.
[   22.017320] systemd[1]: Starting modprobe@loop.service - Load Kernel Module loop...
         Starting modprobe@loop.serвe - Load Kernel Module loop...
[   22.042879] systemd[1]: netplan-ovs-cleanup.service - OpenVSwitch configuration for cleanup was skipped because of an unmet condition check (ConditionFileIsExecutable=/usr/bin/ovs-vsctl).
[   22.138553] systemd[1]: Starting systemd-modules-load.service - Load Kernel Modules...
         Starting systemd-modules-lвrvice - Load Kernel Modules...
[   22.150390] systemd[1]: systemd-pcrmachine.service - TPM2 PCR Machine ID Measurement was skipped because of an unmet condition check (ConditionPathExists=/sys/firmware/efi/efivars/StubPcrKernelImage-4a67b082-0a4c-41cf-b6c7-440b29bb8c4f).
[   22.155064] systemd[1]: Starting systemd-remount-fs.service - Remount Root and Kernel File Systems...
         Starting systemd-remount-fвnt Root and Kernel File Systems...
[   22.169077] systemd[1]: Starting systemd-udev-trigger.service - Coldplug All udev Devices...
         Starting systemd-udev-trigв[0m - Coldplug All udev Devices...
[   22.187226] systemd[1]: Started systemd-journald.service - Journal Service.
[  OK  ] Started systemd-journald.service - Journal Service.
[  OK  ] Mounted dev-hugepages.mount - Huge Pages File System.
[  OK  ] Mounted dev-mqueue.mount- POSIX Message Queue File System.
[  OK  ] Mounted sys-kernel-debug.mвnt - Kernel Debug File System.
[  OK  ] Mounted sys-kernel-tracingвnt - Kernel Trace File System.
[  OK  ] Finished kmod-static-nodesвreate List of Static Device Nodes.
[  OK  ] Finished keyboard-setup.seв- Set the console keyboard layout.
[  OK  ] Finished modprobe@configfsв[0m - Load Kernel Module configfs.
[  OK  ] Finished modprobe@dm_mod.sвe - Load Kernel Module dm_mod.
[  OK  ] Finished modprobe@drm.service - Load Kernel Module drm.
[  OK  ] Finished modprobe@efi_pstoвm - Load Kernel Module efi_pstore.
[  OK  ] Finished modprobe@fuse.service - Load Kernel Module fuse.
[  OK  ] Finished modprobe@loop.service - Load Kernel Module loop.
[  OK  ] Finished systemd-modules-lвservice - Load Kernel Modules.
[  OK  ] Finished systemd-remount-fвount Root and Kernel File Systems.
         Mounting sys-fs-fuse-conneв - FUSE Control File System...
         Mounting sys-kernel-configвernel Configuration File System...
         Starting multipathd.servicвper Multipath Device Controller...
         Starting systemd-journal-fвh Journal to Persistent Storage...
         Starting systemd-random-seв - Load/Save OS Random Seed...
[   22.527918] systemd-journald[1160]: Received client request to flush runtime journal.
         Starting systemd-sysctl.seвce - Apply Kernel Variables...
         Starting systemd-sysusers.вrvice - Create System Users...
[  OK  ] Mounted sys-fs-fuse-connecвnt - FUSE Control File System.
[  OK  ] Mounted sys-kernel-config.в Kernel Configuration File System.
[  OK  ] Finished lvm2-monitor.servвsing dmeventd or progress polling.
[  OK  ] Finished systemd-journal-fвush Journal to Persistent Storage.
[  OK  ] Finished systemd-random-seвce - Load/Save OS Random Seed.
[  OK  ] Finished systemd-sysctl.service - Apply Kernel Variables.
[  OK  ] Finished systemd-sysusers.service - Create System Users.
         Starting systemd-tmpfiles-вate Static Device Nodes in /dev...
[  OK  ] Finished systemd-udev-trigвe - Coldplug All udev Devices.
[  OK  ] Finished systemd-tmpfiles-вreate Static Device Nodes in /dev.
[  OK  ] Started multipathd.serviceвapper Multipath Device Controller.
[  OK  ] Reached target local-fs-prвreparation for Local File Systems.
         Mounting snap.mount - в directory shares mount events....
         Mounting tmp.mount - /tmp...
         Starting systemd-udevd.serвger for Device Events and Files...
[  OK  ] Mounted snap.mount - Eвap directory shares mount events..
[  OK  ] Mounted tmp.mount - /tmp.
         Mounting snap-core22-1035.в unit for core22, revision 1035...
         Mounting snap-lxd-26202.moвnt unit for lxd, revision 26202...
         Mounting snap-snapd-20674.в unit for snapd, revision 20674...
         Mounting snap-subiquity-54вit for subiquity, revision 5429...
[  OK  ] Mounted snap-core22-1035.mвnt unit for core22, revision 1035.
[  OK  ] Mounted snap-lxd-26202.mouвount unit for lxd, revision 26202.
[  OK  ] Started systemd-udevd.servвnager for Device Events and Files.
[  OK  ] Mounted snap-snapd-20674.mвnt unit for snapd, revision 20674.
[  OK  ] Mounted snap-subiquity-542вunit for subiquity, revision 5429.
[  OK  ] Reached target snapd.mounts.target - Mounted snaps.
[  OK  ] Reached target local-fs.target - Local File Systems.
         Starting console-setup.serвm - Set console font and keymap...
         Starting finalrd.serviceime dir for shutdown pivot root...
         Starting plymouth-read-wriвmouth To Write Out Runtime Data...
[  OK  ] Started systemd-ask-passwoвquests to Console Directory Watch.
[  OK  ] Reached target cryptsetup.вget - Local Encrypted Volumes.
         Starting snapd.apparmor.seвles managed internally by snapd...
         Starting systemd-binfmt.seвet Up Additional Binary Formats...
         Starting systemd-tmpfiles-в Volatile Files and Directories...
         Starting ufw.service - Uncomplicated firewall...
[  OK  ] Finished console-setup.serв[0m - Set console font and keymap.
[  OK  ] Finished finalrd.servicentime dir for shutdown pivot root.
[  OK  ] Finished plymouth-read-wriвlymouth To Write Out Runtime Data.
[  OK  ] Finished ufw.service - Uncomplicated firewall.
[  OK  ] Found device dev-ttyS2.device - /dev/ttyS2.
         Mounting proc-sys-fs-binfmвutable File Formats File System...
[  OK  ] Mounted proc-sys-fs-binfmtвecutable File Formats File System.
[  OK  ] Finished systemd-binfmt.seв Set Up Additional Binary Formats.
[  OK  ] Finished systemd-tmpfiles-вte Volatile Files and Directories.
         Starting systemd-resolved.вe - Network Name Resolution...
         Starting systemd-timesyncdв - Network Time Synchronization...
         Starting systemd-update-utвrd System Boot/Shutdown in UTMP...
         Starting cloud-init-local.вcloud-init job (pre-networking)...
[  OK  ] Finished systemd-update-utвcord System Boot/Shutdown in UTMP.
[  OK  ] Listening on systemd-rfkilвl Switch Status /dev/rfkill Watch.
[  OK  ] Reached target sound.target - Sound Card.
[  OK  ] Started systemd-timesyncd.в0m - Network Time Synchronization.
[  OK  ] Reached target time-set.target - System Time Set.
[  OK  ] Started systemd-resolved.sвice - Network Name Resolution.
[  OK  ] Reached target nss-lookup.вm - Host and Network Name Lookups.
[  OK  ] Finished snapd.apparmor.seвfiles managed internally by snapd.
[  OK  ] Finished cloud-init-local.вl cloud-init job (pre-networking).
[  OK  ] Reached target network-preвget - Preparation for Network.
         Starting systemd-networkd.вice - Network Configuration...
[  OK  ] Started systemd-networkd.service - Network Configuration.
[  OK  ] Reached target network.target - Network.
         Starting systemd-networkd-вit for Network to be Configured...
[  OK  ] Finished systemd-networkd-вWait for Network to be Configured.
         Starting cloud-init.servicв job (metadata service crawler)...
[  OK  ] Finished cloud-init.servicвit job (metadata service crawler).
[  OK  ] Reached target cloud-confiвt - Cloud-config availability.
[  OK  ] Reached target network-online.target - Network is Online.
[  OK  ] Reached target sysinit.target - System Initialization.
[  OK  ] Started apt-daily.timer - Daily apt download activities.
[  OK  ] Started apt-daily-upgrade.в apt upgrade and clean activities.
[  OK  ] Started dpkg-db-backup.timв Daily dpkg database backup timer.
[  OK  ] Started e2scrub_all.timeretadata Check for All Filesystems.
[  OK  ] Started fstrim.timer -вsed filesystem blocks once a week.
[  OK  ] Started fwupd-refresh.timeв Refresh fwupd metadata regularly.
[  OK  ] Started logrotate.timer - Daily rotation of log files.
[  OK  ] Started man-db.timer - Daily man-db regeneration.
[  OK  ] Started motd-news.timer - Message of the Day.
[  OK  ] Started systemd-tmpfiles-cв Cleanup of Temporary Directories.
[  OK  ] Started update-notifier-doвat failed at package install time.
[  OK  ] Started update-notifier-moвa new version of Ubuntu available.
[  OK  ] Reached target paths.target - Path Units.
[  OK  ] Reached target timers.target - Timer Units.
[  OK  ] Listening on cloud-init-hoв - cloud-init hotplug hook socket.
[  OK  ] Listening on dbus.socket- D-Bus System Message Bus Socket.
[  OK  ] Listening on iscsid.socket - Open-iSCSI iscsid Socket.
         Starting snapd.socket вet activation for snappy daemon...
[  OK  ] Listening on ssh.socketpenBSD Secure Shell server socket.
[  OK  ] Listening on uuidd.socketm - UUID daemon activation socket.
[  OK  ] Reached target remote-fs-pвeparation for Remote File Systems.
[  OK  ] Reached target remote-fs.target - Remote File Systems.
[  OK  ] Finished blk-availability.вm - Availability of block devices.
[  OK  ] Listening on snapd.socketcket activation for snappy daemon.
[  OK  ] Reached target sockets.target - Socket Units.
[  OK  ] Reached target basic.target - Basic System.
         Starting apport.servicetomatic crash report generation...
[  OK  ] Started cron.service -вkground program processing daemon.
         Starting dbus.service - D-Bus System Message Bus...
[  OK  ] Started dmesg.service вnitial kernel messages after boot.
         Starting e2scrub_reap.servвe ext4 Metadata Check Snapshots...
[  OK  ] Started irqbalance.service - irqbalance daemon.
         Starting polkit.service - Authorization Manager...
         Starting pollinate.serviceв pseudo random number generator...
         Starting rsyslog.service - System Logging Service...
[  OK  ] Started snapd.aa-prompt-liвrspace listener for prompt events.
[  OK  ] Reached target getty-pre.target - Preparation for Logins.
         Starting snapd.service - Snap Daemon...
         Starting systemd-logind.seвice - User Login Management...
         Starting systemd-user-sessвvice - Permit User Sessions...
         Starting udisks2.service - Disk Manager...
[  OK  ] Started dbus.service - D-Bus System Message Bus.
[  OK  ] Finished e2scrub_reap.servвine ext4 Metadata Check Snapshots.
[  OK  ] Finished systemd-user-sessвervice - Permit User Sessions.
         Starting plymouth-quit-waiв until boot process finishes up...
         Starting plymouth-quit.serв Terminate Plymouth Boot Screen...
[  OK  ] Finished plymouth-quit-waiвld until boot process finishes up.
[  OK  ] Finished plymouth-quit.serв - Terminate Plymouth Boot Screen.
[  OK  ] Started serial-getty@ttyS2вinstaller for Ubuntu Server ttyS2.
[  OK  ] Reached target getty.target - Login Prompts.
         Starting setvtrgb.service - Set console scheme...
[  OK  ] Started systemd-logind.service - User Login Management.
[  OK  ] Started unattended-upgradeв0m - Unattended Upgrades Shutdown.
[  OK  ] Finished setvtrgb.service - Set console scheme.
[  OK  ] Started polkit.service - Authorization Manager.
         Starting ModemManager.service - Modem Manager...
[  OK  ] Started ModemManager.service - Modem Manager.
[  OK  ] Started rsyslog.service - System Logging Service.
[  OK  ] Started udisks2.service - Disk Manager.
[  OK  ] Finished apport.serviceautomatic crash report generation.

Ubuntu Noble Numbat (development branch) ubuntu-server ttyS2


connecting...  -\|/- 
waiting for cloud-init...  -\|/-\|/-\|/-\|/-\|/-\|/-\|/-\|/-\|/-\|/-\|/-\|/-\|/-\|/-\| 
