DDR d5483af87d cym 23/11/23-16:15:24,fwver: v1.15
LPDDR4X, 2112MHz
channel[0] BW=16 Col=10 Bk=8 CS0 Row=16 CS1 Row=16 CS=2 Die BW=16 Size=2048MB
channel[1] BW=16 Col=10 Bk=8 CS0 Row=16 CS1 Row=16 CS=2 Die BW=16 Size=2048MB
channel[2] BW=16 Col=10 Bk=8 CS0 Row=16 CS1 Row=16 CS=2 Die BW=16 Size=2048MB
channel[3] BW=16 Col=10 Bk=8 CS0 Row=16 CS1 Row=16 CS=2 Die BW=16 Size=2048MB
Manufacturer ID:0x13
CH0 RX Vref:26.7%, TX Vref:21.8%,20.8%
CH1 RX Vref:27.1%, TX Vref:20.8%,21.8%
CH2 RX Vref:30.6%, TX Vref:20.8%,20.8%
CH3 RX Vref:26.7%, TX Vref:20.8%,21.8%
change to F1: 528MHz
change to F2: 1068MHz
change to F3: 1560MHz
change to F0: 2112MHz
out
U-Boot SPL board init
U-Boot SPL 2017.09-g82435751526-231214-dirty #zhangzj (Dec 14 2023 - 09:16:28)
unknown raw ID 0 0 0
unrecognized JEDEC id bytes: 00, 00, 00
Trying to boot from MMC2
MMC: no card present
mmc_init: -123, time 0
spl: mmc init failed with error: -123
Trying to boot from MMC1
SPL: A/B-slot: _a, successful: 0, tries-remain: 7
Trying fit image at 0x4000 sector
## Verified-boot: 0
## Checking atf-1 0x00040000 ... sha256(b40ce543bb...) + OK
## Checking u-boot 0x00a00000 ... sha256(9d79f1e8cd...) + OK
## Checking fdt-1 0x00b0eef0 ... sha256(69919507e2...) + OK
## Checking atf-2 0x000f0000 ... sha256(f202de33d9...) + OK
## Checking atf-3 0xff100000 ... sha256(af08976afd...) + OK
## Checking tee-1 0x08400000 ... sha256(617eb0ee15...) + OK
Jumping to U-Boot(0x00a00000) via ARM Trusted Firmware(0x00040000)
Total: 97.294/256.882 ms

INFO:    Preloader serial: 2
NOTICE:  BL31: v2.3():v2.3-616-gdc1125f48:finley.xiao
NOTICE:  BL31: Built : 16:41:17, Jul 13 2023
INFO:    spec: 0x1
INFO:    ext 32k is not valid
INFO:    ddr: stride-en 4CH
INFO:    GICv3 without legacy support detected.
INFO:    ARM GICv3 driver initialized in EL3
INFO:    valid_cpu_msk=0xff bcore0_rst = 0x0, bcore1_rst = 0x0
INFO:    system boots from cpu-hwid-0
INFO:    idle_st=0x21fff, pd_st=0x11fff9, repair_st=0xfff70001
ERROR:   dfs get fsp_params[0] error, 0xfead0004 != 0xfead0003
ERROR:   dfs get fsp_params[1] error, 0x1111 != 0xfead0003
ERROR:   dfs get fsp_params[2] error, 0x0 != 0xfead0003
ERROR:   dfs get fsp_params[3] error, 0x60241520 != 0xfead0003
ERROR:   loader&trust unmatch!!! Please update trust if need enable dmc
INFO:    BL31: Initialising Exception Handling Framework
INFO:    BL31: Initializing runtime services
INFO:    BL31: Initializing BL32
I/TC: 
I/TC: OP-TEE version: 3.13.0-760-g540ade275 #zhangzj (gcc version 10.2.1 20201103 (GNU Toolchain for the A-profile Architecture 10.2-2020.11 (arm-10.16))) #3 Tue Dec  5 14:36:05 CST 2023 aarch64, fwver: null 
I/TC: OP-TEE memory: TEEOS 0x200000 TA 0xc00000 SHM 0x200000
I/TC: Primary CPU initializing
I/TC: Primary CPU switching to normal world boot
INFO:    BL31: Preparing for EL3 exit to normal world
INFO:    Entry point address = 0xa00000
INFO:    SPSR = 0x3c9


U-Boot 2024.01-rc5-g26b92662c4 (Jun 04 2024 - 11:15:49 +0800)

Model: ArmSoM Sige7 Board
DRAM:  8 GiB (effective 7.7 GiB)
pcie_dw_rockchip pcie@fe180000: failed to get pcie phy (ret=-19)
pcie_dw_rockchip pcie@fe150000: PCIe-3 Link Fail
Core:  339 devices, 28 uclasses, devicetree: separate
MMC:   mmc@fe2c0000: 1, mmc@fe2d0000: 2, mmc@fe2e0000: 0
Loading Environment from MMC... OK
In:    serial@feb50000
Out:   serial@feb50000
Err:   serial@feb50000
Model: ArmSoM Sige7 Board
Net:   eth0: eth_rtl8169, eth1: eth_rtl8169
Hit any key to stop autoboot:  2  1  0 
Scanning for bootflows in all bootdevs
Seq  Method       State   Uclass    Part  Name                      Filename
---  -----------  ------  --------  ----  ------------------------  ----------------
Scanning bootdev 'mmc@fe2c0000.bootdev':
Card did not respond to voltage select! : -110
Scanning bootdev 'mmc@fe2e0000.bootdev':
Unknown uclass 'nvme' in label
Unknown uclass 'scsi' in label
Bus usb@fc800000: USB EHCI 1.00
Bus usb@fc840000: USB OHCI 1.0
Bus usb@fc880000: USB EHCI 1.00
Bus usb@fc8c0000: USB OHCI 1.0
scanning bus usb@fc800000 for devices... 1 USB Device(s) found
scanning bus usb@fc840000 for devices... 1 USB Device(s) found
scanning bus usb@fc880000 for devices... 2 USB Device(s) found
scanning bus usb@fc8c0000 for devices... 1 USB Device(s) found
Scanning bootdev 'usb_mass_storage.lun0.bootdev':
  0  efi          ready   usb_mass_    2  usb_mass_storage.lun0.boo efi/boot/bootaa64.efi
** Booting bootflow 'usb_mass_storage.lun0.bootdev.part_2' with efi
Card did not respond to voltage select! : -110
Card did not respond to voltage select! : -110
Booting /efi\boot\bootaa64.efi
error: file `/boot/' not found.
GNU GRUB  version 2.12~rc1

вввввв”Ђвввввввввввввввввввввввввввввввввввввввввв”Ђввввввввввввввввввввввввввввввввввввввввввввввввввввввввввввввввввввввввввввввввв”Ђвввввввввввввввввввввввввввввввввввввввввв”Ђввввввввввввввввввввввввввввввв”‚вввввввввввв”‚вввввввввввввввввввввв”‚ввввввввввввввввввввввв”‚ввввввввввввввввввввввввввввввв”Ђвввввввввввввввввввввввввввввввввввввввввв”Ђввввввввввввввввввввввввввввввввввввввввввввввввввввввввввввввввввввввввввввввввввввв”Ђвввввввввввввввввввввввввввввввввввввв”Ђввв     Use the в and в keys to select which entry is highlighted.                                                                                                                                 
      Press enter to boot the selected OS, `e' to edit the commands before booting or `c' for a command-line.                                                                                     *Try or Install Ubuntu Server                                                                                                                                                                       Boot from next volume                                                                                                                                                                              UEFI Firmware Settings                                                                                                                                                                                                                                                                                                                                                                                                                                                                                                                                                                                                                                                                                                                                                                                                                                                                                                                                                                                                                                                                                                                                                                                                                                                                                                                                                                                                                                                                                                                                                                                                                                                                                                                                                                                                                                                                                                                                                                                                                                                                                                                                                                                                                                                                                                                                                                                                                                                                                                                                                                                                                                                                                                                                                                                                                                                                                                                                                                                                                                                                                                                                                                                                                                                                                                                                                                                                                                                                                                                                                                                                                                                                                                                                                                                                                                                                                                                                                                                                                                                                                                                                                                                                                                                                                                                                                                                                                                                                                                                                                                                                                                                                                                                                                                                                                                                                                                                                                                                                                                                                                                                                                                                                                                                                                                                                                                                                                                                                                                                                                                                                                                                                                                                                                                                                                                                                                                                                                                                                                                                                       The highlighted entry will be executed automatically in 30s.                                                                                                                                          The highlighted entry will be executed automatically in 29s.                                                                                                                                          The highlighted entry will be executed automatically in 28s.                                                                                                                                          The highlighted entry will be executed automatically in 27s.                                                                                                                                          The highlighted entry will be executed automatically in 26s.                                                                                                                                                                                                                                                                                                                                                                                                                                                                                                                                                   EFI stub: Booting Linux Kernel...
EFI stub: EFI_RNG_PROTOCOL unavailable
EFI stub: Loaded initrd from LINUX_EFI_INITRD_MEDIA_GUID device path
EFI stub: Using DTB from configuration table
EFI stub: Exiting boot services...
I/TC: Secondary CPU 1 initializing
I/TC: Secondary CPU 1 switching to normal world boot
I/TC: Secondary CPU 2 initializing
I/TC: Secondary CPU 2 switching to normal world boot
I/TC: Secondary CPU 3 initializing
I/TC: Secondary CPU 3 switching to normal world boot
I/TC: Secondary CPU 4 initializing
I/TC: Secondary CPU 4 switching to normal world boot
I/TC: Secondary CPU 5 initializing
I/TC: Secondary CPU 5 switching to normal world boot
I/TC: Secondary CPU 6 initializing
I/TC: Secondary CPU 6 switching to normal world boot
I/TC: Secondary CPU 7 initializing
I/TC: Secondary CPU 7 switching to normal world boot
[    0.000000] Booting Linux on physical CPU 0x0000000000 [0x412fd050]
[    0.000000] Linux version 6.6.0-14-generic (buildd@bos03-arm64-023) (aarch64-linux-gnu-gcc-13 (Ubuntu 13.2.0-7ubuntu1) 13.2.0, GNU ld (GNU Binutils for Ubuntu) 2.41) #14-Ubuntu SMP PREEMPT_DYNAMIC Thu Nov 30 10:53:08 UTC 2023 (Ubuntu 6.6.0-14.14-generic 6.6.3)
[    0.000000] KASLR disabled due to lack of seed
[    0.000000] Machine model: ArmSoM Sige7 Board
[    0.000000] efi: EFI v2.10 by Das U-Boot
[    0.000000] efi: ESRT=0xece5f040 RTPROP=0xece61040 SMBIOS=0xece93000 MOKvar=0xecd5a000 INITRD=0xe3c6a040 MEMRESERVE=0xe3c69040 
[    0.000000] secureboot: Secure boot disabled
[    0.000000] esrt: Reserving ESRT space from 0x00000000ece5f040 to 0x00000000ece5f078.
[    0.000000] OF: reserved mem: 0x0000000008400000..0x00000000093fffff (16384 KiB) nomap non-reusable optee@8400000
[    0.000000] OF: reserved mem: 0x00000003fc000000..0x00000003fc4fffff (5120 KiB) nomap non-reusable gap1@3,fc000000
[    0.000000] OF: reserved mem: 0x00000003fff00000..0x00000003ffffffff (1024 KiB) nomap non-reusable gap2@3,fff00000
[    0.000000] NUMA: No NUMA configuration found
[    0.000000] NUMA: Faking a node at [mem 0x0000000000200000-0x00000001ffffffff]
[    0.000000] NUMA: NODE_DATA [mem 0x1feffe600-0x1ff003fff]
[    0.000000] Zone ranges:
[    0.000000]   DMA      [mem 0x0000000000200000-0x00000000ffffffff]
[    0.000000]   DMA32    empty
[    0.000000]   Normal   [mem 0x0000000100000000-0x00000001ffffffff]
[    0.000000]   Device   empty
[    0.000000] Movable zone start for each node
[    0.000000] Early memory node ranges
[    0.000000]   node   0: [mem 0x0000000000200000-0x0000000000b0dfff]
[    0.000000]   node   0: [mem 0x0000000000b0e000-0x0000000000b28fff]
[    0.000000]   node   0: [mem 0x0000000000b29000-0x00000000083fffff]
[    0.000000]   node   0: [mem 0x0000000008400000-0x00000000093fffff]
[    0.000000]   node   0: [mem 0x0000000009400000-0x00000000ecd59fff]
[    0.000000]   node   0: [mem 0x00000000ecd5a000-0x00000000ecd5afff]
[    0.000000]   node   0: [mem 0x00000000ecd5b000-0x00000000ece60fff]
[    0.000000]   node   0: [mem 0x00000000ece61000-0x00000000ece61fff]
[    0.000000]   node   0: [mem 0x00000000ece62000-0x00000000ece64fff]
[    0.000000]   node   0: [mem 0x00000000ece65000-0x00000000ece86fff]
[    0.000000]   node   0: [mem 0x00000000ece87000-0x00000000ece92fff]
[    0.000000]   node   0: [mem 0x00000000ece93000-0x00000000ece93fff]
[    0.000000]   node   0: [mem 0x00000000ece94000-0x00000000efebffff]
[    0.000000]   node   0: [mem 0x00000000efec0000-0x00000000efecffff]
[    0.000000]   node   0: [mem 0x00000000efed0000-0x00000000efffffff]
[    0.000000]   node   0: [mem 0x0000000100000000-0x00000001ffffffff]
[    0.000000] Initmem setup node 0 [mem 0x0000000000200000-0x00000001ffffffff]
[    0.000000] On node 0, zone DMA: 512 pages in unavailable ranges
[    0.000000] cma: Reserved 32 MiB at 0x00000000ede00000 on node -1
[    0.000000] psci: probing for conduit method from DT.
[    0.000000] psci: PSCIv1.1 detected in firmware.
[    0.000000] psci: Using standard PSCI v0.2 function IDs
[    0.000000] psci: Trusted OS migration not required
[    0.000000] psci: SMC Calling Convention v1.2
[    0.000000] percpu: Embedded 54 pages/cpu s94248 r8192 d118744 u221184
[    0.000000] Detected VIPT I-cache on CPU0
[    0.000000] CPU features: detected: GIC system register CPU interface
[    0.000000] CPU features: detected: Virtualization Host Extensions
[    0.000000] CPU features: detected: Qualcomm erratum 1009, or ARM erratum 1286807, 2441009
[    0.000000] CPU features: detected: ARM errata 1165522, 1319367, or 1530923
[    0.000000] alternatives: applying boot alternatives
[    0.000000] Kernel command line: BOOT_IMAGE=/casper/vmlinuz ---
[    0.000000] Unknown kernel command line parameters "--- BOOT_IMAGE=/casper/vmlinuz", will be passed to user space.
[    0.000000] Dentry cache hash table entries: 1048576 (order: 11, 8388608 bytes, linear)
[    0.000000] Inode-cache hash table entries: 524288 (order: 10, 4194304 bytes, linear)
[    0.000000] Fallback order for Node 0: 0 
[    0.000000] Built 1 zonelists, mobility grouping on.  Total pages: 1999368
[    0.000000] Policy zone: Normal
[    0.000000] mem auto-init: stack:all(zero), heap alloc:on, heap free:off
[    0.000000] software IO TLB: area num 8.
[    0.000000] software IO TLB: mapped [mem 0x00000000e8d5a000-0x00000000ecd5a000] (64MB)
[    0.000000] Memory: 7693232K/8124416K available (22208K kernel code, 5082K rwdata, 15384K rodata, 11968K init, 1191K bss, 398416K reserved, 32768K cma-reserved)
[    0.000000] SLUB: HWalign=64, Order=0-3, MinObjects=0, CPUs=8, Nodes=1
[    0.000000] ftrace: allocating 60036 entries in 235 pages
[    0.000000] ftrace: allocated 235 pages with 6 groups
[    0.000000] trace event string verifier disabled
[    0.000000] Dynamic Preempt: voluntary
[    0.000000] rcu: Preemptible hierarchical RCU implementation.
[    0.000000] rcu: 	RCU restricting CPUs from NR_CPUS=512 to nr_cpu_ids=8.
[    0.000000] 	Trampoline variant of Tasks RCU enabled.
[    0.000000] 	Rude variant of Tasks RCU enabled.
[    0.000000] 	Tracing variant of Tasks RCU enabled.
[    0.000000] rcu: RCU calculated value of scheduler-enlistment delay is 25 jiffies.
[    0.000000] rcu: Adjusting geometry for rcu_fanout_leaf=16, nr_cpu_ids=8
[    0.000000] NR_IRQS: 64, nr_irqs: 64, preallocated irqs: 0
[    0.000000] GICv3: GIC: Using split EOI/Deactivate mode
[    0.000000] GICv3: 480 SPIs implemented
[    0.000000] GICv3: 0 Extended SPIs implemented
[    0.000000] GICv3: MBI range [424:479]
[    0.000000] GICv3: Using MBI frame 0x00000000fe610000
[    0.000000] Root IRQ handler: gic_handle_irq
[    0.000000] GICv3: GICv3 features: 16 PPIs
[    0.000000] GICv3: CPU0: found redistributor 0 region 0:0x00000000fe680000
[    0.000000] ITS [mem 0xfe640000-0xfe65ffff]
[    0.000000] GIC: enabling workaround for ITS: Rockchip erratum RK3588001
[    0.000000] ITS@0x00000000fe640000: allocated 8192 Devices @100280000 (indirect, esz 8, psz 64K, shr 0)
[    0.000000] ITS@0x00000000fe640000: allocated 32768 Interrupt Collections @100290000 (flat, esz 2, psz 64K, shr 0)
[    0.000000] ITS: using cache flushing for cmd queue
[    0.000000] ITS [mem 0xfe660000-0xfe67ffff]
[    0.000000] GIC: enabling workaround for ITS: Rockchip erratum RK3588001
[    0.000000] ITS@0x00000000fe660000: allocated 8192 Devices @1002b0000 (indirect, esz 8, psz 64K, shr 0)
[    0.000000] ITS@0x00000000fe660000: allocated 32768 Interrupt Collections @1002c0000 (flat, esz 2, psz 64K, shr 0)
[    0.000000] ITS: using cache flushing for cmd queue
[    0.000000] GICv3: using LPI property table @0x00000001002d0000
[    0.000000] GIC: using cache flushing for LPI property table
[    0.000000] GICv3: CPU0: using allocated LPI pending table @0x00000001002e0000
[    0.000000] GICv3: GIC: PPI partition interrupt-partition-0[0] { /cpus/cpu@0[0] /cpus/cpu@100[1] /cpus/cpu@200[2] /cpus/cpu@300[3] }
[    0.000000] GICv3: GIC: PPI partition interrupt-partition-1[1] { /cpus/cpu@400[4] /cpus/cpu@500[5] /cpus/cpu@600[6] /cpus/cpu@700[7] }
[    0.000000] rcu: srcu_init: Setting srcu_struct sizes based on contention.
[    0.000000] arch_timer: cp15 timer(s) running at 24.00MHz (phys).
[    0.000000] clocksource: arch_sys_counter: mask: 0xffffffffffffff max_cycles: 0x588fe9dc0, max_idle_ns: 440795202592 ns
[    0.000000] sched_clock: 56 bits at 24MHz, resolution 41ns, wraps every 4398046511097ns
[    0.004371] Console: colour dummy device 80x25
[    0.004387] printk: console [tty0] enabled
[    0.008154] Calibrating delay loop (skipped), value calculated using timer frequency.. 48.00 BogoMIPS (lpj=96000)
[    0.008199] pid_max: default: 32768 minimum: 301
[    0.013025] LSM: initializing lsm=lockdown,capability,landlock,yama,apparmor,integrity
[    0.013148] landlock: Up and running.
[    0.013169] Yama: becoming mindful.
[    0.013836] AppArmor: AppArmor initialized
[    0.015810] Mount-cache hash table entries: 16384 (order: 5, 131072 bytes, linear)
[    0.015870] Mountpoint-cache hash table entries: 16384 (order: 5, 131072 bytes, linear)
[    0.023912] RCU Tasks: Setting shift to 3 and lim to 1 rcu_task_cb_adjust=1.
[    0.024102] RCU Tasks Rude: Setting shift to 3 and lim to 1 rcu_task_cb_adjust=1.
[    0.024312] RCU Tasks Trace: Setting shift to 3 and lim to 1 rcu_task_cb_adjust=1.
[    0.024823] rcu: Hierarchical SRCU implementation.
[    0.024850] rcu: 	Max phase no-delay instances is 1000.
[    0.026668] Platform MSI: msi-controller@fe640000 domain created
[    0.026720] Platform MSI: msi-controller@fe660000 domain created
[    0.026987] PCI/MSI: /interrupt-controller@fe600000/msi-controller@fe640000 domain created
[    0.027051] PCI/MSI: /interrupt-controller@fe600000/msi-controller@fe660000 domain created
[    0.027320] fsl-mc MSI: msi-controller@fe640000 domain created
[    0.027368] fsl-mc MSI: msi-controller@fe660000 domain created
[    0.033961] Remapping and enabling EFI services.
[    0.035139] smp: Bringing up secondary CPUs ...
[    0.037075] Detected VIPT I-cache on CPU1
[    0.037165] GICv3: CPU1: found redistributor 100 region 0:0x00000000fe6a0000
[    0.037187] GICv3: CPU1: using allocated LPI pending table @0x00000001002f0000
[    0.037247] CPU1: Booted secondary processor 0x0000000100 [0x412fd050]
[    0.039367] Detected VIPT I-cache on CPU2
[    0.039445] GICv3: CPU2: found redistributor 200 region 0:0x00000000fe6c0000
[    0.039463] GICv3: CPU2: using allocated LPI pending table @0x0000000100300000
[    0.039513] CPU2: Booted secondary processor 0x0000000200 [0x412fd050]
[    0.041599] Detected VIPT I-cache on CPU3
[    0.041679] GICv3: CPU3: found redistributor 300 region 0:0x00000000fe6e0000
[    0.041697] GICv3: CPU3: using allocated LPI pending table @0x0000000100310000
[    0.041747] CPU3: Booted secondary processor 0x0000000300 [0x412fd050]
[    0.043789] CPU features: detected: Spectre-v4
[    0.043796] CPU features: detected: Spectre-BHB
[    0.043801] Detected PIPT I-cache on CPU4
[    0.043850] GICv3: CPU4: found redistributor 400 region 0:0x00000000fe700000
[    0.043860] GICv3: CPU4: using allocated LPI pending table @0x0000000100320000
[    0.043889] CPU4: Booted secondary processor 0x0000000400 [0x414fd0b0]
[    0.045889] Detected PIPT I-cache on CPU5
[    0.045950] GICv3: CPU5: found redistributor 500 region 0:0x00000000fe720000
[    0.045960] GICv3: CPU5: using allocated LPI pending table @0x0000000100330000
[    0.045993] CPU5: Booted secondary processor 0x0000000500 [0x414fd0b0]
[    0.047933] Detected PIPT I-cache on CPU6
[    0.047989] GICv3: CPU6: found redistributor 600 region 0:0x00000000fe740000
[    0.047999] GICv3: CPU6: using allocated LPI pending table @0x0000000100340000
[    0.048029] CPU6: Booted secondary processor 0x0000000600 [0x414fd0b0]
[    0.049984] Detected PIPT I-cache on CPU7
[    0.050040] GICv3: CPU7: found redistributor 700 region 0:0x00000000fe760000
[    0.050051] GICv3: CPU7: using allocated LPI pending table @0x0000000100350000
[    0.050081] CPU7: Booted secondary processor 0x0000000700 [0x414fd0b0]
[    0.050232] smp: Brought up 1 node, 8 CPUs
[    0.050647] SMP: Total of 8 processors activated.
[    0.050668] CPU features: detected: 32-bit EL0 Support
[    0.050687] CPU features: detected: Data cache clean to the PoU not required for I/D coherence
[    0.050713] CPU features: detected: Common not Private translations
[    0.050733] CPU features: detected: CRC32 instructions
[    0.050750] CPU features: detected: Data cache clean to Point of Persistence
[    0.050775] CPU features: detected: RCpc load-acquire (LDAPR)
[    0.050794] CPU features: detected: LSE atomic instructions
[    0.050813] CPU features: detected: Privileged Access Never
[    0.050831] CPU features: detected: RAS Extension Support
[    0.050853] CPU features: detected: Speculative Store Bypassing Safe (SSBS)
[    0.051129] CPU: All CPU(s) started at EL2
[    0.051155] alternatives: applying system-wide alternatives
[    0.059870] devtmpfs: initialized
[    0.086507] clocksource: jiffies: mask: 0xffffffff max_cycles: 0xffffffff, max_idle_ns: 7645041785100000 ns
[    0.086546] futex hash table entries: 2048 (order: 5, 131072 bytes, linear)
[    0.087655] pinctrl core: initialized pinctrl subsystem
[    0.089472] SMBIOS 3.0 present.
[    0.089492] DMI: Unknown Unknown Product/Unknown Product, BIOS 2024.01-rc5-g26b92662c4 01/01/2024
[    0.090649] NET: Registered PF_NETLINK/PF_ROUTE protocol family
[    0.092061] DMA: preallocated 1024 KiB GFP_KERNEL pool for atomic allocations
[    0.092673] DMA: preallocated 1024 KiB GFP_KERNEL|GFP_DMA pool for atomic allocations
[    0.093076] DMA: preallocated 1024 KiB GFP_KERNEL|GFP_DMA32 pool for atomic allocations
[    0.093111] audit: initializing netlink subsys (disabled)
[    0.093342] audit: type=2000 audit(0.088:1): state=initialized audit_enabled=0 res=1
[    0.094206] thermal_sys: Registered thermal governor 'fair_share'
[    0.094212] thermal_sys: Registered thermal governor 'bang_bang'
[    0.094223] thermal_sys: Registered thermal governor 'step_wise'
[    0.094230] thermal_sys: Registered thermal governor 'user_space'
[    0.094236] thermal_sys: Registered thermal governor 'power_allocator'
[    0.094271] cpuidle: using governor ladder
[    0.094294] cpuidle: using governor menu
[    0.094396] hw-breakpoint: found 6 breakpoint and 4 watchpoint registers.
[    0.094579] ASID allocator initialised with 65536 entries
[    0.096307] Serial: AMBA PL011 UART driver
[    0.119743] Modules: 18752 pages in range for non-PLT usage
[    0.119749] Modules: 510272 pages in range for PLT usage
[    0.120904] HugeTLB: registered 1.00 GiB page size, pre-allocated 0 pages
[    0.120922] HugeTLB: 0 KiB vmemmap can be freed for a 1.00 GiB page
[    0.120931] HugeTLB: registered 32.0 MiB page size, pre-allocated 0 pages
[    0.120938] HugeTLB: 0 KiB vmemmap can be freed for a 32.0 MiB page
[    0.120947] HugeTLB: registered 2.00 MiB page size, pre-allocated 0 pages
[    0.120954] HugeTLB: 0 KiB vmemmap can be freed for a 2.00 MiB page
[    0.120962] HugeTLB: registered 64.0 KiB page size, pre-allocated 0 pages
[    0.120969] HugeTLB: 0 KiB vmemmap can be freed for a 64.0 KiB page
[    0.124142] fbcon: Taking over console
[    0.124162] ACPI: Interpreter disabled.
[    0.125343] iommu: Default domain type: Translated
[    0.125354] iommu: DMA domain TLB invalidation policy: strict mode
[    0.126102] SCSI subsystem initialized
[    0.126374] usbcore: registered new interface driver usbfs
[    0.126396] usbcore: registered new interface driver hub
[    0.126418] usbcore: registered new device driver usb
[    0.126667] pps_core: LinuxPPS API ver. 1 registered
[    0.126675] pps_core: Software ver. 5.3.6 - Copyright 2005-2007 Rodolfo Giometti <giometti@linux.it>
[    0.126698] PTP clock support registered
[    0.127032] EDAC MC: Ver: 3.0.0
[    0.127577] scmi_core: SCMI protocol bus registered
[    0.128104] efivars: Registered efivars operations
[    0.129317] NetLabel: Initializing
[    0.129327] NetLabel:  domain hash size = 128
[    0.129333] NetLabel:  protocols = UNLABELED CIPSOv4 CALIPSO
[    0.129411] NetLabel:  unlabeled traffic allowed by default
[    0.129680] mctp: management component transport protocol core
[    0.129689] NET: Registered PF_MCTP protocol family
[    0.129891] vgaarb: loaded
[    0.130315] clocksource: Switched to clocksource arch_sys_counter
[    0.179095] VFS: Disk quotas dquot_6.6.0
[    0.179273] VFS: Dquot-cache hash table entries: 512 (order 0, 4096 bytes)
[    0.179831] AppArmor: AppArmor Filesystem Enabled
[    0.179881] pnp: PnP ACPI: disabled
[    0.188873] NET: Registered PF_INET protocol family
[    0.189076] IP idents hash table entries: 131072 (order: 8, 1048576 bytes, linear)
[    0.194447] tcp_listen_portaddr_hash hash table entries: 4096 (order: 4, 65536 bytes, linear)
[    0.194552] Table-perturb hash table entries: 65536 (order: 6, 262144 bytes, linear)
[    0.194630] TCP established hash table entries: 65536 (order: 7, 524288 bytes, linear)
[    0.195375] TCP bind hash table entries: 65536 (order: 9, 2097152 bytes, linear)
[    0.197266] TCP: Hash tables configured (established 65536 bind 65536)
[    0.197642] MPTCP token hash table entries: 8192 (order: 5, 196608 bytes, linear)
[    0.197810] UDP hash table entries: 4096 (order: 5, 131072 bytes, linear)
[    0.198021] UDP-Lite hash table entries: 4096 (order: 5, 131072 bytes, linear)
[    0.198573] NET: Registered PF_UNIX/PF_LOCAL protocol family
[    0.198603] NET: Registered PF_XDP protocol family
[    0.198617] PCI: CLS 0 bytes, default 64
[    0.198832] Trying to unpack rootfs image as initramfs...
[    0.202510] kvm [1]: IPA Size Limit: 40 bits
[    0.202549] kvm [1]: GICv3: no GICV resource entry
[    0.202557] kvm [1]: disabling GICv2 emulation
[    0.202581] kvm [1]: GIC system register CPU interface enabled
[    0.202600] kvm [1]: vgic interrupt IRQ18
[    0.202638] kvm [1]: VHE mode initialized successfully
[    0.203739] Initialise system trusted keyrings
[    0.203788] Key type blacklist registered
[    0.204019] workingset: timestamp_bits=40 max_order=21 bucket_order=0
[    0.204069] zbud: loaded
[    0.209834] squashfs: version 4.0 (2009/01/31) Phillip Lougher
[    0.212540] fuse: init (API version 7.39)
[    0.213328] integrity: Platform Keyring initialized
[    0.213361] integrity: Machine keyring initialized
[    0.235264] Key type asymmetric registered
[    0.235275] Asymmetric key parser 'x509' registered
[    0.235330] Block layer SCSI generic (bsg) driver version 0.4 loaded (major 242)
[    0.235574] io scheduler mq-deadline registered
[    0.241924] shpchp: Standard Hot Plug PCI Controller Driver version: 0.4
[    0.258642] Serial: 8250/16550 driver, 32 ports, IRQ sharing enabled
[    0.266706] feb50000.serial: ttyS2 at MMIO 0xfeb50000 (irq = 26, base_baud = 1500000) is a 16550A
[    0.266849] printk: console [ttyS2] enabled
[    0.406652] feb90000.serial: ttyS0 at MMIO 0xfeb90000 (irq = 27, base_baud = 1500000) is a 16550A
[    0.408582] SuperH (H)SCI(F) driver initialized
[    0.409664] msm_serial: driver initialized
[    0.418676] loop: module loaded
[    0.420766] tun: Universal TUN/TAP device driver, 1.6
[    0.422103] PPP generic driver version 2.4.2
[    0.423537] mousedev: PS/2 mouse device common for all mice
[    0.424626] i2c_dev: i2c /dev entries driver
[    0.426289] device-mapper: core: CONFIG_IMA_DISABLE_HTABLE is disabled. Duplicate IMA measurements will not be recorded in the IMA log.
[    0.427443] device-mapper: uevent: version 1.0.3
[    0.428093] device-mapper: ioctl: 4.48.0-ioctl (2023-03-01) initialised: dm-devel@redhat.com
[    0.431050] ledtrig-cpu: registered to indicate activity on CPUs
[    0.431946] scmi_protocol scmi_dev.1: Enabled polling mode TX channel - prot_id:16
[    0.433424] arm-scmi firmware:scmi: SCMI RAW Mode initialized for instance 0
[    0.434053] arm-scmi firmware:scmi: SCMI RAW Mode COEX enabled !
[    0.434650] arm-scmi firmware:scmi: SCMI Notifications - Core Enabled.
[    0.435259] arm-scmi firmware:scmi: SCMI Protocol v2.0 'rockchip:' Firmware version 0x0
[    0.442056] SMCCC: SOC_ID: ARCH_SOC_ID not implemented, skipping ....
[    0.445459] hw perfevents: enabled with armv8_cortex_a55 PMU driver, 7 counters available
[    0.447808] hw perfevents: enabled with armv8_cortex_a76 PMU driver, 7 counters available
[    0.449043] watchdog: Delayed init of the lockup detector failed: -19
[    0.449612] watchdog: Hard watchdog permanently disabled
[    0.450809] drop_monitor: Initializing network drop monitor service
[    0.496645] NET: Registered PF_INET6 protocol family
[    0.714939] Freeing initrd memory: 101720K
[    0.762561] Segment Routing with IPv6
[    0.762947] In-situ OAM (IOAM) with IPv6
[    0.763385] NET: Registered PF_PACKET protocol family
[    0.764321] Key type dns_resolver registered
[    0.769557] registered taskstats version 1
[    0.772002] Loading compiled-in X.509 certificates
[    0.774858] Loaded X.509 cert 'Build time autogenerated kernel key: 5cc52cdc086f55b317420bbda770f3d98816c38b'
[    0.777635] Loaded X.509 cert 'Canonical Ltd. Live Patch Signing: 14df34d1a87cf37625abec039ef2bf521249b969'
[    0.780404] Loaded X.509 cert 'Canonical Ltd. Kernel Module Signing: 88f752e560a1e0737e31163a466ad7b70a850c19'
[    0.781282] blacklist: Loading compiled-in revocation X.509 certificates
[    0.781922] Loaded X.509 cert 'Canonical Ltd. Secure Boot Signing: 61482aa2830d0ab2ad5af10b7250da9033ddcef0'
[    0.782830] Loaded X.509 cert 'Canonical Ltd. Secure Boot Signing (2017): 242ade75ac4a15e50d50c84b0d45ff3eae707a03'
[    0.783782] Loaded X.509 cert 'Canonical Ltd. Secure Boot Signing (ESM 2018): 365188c1d374d6b07c3c8f240f8ef722433d6a8b'
[    0.784764] Loaded X.509 cert 'Canonical Ltd. Secure Boot Signing (2019): c0746fd6c5da3ae827864651ad66ae47fe24b3e8'
[    0.785727] Loaded X.509 cert 'Canonical Ltd. Secure Boot Signing (2021 v1): a8d54bbb3825cfb94fa13c9f8a594a195c107b8d'
[    0.786706] Loaded X.509 cert 'Canonical Ltd. Secure Boot Signing (2021 v2): 4cf046892d6fd3c9a5b03f98d845f90851dc6a8c'
[    0.787688] Loaded X.509 cert 'Canonical Ltd. Secure Boot Signing (2021 v3): 100437bb6de6e469b581e61cd66bce3ef4ed53af'
[    0.788662] Loaded X.509 cert 'Canonical Ltd. Secure Boot Signing (Ubuntu Core 2019): c1d57b8f6b743f23ee41f4f7ee292f06eecadfb9'
[    0.802580] Key type .fscrypt registered
[    0.802931] Key type fscrypt-provisioning registered
[    0.851952] Key type encrypted registered
[    0.852329] AppArmor: AppArmor sha1 policy hashing enabled
[    0.853589] ima: secureboot mode disabled
[    0.853957] ima: No TPM chip found, activating TPM-bypass!
[    0.854496] Loading compiled-in module X.509 certificates
[    0.856939] Loaded X.509 cert 'Build time autogenerated kernel key: 5cc52cdc086f55b317420bbda770f3d98816c38b'
[    0.857812] ima: Allocated hash algorithm: sha256
[    0.858255] ima: No architecture policies found
[    0.858694] evm: Initialising EVM extended attributes:
[    0.859148] evm: security.selinux
[    0.859442] evm: security.SMACK64
[    0.859736] evm: security.SMACK64EXEC
[    0.860061] evm: security.SMACK64TRANSMUTE
[    0.860423] evm: security.SMACK64MMAP
[    0.860747] evm: security.apparmor
[    0.861049] evm: security.ima
[    0.861313] evm: security.capability
[    0.861629] evm: HMAC attrs: 0x1
[    0.906678] clk: Disabling unused clocks
[    0.907750] dw-apb-uart feb50000.serial: forbid DMA for kernel console
[    0.914606] Freeing unused kernel memory: 11968K
[    0.988769] Checked W+X mappings: passed, no W+X pages found
[    0.989294] Run /init as init process
Loading, please wait...
Starting systemd-udevd version 253.5-1ubuntu7
[    2.093089] i2c 2-0011: Fixed dependency cycle(s) with /i2s@fe470000/port/endpoint
[    2.165839] dma-pl330 fea10000.dma-controller: Loaded driver for PL330 DMAC-241330
[    2.166550] dma-pl330 fea10000.dma-controller: 	DBUFF-128x8bytes Num_Chans-8 Num_Peri-32 Num_Events-16
[    2.178051] dma-pl330 fea30000.dma-controller: Loaded driver for PL330 DMAC-241330
[    2.178761] dma-pl330 fea30000.dma-controller: 	DBUFF-128x8bytes Num_Chans-8 Num_Peri-32 Num_Events-16
[    2.180219] Synopsys Designware Multimedia Card Interface Driver
[    2.216738] gpio gpiochip0: Static allocation of GPIO base is deprecated, use dynamic allocation.
[    2.220551] sdhci: Secure Digital Host Controller Interface driver
[    2.221107] sdhci: Copyright(c) Pierre Ossman
[    2.236275] sdhci-pltfm: SDHCI platform and OF driver helper
[    2.237430] rockchip-gpio fd8a0000.gpio: probed /pinctrl/gpio@fd8a0000
[    2.238220] gpio gpiochip1: Static allocation of GPIO base is deprecated, use dynamic allocation.
[    2.242818] spi spi2.0: Fixed dependency cycle(s) with /spi@feb20000/pmic@0/regulators/dcdc-reg7
[    2.254555] spi spi2.0: Fixed dependency cycle(s) with /spi@feb20000/pmic@0/dvs3-null-pins
[    2.255307] spi spi2.0: Fixed dependency cycle(s) with /spi@feb20000/pmic@0/dvs2-null-pins
[    2.256048] spi spi2.0: Fixed dependency cycle(s) with /spi@feb20000/pmic@0/dvs1-null-pins
[    2.269122] rockchip-gpio fec20000.gpio: probed /pinctrl/gpio@fec20000
[    2.288344] gpio gpiochip2: Static allocation of GPIO base is deprecated, use dynamic allocation.
[    2.314343] mmc0: SDHCI controller on fe2e0000.mmc [fe2e0000.mmc] using ADMA
[    2.316483] dma-pl330 fed10000.dma-controller: Loaded driver for PL330 DMAC-241330
[    2.317161] dma-pl330 fed10000.dma-controller: 	DBUFF-128x8bytes Num_Chans-8 Num_Peri-32 Num_Events-16
[    2.318970] rockchip-gpio fec30000.gpio: probed /pinctrl/gpio@fec30000
[    2.319742] gpio gpiochip3: Static allocation of GPIO base is deprecated, use dynamic allocation.
[    2.336026] rockchip-gpio fec40000.gpio: probed /pinctrl/gpio@fec40000
[    2.349471] gpio gpiochip4: Static allocation of GPIO base is deprecated, use dynamic allocation.
[    2.370059] rockchip-gpio fec50000.gpio: probed /pinctrl/gpio@fec50000
[    2.405119] ohci-platform fc840000.usb: Generic Platform OHCI controller
[    2.407981] ohci-platform fc840000.usb: new USB bus registered, assigned bus number 1
[    2.408766] ohci-platform fc840000.usb: irq 48, io mem 0xfc840000
[    2.424694] mmc0: new HS400 Enhanced strobe MMC card at address 0001
[    2.429302] ehci-platform fc800000.usb: EHCI Host Controller
[    2.429868] ehci-platform fc800000.usb: new USB bus registered, assigned bus number 2
[    2.431228] ehci-platform fc800000.usb: irq 49, io mem 0xfc800000
[    2.450441] ehci-platform fc800000.usb: USB 2.0 started, EHCI 1.00
[    2.460007] usb usb2: New USB device found, idVendor=1d6b, idProduct=0002, bcdDevice= 6.06
[    2.460790] usb usb2: New USB device strings: Mfr=3, Product=2, SerialNumber=1
[    2.461449] usb usb2: Product: EHCI Host Controller
[    2.461897] usb usb2: Manufacturer: Linux 6.6.0-14-generic ehci_hcd
[    2.462554] usb usb2: SerialNumber: fc800000.usb
[    2.478345] mmcblk0: mmc0:0001 ARV11X 58.3 GiB
[    2.483491] ehci-platform fc880000.usb: EHCI Host Controller
[    2.483741] rockchip-dw-pcie a40000000.pcie: host bridge /pcie@fe150000 ranges:
[    2.484841] rockchip-dw-pcie a40000000.pcie:       IO 0x00f0100000..0x00f01fffff -> 0x00f0100000
[    2.485626] rockchip-dw-pcie a40000000.pcie:      MEM 0x00f0200000..0x00f0ffffff -> 0x00f0200000
[    2.486444] rockchip-dw-pcie a40000000.pcie:      MEM 0x0900000000..0x093fffffff -> 0x0040000000
[    2.494765] rockchip-dw-pcie a40000000.pcie: iATU: unroll T, 8 ob, 8 ib, align 64K, limit 8G
[    2.569233]  mmcblk0: p1 p2 p3 p4 p5 p6 p7
[    2.572485] hub 2-0:1.0: USB hub found
[    2.573148] hub 2-0:1.0: 1 port detected
[    2.582363] usb usb1: New USB device found, idVendor=1d6b, idProduct=0001, bcdDevice= 6.06
[    2.582594] fan53555-regulator 0-0043: FAN53555 Option[10] Rev[1] Detected!
[    2.583088] fan53555-regulator 0-0042: FAN53555 Option[10] Rev[1] Detected!
[    2.583095] usb usb1: New USB device strings: Mfr=3, Product=2, SerialNumber=1
[    2.583100] usb usb1: Product: Generic Platform OHCI controller
[    2.583105] usb usb1: Manufacturer: Linux 6.6.0-14-generic ohci_hcd
[    2.583109] usb usb1: SerialNumber: fc840000.usb
[    2.601099] hub 1-0:1.0: USB hub found
[    2.601662] hub 1-0:1.0: 1 port detected
[    2.612583] mmcblk0boot0: mmc0:0001 ARV11X 4.00 MiB
[    2.617125] ehci-platform fc880000.usb: new USB bus registered, assigned bus number 3
[    2.617973] ehci-platform fc880000.usb: irq 50, io mem 0xfc880000
[    2.628452] rtc-hym8563 1-0051: no valid clock/calendar values available
[    2.630781] mmcblk0boot1: mmc0:0001 ARV11X 4.00 MiB
[    2.633096] rtc-hym8563 1-0051: registered as rtc0
[    2.633850] mmcblk0rpmb: mmc0:0001 ARV11X 4.00 MiB, chardev (238:0)
[    2.634364] ehci-platform fc880000.usb: USB 2.0 started, EHCI 1.00
[    2.634965] rtc-hym8563 1-0051: no valid clock/calendar values available
[    2.635559] rtc-hym8563 1-0051: hctosys: unable to read the hardware clock
[    2.636465] usb usb3: New USB device found, idVendor=1d6b, idProduct=0002, bcdDevice= 6.06
[    2.637199] usb usb3: New USB device strings: Mfr=3, Product=2, SerialNumber=1
[    2.637835] usb usb3: Product: EHCI Host Controller
[    2.638267] usb usb3: Manufacturer: Linux 6.6.0-14-generic ehci_hcd
[    2.638828] usb usb3: SerialNumber: fc880000.usb
[    2.639774] hub 3-0:1.0: USB hub found
[    2.640229] hub 3-0:1.0: 1 port detected
[    2.714506] rk808-regulator rk808-regulator.2.auto: there is no dvs0 gpio
[    2.715176] rk808-regulator rk808-regulator.2.auto: there is no dvs1 gpio
[    2.724586] vdd_2v0_pldo_s3: Bringing 1975000uV into 2000000-2000000uV
[    2.726707] vcc_3v3_s3: Bringing 3275000uV into 3300000-3300000uV
[    2.729484] vcc_1v8_s3: Bringing 1775000uV into 1800000-1800000uV
[    2.910510] usb 3-1: new high-speed USB device number 2 using ehci-platform
[    3.068190] usb 3-1: New USB device found, idVendor=048d, idProduct=1234, bcdDevice= 1.00
[    3.068921] usb 3-1: New USB device strings: Mfr=1, Product=2, SerialNumber=3
[    3.069551] usb 3-1: Product: UDisk           
[    3.069946] usb 3-1: Manufacturer: General 
[    3.070330] usb 3-1: SerialNumber: Р
[    3.083972] usb-storage 3-1:1.0: USB Mass Storage device detected
[    3.085589] scsi host0: usb-storage 3-1:1.0
[    3.086562] usbcore: registered new interface driver usb-storage
[    3.091766] usbcore: registered new interface driver uas
[    3.602885] rockchip-dw-pcie a40000000.pcie: Phy link never came up
[    3.603714] rockchip-dw-pcie a40000000.pcie: PCI host bridge to bus 0000:00
[    3.604342] pci_bus 0000:00: root bus resource [bus 00-0f]
[    3.604830] pci_bus 0000:00: root bus resource [io  0x0000-0xfffff] (bus address [0xf0100000-0xf01fffff])
[    3.605671] pci_bus 0000:00: root bus resource [mem 0xf0200000-0xf0ffffff]
[    3.606278] pci_bus 0000:00: root bus resource [mem 0x900000000-0x93fffffff] (bus address [0x40000000-0x7fffffff])
[    3.607240] pci 0000:00:00.0: [1d87:3588] type 01 class 0x060400
[    3.607780] pci 0000:00:00.0: reg 0x10: [mem 0x00000000-0x3fffffff]
[    3.608336] pci 0000:00:00.0: reg 0x14: [mem 0x00000000-0x3fffffff]
[    3.608892] pci 0000:00:00.0: reg 0x38: [mem 0x00000000-0x0000ffff pref]
[    3.609538] pci 0000:00:00.0: supports D1 D2
[    3.609917] pci 0000:00:00.0: PME# supported from D0 D1 D3hot
[    3.613007] pci_bus 0000:01: busn_res: can not insert [bus 01-ff] under [bus 00-0f] (conflicts with (null) [bus 00-0f])
[    3.614053] pci 0000:00:00.0: BAR 0: assigned [mem 0x900000000-0x93fffffff]
[    3.614680] pci 0000:00:00.0: BAR 1: no space for [mem size 0x40000000]
[    3.615264] pci 0000:00:00.0: BAR 1: failed to assign [mem size 0x40000000]
[    3.615878] pci 0000:00:00.0: BAR 6: assigned [mem 0xf0200000-0xf020ffff pref]
[    3.616516] pci 0000:00:00.0: PCI bridge to [bus 01-ff]
[    3.619046] pcieport 0000:00:00.0: PME: Signaling with IRQ 79
[    3.620254] pcieport 0000:00:00.0: AER: enabled with IRQ 80
[    3.623581] ohci-platform fc8c0000.usb: Generic Platform OHCI controller
[    3.623952] dwmmc_rockchip fe2d0000.mmc: IDMAC supports 32-bit address mode.
[    3.624392] dwmmc_rockchip fe2c0000.mmc: IDMAC supports 32-bit address mode.
[    3.624553] rockchip-dw-pcie a40800000.pcie: host bridge /pcie@fe170000 ranges:
[    3.624592] rockchip-dw-pcie a40800000.pcie:       IO 0x00f2100000..0x00f21fffff -> 0x00f2100000
[    3.624646] rockchip-dw-pcie a40800000.pcie:      MEM 0x00f2200000..0x00f2ffffff -> 0x00f2200000
[    3.624664] rockchip-dw-pcie a40800000.pcie:      MEM 0x0980000000..0x09bfffffff -> 0x0040000000
[    3.624736] ohci-platform fc8c0000.usb: new USB bus registered, assigned bus number 4
[    3.624814] dwmmc_rockchip fe2d0000.mmc: Using internal DMA controller.
[    3.624923] ohci-platform fc8c0000.usb: irq 81, io mem 0xfc8c0000
[    3.624956] rockchip-dw-pcie a40800000.pcie: iATU: unroll T, 8 ob, 8 ib, align 64K, limit 8G
[    3.625424] dwmmc_rockchip fe2c0000.mmc: Using internal DMA controller.
[    3.626049] dwmmc_rockchip fe2d0000.mmc: Version ID is 270a
[    3.626833] dwmmc_rockchip fe2c0000.mmc: Version ID is 270a
[    3.627619] dwmmc_rockchip fe2d0000.mmc: DW MMC controller at irq 82,32 bit host data width,256 deep fifo
[    3.628387] dwmmc_rockchip fe2c0000.mmc: DW MMC controller at irq 83,32 bit host data width,256 deep fifo
[    3.629451] mmc_host mmc2: card is non-removable.
[    3.630097] dwmmc_rockchip fe2c0000.mmc: Got CD GPIO
[    3.642573] mmc_host mmc2: Bus speed (slot 0) = 400000Hz (slot req 400000Hz, actual 400000HZ div = 0)
[    3.646565] mmc_host mmc1: Bus speed (slot 0) = 400000Hz (slot req 400000Hz, actual 400000HZ div = 0)
[    3.679047] mmc_host mmc2: Bus speed (slot 0) = 300000Hz (slot req 300000Hz, actual 300000HZ div = 0)
[    3.686846] usb usb4: New USB device found, idVendor=1d6b, idProduct=0001, bcdDevice= 6.06
[    3.687608] usb usb4: New USB device strings: Mfr=3, Product=2, SerialNumber=1
[    3.688267] usb usb4: Product: Generic Platform OHCI controller
[    3.688807] usb usb4: Manufacturer: Linux 6.6.0-14-generic ohci_hcd
[    3.689377] usb usb4: SerialNumber: fc8c0000.usb
[    3.690764] hub 4-0:1.0: USB hub found
[    3.691175] hub 4-0:1.0: 1 port detected
[    3.718555] mmc_host mmc2: Bus speed (slot 0) = 200000Hz (slot req 200000Hz, actual 200000HZ div = 0)
[    3.761437] mmc_host mmc2: Bus speed (slot 0) = 187500Hz (slot req 187500Hz, actual 187500HZ div = 0)
[    3.792488] mmc2: Failed to initialize a non-removable card
[    3.834604] rockchip-dw-pcie a40800000.pcie: PCIe Gen.2 x1 link up
[    3.835757] rockchip-dw-pcie a40800000.pcie: PCI host bridge to bus 0002:20
[    3.836375] pci_bus 0002:20: root bus resource [bus 20-2f]
[    3.836864] pci_bus 0002:20: root bus resource [io  0x100000-0x1fffff] (bus address [0xf2100000-0xf21fffff])
[    3.837727] pci_bus 0002:20: root bus resource [mem 0xf2200000-0xf2ffffff]
[    3.838359] pci_bus 0002:20: root bus resource [mem 0x980000000-0x9bfffffff] (bus address [0x40000000-0x7fffffff])
[    3.839287] pci 0002:20:00.0: [1d87:3588] type 01 class 0x060400
[    3.839830] pci 0002:20:00.0: reg 0x38: [mem 0x00000000-0x0000ffff pref]
[    3.840464] pci 0002:20:00.0: supports D1 D2
[    3.840843] pci 0002:20:00.0: PME# supported from D0 D1 D3hot
[    3.843925] pci 0002:20:00.0: Primary bus is hard wired to 0
[    3.844427] pci 0002:20:00.0: bridge configuration invalid ([bus 01-ff]), reconfiguring
[    3.845284] pci 0002:21:00.0: [10ec:8125] type 00 class 0x020000
[    3.845868] pci 0002:21:00.0: reg 0x10: [io  0x0000-0x00ff]
[    3.846437] pci 0002:21:00.0: reg 0x18: [mem 0x00000000-0x0000ffff 64bit]
[    3.847077] pci 0002:21:00.0: reg 0x20: [mem 0x00000000-0x00003fff 64bit]
[    3.848063] pci 0002:21:00.0: supports D1 D2
[    3.848441] pci 0002:21:00.0: PME# supported from D0 D1 D2 D3hot D3cold
[    3.858663] pci_bus 0002:21: busn_res: [bus 21-2f] end is updated to 21
[    3.859272] pci 0002:20:00.0: BAR 14: assigned [mem 0xf2200000-0xf22fffff]
[    3.859882] pci 0002:20:00.0: BAR 6: assigned [mem 0xf2300000-0xf230ffff pref]
[    3.860521] pci 0002:20:00.0: BAR 13: assigned [io  0x100000-0x100fff]
[    3.861100] pci 0002:21:00.0: BAR 2: assigned [mem 0xf2200000-0xf220ffff 64bit]
[    3.861779] pci 0002:21:00.0: BAR 4: assigned [mem 0xf2210000-0xf2213fff 64bit]
[    3.862470] pci 0002:21:00.0: BAR 0: assigned [io  0x100000-0x1000ff]
[    3.863048] pci 0002:20:00.0: PCI bridge to [bus 21]
[    3.863488] pci 0002:20:00.0:   bridge window [io  0x100000-0x100fff]
[    3.864062] pci 0002:20:00.0:   bridge window [mem 0xf2200000-0xf22fffff]
[    3.871086] pcieport 0002:20:00.0: PME: Signaling with IRQ 95
[    3.871984] pcieport 0002:20:00.0: AER: enabled with IRQ 96
[    3.872748] r8169 0002:21:00.0: enabling device (0000 -> 0003)
[    3.903979] r8169 0002:21:00.0 eth0: RTL8125B, f6:75:99:ea:fe:1a, XID 641, IRQ 97
[    3.904657] r8169 0002:21:00.0 eth0: jumbo features [frames: 9194 bytes, tx checksumming: ko]
[    3.908349] rockchip-dw-pcie a41000000.pcie: host bridge /pcie@fe190000 ranges:
[    3.909026] rockchip-dw-pcie a41000000.pcie:       IO 0x00f4100000..0x00f41fffff -> 0x00f4100000
[    3.909039] rockchip-dw-pcie a41000000.pcie:      MEM 0x00f4200000..0x00f4ffffff -> 0x00f4200000
[    3.909046] rockchip-dw-pcie a41000000.pcie:      MEM 0x0a00000000..0x0a3fffffff -> 0x0040000000
[    3.909223] rockchip-dw-pcie a41000000.pcie: iATU: unroll T, 8 ob, 8 ib, align 64K, limit 8G
[    3.942752] r8169 0002:21:00.0 enP2p33s0: renamed from eth0
[    4.100175] scsi 0:0:0:0: Direct-Access     General  UDisk            5.00 PQ: 0 ANSI: 2
[    4.101811] sd 0:0:0:0: Attached scsi generic sg0 type 0
[    4.103413] sd 0:0:0:0: [sda] 61440000 512-byte logical blocks: (31.5 GB/29.3 GiB)
[    4.104780] sd 0:0:0:0: [sda] Write Protect is off
[    4.106393] sd 0:0:0:0: [sda] No Caching mode page found
[    4.106922] sd 0:0:0:0: [sda] Assuming drive cache: write through
[    4.114452] rockchip-dw-pcie a41000000.pcie: PCIe Gen.2 x1 link up
[    4.115326] rockchip-dw-pcie a41000000.pcie: PCI host bridge to bus 0004:40
[    4.115994] pci_bus 0004:40: root bus resource [bus 40-4f]
[    4.116507] pci_bus 0004:40: root bus resource [io  0x200000-0x2fffff] (bus address [0xf4100000-0xf41fffff])
[    4.117395] pci_bus 0004:40: root bus resource [mem 0xf4200000-0xf4ffffff]
[    4.118033] pci_bus 0004:40: root bus resource [mem 0xa00000000-0xa3fffffff] (bus address [0x40000000-0x7fffffff])
[    4.119069] pci 0004:40:00.0: [1d87:3588] type 01 class 0x060400
[    4.119646] pci 0004:40:00.0: reg 0x38: [mem 0x00000000-0x0000ffff pref]
Begin: Loading essential drivers ... [    4.120334] pci 0004:40:00.0: supports D1 D2
[    4.120913] pci 0004:40:00.0: PME# supported from D0 D1 D3hot
[    4.127836] pci 0004:40:00.0: Primary bus is hard wired to 0
[    4.128371] pci 0004:40:00.0: bridge configuration invalid ([bus 01-ff]), reconfiguring
[    4.129427] pci 0004:41:00.0: [10ec:8125] type 00 class 0x020000
[    4.130047] pci 0004:41:00.0: reg 0x10: [io  0x0000-0x00ff]
[    4.130660] pci 0004:41:00.0: reg 0x18: [mem 0x00000000-0x0000ffff 64bit]
[    4.131328] pci 0004:41:00.0: reg 0x20: [mem 0x00000000-0x00003fff 64bit]
[    4.132394] pci 0004:41:00.0: supports D1 D2
[    4.132790] pci 0004:41:00.0: PME# supported from D0 D1 D2 D3hot D3cold
[    4.146579] pci_bus 0004:41: busn_res: [bus 41-4f] end is updated to 41
[    4.147226] pci 0004:40:00.0: BAR 14: assigned [mem 0xf4200000-0xf42fffff]
[    4.147859] pci 0004:40:00.0: BAR 6: assigned [mem 0xf4300000-0xf430ffff pref]
[    4.148522] pci 0004:40:00.0: BAR 13: assigned [io  0x200000-0x200fff]
[    4.149127] pci 0004:41:00.0: BAR 2: assigned [mem 0xf4200000-0xf420ffff 64bit]
[    4.149835] pci 0004:41:00.0: BAR 4: assigned [mem 0xf4210000-0xf4213fff 64bit]
[    4.150576] pci 0004:41:00.0: BAR 0: assigned [io  0x200000-0x2000ff]
[    4.151179] pci 0004:40:00.0: PCI bridge to [bus 41]
[    4.151638] pci 0004:40:00.0:   bridge window [io  0x200000-0x200fff]
[    4.152227] pci 0004:40:00.0:   bridge window [mem 0xf4200000-0xf42fffff]
[    4.157998] pcieport 0004:40:00.0: PME: Signaling with IRQ 108
[    4.159418] pcieport 0004:40:00.0: AER: enabled with IRQ 109
[    4.161035] r8169 0004:41:00.0: enabling device (0000 -> 0003)
[    4.163351]  sda: sda1 sda2 sda3
[    4.165178] sd 0:0:0:0: [sda] Attached SCSI removable disk
[    4.183748] r8169 0004:41:00.0 eth0: RTL8125B, f6:75:99:ea:fe:1b, XID 641, IRQ 110
[    4.184471] r8169 0004:41:00.0 eth0: jumbo features [frames: 9194 bytes, tx checksumming: ko]
[    4.226435] r8169 0004:41:00.0 enP4p65s0: renamed from eth0
[    4.294469] raid6: neonx8   gen()  1529 MB/s
[    4.362430] raid6: neonx4   gen()  1500 MB/s
[    4.430397] raid6: neonx2   gen()  1464 MB/s
[    4.498472] raid6: neonx1   gen()  1273 MB/s
[    4.566499] raid6: int64x8  gen()   918 MB/s
[    4.634461] raid6: int64x4  gen()  1079 MB/s
[    4.702473] raid6: int64x2  gen()  1009 MB/s
[    4.770474] raid6: int64x1  gen()   783 MB/s
[    4.770871] raid6: using algorithm neonx8 gen() 1529 MB/s
[    4.838466] raid6: .... xor() 1133 MB/s, rmw enabled
[    4.838926] raid6: using neon recovery algorithm
[    4.845459] xor: measuring software checksum speed
[    4.847760]    8regs           :  5411 MB/sec
[    4.849981]    32regs          :  5370 MB/sec
[    4.851784]    arm64_neon      :  6999 MB/sec
[    4.852170] xor: using function: arm64_neon (6999 MB/sec)
[    4.856106] async_tx: api initialized (async)
done.
Begin: Running /scripts/init-premount ... done.
Begin: Mounting root file system ... Begin: Running /scripts/nfs-top ... done.
Begin: Running /scripts/nfs-premount ... done.
[    5.708762] evict_inodes inode (____ptrval____), i_count = 1, was skipped!
[    5.709416] evict_inodes inode (____ptrval____), i_count = 1, was skipped!
Begin: Running /scripts/casper-premount ... done.
done.
[    6.500957] loop0: detected capacity change from 0 to 284904
[    6.570029] loop1: detected capacity change from 0 to 721032
[    6.639276] loop2: detected capacity change from 0 to 857912
[    6.706834] loop3: detected capacity change from 0 to 332760
[    6.744114] overlayfs: null uuid detected in lower fs '/', falling back to xino=off,index=off,nfs_export=off.
done.
Begin: Creating debconf-communicate fifo mechanism ... done.
Begin: Running /scripts/casper-bottom ... Begin: Moving mount points... ... done.
Begin: Configuring fstab... ... done.
Begin: Setting up locales... ... done.
Begin: Setting up automatic login... ... done.
Begin: Setting hostname... ... done.
Begin: Setting up console keyboard... ... [    8.318440] random: crng init done
done.
Begin: Applying desktop settings... ... done.
Begin: Regenerating SSL certificate... ... done.
Begin: Loading preseed file... ... done.
Begin: Adding live session user... ... passwd: password changed.
done.
Begin: Setting up init... ... done.
[   14.051496] platform a40c00000.pcie: deferred probe pending
Begin: Configuring accessibility options... ... done.
Begin: Disabling update-notifier... ... done.
Begin: Enabling detection of crashes... ... done.
Begin: Disabling unnecessary KDE services... ... done.
Begin: Disabling the lock screen for LXQt (LP: #2000787)... ... done.
Begin: Adding APT-CDROM source... ... Using CD-ROM mount point /cdrom/
Identifying... [a003e873732998c4c98648d621fa0a7b-2]
Scanning disc for index files...
Found 2 package indexes, 0 source indexes, 0 translation indexes and 1 signatures
Found label 'Ubuntu-Server 24.04 LTS _Noble Numbat_ - Daily arm64 (20240125)'
This disc is called: 
'Ubuntu-Server 24.04 LTS _Noble Numbat_ - Daily arm64 (20240125)'
Copying package lists...gpgv: Signature made Thu Jan 25 08:15:11 2024 UTC
gpgv:                using RSA key 843938DF228D22F7B3742BC0D94AA3F0EFE21092
gpgv: key D94AA3F0EFE21092 was created 15471 days in the future (time warp or clock problem)
gpgv: key D94AA3F0EFE21092 was created 15471 days in the future (time warp or clock problem)
gpgv: key D94AA3F0EFE21092 was created 15471 days in the future (time warp or clock problem)
gpgv: Good signature from "Ubuntu CD Image Automatic Signing Key (2012) <cdimage@ubuntu.com>"
Reading Package Indexes... 0%Reading Package Indexes... Done
Writing new source list
Source list entries for this disc are:
deb cdrom:[Ubuntu-Server 24.04 LTS _Noble Numbat_ - Daily arm64 (20240125)]/ noble main restricted
Repeat this process for the rest of the CDs in your set.
done.
Begin: Possibly disabling update-initramfs (useless on a live CD)... ... done.
Begin: Grant administrative PolicyKit privileges to default user... ... done.
Begin: Configuring jackd2... ... done.
Begin: Disabling gnome-initial-setup... ... chown: warning: '.' should be ':': 'ubuntu-server.ubuntu-server'
done.
Begin: Disabling security unattended-upgrades... ... done.
Begin: Disabling snap refresh... ... done.
Begin: Overriding 71-nvidia.rules... ... done.
Begin: Configuring pollinate... ... done.
Begin: Setting up networking for ubuntu-server... ... done.
Begin: Disabling ibus-mozc auto setup... ... chown: warning: '.' should be ':': 'ubuntu-server.ubuntu-server'
done.
Begin: Set up the installer log directory for adm users... ... done.
Begin: Tweaks for the desktop image... ... done.
done.
Begin: Running /scripts/nfs-bottom ... done.
Begin: Running /scripts/init-bottom ... [   17.090764] loop4: detected capacity change from 0 to 284904
[   17.097865] loop5: detected capacity change from 0 to 721032
[   17.105371] overlayfs: "xino" feature enabled using 32 upper inode bits.
done.
[   18.047538] systemd[1]: System time before build time, advancing clock.
[   18.195818] systemd[1]: Inserted module 'autofs4'
[   18.409563] systemd[1]: systemd 253.5-1ubuntu7 running in system mode (+PAM +AUDIT +SELINUX +APPARMOR +IMA +SMACK +SECCOMP +GCRYPT -GNUTLS +OPENSSL +ACL +BLKID +CURL +ELFUTILS +FIDO2 +IDN2 -IDN +IPTC +KMOD +LIBCRYPTSETUP +LIBFDISK +PCRE2 -PWQUALITY +P11KIT +QRENCODE +TPM2 +BZIP2 +LZ4 +XZ +ZLIB +ZSTD -BPF_FRAMEWORK -XKBCOMMON +UTMP +SYSVINIT default-hierarchy=unified)
[   18.412449] systemd[1]: Detected architecture arm64.

Welcome to Ubuntu Noble Numbat (development branch)!

[   18.425945] systemd[1]: Hostname set to <ubuntu-server>.
[   18.445258] systemd[1]: Initializing machine ID from random generator.
[   18.514873] systemd[1]: memfd_create() called without MFD_EXEC or MFD_NOEXEC_SEAL set
[   19.678566] systemd[1]: /lib/systemd/system/rsyslog.service:24: Failed to parse protect home value, ignoring: readonly
[   19.810191] systemd[1]: Queued start job for default target graphical.target.
[   19.832752] systemd[1]: Created slice system-modprobe.slice - Slice /system/modprobe.
[  OK  ] Created slice system-modprвlice - Slice /system/modprobe.
[   19.847400] systemd[1]: Created slice system-serial\x2dgetty.slice - Slice /system/serial-getty.
[  OK  ] Created slice system-seriaв - Slice /system/serial-getty.
[   19.859209] systemd[1]: Created slice user.slice - User and Session Slice.
[  OK  ] Created slice user.slice - User and Session Slice.
[   19.870762] systemd[1]: Started systemd-ask-password-wall.path - Forward Password Requests to Wall Directory Watch.
[  OK  ] Started systemd-ask-passwoв Requests to Wall Directory Watch.
[   19.883074] systemd[1]: Set up automount proc-sys-fs-binfmt_misc.automount - Arbitrary Executable File Formats File System Automount Point.
[  OK  ] Set up automount proc-sys-вrmats File System Automount Point.
[   19.894633] systemd[1]: Reached target integritysetup.target - Local Integrity Protected Volumes.
[  OK  ] Reached target integrityseвLocal Integrity Protected Volumes.
[   19.906683] systemd[1]: Reached target slices.target - Slice Units.
[  OK  ] Reached target slices.target - Slice Units.
[   19.918612] systemd[1]: Reached target snapd.mounts-pre.target - Mounting snaps.
[  OK  ] Reached target snapd.mounts-pre.target - Mounting snaps.
[   19.930619] systemd[1]: Reached target swap.target - Swaps.
[  OK  ] Reached target swap.target - Swaps.
[   19.932054] systemd[1]: Reached target veritysetup.target - Local Verity Protected Volumes.
[  OK  ] Reached target veritysetupв - Local Verity Protected Volumes.
[   19.942758] systemd[1]: Listening on dm-event.socket - Device-mapper event daemon FIFOs.
[  OK  ] Listening on dm-event.sockв Device-mapper event daemon FIFOs.
[   19.958331] systemd[1]: Listening on lvm2-lvmpolld.socket - LVM2 poll daemon socket.
[  OK  ] Listening on lvm2-lvmpolldвket - LVM2 poll daemon socket.
[   19.970863] systemd[1]: Listening on multipathd.socket - multipathd control socket.
[  OK  ] Listening on multipathd.soвt - multipathd control socket.
[   19.983730] systemd[1]: Listening on syslog.socket - Syslog Socket.
[  OK  ] Listening on syslog.socket - Syslog Socket.
[   19.994752] systemd[1]: Listening on systemd-initctl.socket - initctl Compatibility Named Pipe.
[  OK  ] Listening on systemd-initcв initctl Compatibility Named Pipe.
[   20.009049] systemd[1]: Listening on systemd-journald-dev-log.socket - Journal Socket (/dev/log).
[  OK  ] Listening on systemd-journвt - Journal Socket (/dev/log).
[   20.022961] systemd[1]: Listening on systemd-journald.socket - Journal Socket.
[  OK  ] Listening on systemd-journald.socket - Journal Socket.
[   20.035034] systemd[1]: Listening on systemd-networkd.socket - Network Service Netlink Socket.
[  OK  ] Listening on systemd-netwoв - Network Service Netlink Socket.
[   20.050638] systemd[1]: Listening on systemd-udevd-control.socket - udev Control Socket.
[  OK  ] Listening on systemd-udevdв.socket - udev Control Socket.
[   20.062857] systemd[1]: Listening on systemd-udevd-kernel.socket - udev Kernel Socket.
[  OK  ] Listening on systemd-udevdвl.socket - udev Kernel Socket.
[   20.090739] systemd[1]: Mounting dev-hugepages.mount - Huge Pages File System...
         Mounting dev-hugepages.mount - Huge Pages File System...
[   20.104768] systemd[1]: Mounting dev-mqueue.mount - POSIX Message Queue File System...
         Mounting dev-mqueue.mountPOSIX Message Queue File System...
[   20.116864] systemd[1]: Mounting sys-kernel-debug.mount - Kernel Debug File System...
         Mounting sys-kernel-debug.в - Kernel Debug File System...
[   20.132658] systemd[1]: Mounting sys-kernel-tracing.mount - Kernel Trace File System...
         Mounting sys-kernel-tracinв - Kernel Trace File System...
[   20.150737] systemd[1]: Starting systemd-journald.service - Journal Service...
         Starting systemd-journald.service - Journal Service...
[   20.169243] systemd[1]: Starting keyboard-setup.service - Set the console keyboard layout...
         Starting keyboard-setup.seвSet the console keyboard layout...
[   20.190265] systemd[1]: Starting kmod-static-nodes.service - Create List of Static Device Nodes...
         Starting kmod-static-nodesвate List of Static Device Nodes...
[   20.205032] systemd[1]: Starting lvm2-monitor.service - Monitoring of LVM2 mirrors, snapshots etc. using dmeventd or progress polling...
         Starting lvm2-monitor.servвng dmeventd or progress polling...
[   20.221379] systemd[1]: Starting modprobe@configfs.service - Load Kernel Module configfs...
         Starting modprobe@configfsвm - Load Kernel Module configfs...
[   20.237208] systemd[1]: Starting modprobe@dm_mod.service - Load Kernel Module dm_mod...
         Starting modprobe@dm_mod.sв[0m - Load Kernel Module dm_mod...
[   20.253171] systemd[1]: Starting modprobe@drm.service - Load Kernel Module drm...
         Starting modprobe@drm.service - Load Kernel Module drm...
[   20.269092] systemd[1]: Starting modprobe@efi_pstore.service - Load Kernel Module efi_pstore...
         Starting modprobe@efi_pstoв- Load Kernel Module efi_pstore...
[   20.285150] systemd[1]: Starting modprobe@fuse.service - Load Kernel Module fuse...
         Starting modprobe@fuse.serвe - Load Kernel Module fuse...
[   20.291801] systemd-journald[1000]: Collecting audit messages is disabled.
[   20.305243] systemd[1]: Starting modprobe@loop.service - Load Kernel Module loop...
         Starting modprobe@loop.serвe - Load Kernel Module loop...
[   20.341479] systemd[1]: netplan-ovs-cleanup.service - OpenVSwitch configuration for cleanup was skipped because of an unmet condition check (ConditionFileIsExecutable=/usr/bin/ovs-vsctl).
[   20.410800] systemd[1]: Starting systemd-modules-load.service - Load Kernel Modules...
         Starting systemd-modules-lвrvice - Load Kernel Modules...
[   20.422768] systemd[1]: systemd-pcrmachine.service - TPM2 PCR Machine ID Measurement was skipped because of an unmet condition check (ConditionPathExists=/sys/firmware/efi/efivars/StubPcrKernelImage-4a67b082-0a4c-41cf-b6c7-440b29bb8c4f).
[   20.427378] systemd[1]: Starting systemd-remount-fs.service - Remount Root and Kernel File Systems...
         Starting systemd-remount-fвnt Root and Kernel File Systems...
[   20.441253] systemd[1]: Starting systemd-udev-trigger.service - Coldplug All udev Devices...
         Starting systemd-udev-trigв[0m - Coldplug All udev Devices...
[   20.459382] systemd[1]: Started systemd-journald.service - Journal Service.
[  OK  ] Started systemd-journald.service - Journal Service.
[  OK  ] Mounted dev-hugepages.mount - Huge Pages File System.
[  OK  ] Mounted dev-mqueue.mount- POSIX Message Queue File System.
[  OK  ] Mounted sys-kernel-debug.mвnt - Kernel Debug File System.
[  OK  ] Mounted sys-kernel-tracingвnt - Kernel Trace File System.
[  OK  ] Finished kmod-static-nodesвreate List of Static Device Nodes.
[  OK  ] Finished modprobe@configfsв[0m - Load Kernel Module configfs.
[  OK  ] Finished modprobe@dm_mod.sвe - Load Kernel Module dm_mod.
[  OK  ] Finished modprobe@drm.service - Load Kernel Module drm.
[  OK  ] Finished modprobe@efi_pstoвm - Load Kernel Module efi_pstore.
[  OK  ] Finished modprobe@fuse.service - Load Kernel Module fuse.
[  OK  ] Finished modprobe@loop.service - Load Kernel Module loop.
[  OK  ] Finished systemd-remount-fвount Root and Kernel File Systems.
[  OK  ] Finished keyboard-setup.seв- Set the console keyboard layout.
         Mounting sys-fs-fuse-conneв - FUSE Control File System...
         Mounting sys-kernel-configвernel Configuration File System...
         Starting multipathd.servicвper Multipath Device Controller...
         Starting systemd-journal-fвh Journal to Persistent Storage...
         Starting systemd-random-seв - Load/Save OS Random Seed...
[   20.793179] systemd-journald[1000]: Received client request to flush runtime journal.
         Starting systemd-sysusers.вrvice - Create System Users...
[  OK  ] Finished systemd-modules-lвservice - Load Kernel Modules.
[  OK  ] Mounted sys-fs-fuse-connecвnt - FUSE Control File System.
[  OK  ] Mounted sys-kernel-config.в Kernel Configuration File System.
[  OK  ] Finished systemd-journal-fвush Journal to Persistent Storage.
[  OK  ] Finished systemd-random-seвce - Load/Save OS Random Seed.
         Starting systemd-sysctl.seвce - Apply Kernel Variables...
[  OK  ] Finished lvm2-monitor.servвsing dmeventd or progress polling.
[  OK  ] Finished systemd-sysusers.service - Create System Users.
         Starting systemd-tmpfiles-вate Static Device Nodes in /dev...
[  OK  ] Finished systemd-sysctl.service - Apply Kernel Variables.
[  OK  ] Started multipathd.serviceвapper Multipath Device Controller.
[  OK  ] Finished systemd-udev-trigвe - Coldplug All udev Devices.
[  OK  ] Finished systemd-tmpfiles-вreate Static Device Nodes in /dev.
[  OK  ] Reached target local-fs-prвreparation for Local File Systems.
         Starting systemd-udevd.serвger for Device Events and Files...
[  OK  ] Started systemd-udevd.servвnager for Device Events and Files.
         Mounting snap.mount - в directory shares mount events....
         Mounting tmp.mount - /tmp...
[  OK  ] Started systemd-ask-passwoвquests to Console Directory Watch.
[  OK  ] Reached target cryptsetup.вget - Local Encrypted Volumes.
[  OK  ] Mounted snap.mount - Eвap directory shares mount events..
[  OK  ] Mounted tmp.mount - /tmp.
         Mounting snap-core22-1035.в unit for core22, revision 1035...
         Mounting snap-lxd-26202.moвnt unit for lxd, revision 26202...
         Mounting snap-snapd-20674.в unit for snapd, revision 20674...
         Mounting snap-subiquity-54вit for subiquity, revision 5429...
[  OK  ] Mounted snap-core22-1035.mвnt unit for core22, revision 1035.
[  OK  ] Mounted snap-lxd-26202.mouвount unit for lxd, revision 26202.
[  OK  ] Mounted snap-snapd-20674.mвnt unit for snapd, revision 20674.
[  OK  ] Found device dev-ttyS2.device - /dev/ttyS2.
[  OK  ] Mounted snap-subiquity-542вunit for subiquity, revision 5429.
[  OK  ] Reached target snapd.mounts.target - Mounted snaps.
[  OK  ] Reached target local-fs.target - Local File Systems.
         Starting console-setup.serвm - Set console font and keymap...
         Starting finalrd.serviceime dir for shutdown pivot root...
         Starting plymouth-read-wriвmouth To Write Out Runtime Data...
         Starting snapd.apparmor.seвles managed internally by snapd...
         Starting systemd-binfmt.seвet Up Additional Binary Formats...
         Starting systemd-tmpfiles-в Volatile Files and Directories...
         Starting ufw.service - Uncomplicated firewall...
[  OK  ] Finished console-setup.serв[0m - Set console font and keymap.
[  OK  ] Finished finalrd.servicentime dir for shutdown pivot root.
[  OK  ] Finished ufw.service - Uncomplicated firewall.
         Mounting proc-sys-fs-binfmвutable File Formats File System...
[  OK  ] Finished plymouth-read-wriвlymouth To Write Out Runtime Data.
[  OK  ] Finished systemd-tmpfiles-вte Volatile Files and Directories.
[  OK  ] Mounted proc-sys-fs-binfmtвecutable File Formats File System.
         Starting systemd-resolved.вe - Network Name Resolution...
         Starting systemd-timesyncdв - Network Time Synchronization...
         Starting systemd-update-utвrd System Boot/Shutdown in UTMP...
         Starting cloud-init-local.вcloud-init job (pre-networking)...
[  OK  ] Finished systemd-binfmt.seв Set Up Additional Binary Formats.
[  OK  ] Reached target sound.target - Sound Card.
[  OK  ] Listening on systemd-rfkilвl Switch Status /dev/rfkill Watch.
[  OK  ] Finished systemd-update-utвcord System Boot/Shutdown in UTMP.
[  OK  ] Started systemd-timesyncd.в0m - Network Time Synchronization.
[  OK  ] Reached target time-set.target - System Time Set.
[  OK  ] Started systemd-resolved.sвice - Network Name Resolution.
[  OK  ] Reached target nss-lookup.вm - Host and Network Name Lookups.
[  OK  ] Finished snapd.apparmor.seвfiles managed internally by snapd.
[  OK  ] Finished cloud-init-local.вl cloud-init job (pre-networking).
[  OK  ] Reached target network-preвget - Preparation for Network.
         Starting systemd-networkd.вice - Network Configuration...
[  OK  ] Started systemd-networkd.service - Network Configuration.
[  OK  ] Reached target network.target - Network.
         Starting systemd-networkd-вit for Network to be Configured...
[  OK  ] Finished systemd-networkd-вWait for Network to be Configured.
         Starting cloud-init.servicв job (metadata service crawler)...
[  OK  ] Finished cloud-init.servicвit job (metadata service crawler).
[  OK  ] Reached target cloud-confiвt - Cloud-config availability.
[  OK  ] Reached target network-online.target - Network is Online.
[  OK  ] Reached target sysinit.target - System Initialization.
[  OK  ] Started apt-daily.timer - Daily apt download activities.
[  OK  ] Started apt-daily-upgrade.в apt upgrade and clean activities.
[  OK  ] Started dpkg-db-backup.timв Daily dpkg database backup timer.
[  OK  ] Started e2scrub_all.timeretadata Check for All Filesystems.
[  OK  ] Started fstrim.timer -вsed filesystem blocks once a week.
[  OK  ] Started fwupd-refresh.timeв Refresh fwupd metadata regularly.
[  OK  ] Started logrotate.timer - Daily rotation of log files.
[  OK  ] Started man-db.timer - Daily man-db regeneration.
[  OK  ] Started motd-news.timer - Message of the Day.
[  OK  ] Started systemd-tmpfiles-cв Cleanup of Temporary Directories.
[  OK  ] Started update-notifier-doвat failed at package install time.
[  OK  ] Started update-notifier-moвa new version of Ubuntu available.
[  OK  ] Reached target paths.target - Path Units.
[  OK  ] Reached target timers.target - Timer Units.
[  OK  ] Listening on cloud-init-hoв - cloud-init hotplug hook socket.
[  OK  ] Listening on dbus.socket- D-Bus System Message Bus Socket.
[  OK  ] Listening on iscsid.socket - Open-iSCSI iscsid Socket.
         Starting snapd.socket вet activation for snappy daemon...
[  OK  ] Listening on ssh.socketpenBSD Secure Shell server socket.
[  OK  ] Listening on uuidd.socketm - UUID daemon activation socket.
[  OK  ] Reached target remote-fs-pвeparation for Remote File Systems.
[  OK  ] Reached target remote-fs.target - Remote File Systems.
[  OK  ] Finished blk-availability.вm - Availability of block devices.
[  OK  ] Listening on snapd.socketcket activation for snappy daemon.
[  OK  ] Reached target sockets.target - Socket Units.
[  OK  ] Reached target basic.target - Basic System.
         Starting apport.servicetomatic crash report generation...
[  OK  ] Started cron.service -вkground program processing daemon.
         Starting dbus.service - D-Bus System Message Bus...
[  OK  ] Started dmesg.service вnitial kernel messages after boot.
         Starting e2scrub_reap.servвe ext4 Metadata Check Snapshots...
[  OK  ] Started irqbalance.service - irqbalance daemon.
         Starting polkit.service - Authorization Manager...
         Starting pollinate.serviceв pseudo random number generator...
         Starting rsyslog.service - System Logging Service...
[  OK  ] Started snapd.aa-prompt-liвrspace listener for prompt events.
[  OK  ] Reached target getty-pre.target - Preparation for Logins.
         Starting snapd.service - Snap Daemon...
         Starting systemd-logind.seвice - User Login Management...
         Starting systemd-user-sessвvice - Permit User Sessions...
         Starting udisks2.service - Disk Manager...
[  OK  ] Started dbus.service - D-Bus System Message Bus.
[  OK  ] Finished e2scrub_reap.servвine ext4 Metadata Check Snapshots.
[  OK  ] Finished systemd-user-sessвervice - Permit User Sessions.
         Starting plymouth-quit-waiв until boot process finishes up...
         Starting plymouth-quit.serв Terminate Plymouth Boot Screen...
[  OK  ] Finished plymouth-quit-waiвld until boot process finishes up.
[  OK  ] Finished plymouth-quit.serв - Terminate Plymouth Boot Screen.
[  OK  ] Started serial-getty@ttyS2вinstaller for Ubuntu Server ttyS2.
[  OK  ] Reached target getty.target - Login Prompts.
         Starting setvtrgb.service - Set console scheme...
[  OK  ] Started systemd-logind.service - User Login Management.
[  OK  ] Started unattended-upgradeв0m - Unattended Upgrades Shutdown.
[  OK  ] Finished setvtrgb.service - Set console scheme.
[  OK  ] Started polkit.service - Authorization Manager.
         Starting ModemManager.service - Modem Manager...
[  OK  ] Started ModemManager.service - Modem Manager.
[  OK  ] Started udisks2.service - Disk Manager.
[  OK  ] Started rsyslog.service - System Logging Service.
[  OK  ] Finished apport.serviceautomatic crash report generation.
[  OK  ] Finished pollinate.serviceвhe pseudo random number generator.

Ubuntu Noble Numbat (development branch) ubuntu-server ttyS2


connecting...  -\|/- 
waiting for cloud-init...  -\|/-\|/-\|/-\|/-\|/-\|/-\|/-\|/-\|/-\|/-\|/-\|/-\|/-\|/-\| 
