UEFI firmware (version  built at 09:55:27 on Jul 28 2023)
[2J[04D[=3h[2J[09D[2J[04D[=3h[2J[09DBdsDxe: loading Boot0001 "UEFI Misc Device" from PciRoot(0x0)/Pci(0x2,0x0)
BdsDxe: starting Boot0001 "UEFI Misc Device" from PciRoot(0x0)/Pci(0x2,0x0)
[0m[30m[47mWelcome to GRUB!

[0m[37m[40merror: no such device: ((hd0,gpt1)/EFI/BOOT)/EFI/BOOT/grub.cfg.
error: serial port `com0' isn't found.
[0m[30m[40m[2J[01;01H[0m[37m[40m[02;30HGNU GRUB  version 2.06

[01C/----------------------------------------------------------------------------\[05;02H|[76C|[06;02H|[76C|[07;02H|[76C|[08;02H|[76C|[09;02H|[76C|[10;02H|[76C|[11;02H|[76C|[12;02H|[76C|[13;02H|[76C|[14;02H|[76C|[15;02H|[76C|[16;02H|[76C|[17;02H|[76C|[18;02H|[76C|[19;02H|[76C|[20;02H|[76C|[21;02H|[76C|[22;02H|[76C|[23;02H|[76C|[24;02H|[76C|[25;02H|[76C|[26;02H|[76C|[27;02H|[76C|[28;02H|[76C|[29;02H|[76C|[30;02H|[76C|[31;02H|[76C|[32;02H|[76C|[33;02H|[76C|[34;02H|[76C|[35;02H|[76C|[36;02H|[76C|[37;02H|[76C|[38;02H|[76C|[39;02H|[76C|[40;02H|[76C|[41;02H|[76C|[42;02H|[76C|[43;02H\----------------------------------------------------------------------------/[44;02H[45;02H     Use the ^ and v keys to select which entry is highlighted.          
      Press enter to boot the selected OS, `e' to edit the commands       
      before booting or `c' for a command-line.                           [05;80H 
[05;03H Linux Boot                                                                 [01D[0m[30m[47m[06;03H*bbr/bsa                                                                    [0m[37m[40m[01D[07;03H SCT for Security Interface Extension (optional)                            [01D[08;03H Linux Boot for Security Interface Extension (optional)                     [01D[09;03H                                                                            [01D[10;03H                                                                            [01D[11;03H                                                                            [01D[12;03H                                                                            [01D[13;03H                                                                            [01D[14;03H                                                                            [01D[15;03H                                                                            [01D[16;03H                                                                            [01D[17;03H                                                                            [01D[18;03H                                                                            [01D[19;03H                                                                            [01D[20;03H                                                                            [01D[21;03H                                                                            [01D[22;03H                                                                            [01D[23;03H                                                                            [01D[24;03H                                                                            [01D[25;03H                                                                            [01D[26;03H                                                                            [01D[27;03H                                                                            [01D[28;03H                                                                            [01D[29;03H                                                                            [01D[30;03H                                                                            [01D[31;03H                                                                            [01D[32;03H                                                                            [01D[33;03H                                                                            [01D[34;03H                                                                            [01D[35;03H                                                                            [01D[36;03H                                                                            [01D[37;03H                                                                            [01D[38;03H                                                                            [01D[39;03H                                                                            [01D[40;03H                                                                            [01D[41;03H                                                                            [01D[42;03H                                                                            [01D[02C 
[06;78H[48;01H   The highlighted entry will be executed automatically in 10s.                [06;78H[48;01H                                                                               [49;01H                                                                               [06;78H[75D bbr/bsa                                                                    [01D[0m[30m[47m[07;03H*SCT for Security Interface Extension (optional)                            [0m[37m[40m[01D[0m[30m[40m[2J[01;01H[0m[37m[40m[0m[30m[40m[2J[04D[0m[37m[40m/EndEntire
file path: /ACPI(a0341d0,0)/PCI(0,2)/HD(1,800,32000,ce33bd392c616e4b,2,2)
/File(\EFI\BOOT)/File(Shell.efi)/EndEntire
[2J[01;01HUEFI Interactive Shell v2.2
EDK II
UEFI v2.70 (EDK II, 0x00010000)
[1m[33m[40mMapping table[0m[37m[40m
[1m[33m[40m      FS0:[0m[37m[40m [1m[37m[40mAlias(s):[0m[37m[40mHD0b:;BLK1:
          PciRoot(0x0)/Pci(0x2,0x0)/HD(1,GPT,39BD33CE-612C-4B6E-A2CB-227C1A0FE56
1,0x800,0x32000)
[1m[33m[40m      FS1:[0m[37m[40m [1m[37m[40mAlias(s):[0m[37m[40mHD0d:;BLK3:
          PciRoot(0x0)/Pci(0x2,0x0)/HD(3,GPT,AD7E1CE3-1748-46C2-BD2D-0203CAA33EB
1,0xFA800,0x19000)
[1m[33m[40m     BLK0:[0m[37m[40m [1m[37m[40mAlias(s):[0m[37m[40m
          PciRoot(0x0)/Pci(0x2,0x0)
[1m[33m[40m     BLK2:[0m[37m[40m [1m[37m[40mAlias(s):[0m[37m[40m
          PciRoot(0x0)/Pci(0x2,0x0)/HD(2,GPT,A711E613-3B60-4285-86F5-9DC61EBCD63
2,0x32800,0xC78F0)
[1m[33m[40m     BLK4:[0m[37m[40m [1m[37m[40mAlias(s):[0m[37m[40m
          PciRoot(0x0)/Pci(0x3,0x0)
[1m[33m[40mShell> [0m[37m[40mecho -off
Press any key to stop the SIE SCT running
Press any key within 5 seconds Press any key within 4 seconds Press any key within 3 seconds Press any key within 2 seconds Press any key within 1 seconds SIE SCT has completed run. Press any key to start SIE SCT execution from the beg
inning. WARNING: Ensure you have backed up the existing logs.
Press any key within 5 seconds - [ok]
Directory '[1m[34m[40mSIE[0m[37m[40m' already exists.
Load support files ...
Load proxy files ...
Load test files ...
Test preparing...
  Remaining test cases: 9
  Runtime services test: VariableAttributes
  Iterations: 1/1
------------------------------------------------------------
Arm ACS Version: SystemReady IR ACS v2.0.0
BBR ACS 1.0.4 (EBBR)
VariableAttributes
Revision 0x00010000
Test Entry Point GUID: E39747C4-22D0-4D52-9C15-3C4EFA80E6C8
Test Support Library GUIDs: 
  1F9C2AE7-F147-4D19-A5E8-255AD005EB3E
  7FD8C38D-7C5C-42FC-B044-3A834A617476
------------------------------------------------------------
UEFI 2.6
Test Configuration #0
------------------------------------------------------------
Verifies Secure Boot variable attributes.
------------------------------------------------------------
Logfile: "\EFI\BOOT\bbr\SCT\Log\RuntimeServicesTest\SecureBootTest0\VariableAttr
ibutes_0_0_E39747C4-22D0-4D52-9C15-3C4EFA80E6C8.log"
Test Started: 08/01/23  09:25a
------------------------------------------------------------
SecureBoot - Verify SecureBoot is enabled  -- PASS
98F4A3F2-D329-4813-B00F-324A22F70D3C
/home/edhcha01/IR2.0/arm-systemready/IR/Yocto/meta-woden/build/tmp/work/armv8a-o
e-linux/ebbr-sct/1.0-r0/edk2-test/SctPkg/TestCase/UEFI/EFI/RuntimeServices/Secur
eBoot/BlackBoxTest/VariableAttributesBBTest.c:136:Status - Success

SecureBoot - Verify SetupMode == 0 -- PASS
42FE7061-7AF6-4EE7-83ED-72BA5024CE83
/home/edhcha01/IR2.0/arm-systemready/IR/Yocto/meta-woden/build/tmp/work/armv8a-o
e-linux/ebbr-sct/1.0-r0/edk2-test/SctPkg/TestCase/UEFI/EFI/RuntimeServices/Secur
eBoot/BlackBoxTest/VariableAttributesBBTest.c:166:Status - Success

SecureBoot - Verify SecureBoot variable attributes -- PASS
1A65C9B2-66AB-4363-A18F-52E12FA200BB
/home/edhcha01/IR2.0/arm-systemready/IR/Yocto/meta-woden/build/tmp/work/armv8a-o
e-linux/ebbr-sct/1.0-r0/edk2-test/SctPkg/TestCase/UEFI/EFI/RuntimeServices/Secur
eBoot/BlackBoxTest/VariableAttributesBBTest.c:194:Status - Buffer Too Small

Attributes=0x6, Expected=0x6

SecureBoot - Verify SetupMode variable attributes -- PASS
83D73DD3-3827-4762-9E4E-C7D865F94F27
/home/edhcha01/IR2.0/arm-systemready/IR/Yocto/meta-woden/build/tmp/work/armv8a-o
e-linux/ebbr-sct/1.0-r0/edk2-test/SctPkg/TestCase/UEFI/EFI/RuntimeServices/Secur
eBoot/BlackBoxTest/VariableAttributesBBTest.c:229:Status - Buffer Too Small

Attributes=0x6, Expected=0x6

SecureBoot - Verify PK variable attributes -- PASS
67BCE6BB-FE72-4E4B-8D81-F37EE7C56402
/home/edhcha01/IR2.0/arm-systemready/IR/Yocto/meta-woden/build/tmp/work/armv8a-o
e-linux/ebbr-sct/1.0-r0/edk2-test/SctPkg/TestCase/UEFI/EFI/RuntimeServices/Secur
eBoot/BlackBoxTest/VariableAttributesBBTest.c:264:Status - Buffer Too Small

Attributes=0x27, Expected=0x27

SecureBoot - Verify KEK variable attributes -- PASS
C465F19A-87A5-46D2-B95F-545A4B382E9B
/home/edhcha01/IR2.0/arm-systemready/IR/Yocto/meta-woden/build/tmp/work/armv8a-o
e-linux/ebbr-sct/1.0-r0/edk2-test/SctPkg/TestCase/UEFI/EFI/RuntimeServices/Secur
eBoot/BlackBoxTest/VariableAttributesBBTest.c:299:Status - Buffer Too Small

Attributes=0x27, Expected=0x27

SecureBoot - Verify DB variable attributes -- PASS
A4C882F4-7392-49BE-950C-5E7A31711A12
/home/edhcha01/IR2.0/arm-systemready/IR/Yocto/meta-woden/build/tmp/work/armv8a-o
e-linux/ebbr-sct/1.0-r0/edk2-test/SctPkg/TestCase/UEFI/EFI/RuntimeServices/Secur
eBoot/BlackBoxTest/VariableAttributesBBTest.c:334:Status - Buffer Too Small

Attributes=0x27, Expected=0x20

SecureBoot - Verify DBX variable attributes -- PASS
BC37E48E-614F-44E1-9D9A-80E56C9B0090
/home/edhcha01/IR2.0/arm-systemready/IR/Yocto/meta-woden/build/tmp/work/armv8a-o
e-linux/ebbr-sct/1.0-r0/edk2-test/SctPkg/TestCase/UEFI/EFI/RuntimeServices/Secur
eBoot/BlackBoxTest/VariableAttributesBBTest.c:369:Status - Buffer Too Small

Attributes=0x27, Expected=0x20


Returned Status Code: Success

VariableAttributes: [PASSED]
  Passes........... 8
  Warnings......... 0
  Errors........... 0
------------------------------------------------------------
UEFI 2.6
Revision 0x00010000
Test Entry Point GUID: E39747C4-22D0-4D52-9C15-3C4EFA80E6C8
------------------------------------------------------------
Logfile: "\EFI\BOOT\bbr\SCT\Log\RuntimeServicesTest\SecureBootTest0\VariableAttr
ibutes_0_0_E39747C4-22D0-4D52-9C15-3C4EFA80E6C8.log"
Test Finished: 08/01/23  09:25a
Elapsed Time: 00 Days 00:00:01

------------------------------------------------------------
  Remaining test cases: 8
  Runtime services test: VariableUpdates
  Iterations: 1/1
------------------------------------------------------------
Arm ACS Version: SystemReady IR ACS v2.0.0
BBR ACS 1.0.4 (EBBR)
VariableUpdates
Revision 0x00010000
Test Entry Point GUID: 495CB6D7-0817-4015-A479-0DB4C2308626
Test Support Library GUIDs: 
  1F9C2AE7-F147-4D19-A5E8-255AD005EB3E
  7FD8C38D-7C5C-42FC-B044-3A834A617476
------------------------------------------------------------
UEFI 2.6
Test Configuration #0
------------------------------------------------------------
Verifies Secure Boot variable updates.
------------------------------------------------------------
Logfile: "\EFI\BOOT\bbr\SCT\Log\RuntimeServicesTest\SecureBootTest0\VariableUpda
tes_0_0_495CB6D7-0817-4015-A479-0DB4C2308626.log"
Test Started: 08/01/23  09:25a
------------------------------------------------------------
SecureBootVariableCleanup: Doing cleanup of secure boot variables

SecureBoot - Verify unsigned KEK update -- PASS
D2073163-EDB0-4D6B-BA8F-5C6116C1592C
/home/edhcha01/IR2.0/arm-systemready/IR/Yocto/meta-woden/build/tmp/work/armv8a-o
e-linux/ebbr-sct/1.0-r0/edk2-test/SctPkg/TestCase/UEFI/EFI/RuntimeServices/Secur
eBoot/BlackBoxTest/VariableUpdatesBBTest.c:288:Status - 800000000000001A

SecureBoot - Verify signed KEK update -- PASS
D2073163-EDB0-4D6B-BA8F-5C6116C1592C
/home/edhcha01/IR2.0/arm-systemready/IR/Yocto/meta-woden/build/tmp/work/armv8a-o
e-linux/ebbr-sct/1.0-r0/edk2-test/SctPkg/TestCase/UEFI/EFI/RuntimeServices/Secur
eBoot/BlackBoxTest/VariableUpdatesBBTest.c:355:Status - Success

SecureBoot - Verify unsigned db update -- PASS
25AD4F9B-6533-4A96-9447-FEED03EEC3E2
/home/edhcha01/IR2.0/arm-systemready/IR/Yocto/meta-woden/build/tmp/work/armv8a-o
e-linux/ebbr-sct/1.0-r0/edk2-test/SctPkg/TestCase/UEFI/EFI/RuntimeServices/Secur
eBoot/BlackBoxTest/VariableUpdatesBBTest.c:492:Status - 800000000000001A

SecureBoot - Verify signed db update -- PASS
2F1014EB-4E84-4293-BAD3-53035F9EAEB4
/home/edhcha01/IR2.0/arm-systemready/IR/Yocto/meta-woden/build/tmp/work/armv8a-o
e-linux/ebbr-sct/1.0-r0/edk2-test/SctPkg/TestCase/UEFI/EFI/RuntimeServices/Secur
eBoot/BlackBoxTest/VariableUpdatesBBTest.c:557:Status - Success

SecureBoot - Verify signed db update -- PASS
021EF001-0CB2-45D4-8529-D4F0E83ADD1F
/home/edhcha01/IR2.0/arm-systemready/IR/Yocto/meta-woden/build/tmp/work/armv8a-o
e-linux/ebbr-sct/1.0-r0/edk2-test/SctPkg/TestCase/UEFI/EFI/RuntimeServices/Secur
eBoot/BlackBoxTest/VariableUpdatesBBTest.c:622:Status - Success

SecureBoot - Verify signed db update data signed by TESTKEK2 -- PASS
EAD975E5-0A13-45A6-ACDD-B3EE23643057
/home/edhcha01/IR2.0/arm-systemready/IR/Yocto/meta-woden/build/tmp/work/armv8a-o
e-linux/ebbr-sct/1.0-r0/edk2-test/SctPkg/TestCase/UEFI/EFI/RuntimeServices/Secur
eBoot/BlackBoxTest/VariableUpdatesBBTest.c:687:Status - Success

SecureBoot - Verify unsigned dbx update -- PASS
70FEBF5B-27D6-44AE-AB43-059DDD8B2947
/home/edhcha01/IR2.0/arm-systemready/IR/Yocto/meta-woden/build/tmp/work/armv8a-o
e-linux/ebbr-sct/1.0-r0/edk2-test/SctPkg/TestCase/UEFI/EFI/RuntimeServices/Secur
eBoot/BlackBoxTest/VariableUpdatesBBTest.c:826:Status - 800000000000001A

SecureBoot - Verify signed dbx update -- PASS
EFE0E633-FD4C-4B20-A64D-ED4F2AFBA5CE
/home/edhcha01/IR2.0/arm-systemready/IR/Yocto/meta-woden/build/tmp/work/armv8a-o
e-linux/ebbr-sct/1.0-r0/edk2-test/SctPkg/TestCase/UEFI/EFI/RuntimeServices/Secur
eBoot/BlackBoxTest/VariableUpdatesBBTest.c:893:Status - Success

SecureBoot - Verify signed KEK append update -- PASS
6F4FE39C-DAA0-4A4E-BF44-CAFB05372B53
/home/edhcha01/IR2.0/arm-systemready/IR/Yocto/meta-woden/build/tmp/work/armv8a-o
e-linux/ebbr-sct/1.0-r0/edk2-test/SctPkg/TestCase/UEFI/EFI/RuntimeServices/Secur
eBoot/BlackBoxTest/VariableUpdatesBBTest.c:1031:Status - Success

SecureBoot - Verify signed DB append update -- PASS
63BA72D3-9089-AC63-F089-AD902467DBD3
/home/edhcha01/IR2.0/arm-systemready/IR/Yocto/meta-woden/build/tmp/work/armv8a-o
e-linux/ebbr-sct/1.0-r0/edk2-test/SctPkg/TestCase/UEFI/EFI/RuntimeServices/Secur
eBoot/BlackBoxTest/VariableUpdatesBBTest.c:1098:Status - Success

SecureBootVariableCleanup: Doing cleanup of secure boot variables


Returned Status Code: Success

VariableUpdates: [PASSED]
  Passes........... 10
  Warnings......... 0
  Errors........... 0
------------------------------------------------------------
UEFI 2.6
Revision 0x00010000
Test Entry Point GUID: 495CB6D7-0817-4015-A479-0DB4C2308626
------------------------------------------------------------
Logfile: "\EFI\BOOT\bbr\SCT\Log\RuntimeServicesTest\SecureBootTest0\VariableUpda
tes_0_0_495CB6D7-0817-4015-A479-0DB4C2308626.log"
Test Finished: 08/01/23  09:25a
Elapsed Time: 00 Days 00:00:05

------------------------------------------------------------
  Remaining test cases: 7
  Runtime services test: AuthVar_Conf
  Iterations: 1/1
------------------------------------------------------------
Arm ACS Version: SystemReady IR ACS v2.0.0
BBR ACS 1.0.4 (EBBR)
AuthVar_Conf
Revision 0x00010000
Test Entry Point GUID: 28155531-80C5-4AD0-8471-A5E2AECF236C
Test Support Library GUIDs: 
  1F9C2AE7-F147-4D19-A5E8-255AD005EB3E
  7FD8C38D-7C5C-42FC-B044-3A834A617476
------------------------------------------------------------
UEFI 2.6
Test Configuration #0
------------------------------------------------------------
Test the conformance of Auth Variable
------------------------------------------------------------
Logfile: "\EFI\BOOT\bbr\SCT\Log\RuntimeServicesTest\VariableServicesTest0\AuthVa
r_Conf_0_0_28155531-80C5-4AD0-8471-A5E2AECF236C.log"
Test Started: 08/01/23  09:25a
------------------------------------------------------------
RT.SetVariable - Set Invalid Time Base Auth Variable -- PASS
E9893BCB-EF2B-495C-82F0-D0630DA79476
/home/edhcha01/IR2.0/arm-systemready/IR/Yocto/meta-woden/build/tmp/work/armv8a-o
e-linux/ebbr-sct/1.0-r0/edk2-test/SctPkg/TestCase/UEFI/EFI/RuntimeServices/Varia
bleServices/BlackBoxTest/AuthVariableServicesBBTestConformance.c:225:Status - 80
0000000000001A

RT.SetVariable - Set Auth Variable with valid cert. -- PASS
2534ABC0-1F01-48A0-96DE-F8BBA745C364
Attributes = Array[0]. /home/edhcha01/IR2.0/arm-systemready/IR/Yocto/meta-woden/
build/tmp/work/armv8a-oe-linux/ebbr-sct/1.0-r0/edk2-test/SctPkg/TestCase/UEFI/EF
I/RuntimeServices/VariableServices/BlackBoxTest/AuthVariableServicesBBTestConfor
mance.c:258:Status - Unsupported

RT.SetVariable - Set Auth Variable with invalid cert. -- PASS
55AF8FAD-1B12-45AD-B042-A643962F0470
Attributes = Array[0]. /home/edhcha01/IR2.0/arm-systemready/IR/Yocto/meta-woden/
build/tmp/work/armv8a-oe-linux/ebbr-sct/1.0-r0/edk2-test/SctPkg/TestCase/UEFI/EF
I/RuntimeServices/VariableServices/BlackBoxTest/AuthVariableServicesBBTestConfor
mance.c:283:Status - Unsupported

RT.QueryVariableInfo - Query Auth Variable. -- PASS
6D0740FB-388A-491F-B818-9B5CB5170F95
Attributes = Array[0]. /home/edhcha01/IR2.0/arm-systemready/IR/Yocto/meta-woden/
build/tmp/work/armv8a-oe-linux/ebbr-sct/1.0-r0/edk2-test/SctPkg/TestCase/UEFI/EF
I/RuntimeServices/VariableServices/BlackBoxTest/AuthVariableServicesBBTestConfor
mance.c:308:Status - Unsupported

RT.SetVariable - Set Auth Variable with valid cert. -- PASS
2534ABC0-1F01-48A0-96DE-F8BBA745C364
Attributes = Array[1]. /home/edhcha01/IR2.0/arm-systemready/IR/Yocto/meta-woden/
build/tmp/work/armv8a-oe-linux/ebbr-sct/1.0-r0/edk2-test/SctPkg/TestCase/UEFI/EF
I/RuntimeServices/VariableServices/BlackBoxTest/AuthVariableServicesBBTestConfor
mance.c:258:Status - Unsupported

RT.SetVariable - Set Auth Variable with invalid cert. -- PASS
55AF8FAD-1B12-45AD-B042-A643962F0470
Attributes = Array[1]. /home/edhcha01/IR2.0/arm-systemready/IR/Yocto/meta-woden/
build/tmp/work/armv8a-oe-linux/ebbr-sct/1.0-r0/edk2-test/SctPkg/TestCase/UEFI/EF
I/RuntimeServices/VariableServices/BlackBoxTest/AuthVariableServicesBBTestConfor
mance.c:283:Status - Unsupported

RT.QueryVariableInfo - Query Auth Variable. -- PASS
6D0740FB-388A-491F-B818-9B5CB5170F95
Attributes = Array[1]. /home/edhcha01/IR2.0/arm-systemready/IR/Yocto/meta-woden/
build/tmp/work/armv8a-oe-linux/ebbr-sct/1.0-r0/edk2-test/SctPkg/TestCase/UEFI/EF
I/RuntimeServices/VariableServices/BlackBoxTest/AuthVariableServicesBBTestConfor
mance.c:308:Status - Unsupported

RT.SetVariable - Set Auth Variable with valid cert. -- PASS
2534ABC0-1F01-48A0-96DE-F8BBA745C364
Attributes = Array[2]. /home/edhcha01/IR2.0/arm-systemready/IR/Yocto/meta-woden/
build/tmp/work/armv8a-oe-linux/ebbr-sct/1.0-r0/edk2-test/SctPkg/TestCase/UEFI/EF
I/RuntimeServices/VariableServices/BlackBoxTest/AuthVariableServicesBBTestConfor
mance.c:258:Status - Unsupported

RT.SetVariable - Set Auth Variable with invalid cert. -- PASS
55AF8FAD-1B12-45AD-B042-A643962F0470
Attributes = Array[2]. /home/edhcha01/IR2.0/arm-systemready/IR/Yocto/meta-woden/
build/tmp/work/armv8a-oe-linux/ebbr-sct/1.0-r0/edk2-test/SctPkg/TestCase/UEFI/EF
I/RuntimeServices/VariableServices/BlackBoxTest/AuthVariableServicesBBTestConfor
mance.c:283:Status - Unsupported

RT.QueryVariableInfo - Query Auth Variable. -- PASS
6D0740FB-388A-491F-B818-9B5CB5170F95
Attributes = Array[2]. /home/edhcha01/IR2.0/arm-systemready/IR/Yocto/meta-woden/
build/tmp/work/armv8a-oe-linux/ebbr-sct/1.0-r0/edk2-test/SctPkg/TestCase/UEFI/EF
I/RuntimeServices/VariableServices/BlackBoxTest/AuthVariableServicesBBTestConfor
mance.c:308:Status - Unsupported

RT.SetVariable - Set Auth Variable with valid cert. -- PASS
2534ABC0-1F01-48A0-96DE-F8BBA745C364
Attributes = Array[3]. /home/edhcha01/IR2.0/arm-systemready/IR/Yocto/meta-woden/
build/tmp/work/armv8a-oe-linux/ebbr-sct/1.0-r0/edk2-test/SctPkg/TestCase/UEFI/EF
I/RuntimeServices/VariableServices/BlackBoxTest/AuthVariableServicesBBTestConfor
mance.c:258:Status - Unsupported

RT.SetVariable - Set Auth Variable with invalid cert. -- PASS
55AF8FAD-1B12-45AD-B042-A643962F0470
Attributes = Array[3]. /home/edhcha01/IR2.0/arm-systemready/IR/Yocto/meta-woden/
build/tmp/work/armv8a-oe-linux/ebbr-sct/1.0-r0/edk2-test/SctPkg/TestCase/UEFI/EF
I/RuntimeServices/VariableServices/BlackBoxTest/AuthVariableServicesBBTestConfor
mance.c:283:Status - Unsupported

RT.QueryVariableInfo - Query Auth Variable. -- PASS
6D0740FB-388A-491F-B818-9B5CB5170F95
Attributes = Array[3]. /home/edhcha01/IR2.0/arm-systemready/IR/Yocto/meta-woden/
build/tmp/work/armv8a-oe-linux/ebbr-sct/1.0-r0/edk2-test/SctPkg/TestCase/UEFI/EF
I/RuntimeServices/VariableServices/BlackBoxTest/AuthVariableServicesBBTestConfor
mance.c:308:Status - Unsupported

RT.SetVariable - Set Auth Variable with valid cert. -- PASS
2534ABC0-1F01-48A0-96DE-F8BBA745C364
Attributes = Array[4]. /home/edhcha01/IR2.0/arm-systemready/IR/Yocto/meta-woden/
build/tmp/work/armv8a-oe-linux/ebbr-sct/1.0-r0/edk2-test/SctPkg/TestCase/UEFI/EF
I/RuntimeServices/VariableServices/BlackBoxTest/AuthVariableServicesBBTestConfor
mance.c:258:Status - Unsupported

RT.SetVariable - Set Auth Variable with invalid cert. -- PASS
55AF8FAD-1B12-45AD-B042-A643962F0470
Attributes = Array[4]. /home/edhcha01/IR2.0/arm-systemready/IR/Yocto/meta-woden/
build/tmp/work/armv8a-oe-linux/ebbr-sct/1.0-r0/edk2-test/SctPkg/TestCase/UEFI/EF
I/RuntimeServices/VariableServices/BlackBoxTest/AuthVariableServicesBBTestConfor
mance.c:283:Status - Unsupported

RT.QueryVariableInfo - Query Auth Variable. -- PASS
6D0740FB-388A-491F-B818-9B5CB5170F95
Attributes = Array[4]. /home/edhcha01/IR2.0/arm-systemready/IR/Yocto/meta-woden/
build/tmp/work/armv8a-oe-linux/ebbr-sct/1.0-r0/edk2-test/SctPkg/TestCase/UEFI/EF
I/RuntimeServices/VariableServices/BlackBoxTest/AuthVariableServicesBBTestConfor
mance.c:308:Status - Unsupported

RT.SetVariable - Set Auth Variable with valid cert. -- PASS
2534ABC0-1F01-48A0-96DE-F8BBA745C364
Attributes = Array[5]. /home/edhcha01/IR2.0/arm-systemready/IR/Yocto/meta-woden/
build/tmp/work/armv8a-oe-linux/ebbr-sct/1.0-r0/edk2-test/SctPkg/TestCase/UEFI/EF
I/RuntimeServices/VariableServices/BlackBoxTest/AuthVariableServicesBBTestConfor
mance.c:258:Status - Unsupported

RT.SetVariable - Set Auth Variable with invalid cert. -- PASS
55AF8FAD-1B12-45AD-B042-A643962F0470
Attributes = Array[5]. /home/edhcha01/IR2.0/arm-systemready/IR/Yocto/meta-woden/
build/tmp/work/armv8a-oe-linux/ebbr-sct/1.0-r0/edk2-test/SctPkg/TestCase/UEFI/EF
I/RuntimeServices/VariableServices/BlackBoxTest/AuthVariableServicesBBTestConfor
mance.c:283:Status - Unsupported

RT.QueryVariableInfo - Query Auth Variable. -- PASS
6D0740FB-388A-491F-B818-9B5CB5170F95
Attributes = Array[5]. /home/edhcha01/IR2.0/arm-systemready/IR/Yocto/meta-woden/
build/tmp/work/armv8a-oe-linux/ebbr-sct/1.0-r0/edk2-test/SctPkg/TestCase/UEFI/EF
I/RuntimeServices/VariableServices/BlackBoxTest/AuthVariableServicesBBTestConfor
mance.c:308:Status - Unsupported

RT.SetVariable - Set Auth Variable with valid cert. -- PASS
2534ABC0-1F01-48A0-96DE-F8BBA745C364
Attributes = Array[6]. /home/edhcha01/IR2.0/arm-systemready/IR/Yocto/meta-woden/
build/tmp/work/armv8a-oe-linux/ebbr-sct/1.0-r0/edk2-test/SctPkg/TestCase/UEFI/EF
I/RuntimeServices/VariableServices/BlackBoxTest/AuthVariableServicesBBTestConfor
mance.c:258:Status - Unsupported

RT.SetVariable - Set Auth Variable with invalid cert. -- PASS
55AF8FAD-1B12-45AD-B042-A643962F0470
Attributes = Array[6]. /home/edhcha01/IR2.0/arm-systemready/IR/Yocto/meta-woden/
build/tmp/work/armv8a-oe-linux/ebbr-sct/1.0-r0/edk2-test/SctPkg/TestCase/UEFI/EF
I/RuntimeServices/VariableServices/BlackBoxTest/AuthVariableServicesBBTestConfor
mance.c:283:Status - Unsupported

RT.QueryVariableInfo - Query Auth Variable. -- PASS
6D0740FB-388A-491F-B818-9B5CB5170F95
Attributes = Array[6]. /home/edhcha01/IR2.0/arm-systemready/IR/Yocto/meta-woden/
build/tmp/work/armv8a-oe-linux/ebbr-sct/1.0-r0/edk2-test/SctPkg/TestCase/UEFI/EF
I/RuntimeServices/VariableServices/BlackBoxTest/AuthVariableServicesBBTestConfor
mance.c:308:Status - Unsupported

RT.SetVariable - Set Auth Variable with valid cert. -- PASS
2534ABC0-1F01-48A0-96DE-F8BBA745C364
Attributes = Array[7]. /home/edhcha01/IR2.0/arm-systemready/IR/Yocto/meta-woden/
build/tmp/work/armv8a-oe-linux/ebbr-sct/1.0-r0/edk2-test/SctPkg/TestCase/UEFI/EF
I/RuntimeServices/VariableServices/BlackBoxTest/AuthVariableServicesBBTestConfor
mance.c:258:Status - Unsupported

RT.SetVariable - Set Auth Variable with invalid cert. -- PASS
55AF8FAD-1B12-45AD-B042-A643962F0470
Attributes = Array[7]. /home/edhcha01/IR2.0/arm-systemready/IR/Yocto/meta-woden/
build/tmp/work/armv8a-oe-linux/ebbr-sct/1.0-r0/edk2-test/SctPkg/TestCase/UEFI/EF
I/RuntimeServices/VariableServices/BlackBoxTest/AuthVariableServicesBBTestConfor
mance.c:283:Status - Unsupported

RT.QueryVariableInfo - Query Auth Variable. -- PASS
6D0740FB-388A-491F-B818-9B5CB5170F95
Attributes = Array[7]. /home/edhcha01/IR2.0/arm-systemready/IR/Yocto/meta-woden/
build/tmp/work/armv8a-oe-linux/ebbr-sct/1.0-r0/edk2-test/SctPkg/TestCase/UEFI/EF
I/RuntimeServices/VariableServices/BlackBoxTest/AuthVariableServicesBBTestConfor
mance.c:308:Status - Unsupported

RT.SetVariable - Set Auth Variable with valid cert. -- PASS
2534ABC0-1F01-48A0-96DE-F8BBA745C364
Attributes = Array[8]. /home/edhcha01/IR2.0/arm-systemready/IR/Yocto/meta-woden/
build/tmp/work/armv8a-oe-linux/ebbr-sct/1.0-r0/edk2-test/SctPkg/TestCase/UEFI/EF
I/RuntimeServices/VariableServices/BlackBoxTest/AuthVariableServicesBBTestConfor
mance.c:258:Status - Unsupported

RT.SetVariable - Set Auth Variable with invalid cert. -- PASS
55AF8FAD-1B12-45AD-B042-A643962F0470
Attributes = Array[8]. /home/edhcha01/IR2.0/arm-systemready/IR/Yocto/meta-woden/
build/tmp/work/armv8a-oe-linux/ebbr-sct/1.0-r0/edk2-test/SctPkg/TestCase/UEFI/EF
I/RuntimeServices/VariableServices/BlackBoxTest/AuthVariableServicesBBTestConfor
mance.c:283:Status - Unsupported

RT.QueryVariableInfo - Query Auth Variable. -- PASS
6D0740FB-388A-491F-B818-9B5CB5170F95
Attributes = Array[8]. /home/edhcha01/IR2.0/arm-systemready/IR/Yocto/meta-woden/
build/tmp/work/armv8a-oe-linux/ebbr-sct/1.0-r0/edk2-test/SctPkg/TestCase/UEFI/EF
I/RuntimeServices/VariableServices/BlackBoxTest/AuthVariableServicesBBTestConfor
mance.c:308:Status - Unsupported

RT.SetVariable - Set Auth Variable with valid cert. -- PASS
2534ABC0-1F01-48A0-96DE-F8BBA745C364
Attributes = Array[9]. /home/edhcha01/IR2.0/arm-systemready/IR/Yocto/meta-woden/
build/tmp/work/armv8a-oe-linux/ebbr-sct/1.0-r0/edk2-test/SctPkg/TestCase/UEFI/EF
I/RuntimeServices/VariableServices/BlackBoxTest/AuthVariableServicesBBTestConfor
mance.c:258:Status - Unsupported

RT.SetVariable - Set Auth Variable with invalid cert. -- PASS
55AF8FAD-1B12-45AD-B042-A643962F0470
Attributes = Array[9]. /home/edhcha01/IR2.0/arm-systemready/IR/Yocto/meta-woden/
build/tmp/work/armv8a-oe-linux/ebbr-sct/1.0-r0/edk2-test/SctPkg/TestCase/UEFI/EF
I/RuntimeServices/VariableServices/BlackBoxTest/AuthVariableServicesBBTestConfor
mance.c:283:Status - Unsupported

RT.QueryVariableInfo - Query Auth Variable. -- PASS
6D0740FB-388A-491F-B818-9B5CB5170F95
Attributes = Array[9]. /home/edhcha01/IR2.0/arm-systemready/IR/Yocto/meta-woden/
build/tmp/work/armv8a-oe-linux/ebbr-sct/1.0-r0/edk2-test/SctPkg/TestCase/UEFI/EF
I/RuntimeServices/VariableServices/BlackBoxTest/AuthVariableServicesBBTestConfor
mance.c:308:Status - Unsupported

RT.SetVariable - Set Auth Variable with valid cert. -- PASS
2534ABC0-1F01-48A0-96DE-F8BBA745C364
Attributes = Array[10]. /home/edhcha01/IR2.0/arm-systemready/IR/Yocto/meta-woden
/build/tmp/work/armv8a-oe-linux/ebbr-sct/1.0-r0/edk2-test/SctPkg/TestCase/UEFI/E
FI/RuntimeServices/VariableServices/BlackBoxTest/AuthVariableServicesBBTestConfo
rmance.c:258:Status - Unsupported

RT.SetVariable - Set Auth Variable with invalid cert. -- PASS
55AF8FAD-1B12-45AD-B042-A643962F0470
Attributes = Array[10]. /home/edhcha01/IR2.0/arm-systemready/IR/Yocto/meta-woden
/build/tmp/work/armv8a-oe-linux/ebbr-sct/1.0-r0/edk2-test/SctPkg/TestCase/UEFI/E
FI/RuntimeServices/VariableServices/BlackBoxTest/AuthVariableServicesBBTestConfo
rmance.c:283:Status - Unsupported

RT.QueryVariableInfo - Query Auth Variable. -- PASS
6D0740FB-388A-491F-B818-9B5CB5170F95
Attributes = Array[10]. /home/edhcha01/IR2.0/arm-systemready/IR/Yocto/meta-woden
/build/tmp/work/armv8a-oe-linux/ebbr-sct/1.0-r0/edk2-test/SctPkg/TestCase/UEFI/E
FI/RuntimeServices/VariableServices/BlackBoxTest/AuthVariableServicesBBTestConfo
rmance.c:308:Status - Unsupported


Returned Status Code: Success

AuthVar_Conf: [PASSED]
  Passes........... 34
  Warnings......... 0
  Errors........... 0
------------------------------------------------------------
UEFI 2.6
Revision 0x00010000
Test Entry Point GUID: 28155531-80C5-4AD0-8471-A5E2AECF236C
------------------------------------------------------------
Logfile: "\EFI\BOOT\bbr\SCT\Log\RuntimeServicesTest\VariableServicesTest0\AuthVa
r_Conf_0_0_28155531-80C5-4AD0-8471-A5E2AECF236C.log"
Test Finished: 08/01/23  09:25a
Elapsed Time: 00 Days 00:00:01

------------------------------------------------------------
  Remaining test cases: 6
  Runtime services test: AuthVar_Func
  Iterations: 1/1
------------------------------------------------------------
Arm ACS Version: SystemReady IR ACS v2.0.0
BBR ACS 1.0.4 (EBBR)
AuthVar_Func
Revision 0x00010000
Test Entry Point GUID: 9338D0EC-807B-4750-986A-8F2A91BB3616
Test Support Library GUIDs: 
  1F9C2AE7-F147-4D19-A5E8-255AD005EB3E
  7FD8C38D-7C5C-42FC-B044-3A834A617476
------------------------------------------------------------
UEFI 2.6
Test Configuration #0
------------------------------------------------------------
Test the function of Auth Variable
------------------------------------------------------------
Logfile: "\EFI\BOOT\bbr\SCT\Log\RuntimeServicesTest\VariableServicesTest0\AuthVa
r_Func_0_0_9338D0EC-807B-4750-986A-8F2A91BB3616.log"
Test Started: 08/01/23  09:25a
------------------------------------------------------------
RT.SetVariable - Create one Time Base Auth Variable, the expect return status sh
ould be EFI_SUCCESS -- PASS
008E18A5-C345-48AE-9134-61A692E30B87
/home/edhcha01/IR2.0/arm-systemready/IR/Yocto/meta-woden/build/tmp/work/armv8a-o
e-linux/ebbr-sct/1.0-r0/edk2-test/SctPkg/TestCase/UEFI/EFI/RuntimeServices/Varia
bleServices/BlackBoxTest/AuthVariableServicesBBTestFunction.c:635:Status - Succe
ss

RT.SetVariable - The Created Time Base Auth Variable should pass the data valida
tion -- PASS
20678B3E-BCCA-4186-84AF-4716E7AFDE85
/home/edhcha01/IR2.0/arm-systemready/IR/Yocto/meta-woden/build/tmp/work/armv8a-o
e-linux/ebbr-sct/1.0-r0/edk2-test/SctPkg/TestCase/UEFI/EFI/RuntimeServices/Varia
bleServices/BlackBoxTest/AuthVariableServicesBBTestFunction.c:666:Status - Succe
ss

RT.SetVariable - The 2nd Call SetVariable with the same Data, the return status 
should be EFI_SECURITY_VIOLATION -- PASS
AA6BF36F-DAE5-43ED-954D-C1C7979D32A0
/home/edhcha01/IR2.0/arm-systemready/IR/Yocto/meta-woden/build/tmp/work/armv8a-o
e-linux/ebbr-sct/1.0-r0/edk2-test/SctPkg/TestCase/UEFI/EFI/RuntimeServices/Varia
bleServices/BlackBoxTest/AuthVariableServicesBBTestFunction.c:695:Status - 80000
0000000001A

RT.SetVariable - Call SetVariable with invalid Auth info, the return status shou
ld be EFI_SECURITY_VIOLATION -- PASS
2BC131EC-0530-4994-BB81-15355CEFE588
/home/edhcha01/IR2.0/arm-systemready/IR/Yocto/meta-woden/build/tmp/work/armv8a-o
e-linux/ebbr-sct/1.0-r0/edk2-test/SctPkg/TestCase/UEFI/EFI/RuntimeServices/Varia
bleServices/BlackBoxTest/AuthVariableServicesBBTestFunction.c:723:Status - 80000
0000000001A

RT.SetVariable - SetVariable to new value by using the same key but a new timest
amp, it should succeed -- PASS
0E49B21E-409C-4502-9EC6-55FE85F85495
/home/edhcha01/IR2.0/arm-systemready/IR/Yocto/meta-woden/build/tmp/work/armv8a-o
e-linux/ebbr-sct/1.0-r0/edk2-test/SctPkg/TestCase/UEFI/EFI/RuntimeServices/Varia
bleServices/BlackBoxTest/AuthVariableServicesBBTestFunction.c:751:Status - Succe
ss

RT.SetVariable - The new value in the Time Base Auth Variable should pass the da
ta validation -- PASS
ADABAC45-1E0D-40B0-9BD1-8C3AD7FB69D6
/home/edhcha01/IR2.0/arm-systemready/IR/Yocto/meta-woden/build/tmp/work/armv8a-o
e-linux/ebbr-sct/1.0-r0/edk2-test/SctPkg/TestCase/UEFI/EFI/RuntimeServices/Varia
bleServices/BlackBoxTest/AuthVariableServicesBBTestFunction.c:783:Status - Succe
ss

RT.SetVariable - SetVariable with the old data and one old timestamp, the expect
 status should be EFI_SECURITY_VIOLATION -- PASS
6339807B-0741-45C4-81A8-E2DE5A0BFB55
/home/edhcha01/IR2.0/arm-systemready/IR/Yocto/meta-woden/build/tmp/work/armv8a-o
e-linux/ebbr-sct/1.0-r0/edk2-test/SctPkg/TestCase/UEFI/EFI/RuntimeServices/Varia
bleServices/BlackBoxTest/AuthVariableServicesBBTestFunction.c:811:Status - 80000
0000000001A

RT.SetVariable - SetVariable with one existing variable but Data area is changed
 due to different key and valid, the call should return EFI_SECURITY_VIOLATION -
- PASS
A2D53DEA-8275-4B9A-BDA0-AC86FB4E0F30
/home/edhcha01/IR2.0/arm-systemready/IR/Yocto/meta-woden/build/tmp/work/armv8a-o
e-linux/ebbr-sct/1.0-r0/edk2-test/SctPkg/TestCase/UEFI/EFI/RuntimeServices/Varia
bleServices/BlackBoxTest/AuthVariableServicesBBTestFunction.c:839:Status - 80000
0000000001A

RT.SetVariable - The Time Base Auth Variable Append operation should succeed -- 
PASS
28C7F0DB-2546-4374-8FF9-7580C4689B93
/home/edhcha01/IR2.0/arm-systemready/IR/Yocto/meta-woden/build/tmp/work/armv8a-o
e-linux/ebbr-sct/1.0-r0/edk2-test/SctPkg/TestCase/UEFI/EFI/RuntimeServices/Varia
bleServices/BlackBoxTest/AuthVariableServicesBBTestFunction.c:867:Status - Succe
ss

RT.SetVariable - The Appended Time Base Auth Variable should pass the data valid
ation -- PASS
1E87DBE9-234B-4C82-8C86-2F26FAC6602E
/home/edhcha01/IR2.0/arm-systemready/IR/Yocto/meta-woden/build/tmp/work/armv8a-o
e-linux/ebbr-sct/1.0-r0/edk2-test/SctPkg/TestCase/UEFI/EFI/RuntimeServices/Varia
bleServices/BlackBoxTest/AuthVariableServicesBBTestFunction.c:903:Status - Succe
ss

RT.SetVariable - Del Time Base Auth Variable, the expect return status should be
 EFI_SUCCESS -- PASS
3CC4ADD2-0ED7-4837-B463-BC46D13B2F65
/home/edhcha01/IR2.0/arm-systemready/IR/Yocto/meta-woden/build/tmp/work/armv8a-o
e-linux/ebbr-sct/1.0-r0/edk2-test/SctPkg/TestCase/UEFI/EFI/RuntimeServices/Varia
bleServices/BlackBoxTest/AuthVariableServicesBBTestFunction.c:932:Status - Succe
ss

RT.SetVariable - The Deleted Time Base Auth Variable should not be found -- PASS

FA50A705-5D95-4CAD-B46C-A0129B68228E
/home/edhcha01/IR2.0/arm-systemready/IR/Yocto/meta-woden/build/tmp/work/armv8a-o
e-linux/ebbr-sct/1.0-r0/edk2-test/SctPkg/TestCase/UEFI/EFI/RuntimeServices/Varia
bleServices/BlackBoxTest/AuthVariableServicesBBTestFunction.c:963:Status - Not F
ound

RT.SetVariable - SetVariable with one different key after the original variable 
is deleted, the return status should be EFI_SUCCESS -- PASS
27E8E4DE-56ED-4710-A63A-C635E39D3364
/home/edhcha01/IR2.0/arm-systemready/IR/Yocto/meta-woden/build/tmp/work/armv8a-o
e-linux/ebbr-sct/1.0-r0/edk2-test/SctPkg/TestCase/UEFI/EFI/RuntimeServices/Varia
bleServices/BlackBoxTest/AuthVariableServicesBBTestFunction.c:991:Status - Succe
ss

RT.SetVariable - The Time Base Auth Variable Append operation should succeed -- 
PASS
BA99E7F8-8018-46A2-B2E5-8BDE42C1E6D5
/home/edhcha01/IR2.0/arm-systemready/IR/Yocto/meta-woden/build/tmp/work/armv8a-o
e-linux/ebbr-sct/1.0-r0/edk2-test/SctPkg/TestCase/UEFI/EFI/RuntimeServices/Varia
bleServices/BlackBoxTest/AuthVariableServicesBBTestFunction.c:1019:Status - Succ
ess

RT.SetVariable - SetVariable with one old timestamp, the return status should be
 EFI_SECURITY_VIOLATION -- PASS
C764906D-73BB-44B7-AE40-0C51DEC3C751
/home/edhcha01/IR2.0/arm-systemready/IR/Yocto/meta-woden/build/tmp/work/armv8a-o
e-linux/ebbr-sct/1.0-r0/edk2-test/SctPkg/TestCase/UEFI/EFI/RuntimeServices/Varia
bleServices/BlackBoxTest/AuthVariableServicesBBTestFunction.c:1048:Status - 8000
00000000001A

RT.SetVariable - Del Time Base Auth Variable, the expect return status should be
 EFI_SUCCESS -- PASS
1A28FA01-135C-4AEB-A1B4-686A0B53B209
/home/edhcha01/IR2.0/arm-systemready/IR/Yocto/meta-woden/build/tmp/work/armv8a-o
e-linux/ebbr-sct/1.0-r0/edk2-test/SctPkg/TestCase/UEFI/EFI/RuntimeServices/Varia
bleServices/BlackBoxTest/AuthVariableServicesBBTestFunction.c:1077:Status - Succ
ess


Returned Status Code: Success

AuthVar_Func: [PASSED]
  Passes........... 16
  Warnings......... 0
  Errors........... 0
------------------------------------------------------------
UEFI 2.6
Revision 0x00010000
Test Entry Point GUID: 9338D0EC-807B-4750-986A-8F2A91BB3616
------------------------------------------------------------
Logfile: "\EFI\BOOT\bbr\SCT\Log\RuntimeServicesTest\VariableServicesTest0\AuthVa
r_Func_0_0_9338D0EC-807B-4750-986A-8F2A91BB3616.log"
Test Finished: 08/01/23  09:25a
Elapsed Time: 00 Days 00:00:02

------------------------------------------------------------
  Remaining test cases: 5
  Runtime services test: BBSRVariableSizeTest_func
  Iterations: 1/1
------------------------------------------------------------
Arm ACS Version: SystemReady IR ACS v2.0.0
BBR ACS 1.0.4 (EBBR)
BBSRVariableSizeTest_func
Revision 0x00010000
Test Entry Point GUID: 19A9EDCF-EEB9-43E4-86A0-F28734FED429
Test Support Library GUIDs: 
  1F9C2AE7-F147-4D19-A5E8-255AD005EB3E
  7FD8C38D-7C5C-42FC-B044-3A834A617476
------------------------------------------------------------
UEFI 2.6
Test Configuration #0
------------------------------------------------------------
Test that UEFI variable size requirements of BBSR are met.
------------------------------------------------------------
Logfile: "\EFI\BOOT\bbr\SCT\Log\RuntimeServicesTest\BBSRVariableSizeTest0\BBSRVa
riableSizeTest_func_0_0_19A9EDCF-EEB9-43E4-86A0-F28734FED429.log"
Test Started: 08/01/23  09:25a
------------------------------------------------------------

QueryVariable MaxStorageSize is 262044 MaxVariableSize is 65476
RT.SecurityVariableSizeTest - BBSR Variable Size test -- PASS
B6DC17CA-71E1-4BD5-9E76-F9A0847D9AE4
/home/edhcha01/IR2.0/arm-systemready/IR/Yocto/meta-woden/build/tmp/work/armv8a-o
e-linux/ebbr-sct/1.0-r0/edk2-test/SctPkg/TestCase/UEFI/EFI/RuntimeServices/BBSRV
ariableSizeTest/BlackBoxTest/BBSRVariableSizeBBTestFunction.c:164:

RT.SecurityVariableSizeTest - BBSR Variable Size test -- PASS
9B37033F-53AF-4097-AAE3-73FD28D267D5
/home/edhcha01/IR2.0/arm-systemready/IR/Yocto/meta-woden/build/tmp/work/armv8a-o
e-linux/ebbr-sct/1.0-r0/edk2-test/SctPkg/TestCase/UEFI/EFI/RuntimeServices/BBSRV
ariableSizeTest/BlackBoxTest/BBSRVariableSizeBBTestFunction.c:191:


Returned Status Code: Success

BBSRVariableSizeTest_func: [PASSED]
  Passes........... 2
  Warnings......... 0
  Errors........... 0
------------------------------------------------------------
UEFI 2.6
Revision 0x00010000
Test Entry Point GUID: 19A9EDCF-EEB9-43E4-86A0-F28734FED429
------------------------------------------------------------
Logfile: "\EFI\BOOT\bbr\SCT\Log\RuntimeServicesTest\BBSRVariableSizeTest0\BBSRVa
riableSizeTest_func_0_0_19A9EDCF-EEB9-43E4-86A0-F28734FED429.log"
Test Finished: 08/01/23  09:25a
Elapsed Time: 00 Days 00:00:00

------------------------------------------------------------
  Remaining test cases: 4
  Protocol test: GetActivePcrBanks_Conf
  Instances: 1/1
  Iterations: 1/1
------------------------------------------------------------
Arm ACS Version: SystemReady IR ACS v2.0.0
BBR ACS 1.0.4 (EBBR)
GetActivePcrBanks_Conf
Revision 0x00010000
Test Entry Point GUID: 847F1AE0-B429-49F1-9E0C-8F43FB553454
Test Support Library GUIDs: 
  1F9C2AE7-F147-4D19-A5E8-255AD005EB3E
------------------------------------------------------------
UEFI 2.6
Test Configuration #0
------------------------------------------------------------
Test the GetActivePcrBanks API
------------------------------------------------------------
Logfile: "\EFI\BOOT\bbr\SCT\Log\TCG2ProtocolTest0\GetActivePcrBanks_Conf_0_0_847
F1AE0-B429-49F1-9E0C-8F43FB553454.log"
Test Started: 08/01/23  09:25a
------------------------------------------------------------
TCG2_PROTOCOL.GetActivePcrBanks - GetActivePcrBanks() returns EFI_INVALID_PARAME
TER with NULL pointer Passed in -- PASS
7A1E79A3-4064-4372-BB64-55B8F2A5A326
/home/edhcha01/IR2.0/arm-systemready/IR/Yocto/meta-woden/build/tmp/work/armv8a-o
e-linux/ebbr-sct/1.0-r0/edk2-test/SctPkg/TestCase/UEFI/EFI/Protocol/TCG2Protocol
/BlackBoxTest/TCG2ProtocolBBTestConformance.c:539: Status - Invalid Parameter

TCG2_PROTOCOL.GetActivePcrBanks - GetActivePcrBanks should return with EFI_SUCCE
SS and have SHA256/384/512 Algoritms in its Bitmap -- PASS
B0E717C4-B1E2-49F7-B2D7-6058977D092C
/home/edhcha01/IR2.0/arm-systemready/IR/Yocto/meta-woden/build/tmp/work/armv8a-o
e-linux/ebbr-sct/1.0-r0/edk2-test/SctPkg/TestCase/UEFI/EFI/Protocol/TCG2Protocol
/BlackBoxTest/TCG2ProtocolBBTestConformance.c:595: Status - Success


Returned Status Code: Success

GetActivePcrBanks_Conf: [PASSED]
  Passes........... 2
  Warnings......... 0
  Errors........... 0
------------------------------------------------------------
UEFI 2.6
Revision 0x00010000
Test Entry Point GUID: 847F1AE0-B429-49F1-9E0C-8F43FB553454
------------------------------------------------------------
Logfile: "\EFI\BOOT\bbr\SCT\Log\TCG2ProtocolTest0\GetActivePcrBanks_Conf_0_0_847
F1AE0-B429-49F1-9E0C-8F43FB553454.log"
Test Finished: 08/01/23  09:25a
Elapsed Time: 00 Days 00:00:00

------------------------------------------------------------
  Remaining test cases: 3
  Protocol test: GetCapability_Conf
  Instances: 1/1
  Iterations: 1/1
------------------------------------------------------------
Arm ACS Version: SystemReady IR ACS v2.0.0
BBR ACS 1.0.4 (EBBR)
GetCapability_Conf
Revision 0x00010000
Test Entry Point GUID: 39FF9C71-4B41-4E5B-AED7-87C794187D67
Test Support Library GUIDs: 
  1F9C2AE7-F147-4D19-A5E8-255AD005EB3E
------------------------------------------------------------
UEFI 2.6
Test Configuration #0
------------------------------------------------------------
Test the GetCapablity API
------------------------------------------------------------
Logfile: "\EFI\BOOT\bbr\SCT\Log\TCG2ProtocolTest0\GetCapability_Conf_0_0_39FF9C7
1-4B41-4E5B-AED7-87C794187D67.log"
Test Started: 08/01/23  09:25a
------------------------------------------------------------
TCG2_PROTOCOL.GetCapability - GetCapability() returns EFI_INVALID_PARAMETER with
 NULL pointer Capability Struct Passed in -- PASS
CA93B02A-E897-4400-8138-C8A8CB2FC1ED
/home/edhcha01/IR2.0/arm-systemready/IR/Yocto/meta-woden/build/tmp/work/armv8a-o
e-linux/ebbr-sct/1.0-r0/edk2-test/SctPkg/TestCase/UEFI/EFI/Protocol/TCG2Protocol
/BlackBoxTest/TCG2ProtocolBBTestConformance.c:263: Status - Invalid Parameter

TCG2_PROTOCOL.GetCapability - GetCapability() populates all elements of EFI_TCG_
BOOT_SERVICE_CAPABILITY -- PASS
FDEE7001-7E28-4E35-9966-980BEBBAF157
/home/edhcha01/IR2.0/arm-systemready/IR/Yocto/meta-woden/build/tmp/work/armv8a-o
e-linux/ebbr-sct/1.0-r0/edk2-test/SctPkg/TestCase/UEFI/EFI/Protocol/TCG2Protocol
/BlackBoxTest/TCG2ProtocolBBTestConformance.c:397: Status - Success

TCG2_PROTOCOL.GetCapability() - GetCapability() handling of input struct size le
ss than the size of EFI_TCG2_BOOT_SERVICE_CAPABILITY up to and including the Man
ufacturerID field -- PASS
DA8821D9-3D2C-4698-8CD5-0F0C82941D0C
/home/edhcha01/IR2.0/arm-systemready/IR/Yocto/meta-woden/build/tmp/work/armv8a-o
e-linux/ebbr-sct/1.0-r0/edk2-test/SctPkg/TestCase/UEFI/EFI/Protocol/TCG2Protocol
/BlackBoxTest/TCG2ProtocolBBTestConformance.c:445: Status - Buffer Too Small

TCG2_PROTOCOL.GetCapability - GetCapability() backwards compatibility check for 
1.0 version of EFI_TCG_BOOT_SERVICE_CAPABILITY -- PASS
8DDB031B-7448-40EE-B1A2-E6F8E8C4E55F
/home/edhcha01/IR2.0/arm-systemready/IR/Yocto/meta-woden/build/tmp/work/armv8a-o
e-linux/ebbr-sct/1.0-r0/edk2-test/SctPkg/TestCase/UEFI/EFI/Protocol/TCG2Protocol
/BlackBoxTest/TCG2ProtocolBBTestConformance.c:504: Status - Success


Returned Status Code: Success

GetCapability_Conf: [PASSED]
  Passes........... 4
  Warnings......... 0
  Errors........... 0
------------------------------------------------------------
UEFI 2.6
Revision 0x00010000
Test Entry Point GUID: 39FF9C71-4B41-4E5B-AED7-87C794187D67
------------------------------------------------------------
Logfile: "\EFI\BOOT\bbr\SCT\Log\TCG2ProtocolTest0\GetCapability_Conf_0_0_39FF9C7
1-4B41-4E5B-AED7-87C794187D67.log"
Test Finished: 08/01/23  09:25a
Elapsed Time: 00 Days 00:00:00

------------------------------------------------------------
  Remaining test cases: 2
  Protocol test: HashLogExtendEvent_Conf
  Instances: 1/1
  Iterations: 1/1
------------------------------------------------------------
Arm ACS Version: SystemReady IR ACS v2.0.0
BBR ACS 1.0.4 (EBBR)
HashLogExtendEvent_Conf
Revision 0x00010000
Test Entry Point GUID: 907A7878-B294-F147-E90A-6543AB557646
Test Support Library GUIDs: 
  1F9C2AE7-F147-4D19-A5E8-255AD005EB3E
------------------------------------------------------------
UEFI 2.6
Test Configuration #0
------------------------------------------------------------
Test the HashLogExtendEvent API
------------------------------------------------------------
Logfile: "\EFI\BOOT\bbr\SCT\Log\TCG2ProtocolTest0\HashLogExtendEvent_Conf_0_0_90
7A7878-B294-F147-E90A-6543AB557646.log"
Test Started: 08/01/23  09:25a
------------------------------------------------------------
TCG2_PROTOCOL.HashLogExtendEvent - Test with NULL DataToHash Pointer should retu
rn EFI_INVALID_PARAMETER -- PASS
7A1E79A3-4064-4372-BB64-55B8F2A5A326
/home/edhcha01/IR2.0/arm-systemready/IR/Yocto/meta-woden/build/tmp/work/armv8a-o
e-linux/ebbr-sct/1.0-r0/edk2-test/SctPkg/TestCase/UEFI/EFI/Protocol/TCG2Protocol
/BlackBoxTest/TCG2ProtocolBBTestConformance.c:655: Status - Invalid Parameter

TCG2_PROTOCOL.HashLogExtendEvent - Test with NULL EfiTcgEvent Pointer should ret
urn EFI_INVALID_PARAMETER -- PASS
B0E717C4-B1E2-49F7-B2D7-6058977D092C
/home/edhcha01/IR2.0/arm-systemready/IR/Yocto/meta-woden/build/tmp/work/armv8a-o
e-linux/ebbr-sct/1.0-r0/edk2-test/SctPkg/TestCase/UEFI/EFI/Protocol/TCG2Protocol
/BlackBoxTest/TCG2ProtocolBBTestConformance.c:681: Status - Invalid Parameter

TCG2_PROTOCOL.HashLogExtendEvent - Test with Event.Size < Event.Header.HeaderSiz
e + sizeof(UINT32) should return EFI_INVALID_PARAMETER -- PASS
A8E1B5E6-FC09-461C-B0E9-2A49CD25C124
/home/edhcha01/IR2.0/arm-systemready/IR/Yocto/meta-woden/build/tmp/work/armv8a-o
e-linux/ebbr-sct/1.0-r0/edk2-test/SctPkg/TestCase/UEFI/EFI/Protocol/TCG2Protocol
/BlackBoxTest/TCG2ProtocolBBTestConformance.c:709: Status - Invalid Parameter

TCG2_PROTOCOL.HashLogExtendEvent - Test with PCRIndex > 23 should return  EFI_IN
VALID_PARAMETER -- PASS
26F04A9B-7B7A-4F47-BEA8-B1A60265198A
/home/edhcha01/IR2.0/arm-systemready/IR/Yocto/meta-woden/build/tmp/work/armv8a-o
e-linux/ebbr-sct/1.0-r0/edk2-test/SctPkg/TestCase/UEFI/EFI/Protocol/TCG2Protocol
/BlackBoxTest/TCG2ProtocolBBTestConformance.c:738: Status - Invalid Parameter

TCG2_PROTOCOL.HashLogExtendEvent - HashLogExtendEvent() Test: HashLogExtendEvent
 should return EFI_SUCCESS -- FAILURE
4D1D9985-91E2-4948-8916-BB981362391D
/home/edhcha01/IR2.0/arm-systemready/IR/Yocto/meta-woden/build/tmp/work/armv8a-o
e-linux/ebbr-sct/1.0-r0/edk2-test/SctPkg/TestCase/UEFI/EFI/Protocol/TCG2Protocol
/BlackBoxTest/TCG2ProtocolBBTestConformance.c:798: Status - Volume Full

TCG2_PROTOCOL.HashLogExtendEvent - HashLogExtendEvent() Test Handling of PE_COFF
_IMAGE flag -- PASS
FB59CAB7-4F8C-4DED-A41C-C841201C3722
/home/edhcha01/IR2.0/arm-systemready/IR/Yocto/meta-woden/build/tmp/work/armv8a-o
e-linux/ebbr-sct/1.0-r0/edk2-test/SctPkg/TestCase/UEFI/EFI/Protocol/TCG2Protocol
/BlackBoxTest/TCG2ProtocolBBTestConformance.c:826: Status - Unsupported

TCG2_PROTOCOL.GetEventLog - GetEventLog() should return EFI_INVALID_PARAMETER wh
en passed in invalid EventLog Format -- PASS
0363D22F-C66A-4872-A546-067F6A0DDBCD
/home/edhcha01/IR2.0/arm-systemready/IR/Yocto/meta-woden/build/tmp/work/armv8a-o
e-linux/ebbr-sct/1.0-r0/edk2-test/SctPkg/TestCase/UEFI/EFI/Protocol/TCG2Protocol
/BlackBoxTest/TCG2ProtocolBBTestConformance.c:872: Status - Invalid Parameter

TCG2_PROTOCOL.GetEventLog - GetEventLog() should return EFI_SUCCESS -- PASS
9CD6D636-603A-4B78-80A3-A3B9CC6A0B08
/home/edhcha01/IR2.0/arm-systemready/IR/Yocto/meta-woden/build/tmp/work/armv8a-o
e-linux/ebbr-sct/1.0-r0/edk2-test/SctPkg/TestCase/UEFI/EFI/Protocol/TCG2Protocol
/BlackBoxTest/TCG2ProtocolBBTestConformance.c:929: Status - Success

TCG2_PROTOCOL.GetEventLog - GetEventLog() should return correct EventLogHeader -
- PASS
FC80408E-9A3C-4054-96F9-312335C23135
/home/edhcha01/IR2.0/arm-systemready/IR/Yocto/meta-woden/build/tmp/work/armv8a-o
e-linux/ebbr-sct/1.0-r0/edk2-test/SctPkg/TestCase/UEFI/EFI/Protocol/TCG2Protocol
/BlackBoxTest/TCG2ProtocolBBTestConformance.c:984: Status - Success


TCG2 Protocol GetEventLog Test: PCR Index of Last event should be 16

TCG2 Protocol GetEventLog Test: PCR Index of last event should be type EV_POST_C
ODE
TCG2_PROTOCOL.GetEventLog - GetEventLog() should record Event from Checkpoint2 a
s last EventLogEntry -- FAILURE
45FA1A42-912A-5124-84F4-4167ABB58990
/home/edhcha01/IR2.0/arm-systemready/IR/Yocto/meta-woden/build/tmp/work/armv8a-o
e-linux/ebbr-sct/1.0-r0/edk2-test/SctPkg/TestCase/UEFI/EFI/Protocol/TCG2Protocol
/BlackBoxTest/TCG2ProtocolBBTestConformance.c:1019: Status - Success


Returned Status Code: Success

HashLogExtendEvent_Conf: [FAILED]
  Passes........... 8
  Warnings......... 0
  Errors........... 2
------------------------------------------------------------
UEFI 2.6
Revision 0x00010000
Test Entry Point GUID: 907A7878-B294-F147-E90A-6543AB557646
------------------------------------------------------------
Logfile: "\EFI\BOOT\bbr\SCT\Log\TCG2ProtocolTest0\HashLogExtendEvent_Conf_0_0_90
7A7878-B294-F147-E90A-6543AB557646.log"
Test Finished: 08/01/23  09:25a
Elapsed Time: 00 Days 00:00:00

------------------------------------------------------------
  Remaining test cases: 1
  Protocol test: SubmitCommand_Conf
  Instances: 1/1
  Iterations: 1/1
------------------------------------------------------------
Arm ACS Version: SystemReady IR ACS v2.0.0
BBR ACS 1.0.4 (EBBR)
SubmitCommand_Conf
Revision 0x00010000
Test Entry Point GUID: 9087AD78-9AD2-4172-9ABC-982308F56D26
Test Support Library GUIDs: 
  1F9C2AE7-F147-4D19-A5E8-255AD005EB3E
------------------------------------------------------------
UEFI 2.6
Test Configuration #0
------------------------------------------------------------
Test the SubmitCommmand API
------------------------------------------------------------
Logfile: "\EFI\BOOT\bbr\SCT\Log\TCG2ProtocolTest0\SubmitCommand_Conf_0_0_9087AD7
8-9AD2-4172-9ABC-982308F56D26.log"
Test Started: 08/01/23  09:25a
------------------------------------------------------------
TCG2_PROTOCOL.SubmitCommand - SubmitCommand() should return EFI_SUCCESS -- PASS
1689BC3A-2298-A116-284C-C1DDAAD8EF51
/home/edhcha01/IR2.0/arm-systemready/IR/Yocto/meta-woden/build/tmp/work/armv8a-o
e-linux/ebbr-sct/1.0-r0/edk2-test/SctPkg/TestCase/UEFI/EFI/Protocol/TCG2Protocol
/BlackBoxTest/TCG2ProtocolBBTestConformance.c:1074: Status - Success

TCG2_PROTOCOL.SubmitCommand - SubmitCommand() should return EFI_SUCCESS -- PASS
126A789A-1932-3234-21AB-42648A7B6376
/home/edhcha01/IR2.0/arm-systemready/IR/Yocto/meta-woden/build/tmp/work/armv8a-o
e-linux/ebbr-sct/1.0-r0/edk2-test/SctPkg/TestCase/UEFI/EFI/Protocol/TCG2Protocol
/BlackBoxTest/TCG2ProtocolBBTestConformance.c:1150: Status - Success


Returned Status Code: Success

SubmitCommand_Conf: [PASSED]
  Passes........... 2
  Warnings......... 0
  Errors........... 0
------------------------------------------------------------
UEFI 2.6
Revision 0x00010000
Test Entry Point GUID: 9087AD78-9AD2-4172-9ABC-982308F56D26
------------------------------------------------------------
Logfile: "\EFI\BOOT\bbr\SCT\Log\TCG2ProtocolTest0\SubmitCommand_Conf_0_0_9087AD7
8-9AD2-4172-9ABC-982308F56D26.log"
Test Finished: 08/01/23  09:25a
Elapsed Time: 00 Days 00:00:00

------------------------------------------------------------
  Remaining test cases: 0
  Runtime services test: ImageLoading
  Iterations: 1/1
------------------------------------------------------------
Arm ACS Version: SystemReady IR ACS v2.0.0
BBR ACS 1.0.4 (EBBR)
ImageLoading
Revision 0x00010000
Test Entry Point GUID: BA4A8DD9-2D6A-43A6-96CF-7947892B7359
Test Support Library GUIDs: 
  1F9C2AE7-F147-4D19-A5E8-255AD005EB3E
  7FD8C38D-7C5C-42FC-B044-3A834A617476
------------------------------------------------------------
UEFI 2.6
Test Configuration #0
------------------------------------------------------------
Verifies Secure Boot image loading.
------------------------------------------------------------
Logfile: "\EFI\BOOT\bbr\SCT\Log\RuntimeServicesTest\SecureBootTest0\ImageLoading
_0_0_BA4A8DD9-2D6A-43A6-96CF-7947892B7359.log"
Test Started: 08/01/23  09:25a
------------------------------------------------------------
SecureBoot - Verify load of unsigned image. -- PASS
6C605B08-2AB7-4681-9F2F-74D08D964E35
/home/edhcha01/IR2.0/arm-systemready/IR/Yocto/meta-woden/build/tmp/work/armv8a-o
e-linux/ebbr-sct/1.0-r0/edk2-test/SctPkg/TestCase/UEFI/EFI/RuntimeServices/Secur
eBoot/BlackBoxTest/ImageLoadingBBTest.c:548:Status - Access Denied

SecureBoot - Verify load of signed image, but not in db. -- PASS
34DAA12D-302B-4AFD-9F1F-CB552E5948BE
/home/edhcha01/IR2.0/arm-systemready/IR/Yocto/meta-woden/build/tmp/work/armv8a-o
e-linux/ebbr-sct/1.0-r0/edk2-test/SctPkg/TestCase/UEFI/EFI/RuntimeServices/Secur
eBoot/BlackBoxTest/ImageLoadingBBTest.c:588:Status - Access Denied

SecureBoot - Verify load of signed image, first signature in list. -- PASS
5E1C06CB-F84A-4B38-8096-2F7B9591BB3A
/home/edhcha01/IR2.0/arm-systemready/IR/Yocto/meta-woden/build/tmp/work/armv8a-o
e-linux/ebbr-sct/1.0-r0/edk2-test/SctPkg/TestCase/UEFI/EFI/RuntimeServices/Secur
eBoot/BlackBoxTest/ImageLoadingBBTest.c:625:Status - Success

SecureBoot - Verify load of signed image, second signature in list. -- PASS
85F7E35E-E333-4D44-83F8-03394189F3B2
/home/edhcha01/IR2.0/arm-systemready/IR/Yocto/meta-woden/build/tmp/work/armv8a-o
e-linux/ebbr-sct/1.0-r0/edk2-test/SctPkg/TestCase/UEFI/EFI/RuntimeServices/Secur
eBoot/BlackBoxTest/ImageLoadingBBTest.c:662:Status - Success

SecureBoot - Verify load of unsigned image with hash in list. -- PASS
AA8167AE-F03A-4074-B278-D6F1290A86A7
/home/edhcha01/IR2.0/arm-systemready/IR/Yocto/meta-woden/build/tmp/work/armv8a-o
e-linux/ebbr-sct/1.0-r0/edk2-test/SctPkg/TestCase/UEFI/EFI/RuntimeServices/Secur
eBoot/BlackBoxTest/ImageLoadingBBTest.c:699:Status - Success

SecureBoot - Verify load of signed image with signature in db and revoked in dbx
 with SHA256 hash. -- PASS
B62A25F4-C24E-4853-9AD1-8B3FC59B29D7
/home/edhcha01/IR2.0/arm-systemready/IR/Yocto/meta-woden/build/tmp/work/armv8a-o
e-linux/ebbr-sct/1.0-r0/edk2-test/SctPkg/TestCase/UEFI/EFI/RuntimeServices/Secur
eBoot/BlackBoxTest/ImageLoadingBBTest.c:784:Status - Access Denied

SecureBoot - Verify load of signed image with signature in db and revoked in dbx
 with SHA384 hash. -- PASS
54E33072-43D2-4FBF-B44E-1D1CE7F71AD2
/home/edhcha01/IR2.0/arm-systemready/IR/Yocto/meta-woden/build/tmp/work/armv8a-o
e-linux/ebbr-sct/1.0-r0/edk2-test/SctPkg/TestCase/UEFI/EFI/RuntimeServices/Secur
eBoot/BlackBoxTest/ImageLoadingBBTest.c:824:Status - Access Denied

SecureBoot - Verify load of signed image with signature in db and revoked in dbx
 with SHA512 hash. -- PASS
20A23F21-31F1-4264-A6CB-7DC7E6963C63
/home/edhcha01/IR2.0/arm-systemready/IR/Yocto/meta-woden/build/tmp/work/armv8a-o
e-linux/ebbr-sct/1.0-r0/edk2-test/SctPkg/TestCase/UEFI/EFI/RuntimeServices/Secur
eBoot/BlackBoxTest/ImageLoadingBBTest.c:864:Status - Access Denied

SecureBoot - Verify load of signed image with signature in db and revoked in dbx
 with certificate. -- PASS
4BB36713-D8E2-405B-8BDA-8612C79291A9
/home/edhcha01/IR2.0/arm-systemready/IR/Yocto/meta-woden/build/tmp/work/armv8a-o
e-linux/ebbr-sct/1.0-r0/edk2-test/SctPkg/TestCase/UEFI/EFI/RuntimeServices/Secur
eBoot/BlackBoxTest/ImageLoadingBBTest.c:904:Status - Access Denied

SecureBoot - Verify load of signed image with signature in db and revoked in dbx
 with hash of image. -- PASS
3B48371B-C27E-4C19-B999-54537EA4BFED
/home/edhcha01/IR2.0/arm-systemready/IR/Yocto/meta-woden/build/tmp/work/armv8a-o
e-linux/ebbr-sct/1.0-r0/edk2-test/SctPkg/TestCase/UEFI/EFI/RuntimeServices/Secur
eBoot/BlackBoxTest/ImageLoadingBBTest.c:944:Status - Access Denied

SecureBoot - TestImage1.bin in Image Execution Info Table with SIG_NOT_FOUND. --
 FAILURE
B3A670AA-0FBA-48CA-9D01-0EE9700965A9
/home/edhcha01/IR2.0/arm-systemready/IR/Yocto/meta-woden/build/tmp/work/armv8a-o
e-linux/ebbr-sct/1.0-r0/edk2-test/SctPkg/TestCase/UEFI/EFI/RuntimeServices/Secur
eBoot/BlackBoxTest/ImageLoadingBBTest.c:1079:Status - Success

SecureBoot - TestImage2.bin in Image Execution Info Table with SIG_NOT_FOUND. --
 PASS
00C3C2F2-39D5-4D35-B7E7-587CA0F3CB75
/home/edhcha01/IR2.0/arm-systemready/IR/Yocto/meta-woden/build/tmp/work/armv8a-o
e-linux/ebbr-sct/1.0-r0/edk2-test/SctPkg/TestCase/UEFI/EFI/RuntimeServices/Secur
eBoot/BlackBoxTest/ImageLoadingBBTest.c:1096:Status - Success

SecureBoot - TestImage6.bin in Image Execution Info Table with SIG_FAILED. -- PA
SS
55211C3F-C438-485A-B175-B1EF5D3141C7
/home/edhcha01/IR2.0/arm-systemready/IR/Yocto/meta-woden/build/tmp/work/armv8a-o
e-linux/ebbr-sct/1.0-r0/edk2-test/SctPkg/TestCase/UEFI/EFI/RuntimeServices/Secur
eBoot/BlackBoxTest/ImageLoadingBBTest.c:1113:Status - Success

SecureBoot - TestImage7.bin in Image Execution Info Table with SIG_FAILED. -- PA
SS
32A28AE3-9DCB-4F3E-8624-E33E50A933E1
/home/edhcha01/IR2.0/arm-systemready/IR/Yocto/meta-woden/build/tmp/work/armv8a-o
e-linux/ebbr-sct/1.0-r0/edk2-test/SctPkg/TestCase/UEFI/EFI/RuntimeServices/Secur
eBoot/BlackBoxTest/ImageLoadingBBTest.c:1130:Status - Success

SecureBoot - TestImage8.bin in Image Execution Info Table with SIG_FAILED. -- PA
SS
9031EE38-3E1A-44F2-8E08-F52B52AD1BD9
/home/edhcha01/IR2.0/arm-systemready/IR/Yocto/meta-woden/build/tmp/work/armv8a-o
e-linux/ebbr-sct/1.0-r0/edk2-test/SctPkg/TestCase/UEFI/EFI/RuntimeServices/Secur
eBoot/BlackBoxTest/ImageLoadingBBTest.c:1147:Status - Success

SecureBoot - TestImage9.bin in Image Execution Info Table with SIG_FAILED. -- PA
SS
73AAE70E-7953-4983-894A-1E6AF27825D7
/home/edhcha01/IR2.0/arm-systemready/IR/Yocto/meta-woden/build/tmp/work/armv8a-o
e-linux/ebbr-sct/1.0-r0/edk2-test/SctPkg/TestCase/UEFI/EFI/RuntimeServices/Secur
eBoot/BlackBoxTest/ImageLoadingBBTest.c:1164:Status - Success

SecureBoot - Verify load of TestImage10.bin recorded in Image Execution Info Tab
le. -- FAILURE
26D2B894-37C3-44D5-8BF3-6CA6011AB462
/home/edhcha01/IR2.0/arm-systemready/IR/Yocto/meta-woden/build/tmp/work/armv8a-o
e-linux/ebbr-sct/1.0-r0/edk2-test/SctPkg/TestCase/UEFI/EFI/RuntimeServices/Secur
eBoot/BlackBoxTest/ImageLoadingBBTest.c:1181:Status - Success

SecureBootVariableCleanup: Doing cleanup of secure boot variables


Returned Status Code: Success

ImageLoading: [FAILED]
  Passes........... 15
  Warnings......... 0
  Errors........... 2
------------------------------------------------------------
UEFI 2.6
Revision 0x00010000
Test Entry Point GUID: BA4A8DD9-2D6A-43A6-96CF-7947892B7359
------------------------------------------------------------
Logfile: "\EFI\BOOT\bbr\SCT\Log\RuntimeServicesTest\SecureBootTest0\ImageLoading
_0_0_BA4A8DD9-2D6A-43A6-96CF-7947892B7359.log"
Test Finished: 08/01/23  09:25a
Elapsed Time: 00 Days 00:00:03

------------------------------------------------------------
Done!
- [ok]
- [ok]
- [ok]
SIE SCT test suite execution is complete. Resetting the system
UEFI firmware (version  built at 09:55:27 on Jul 28 2023)
[2J[04D[=3h[2J[09D[2J[04D[=3h[2J[09DBdsDxe: loading Boot0001 "UEFI Misc Device" from PciRoot(0x0)/Pci(0x2,0x0)
BdsDxe: starting Boot0001 "UEFI Misc Device" from PciRoot(0x0)/Pci(0x2,0x0)
[0m[30m[47mWelcome to GRUB!

[0m[37m[40merror: no such device: ((hd0,gpt1)/EFI/BOOT)/EFI/BOOT/grub.cfg.
error: serial port `com0' isn't found.
[0m[30m[40m[2J[01;01H[0m[37m[40m[02;30HGNU GRUB  version 2.06

[01C/----------------------------------------------------------------------------\[05;02H|[76C|[06;02H|[76C|[07;02H|[76C|[08;02H|[76C|[09;02H|[76C|[10;02H|[76C|[11;02H|[76C|[12;02H|[76C|[13;02H|[76C|[14;02H|[76C|[15;02H|[76C|[16;02H|[76C|[17;02H|[76C|[18;02H|[76C|[19;02H|[76C|[20;02H|[76C|[21;02H|[76C|[22;02H|[76C|[23;02H|[76C|[24;02H|[76C|[25;02H|[76C|[26;02H|[76C|[27;02H|[76C|[28;02H|[76C|[29;02H|[76C|[30;02H|[76C|[31;02H|[76C|[32;02H|[76C|[33;02H|[76C|[34;02H|[76C|[35;02H|[76C|[36;02H|[76C|[37;02H|[76C|[38;02H|[76C|[39;02H|[76C|[40;02H|[76C|[41;02H|[76C|[42;02H|[76C|[43;02H\----------------------------------------------------------------------------/[44;02H[45;02H     Use the ^ and v keys to select which entry is highlighted.          
      Press enter to boot the selected OS, `e' to edit the commands       
      before booting or `c' for a command-line.                           [05;80H 
[05;03H Linux Boot                                                                 [01D[0m[30m[47m[06;03H*bbr/bsa                                                                    [0m[37m[40m[01D[07;03H SCT for Security Interface Extension (optional)                            [01D[08;03H Linux Boot for Security Interface Extension (optional)                     [01D[09;03H                                                                            [01D[10;03H                                                                            [01D[11;03H                                                                            [01D[12;03H                                                                            [01D[13;03H                                                                            [01D[14;03H                                                                            [01D[15;03H                                                                            [01D[16;03H                                                                            [01D[17;03H                                                                            [01D[18;03H                                                                            [01D[19;03H                                                                            [01D[20;03H                                                                            [01D[21;03H                                                                            [01D[22;03H                                                                            [01D[23;03H                                                                            [01D[24;03H                                                                            [01D[25;03H                                                                            [01D[26;03H                                                                            [01D[27;03H                                                                            [01D[28;03H                                                                            [01D[29;03H                                                                            [01D[30;03H                                                                            [01D[31;03H                                                                            [01D[32;03H                                                                            [01D[33;03H                                                                            [01D[34;03H                                                                            [01D[35;03H                                                                            [01D[36;03H                                                                            [01D[37;03H                                                                            [01D[38;03H                                                                            [01D[39;03H                                                                            [01D[40;03H                                                                            [01D[41;03H                                                                            [01D[42;03H                                                                            [01D[02C 
[06;78H[48;01H   The highlighted entry will be executed automatically in 10s.                [06;78H[48;01H   The highlighted entry will be executed automatically in 9s.                 [06;78H[48;01H   The highlighted entry will be executed automatically in 8s.                 [06;78H[48;01H                                                                               [49;01H                                                                               [06;78H[75D bbr/bsa                                                                    [01D[0m[30m[47m[07;03H*SCT for Security Interface Extension (optional)                            [0m[37m[40m[01D[75D SCT for Security Interface Extension (optional)                            [01D[0m[30m[47m[08;03H*Linux Boot for Security Interface Extension (optional)                     [0m[37m[40m[01D[0m[30m[40m[2J[01;01H[0m[37m[40m[0m[30m[40m[2J[04D[0m[37m[40mEFI stub: Booting Linux Kernel...
EFI stub: EFI_RNG_PROTOCOL unavailable
EFI stub: UEFI Secure Boot is enabled.
EFI stub: Using DTB from configuration table
EFI stub: Exiting boot services...
[    0.000000] Booting Linux on physical CPU 0x0000000000 [0x411fd070]
[    0.000000] Linux version 6.0.0-yocto-standard (oe-user@oe-host) (aarch64-oe-linux-gcc (GCC) 12.2.0, GNU ld (GNU Binutils) 2.39.0.20220819) #1 SMP PREEMPT Sun Oct 2 21:09:07 UTC 2022
[    0.000000] random: crng init done
[    0.000000] Machine model: linux,dummy-virt
[    0.000000] efi: EFI v2.70 by EDK II
[    0.000000] efi: SMBIOS 3.0=0xbfed0000 TPMFinalLog=0xbc4f0000 MEMATTR=0xbe27f018 TPMEventLog=0xbc40e018 MEMRESERVE=0xbc40cb98 
[    0.000000] efi: memattr: Unexpected EFI Memory Attributes table version 2
[    0.000000] NUMA: No NUMA configuration found
[    0.000000] NUMA: Faking a node at [mem 0x0000000040000000-0x00000000bfffffff]
[    0.000000] NUMA: NODE_DATA [mem 0xbf811b40-0xbf813fff]
[    0.000000] Zone ranges:
[    0.000000]   DMA      [mem 0x0000000040000000-0x00000000bfffffff]
[    0.000000]   DMA32    empty
[    0.000000]   Normal   empty
[    0.000000] Movable zone start for each node
[    0.000000] Early memory node ranges
[    0.000000]   node   0: [mem 0x0000000040000000-0x00000000bc4effff]
[    0.000000]   node   0: [mem 0x00000000bc4f0000-0x00000000bc72ffff]
[    0.000000]   node   0: [mem 0x00000000bc730000-0x00000000bfbfffff]
[    0.000000]   node   0: [mem 0x00000000bfc00000-0x00000000bffdffff]
[    0.000000]   node   0: [mem 0x00000000bffe0000-0x00000000bfffffff]
[    0.000000] Initmem setup node 0 [mem 0x0000000040000000-0x00000000bfffffff]
[    0.000000] cma: Reserved 32 MiB at 0x00000000ba400000
[    0.000000] psci: probing for conduit method from DT.
[    0.000000] psci: PSCIv1.1 detected in firmware.
[    0.000000] psci: Using standard PSCI v0.2 function IDs
[    0.000000] psci: Trusted OS migration not required
[    0.000000] psci: SMC Calling Convention v1.0
[    0.000000] percpu: Embedded 20 pages/cpu s44584 r8192 d29144 u81920
[    0.000000] Detected PIPT I-cache on CPU0
[    0.000000] CPU features: detected: Spectre-v2
[    0.000000] CPU features: detected: Spectre-v3a
[    0.000000] CPU features: detected: Spectre-v4
[    0.000000] CPU features: detected: Spectre-BHB
[    0.000000] CPU features: kernel page table isolation forced ON by KASLR
[    0.000000] CPU features: detected: Kernel page table isolation (KPTI)
[    0.000000] CPU features: detected: ARM erratum 834220
[    0.000000] CPU features: detected: ARM erratum 1742098
[    0.000000] CPU features: detected: ARM erratum 832075
[    0.000000] CPU features: detected: ARM errata 1165522, 1319367, or 1530923
[    0.000000] Fallback order for Node 0: 0 
[    0.000000] Built 1 zonelists, mobility grouping on.  Total pages: 516096
[    0.000000] Policy zone: DMA
[    0.000000] Kernel command line: BOOT_IMAGE=/Image root=PARTUUID=a711e613-3b60-4285-86f5-9dc61ebcd632 rootwait rootfstype=ext4 secureboot
[    0.000000] Unknown kernel command line parameters "secureboot BOOT_IMAGE=/Image", will be passed to user space.
[    0.000000] Dentry cache hash table entries: 262144 (order: 9, 2097152 bytes, linear)
[    0.000000] Inode-cache hash table entries: 131072 (order: 8, 1048576 bytes, linear)
[    0.000000] mem auto-init: stack:all(zero), heap alloc:off, heap free:off
[    0.000000] Memory: 1980104K/2097152K available (16064K kernel code, 3538K rwdata, 9144K rodata, 7168K init, 609K bss, 84280K reserved, 32768K cma-reserved)
[    0.000000] SLUB: HWalign=64, Order=0-3, MinObjects=0, CPUs=2, Nodes=1
[    0.000000] rcu: Preemptible hierarchical RCU implementation.
[    0.000000] rcu: 	RCU event tracing is enabled.
[    0.000000] rcu: 	RCU restricting CPUs from NR_CPUS=256 to nr_cpu_ids=2.
[    0.000000] 	Trampoline variant of Tasks RCU enabled.
[    0.000000] 	Tracing variant of Tasks RCU enabled.
[    0.000000] rcu: RCU calculated value of scheduler-enlistment delay is 25 jiffies.
[    0.000000] rcu: Adjusting geometry for rcu_fanout_leaf=16, nr_cpu_ids=2
[    0.000000] NR_IRQS: 64, nr_irqs: 64, preallocated irqs: 0
[    0.000000] Root IRQ handler: gic_handle_irq
[    0.000000] GICv2m: range[mem 0x08020000-0x08020fff], SPI[80:143]
[    0.000000] rcu: srcu_init: Setting srcu_struct sizes based on contention.
[    0.000000] arch_timer: cp15 timer(s) running at 62.50MHz (virt).
[    0.000000] clocksource: arch_sys_counter: mask: 0x1ffffffffffffff max_cycles: 0x1cd42e208c, max_idle_ns: 881590405314 ns
[    0.000094] sched_clock: 57 bits at 63MHz, resolution 16ns, wraps every 4398046511096ns
[    0.014364] Console: colour dummy device 80x25
[    0.017587] printk: console [tty0] enabled
[    0.020008] Calibrating delay loop (skipped), value calculated using timer frequency.. 125.00 BogoMIPS (lpj=250000)
[    0.020214] pid_max: default: 32768 minimum: 301
[    0.021253] LSM: Security Framework initializing
[    0.027309] Mount-cache hash table entries: 4096 (order: 3, 32768 bytes, linear)
[    0.027546] Mountpoint-cache hash table entries: 4096 (order: 3, 32768 bytes, linear)
[    0.075796] cacheinfo: Unable to detect cache hierarchy for CPU 0
[    0.085400] cblist_init_generic: Setting adjustable number of callback queues.
[    0.085632] cblist_init_generic: Setting shift to 1 and lim to 1.
[    0.086124] cblist_init_generic: Setting shift to 1 and lim to 1.
[    0.087918] rcu: Hierarchical SRCU implementation.
[    0.087997] rcu: 	Max phase no-delay instances is 1000.
[    0.099780] Remapping and enabling EFI services.
[    0.103830] smp: Bringing up secondary CPUs ...
[    0.109993] Detected PIPT I-cache on CPU1
[    0.111048] cacheinfo: Unable to detect cache hierarchy for CPU 1
[    0.111465] CPU1: Booted secondary processor 0x0000000001 [0x411fd070]
[    0.115708] smp: Brought up 1 node, 2 CPUs
[    0.115852] SMP: Total of 2 processors activated.
[    0.115953] CPU features: detected: 32-bit EL0 Support
[    0.115999] CPU features: detected: 32-bit EL1 Support
[    0.116097] CPU features: detected: CRC32 instructions
[    0.123007] CPU: All CPU(s) started at EL1
[    0.125132] alternatives: patching kernel code
[    0.160053] devtmpfs: initialized
[    0.179517] clocksource: jiffies: mask: 0xffffffff max_cycles: 0xffffffff, max_idle_ns: 7645041785100000 ns
[    0.179876] futex hash table entries: 512 (order: 3, 32768 bytes, linear)
[    0.185200] pinctrl core: initialized pinctrl subsystem
[    0.204390] SMBIOS 3.0.0 present.
[    0.204770] DMI: QEMU QEMU Virtual Machine, BIOS unknown 2/2/2022
[    0.218044] NET: Registered PF_NETLINK/PF_ROUTE protocol family
[    0.234244] DMA: preallocated 256 KiB GFP_KERNEL pool for atomic allocations
[    0.235719] DMA: preallocated 256 KiB GFP_KERNEL|GFP_DMA pool for atomic allocations
[    0.236178] DMA: preallocated 256 KiB GFP_KERNEL|GFP_DMA32 pool for atomic allocations
[    0.236679] audit: initializing netlink subsys (disabled)
[    0.239469] audit: type=2000 audit(0.208:1): state=initialized audit_enabled=0 res=1
[    0.247796] thermal_sys: Registered thermal governor 'step_wise'
[    0.247864] thermal_sys: Registered thermal governor 'power_allocator'
[    0.248625] cpuidle: using governor menu
[    0.249988] hw-breakpoint: found 6 breakpoint and 4 watchpoint registers.
[    0.250819] ASID allocator initialised with 32768 entries
[    0.259374] Serial: AMBA PL011 UART driver
[    0.319756] 9000000.pl011: ttyAMA0 at MMIO 0x9000000 (irq = 13, base_baud = 0) is a PL011 rev1
[    0.411238] printk: console [ttyAMA0] enabled
[    0.435494] KASLR enabled
[    0.497224] HugeTLB: registered 1.00 GiB page size, pre-allocated 0 pages
[    0.498231] HugeTLB: 16380 KiB vmemmap can be freed for a 1.00 GiB page
[    0.499269] HugeTLB: registered 32.0 MiB page size, pre-allocated 0 pages
[    0.500235] HugeTLB: 508 KiB vmemmap can be freed for a 32.0 MiB page
[    0.501392] HugeTLB: registered 2.00 MiB page size, pre-allocated 0 pages
[    0.502353] HugeTLB: 28 KiB vmemmap can be freed for a 2.00 MiB page
[    0.503212] HugeTLB: registered 64.0 KiB page size, pre-allocated 0 pages
[    0.504129] HugeTLB: 0 KiB vmemmap can be freed for a 64.0 KiB page
[    0.526220] ACPI: Interpreter disabled.
[    0.538463] iommu: Default domain type: Translated 
[    0.540022] iommu: DMA domain TLB invalidation policy: strict mode 
[    0.545251] SCSI subsystem initialized
[    0.551707] usbcore: registered new interface driver usbfs
[    0.553274] usbcore: registered new interface driver hub
[    0.554282] usbcore: registered new device driver usb
[    0.561088] pps_core: LinuxPPS API ver. 1 registered
[    0.562109] pps_core: Software ver. 5.3.6 - Copyright 2005-2007 Rodolfo Giometti <giometti@linux.it>
[    0.563881] PTP clock support registered
[    0.565749] EDAC MC: Ver: 3.0.0
[    0.573575] Registered efivars operations
[    0.583547] FPGA manager framework
[    0.586365] Advanced Linux Sound Architecture Driver Initialized.
[    0.614324] vgaarb: loaded
[    0.618687] clocksource: Switched to clocksource arch_sys_counter
[    0.628311] VFS: Disk quotas dquot_6.6.0
[    0.629488] VFS: Dquot-cache hash table entries: 512 (order 0, 4096 bytes)
[    0.633521] pnp: PnP ACPI: disabled
[    0.695700] NET: Registered PF_INET protocol family
[    0.700472] IP idents hash table entries: 32768 (order: 6, 262144 bytes, linear)
[    0.712191] tcp_listen_portaddr_hash hash table entries: 1024 (order: 2, 16384 bytes, linear)
[    0.713587] Table-perturb hash table entries: 65536 (order: 6, 262144 bytes, linear)
[    0.714983] TCP established hash table entries: 16384 (order: 5, 131072 bytes, linear)
[    0.716718] TCP bind hash table entries: 16384 (order: 6, 262144 bytes, linear)
[    0.718115] TCP: Hash tables configured (established 16384 bind 16384)
[    0.721659] UDP hash table entries: 1024 (order: 3, 32768 bytes, linear)
[    0.723252] UDP-Lite hash table entries: 1024 (order: 3, 32768 bytes, linear)
[    0.726167] NET: Registered PF_UNIX/PF_LOCAL protocol family
[    0.733191] RPC: Registered named UNIX socket transport module.
[    0.734263] RPC: Registered udp transport module.
[    0.735339] RPC: Registered tcp transport module.
[    0.736181] RPC: Registered tcp NFSv4.1 backchannel transport module.
[    0.737311] PCI: CLS 0 bytes, default 64
[    0.750245] hw perfevents: enabled with armv8_pmuv3 PMU driver, 7 counters available
[    0.753260] kvm [1]: HYP mode not available
[    0.761841] Initialise system trusted keyrings
[    0.766812] workingset: timestamp_bits=42 max_order=19 bucket_order=0
[    0.801250] squashfs: version 4.0 (2009/01/31) Phillip Lougher
[    0.809769] NFS: Registering the id_resolver key type
[    0.811688] Key type id_resolver registered
[    0.812579] Key type id_legacy registered
[    0.814235] nfs4filelayout_init: NFSv4 File Layout Driver Registering...
[    0.815839] nfs4flexfilelayout_init: NFSv4 Flexfile Layout Driver Registering...
[    0.819165] 9p: Installing v9fs 9p2000 file system support
[    0.857727] Key type asymmetric registered
[    0.858841] Asymmetric key parser 'x509' registered
[    0.860372] Block layer SCSI generic (bsg) driver version 0.4 loaded (major 245)
[    0.861738] io scheduler mq-deadline registered
[    0.862781] io scheduler kyber registered
[    0.963473] pl061_gpio 9030000.pl061: PL061 GPIO chip registered
[    0.978809] pci-host-generic 4010000000.pcie: host bridge /pcie@10000000 ranges:
[    0.981619] pci-host-generic 4010000000.pcie:       IO 0x003eff0000..0x003effffff -> 0x0000000000
[    0.984613] pci-host-generic 4010000000.pcie:      MEM 0x0010000000..0x003efeffff -> 0x0010000000
[    0.986313] pci-host-generic 4010000000.pcie:      MEM 0x8000000000..0xffffffffff -> 0x8000000000
[    0.989684] pci-host-generic 4010000000.pcie: Memory resource size exceeds max for 32 bits
[    0.992351] pci-host-generic 4010000000.pcie: ECAM at [mem 0x4010000000-0x401fffffff] for [bus 00-ff]
[    0.996603] pci-host-generic 4010000000.pcie: PCI host bridge to bus 0000:00
[    0.998219] pci_bus 0000:00: root bus resource [bus 00-ff]
[    0.999758] pci_bus 0000:00: root bus resource [io  0x0000-0xffff]
[    1.000956] pci_bus 0000:00: root bus resource [mem 0x10000000-0x3efeffff]
[    1.002180] pci_bus 0000:00: root bus resource [mem 0x8000000000-0xffffffffff]
[    1.007563] pci 0000:00:00.0: [1b36:0008] type 00 class 0x060000
[    1.015560] pci 0000:00:01.0: [1af4:1000] type 00 class 0x020000
[    1.017404] pci 0000:00:01.0: reg 0x10: [io  0x0100-0x011f]
[    1.019964] pci 0000:00:01.0: reg 0x14: [mem 0x10002000-0x10002fff]
[    1.023457] pci 0000:00:01.0: reg 0x20: [mem 0x8000000000-0x8000003fff 64bit pref]
[    1.027488] pci 0000:00:02.0: [1af4:1001] type 00 class 0x010000
[    1.029156] pci 0000:00:02.0: reg 0x10: [io  0x0080-0x00ff]
[    1.031452] pci 0000:00:02.0: reg 0x14: [mem 0x10001000-0x10001fff]
[    1.035153] pci 0000:00:02.0: reg 0x20: [mem 0x8000004000-0x8000007fff 64bit pref]
[    1.040023] pci 0000:00:03.0: [1af4:1001] type 00 class 0x010000
[    1.042473] pci 0000:00:03.0: reg 0x10: [io  0x0000-0x007f]
[    1.045223] pci 0000:00:03.0: reg 0x14: [mem 0x10000000-0x10000fff]
[    1.048162] pci 0000:00:03.0: reg 0x20: [mem 0x8000008000-0x800000bfff 64bit pref]
[    1.057928] pci 0000:00:01.0: BAR 4: assigned [mem 0x8000000000-0x8000003fff 64bit pref]
[    1.060304] pci 0000:00:02.0: BAR 4: assigned [mem 0x8000004000-0x8000007fff 64bit pref]
[    1.061793] pci 0000:00:03.0: BAR 4: assigned [mem 0x8000008000-0x800000bfff 64bit pref]
[    1.063951] pci 0000:00:01.0: BAR 1: assigned [mem 0x10000000-0x10000fff]
[    1.065304] pci 0000:00:02.0: BAR 1: assigned [mem 0x10001000-0x10001fff]
[    1.066472] pci 0000:00:03.0: BAR 1: assigned [mem 0x10002000-0x10002fff]
[    1.067512] pci 0000:00:02.0: BAR 0: assigned [io  0x1000-0x107f]
[    1.069028] pci 0000:00:03.0: BAR 0: assigned [io  0x1080-0x10ff]
[    1.070552] pci 0000:00:01.0: BAR 0: assigned [io  0x1100-0x111f]
[    1.088634] EINJ: ACPI disabled.
[    1.168051] virtio-pci 0000:00:01.0: enabling device (0005 -> 0007)
[    1.173454] virtio-pci 0000:00:02.0: enabling device (0005 -> 0007)
[    1.176559] virtio-pci 0000:00:03.0: enabling device (0005 -> 0007)
[    1.207015] Serial: 8250/16550 driver, 4 ports, IRQ sharing enabled
[    1.217775] SuperH (H)SCI(F) driver initialized
[    1.220962] msm_serial: driver initialized
[    1.227600] tpm_tis c000000.tpm_tis: 2.0 TPM (device-id 0x1, rev-id 1)
[    1.249534] cacheinfo: Unable to detect cache hierarchy for CPU 0
[    1.288821] loop: module loaded
[    1.293568] virtio_blk virtio1: 2/0/0 default/read/poll queues
[    1.310880] virtio_blk virtio1: [vda] 1128482 512-byte logical blocks (578 MB/551 MiB)
[    1.346611]  vda: vda1 vda2 vda3
[    1.360465] virtio_blk virtio2: 2/0/0 default/read/poll queues
[    1.364239] virtio_blk virtio2: [vdb] 409600 512-byte logical blocks (210 MB/200 MiB)
[    1.375250] megasas: 07.719.03.00-rc1
[    1.397621] tun: Universal TUN/TAP device driver, 1.6
[    1.412050] thunder_xcv, ver 1.0
[    1.412758] thunder_bgx, ver 1.0
[    1.413374] nicpf, ver 1.0
[    1.417089] hns3: Hisilicon Ethernet Network Driver for Hip08 Family - version
[    1.418092] hns3: Copyright (c) 2017 Huawei Corporation.
[    1.419606] hclge is initializing
[    1.420309] e1000: Intel(R) PRO/1000 Network Driver
[    1.421027] e1000: Copyright (c) 1999-2006 Intel Corporation.
[    1.422103] e1000e: Intel(R) PRO/1000 Network Driver
[    1.423020] e1000e: Copyright(c) 1999 - 2015 Intel Corporation.
[    1.424319] igb: Intel(R) Gigabit Ethernet Network Driver
[    1.425051] igb: Copyright (c) 2007-2014 Intel Corporation.
[    1.426296] igbvf: Intel(R) Gigabit Virtual Function Network Driver
[    1.427443] igbvf: Copyright (c) 2009 - 2012 Intel Corporation.
[    1.430411] sky2: driver version 1.30
[    1.437314] VFIO - User Level meta-driver version: 0.3
[    1.450202] ehci_hcd: USB 2.0 'Enhanced' Host Controller (EHCI) Driver
[    1.451790] ehci-pci: EHCI PCI platform driver
[    1.452991] ehci-platform: EHCI generic platform driver
[    1.454405] ehci-orion: EHCI orion driver
[    1.455913] ehci-exynos: EHCI Exynos driver
[    1.457407] ohci_hcd: USB 1.1 'Open' Host Controller (OHCI) Driver
[    1.459141] ohci-pci: OHCI PCI platform driver
[    1.461427] ohci-platform: OHCI generic platform driver
[    1.462967] ohci-exynos: OHCI Exynos driver
[    1.467572] usbcore: registered new interface driver usb-storage
[    1.488183] rtc-efi rtc-efi.0: registered as rtc0
[    1.491539] rtc-efi rtc-efi.0: setting system clock to 2023-08-01T09:26:30 UTC (1690881990)
[    1.497327] i2c_dev: i2c /dev entries driver
[    1.537531] sdhci: Secure Digital Host Controller Interface driver
[    1.538780] sdhci: Copyright(c) Pierre Ossman
[    1.545247] Synopsys Designware Multimedia Card Interface Driver
[    1.550223] sdhci-pltfm: SDHCI platform and OF driver helper
[    1.564537] ledtrig-cpu: registered to indicate activity on CPUs
[    1.571345] pstore: Registered efi as persistent store backend
[    1.583052] usbcore: registered new interface driver usbhid
[    1.584360] usbhid: USB HID core driver
[    1.617299] NET: Registered PF_PACKET protocol family
[    1.621606] 9pnet: Installing 9P2000 support
[    1.623059] Key type dns_resolver registered
[    1.627563] registered taskstats version 1
[    1.628546] Loading compiled-in X.509 certificates
[    1.635119] pstore: Using crash dump compression: deflate
[    1.692908] input: gpio-keys as /devices/platform/gpio-keys/input/input0
[    1.705896] ALSA device list:
[    1.706620]   No soundcards found.
[    1.716220] uart-pl011 9000000.pl011: no DMA platform data
[    1.741937] EXT4-fs (vda2): INFO: recovery required on readonly filesystem
[    1.743100] EXT4-fs (vda2): write access will be enabled during recovery
[    1.804753] EXT4-fs (vda2): recovery complete
[    1.813249] EXT4-fs (vda2): mounted filesystem with ordered data mode. Quota mode: none.
[    1.815358] VFS: Mounted root (ext4 filesystem) readonly on device 254:2.
[    1.820596] devtmpfs: mounted
[    1.921696] Freeing unused kernel memory: 7168K
[    1.925337] Run /sbin/init as init process
[    2.363494] NET: Registered PF_INET6 protocol family
[    2.378516] Segment Routing with IPv6
[    2.379657] In-situ OAM (IOAM) with IPv6
[    2.569373] systemd[1]: systemd 251.8+ running in system mode (-PAM -AUDIT -SELINUX -APPARMOR +IMA -SMACK +SECCOMP -GCRYPT -GNUTLS -OPENSSL +ACL +BLKID -CURL -ELFUTILS -FIDO2 -IDN2 -IDN -IPTC +KMOD -LIBCRYPTSETUP +LIBFDISK -PCRE2 -PWQUALITY -P11KIT -QRENCODE -TPM2 -BZIP2 -LZ4 -XZ -ZLIB +ZSTD -BPF_FRAMEWORK -XKBCOMMON +UTMP +SYSVINIT default-hierarchy=hybrid)
[    2.574901] systemd[1]: Detected virtualization qemu.
[    2.576196] systemd[1]: Detected architecture arm64.

Welcome to [1mWoden 0.0 (master)[0m!

[    2.688499] systemd[1]: Hostname set to <generic-arm64>.
[    4.821568] systemd[1]: Queued start job for default target Multi-User System.
[    5.252156] systemd[1]: Created slice Slice /system/getty.
[[0;32m  OK  [0m] Created slice [0;1;39mSlice /system/getty[0m.
[    5.276859] systemd[1]: Created slice Slice /system/modprobe.
[[0;32m  OK  [0m] Created slice [0;1;39mSlice /system/modprobe[0m.
[    5.298426] systemd[1]: Created slice Slice /system/serial-getty.
[[0;32m  OK  [0m] Created slice [0;1;39mSlice /system/serial-getty[0m.
[    5.317951] systemd[1]: Created slice User and Session Slice.
[[0;32m  OK  [0m] Created slice [0;1;39mUser and Session Slice[0m.
[    5.327052] systemd[1]: Started Dispatch Password Requests to Console Directory Watch.
[[0;32m  OK  [0m] Started [0;1;39mDispatch Password …ts to Console Directory Watch[0m.
[    5.341570] systemd[1]: Started Forward Password Requests to Wall Directory Watch.
[[0;32m  OK  [0m] Started [0;1;39mForward Password R…uests to Wall Directory Watch[0m.
[    5.351359] systemd[1]: Reached target Path Units.
[[0;32m  OK  [0m] Reached target [0;1;39mPath Units[0m.
[    5.356106] systemd[1]: Reached target Remote File Systems.
[[0;32m  OK  [0m] Reached target [0;1;39mRemote File Systems[0m.
[    5.363577] systemd[1]: Reached target Slice Units.
[[0;32m  OK  [0m] Reached target [0;1;39mSlice Units[0m.
[    5.368458] systemd[1]: Reached target Swaps.
[[0;32m  OK  [0m] Reached target [0;1;39mSwaps[0m.
[    5.387754] systemd[1]: Listening on Syslog Socket.
[[0;32m  OK  [0m] Listening on [0;1;39mSyslog Socket[0m.
[    5.397606] systemd[1]: Listening on initctl Compatibility Named Pipe.
[[0;32m  OK  [0m] Listening on [0;1;39minitctl Compatibility Named Pipe[0m.
[    5.417021] systemd[1]: Listening on Journal Audit Socket.
[[0;32m  OK  [0m] Listening on [0;1;39mJournal Audit Socket[0m.
[    5.430358] systemd[1]: Listening on Journal Socket (/dev/log).
[[0;32m  OK  [0m] Listening on [0;1;39mJournal Socket (/dev/log)[0m.
[    5.447721] systemd[1]: Listening on Journal Socket.
[[0;32m  OK  [0m] Listening on [0;1;39mJournal Socket[0m.
[    5.463991] systemd[1]: Listening on Network Service Netlink Socket.
[[0;32m  OK  [0m] Listening on [0;1;39mNetwork Service Netlink Socket[0m.
[    5.476929] systemd[1]: Listening on udev Control Socket.
[[0;32m  OK  [0m] Listening on [0;1;39mudev Control Socket[0m.
[    5.487238] systemd[1]: Listening on udev Kernel Socket.
[[0;32m  OK  [0m] Listening on [0;1;39mudev Kernel Socket[0m.
[    5.496537] systemd[1]: Listening on User Database Manager Socket.
[[0;32m  OK  [0m] Listening on [0;1;39mUser Database Manager Socket[0m.
[    5.598146] systemd[1]: Mounting Huge Pages File System...
         Mounting [0;1;39mHuge Pages File System[0m...
[    5.715942] systemd[1]: Mounting POSIX Message Queue File System...
         Mounting [0;1;39mPOSIX Message Queue File System[0m...
[    5.775237] systemd[1]: Mounting Kernel Debug File System...
         Mounting [0;1;39mKernel Debug File System[0m...
[    5.784933] systemd[1]: Kernel Trace File System was skipped because of a failed condition check (ConditionPathExists=/sys/kernel/tracing).
[    5.872422] systemd[1]: Mounting Temporary Directory /tmp...
         Mounting [0;1;39mTemporary Directory /tmp[0m...
[    5.884043] systemd[1]: Create List of Static Device Nodes was skipped because of a failed condition check (ConditionFileNotEmpty=/lib/modules/6.0.0-yocto-standard/modules.devname).
[    5.962139] systemd[1]: Starting Load Kernel Module configfs...
         Starting [0;1;39mLoad Kernel Module configfs[0m...
[    6.046928] systemd[1]: Starting Load Kernel Module drm...
         Starting [0;1;39mLoad Kernel Module drm[0m...
[    6.137424] systemd[1]: Starting Load Kernel Module fuse...
         Starting [0;1;39mLoad Kernel Module fuse[0m...
[    6.219620] systemd[1]: Starting File System Check on Root Device...
         Starting [0;1;39mFile System Check on Root Device[0m...
[    6.351950] systemd[1]: Starting Journal Service...
         Starting [0;1;39mJournal Service[0m...
[    6.380636] systemd[1]: Load Kernel Modules was skipped because all trigger condition checks failed.
[    6.468756] systemd[1]: Starting Generate network units from Kernel command line...
         Starting [0;1;39mGenerate network …ts from Kernel command line[0m...
[    6.630318] systemd[1]: Starting Apply Kernel Variables...
         Starting [0;1;39mApply Kernel Variables[0m...
[    6.783717] systemd[1]: Starting Coldplug All udev Devices...
         Starting [0;1;39mColdplug All udev Devices[0m...
[    7.047187] systemd[1]: Mounted Huge Pages File System.
[[0;32m  OK  [0m] Mounted [0;1;39mHuge Pages File System[0m.
[    7.095945] systemd[1]: Mounted POSIX Message Queue File System.
[[0;32m  OK  [0m] Mounted [0;1;39mPOSIX Message Queue File System[0m.
[    7.149137] systemd[1]: Mounted Kernel Debug File System.
[[0;32m  OK  [0m] Mounted [0;1;39mKernel Debug File System[0m.
[    7.168219] systemd[1]: Mounted Temporary Directory /tmp.
[[0;32m  OK  [0m] Mounted [0;1;39mTemporary Directory /tmp[0m.
[    7.218999] systemd[1]: modprobe@configfs.service: Deactivated successfully.
[    7.265299] systemd[1]: Finished Load Kernel Module configfs.
[[0;32m  OK  [0m] Finished [0;1;39mLoad Kernel Module configfs[0m.
[    7.302483] systemd[1]: modprobe@drm.service: Deactivated successfully.
[    7.333156] systemd[1]: Finished Load Kernel Module drm.
[[0;32m  OK  [0m] Finished [0;1;39mLoad Kernel Module drm[0m.
[    7.385041] systemd[1]: modprobe@fuse.service: Deactivated successfully.
[    7.414928] systemd[1]: Finished Load Kernel Module fuse.
[[0;32m  OK  [0m] Finished [0;1;39mLoad Kernel Module fuse[0m.
[    7.471607] systemd[1]: Finished File System Check on Root Device.
[[0;32m  OK  [0m] Finished [0;1;39mFile System Check on Root Device[0m.
[    7.518176] systemd[1]: Finished Generate network units from Kernel command line.
[[0;32m  OK  [0m] Finished [0;1;39mGenerate network units from Kernel command line[0m.
[    7.580501] systemd[1]: Finished Apply Kernel Variables.
[[0;32m  OK  [0m] Finished [0;1;39mApply Kernel Variables[0m.
[    7.608684] systemd[1]: Reached target Preparation for Network.
[[0;32m  OK  [0m] Reached target [0;1;39mPreparation for Network[0m.
[    7.629943] systemd[1]: FUSE Control File System was skipped because of a failed condition check (ConditionPathExists=/sys/fs/fuse/connections).
[    7.748069] systemd[1]: Mounting Kernel Configuration File System...
         Mounting [0;1;39mKernel Configuration File System[0m...
[    7.904649] systemd[1]: Starting Remount Root and Kernel File Systems...
         Starting [0;1;39mRemount Root and Kernel File Systems[0m...
[    8.048165] systemd[1]: Mounted Kernel Configuration File System.
[[0;32m  OK  [0m] Mounted [0;1;39mKernel Configuration File System[0m.
[    8.392207] EXT4-fs (vda2): re-mounted. Quota mode: none.
[    8.535312] systemd[1]: Finished Remount Root and Kernel File Systems.
[[0;32m  OK  [0m] Finished [0;1;39mRemount Root and Kernel File Systems[0m.
[    8.557820] systemd[1]: Rebuild Hardware Database was skipped because of a failed condition check (ConditionNeedsUpdate=/etc).
[    8.562093] systemd[1]: Platform Persistent Storage Archival was skipped because of a failed condition check (ConditionDirectoryNotEmpty=/sys/fs/pstore).
[    8.577318] systemd[1]: Create System Users was skipped because of a failed condition check (ConditionNeedsUpdate=/etc).
[    8.699349] systemd[1]: Starting Create Static Device Nodes in /dev...
         Starting [0;1;39mCreate Static Device Nodes in /dev[0m...
[    8.736382] systemd[1]: Started Journal Service.
[[0;32m  OK  [0m] Started [0;1;39mJournal Service[0m.
         Starting [0;1;39mFlush Journal to Persistent Storage[0m...
[    9.080684] systemd-journald[120]: Received client request to flush runtime journal.
[[0;32m  OK  [0m] Finished [0;1;39mFlush Journal to Persistent Storage[0m.
[[0;32m  OK  [0m] Finished [0;1;39mCreate Static Device Nodes in /dev[0m.
[[0;32m  OK  [0m] Reached target [0;1;39mPreparation for Local File Systems[0m.
         Mounting [0;1;39m/var/volatile[0m...
[    9.390162] audit: type=1334 audit(1690881998.396:2): prog-id=5 op=LOAD
[    9.404355] audit: type=1334 audit(1690881998.412:3): prog-id=6 op=LOAD
         Starting [0;1;39mRule-based Manage…for Device Events and Files[0m...
[[0;32m  OK  [0m] Mounted [0;1;39m/var/volatile[0m.
         Starting [0;1;39mLoad/Save Random Seed[0m...
[[0;32m  OK  [0m] Finished [0;1;39mLoad/Save Random Seed[0m.
[[0;32m  OK  [0m] Started [0;1;39mRule-based Manager for Device Events and Files[0m.
         Starting [0;1;39mNetwork Configuration[0m...
[[0;32m  OK  [0m] Started [0;1;39mNetwork Configuration[0m.
[[0m[0;31m*     [0m] (1 of 3) A start job is running for…g All udev Devices (8s / no limit)
M[K[[0;1;31m*[0m[0;31m*    [0m] (1 of 3) A start job is running for…g All udev Devices (9s / no limit)
M[K[[0;31m*[0;1;31m*[0m[0;31m*   [0m] (1 of 3) A start job is running for…g All udev Devices (9s / no limit)
M[K[ [0;31m*[0;1;31m*[0m[0;31m*  [0m] (2 of 3) A start job is running for…by-uuid/5139-7EF5 (10s / 1min 30s)
M[K[  [0;31m*[0;1;31m*[0m[0;31m* [0m] (2 of 3) A start job is running for…by-uuid/5139-7EF5 (10s / 1min 30s)
M[K[   [0;31m*[0;1;31m*[0m[0;31m*[0m] (2 of 3) A start job is running for…by-uuid/5139-7EF5 (11s / 1min 30s)
M[K[    [0;31m*[0;1;31m*[0m] (3 of 3) A start job is running for…by-uuid/2B22-B45F (11s / 1min 30s)
M[K[     [0;31m*[0m] (3 of 3) A start job is running for…by-uuid/2B22-B45F (12s / 1min 30s)
M[K[[0;32m  OK  [0m] Finished [0;1;39mColdplug All udev Devices[0m.
[K[[0;32m  OK  [0m] Found device [0;1;39m/dev/disk/by-uuid/2B22-B45F[0m.
[[0;32m  OK  [0m] Found device [0;1;39m/dev/disk/by-uuid/5139-7EF5[0m.
         Mounting [0;1;39m/boot[0m...
         Mounting [0;1;39m/results[0m...
[   19.052033] FAT-fs (vda1): Volume was not properly unmounted. Some data may be corrupt. Please run fsck.
[   19.189746] FAT-fs (vda3): Volume was not properly unmounted. Some data may be corrupt. Please run fsck.
[[0;32m  OK  [0m] Mounted [0;1;39m/boot[0m.
[[0;32m  OK  [0m] Mounted [0;1;39m/results[0m.
[[0;32m  OK  [0m] Reached target [0;1;39mLocal File Systems[0m.
         Starting [0;1;39mCreate Volatile Files and Directories[0m...
[[0;32m  OK  [0m] Finished [0;1;39mCreate Volatile Files and Directories[0m.
[   20.126039] audit: type=1334 audit(1690882009.132:4): prog-id=7 op=LOAD
[   20.130361] audit: type=1334 audit(1690882009.136:5): prog-id=8 op=LOAD
[[0;32m  OK  [0m] Started [0;1;39mHardware RNG Entropy Gatherer Daemon[0m.
[   20.445250] virtio_net virtio0 enp0s1: renamed from eth0
         Starting [0;1;39mNetwork Name Resolution[0m...
         Starting [0;1;39mNetwork Time Synchronization[0m...
         Starting [0;1;39mRecord System Boot/Shutdown in UTMP[0m...
[[0;32m  OK  [0m] Finished [0;1;39mRecord System Boot/Shutdown in UTMP[0m.
[    [0;31m*[0;1;31m*[0m] (1 of 2) A start job is running for…e Synchronization (18s / 1min 45s)
M[K[[0;32m  OK  [0m] Started [0;1;39mNetwork Name Resolution[0m.
[K[[0;32m  OK  [0m] Reached target [0;1;39mNetwork[0m.
[[0;32m  OK  [0m] Reached target [0;1;39mHost and Network Name Lookups[0m.
[[0;32m  OK  [0m] Started [0;1;39mNetwork Time Synchronization[0m.
[[0;32m  OK  [0m] Reached target [0;1;39mSystem Initialization[0m.
[[0;32m  OK  [0m] Started [0;1;39mDaily Cleanup of Temporary Directories[0m.
[[0;32m  OK  [0m] Reached target [0;1;39mSystem Time Set[0m.
[[0;32m  OK  [0m] Reached target [0;1;39mTimer Units[0m.
[[0;32m  OK  [0m] Listening on [0;1;39mD-Bus System Message Bus Socket[0m.
[[0;32m  OK  [0m] Reached target [0;1;39mSocket Units[0m.
[[0;32m  OK  [0m] Reached target [0;1;39mBasic System[0m.
[[0;32m  OK  [0m] Started [0;1;39mRun script with sy…emd right before login prompt[0m.
[[0;32m  OK  [0m] Started [0;1;39mKernel Logging Service[0m.
[   24.320465] init.sh[168]: init.sh
[   24.324901] init.sh[168]: Mounting efivarfs ...
[[0;32m  OK  [0m] Started [0;1;39mSystem Logging Service[0m.
         Starting [0;1;39mD-Bus System Message Bus[0m...
[[0;32m  OK  [0m] Started [0;1;39mGetty on tty1[0m.
[[0;32m  OK  [0m] Started [0;1;39mSerial Getty on ttyAMA0[0m.
[[0;32m  OK  [0m] Started [0;1;39mSerial Getty on ttyS0[0m.
[[0;32m  OK  [0m] Reached target [0;1;39mLogin Prompts[0m.
[   25.576309] audit: type=1334 audit(1690882014.584:6): prog-id=9 op=LOAD
[   25.592120] audit: type=1334 audit(1690882014.600:7): prog-id=10 op=LOAD
