
U-Boot TPL 2022.04-g5266117637 (Nov 14 2023 - 14:06:08)
Channel 0: LPDDR3, 800MHz
BW=32 Col=10 Bk=8 CS0 Row=15 CS1 Row=15 CS=2 Die BW=16 Size=2048MB
Channel 1: LPDDR3, 800MHz
BW=32 Col=10 Bk=8 CS0 Row=15 CS1 Row=15 CS=2 Die BW=16 Size=2048MB
256B stride
Trying to boot from BOOTROM
Returning to boot ROM...

U-Boot SPL 2022.04-g5266117637 (Nov 14 2023 - 14:06:08 +0800)
Trying to boot from MMC2


U-Boot 2022.04-g5266117637 (Nov 14 2023 - 14:06:08 +0800)

SoC: Rockchip rk3399
Reset cause: POR
Model: Rockchip RK3399 Toybrick ProD Board
DRAM:  3.9 GiB
PMIC:  RK8090 (on=0x40, off=0x00)
Core:  260 devices, 25 uclasses, devicetree: separate
MMC:   mmc@fe320000: 1, mmc@fe330000: 0
Loading Environment from MMC... OK
In:    serial
Out:   serial
Err:   serial
Model: Rockchip RK3399 Toybrick ProD Board
Net:   eth0: ethernet@fe300000
Hit any key to stop autoboot:  2  1  0 
starting USB...
Bus usb@fe380000: USB EHCI 1.00
Bus usb@fe3c0000: USB EHCI 1.00
Bus usb@fe900000: Register 2000140 NbrPorts 2
Starting the controller
USB XHCI 1.10
scanning bus usb@fe380000 for devices... 2 USB Device(s) found
scanning bus usb@fe3c0000 for devices... 1 USB Device(s) found
scanning bus usb@fe900000 for devices... 4 USB Device(s) found
       scanning usb for storage devices... 1 Storage Device(s) found

Device 0: Vendor: General  Rev: 5.00 Prod: UDisk           
            Type: Removable Hard Disk
            Capacity: 30000.0 MB = 29.2 GB (61440000 x 512)
... is now current device
Scanning usb 0:1...
libfdt fdt_check_header(): FDT_ERR_BADMAGIC
Scanning disk mmc@fe320000.blk...
Scanning disk mmc@fe330000.blk...
Scanning disk usb_mass_storage.lun0...
Found 14 disks
BootOrder not defined
EFI boot manager: Cannot load any image
Found EFI removable media binary efi/boot/bootaa64.efi
878800 bytes read in 26 ms (32.2 MiB/s)
libfdt fdt_check_header(): FDT_ERR_BADMAGIC
Booting /efi\boot\bootaa64.efi
Welcome to GRUB!

ethernet@fe300000 Waiting for PHY auto negotiation to complete......... TIMEOUT !
Could not initialize PHY ethernet@fe300000
Please press 't' to show the boot menu on this console
error: ../../grub-core/video/video.c:762:no suitable video mode found.
openSUSE Leap 15.5

вввввввввввв”Ђвввввввввввввввввввввввввввввввввввввввввв”Ђввввввввввввввввввввввввввввввввввввввввввввввввввввввввввввввввввввввввввввввввв”Ђвввввввввввввввввввввввввввввввввввввввввв”Ђвввввввввввввввввввввввввввввввввввввввввввввввввввввввввввввввввввввввввввввввввввввввввввввввввввввв”Ђвввввввввввввввввввввввввввввввввввввв”Ђввввввввввввввввввввввввввввввввввввввввввввввввввввввввввввввввввввввввввввввввввввв”Ђвввввввввв     Use the в and в keys to select which entry is highlighted.                                                                                                              
      Press enter to boot the selected OS, `e' to edit the commands before booting or `c' for a command-line.                                                                   Boot from Hard Disk                                                                                                                                                            *Installation                                                                                                                                                                    Upgrade                                                                                                                                                                         More ...                                                                                                                                                                                                                                                                                                                                                                                                                                                                                                                                                                                                                                                                                                                                                                                                                                                                                                                                                                                                                                                                                                                                                                                                                                                                                                                                                                                                                                                                                                                                                                                                                                                                                                                                                                                                                                                                                                                                                                                                                                                                                                                                                                                                                                                                                                                                                                                                                                                                                                                                                                                                                                                                                                                                                                                                                                                                                                                                                                                                                                                                                                                                                                                                                                                                                                                                                                                                                                                                                                                                                                                                                                                                                                                                                                                                                                                                                                                                                                                                                                                                                                                                                                                                                                                                                                                                                                                                                                                                                                                                                                           The highlighted entry will be executed automatically in 60s.                                                                                                                       The highlighted entry will be executed automatically in 59s.                                                                                                                                                                                                                                                                                                                                                                                                                                                                                          Loading kernel ...
Loading initial ramdisk ...
EFI stub: Booting Linux Kernel...
EFI stub: Using DTB from configuration table
EFI stub: Exiting boot services...
[    0.000000][    T0] Booting Linux on physical CPU 0x0000000000 [0x410fd034]
[    0.000000][    T0] Linux version 5.14.21-150500.53-default (geeko@buildhost) (gcc (SUSE Linux) 7.5.0, GNU ld (GNU Binutils; SUSE Linux Enterprise 15) 2.39.0.20220810-150100.7.40) #1 SMP PREEMPT_DYNAMIC Wed May 10 07:56:26 UTC 2023 (b630043)
[    0.000000][    T0] Machine model: Rockchip RK3399 Toybrick ProD Board
[    0.000000][    T0] efi: EFI v2.90 by Das U-Boot
[    0.000000][    T0] efi: ESRT=0xf4eb7040 RTPROP=0xf4eb9040 SMBIOS=0xf4eb5000 MOKvar=0xf4de5000 RNG=0xf4afa040 MEMRESERVE=0xaaa55040 
[    0.000000][    T0] efi: seeding entropy pool
[    0.000000][    T0] esrt: Reserving ESRT space from 0x00000000f4eb7040 to 0x00000000f4eb7078.
[    0.000000][    T0] NUMA: No NUMA configuration found
[    0.000000][    T0] NUMA: Faking a node at [mem 0x0000000000200000-0x00000000f7ffffff]
[    0.000000][    T0] NUMA: NODE_DATA [mem 0xf77d4280-0xf77d8fff]
[    0.000000][    T0] Zone ranges:
[    0.000000][    T0]   DMA      [mem 0x0000000000200000-0x00000000f7ffffff]
[    0.000000][    T0]   DMA32    empty
[    0.000000][    T0]   Normal   empty
[    0.000000][    T0]   Device   empty
[    0.000000][    T0] Movable zone start for each node
[    0.000000][    T0] Early memory node ranges
[    0.000000][    T0]   node   0: [mem 0x0000000000200000-0x00000000f4de4fff]
[    0.000000][    T0]   node   0: [mem 0x00000000f4de5000-0x00000000f4de5fff]
[    0.000000][    T0]   node   0: [mem 0x00000000f4de6000-0x00000000f4eb4fff]
[    0.000000][    T0]   node   0: [mem 0x00000000f4eb5000-0x00000000f4eb5fff]
[    0.000000][    T0]   node   0: [mem 0x00000000f4eb6000-0x00000000f4eb8fff]
[    0.000000][    T0]   node   0: [mem 0x00000000f4eb9000-0x00000000f4eb9fff]
[    0.000000][    T0]   node   0: [mem 0x00000000f4eba000-0x00000000f4ebbfff]
[    0.000000][    T0]   node   0: [mem 0x00000000f4ebc000-0x00000000f4ebdfff]
[    0.000000][    T0]   node   0: [mem 0x00000000f4ebe000-0x00000000f4ebefff]
[    0.000000][    T0]   node   0: [mem 0x00000000f4ebf000-0x00000000f4ec2fff]
[    0.000000][    T0]   node   0: [mem 0x00000000f4ec3000-0x00000000f7eeffff]
[    0.000000][    T0]   node   0: [mem 0x00000000f7ef0000-0x00000000f7efffff]
[    0.000000][    T0]   node   0: [mem 0x00000000f7f00000-0x00000000f7ffffff]
[    0.000000][    T0] Initmem setup node 0 [mem 0x0000000000200000-0x00000000f7ffffff]
[    0.000000][    T0] psci: probing for conduit method from DT.
[    0.000000][    T0] psci: PSCIv1.1 detected in firmware.
[    0.000000][    T0] psci: Using standard PSCI v0.2 function IDs
[    0.000000][    T0] psci: MIGRATE_INFO_TYPE not supported.
[    0.000000][    T0] psci: SMC Calling Convention v1.2
[    0.000000][    T0] percpu: Embedded 30 pages/cpu s84056 r8192 d30632 u122880
[    0.000000][    T0] Detected VIPT I-cache on CPU0
[    0.000000][    T0] CPU features: detected: GIC system register CPU interface
[    0.000000][    T0] CPU features: kernel page table isolation forced ON by KASLR
[    0.000000][    T0] CPU features: detected: Kernel page table isolation (KPTI)
[    0.000000][    T0] CPU features: detected: ARM erratum 845719
[    0.000000][    T0] Fallback order for Node 0: 0 
[    0.000000][    T0] Built 1 zonelists, mobility grouping on.  Total pages: 999432
[    0.000000][    T0] Policy zone: DMA
[    0.000000][    T0] Kernel command line: BOOT_IMAGE=/boot/aarch64/linux splash=silent
[    0.000000][    T0] Unknown kernel command line parameters "BOOT_IMAGE=/boot/aarch64/linux splash=silent", will be passed to user space.
[    0.000000][    T0] printk: log_buf_len individual max cpu contribution: 32768 bytes
[    0.000000][    T0] printk: log_buf_len total cpu_extra contributions: 163840 bytes
[    0.000000][    T0] printk: log_buf_len min size: 262144 bytes
[    0.000000][    T0] printk: log_buf_len: 524288 bytes
[    0.000000][    T0] printk: early log buf free: 258872(98%)
[    0.000000][    T0] Dentry cache hash table entries: 524288 (order: 10, 4194304 bytes, linear)
[    0.000000][    T0] Inode-cache hash table entries: 262144 (order: 9, 2097152 bytes, linear)
[    0.000000][    T0] mem auto-init: stack:off, heap alloc:off, heap free:off
[    0.000000][    T0] Memory: 221620K/4061184K available (14656K kernel code, 3368K rwdata, 11436K rodata, 6848K init, 1870K bss, 292684K reserved, 0K cma-reserved)
[    0.000000][    T0] random: get_random_u64 called from __kmem_cache_create+0x34/0x540 with crng_init=0
[    0.000000][    T0] SLUB: HWalign=64, Order=0-3, MinObjects=0, CPUs=6, Nodes=1
[    0.000000][    T0] ftrace: allocating 45860 entries in 180 pages
[    0.000000][    T0] ftrace: allocated 180 pages with 4 groups
[    0.000000][    T0] trace event string verifier disabled
[    0.000000][    T0] Dynamic Preempt: none
[    0.000000][    T0] rcu: Preemptible hierarchical RCU implementation.
[    0.000000][    T0] rcu: 	RCU event tracing is enabled.
[    0.000000][    T0] rcu: 	RCU restricting CPUs from NR_CPUS=768 to nr_cpu_ids=6.
[    0.000000][    T0] 	Trampoline variant of Tasks RCU enabled.
[    0.000000][    T0] 	Rude variant of Tasks RCU enabled.
[    0.000000][    T0] 	Tracing variant of Tasks RCU enabled.
[    0.000000][    T0] rcu: RCU calculated value of scheduler-enlistment delay is 10 jiffies.
[    0.000000][    T0] rcu: Adjusting geometry for rcu_fanout_leaf=16, nr_cpu_ids=6
[    0.000000][    T0] NR_IRQS: 64, nr_irqs: 64, preallocated irqs: 0
[    0.000000][    T0] GICv3: GIC: Using split EOI/Deactivate mode
[    0.000000][    T0] GICv3: 256 SPIs implemented
[    0.000000][    T0] GICv3: 0 Extended SPIs implemented
[    0.000000][    T0] GICv3: Distributor has no Range Selector support
[    0.000000][    T0] Root IRQ handler: gic_handle_irq
[    0.000000][    T0] GICv3: 16 PPIs implemented
[    0.000000][    T0] GICv3: CPU0: found redistributor 0 region 0:0x00000000fef00000
[    0.000000][    T0] ITS [mem 0xfee20000-0xfee3ffff]
[    0.000000][    T0] ITS@0x00000000fee20000: allocated 65536 Devices @600000 (flat, esz 8, psz 64K, shr 0)
[    0.000000][    T0] ITS: using cache flushing for cmd queue
[    0.000000][    T0] GICv3: using LPI property table @0x00000000005a0000
[    0.000000][    T0] GIC: using cache flushing for LPI property table
[    0.000000][    T0] GICv3: CPU0: using allocated LPI pending table @0x00000000005c0000
[    0.000000][    T0] GICv3: GIC: PPI partition interrupt-partition-0[0] { /cpus/cpu@0[0] /cpus/cpu@1[1] /cpus/cpu@2[2] /cpus/cpu@3[3] }
[    0.000000][    T0] GICv3: GIC: PPI partition interrupt-partition-1[1] { /cpus/cpu@100[4] /cpus/cpu@101[5] }
[    0.000000][    T0] arch_timer: cp15 timer(s) running at 24.00MHz (phys).
[    0.000000][    T0] clocksource: arch_sys_counter: mask: 0xffffffffffffff max_cycles: 0x588fe9dc0, max_idle_ns: 440795202592 ns
[    0.000001][    T0] sched_clock: 56 bits at 24MHz, resolution 41ns, wraps every 4398046511097ns
[    0.003819][    T0] Console: colour dummy device 80x25
[    0.005504][    T0] printk: console [tty0] enabled
[    0.005651][    T0] Calibrating delay loop (skipped), value calculated using timer frequency.. 48.00 BogoMIPS (lpj=240000)
[    0.005704][    T0] pid_max: default: 32768 minimum: 301
[    0.005919][    T0] LSM: Security Framework initializing
[    0.006108][    T0] AppArmor: AppArmor initialized
[    0.006318][    T0] Mount-cache hash table entries: 8192 (order: 4, 65536 bytes, linear)
[    0.006380][    T0] Mountpoint-cache hash table entries: 8192 (order: 4, 65536 bytes, linear)
[    0.009740][    T1] rcu: Hierarchical SRCU implementation.
[    0.011427][    T1] Platform MSI: interrupt-controller@fee20000 domain created
[    0.011909][    T1] PCI/MSI: /interrupt-controller@fee00000/interrupt-controller@fee20000 domain created
[    0.012212][    T1] fsl-mc MSI: interrupt-controller@fee20000 domain created
[    0.016935][    T1] Remapping and enabling EFI services.
[    0.017808][    T1] smp: Bringing up secondary CPUs ...
[    0.018710][    T0] Detected VIPT I-cache on CPU1
[    0.018764][    T0] GICv3: CPU1: found redistributor 1 region 0:0x00000000fef20000
[    0.018823][    T0] GICv3: CPU1: using allocated LPI pending table @0x00000000005d0000
[    0.018892][    T0] CPU1: Booted secondary processor 0x0000000001 [0x410fd034]
[    0.019973][    T0] Detected VIPT I-cache on CPU2
[    0.020021][    T0] GICv3: CPU2: found redistributor 2 region 0:0x00000000fef40000
[    0.020073][    T0] GICv3: CPU2: using allocated LPI pending table @0x00000000005e0000
[    0.020124][    T0] CPU2: Booted secondary processor 0x0000000002 [0x410fd034]
[    0.021048][    T0] Detected VIPT I-cache on CPU3
[    0.021095][    T0] GICv3: CPU3: found redistributor 3 region 0:0x00000000fef60000
[    0.021144][    T0] GICv3: CPU3: using allocated LPI pending table @0x00000000005f0000
[    0.021190][    T0] CPU3: Booted secondary processor 0x0000000003 [0x410fd034]
[    0.022123][    T0] CPU features: detected: Spectre-v2
[    0.022136][    T0] CPU features: detected: Spectre-v3a
[    0.022145][    T0] CPU features: detected: Spectre-BHB
[    0.022154][    T0] CPU features: detected: ARM erratum 1742098
[    0.022162][    T0] CPU features: detected: ARM errata 1165522, 1319367, or 1530923
[    0.022168][    T0] Detected PIPT I-cache on CPU4
[    0.022209][    T0] GICv3: CPU4: found redistributor 100 region 0:0x00000000fef80000
[    0.022262][    T0] GICv3: CPU4: using allocated LPI pending table @0x0000000000680000
[    0.022310][    T0] CPU4: Booted secondary processor 0x0000000100 [0x410fd082]
[    0.023237][    T0] Detected PIPT I-cache on CPU5
[    0.023273][    T0] GICv3: CPU5: found redistributor 101 region 0:0x00000000fefa0000
[    0.023315][    T0] GICv3: CPU5: using allocated LPI pending table @0x0000000000690000
[    0.023352][    T0] CPU5: Booted secondary processor 0x0000000101 [0x410fd082]
[    0.023491][    T1] smp: Brought up 1 node, 6 CPUs
[    0.024026][    T1] SMP: Total of 6 processors activated.
[    0.024054][    T1] CPU features: detected: 32-bit EL0 Support
[    0.024077][    T1] CPU features: detected: 32-bit EL1 Support
[    0.024104][    T1] CPU features: detected: CRC32 instructions
[    0.039626][    T1] CPU: All CPU(s) started at EL2
[    0.039735][   T14] alternatives: patching kernel code
[    0.128495][   T42] node 0 deferred pages initialised in 80ms
[    0.130219][    T1] devtmpfs: initialized
[    0.143739][    T1] Registered cp15_barrier emulation handler
[    0.143787][    T1] Registered setend emulation handler
[    0.143810][    T1] KASLR enabled
[    0.144046][    T1] clocksource: jiffies: mask: 0xffffffff max_cycles: 0xffffffff, max_idle_ns: 19112604462750000 ns
[    0.144086][    T1] futex hash table entries: 2048 (order: 5, 131072 bytes, linear)
[    0.144446][    T1] pinctrl core: initialized pinctrl subsystem
[    0.145583][    T1] SMBIOS 3.0 present.
[    0.145622][    T1] DMI: Unknown Unknown Product/Unknown Product, BIOS 2022.04-g5266117637 04/01/2022
[    0.146284][    T1] NET: Registered PF_NETLINK/PF_ROUTE protocol family
[    0.147243][    T1] DMA: preallocated 512 KiB GFP_KERNEL pool for atomic allocations
[    0.147417][    T1] DMA: preallocated 512 KiB GFP_KERNEL|GFP_DMA pool for atomic allocations
[    0.147591][    T1] DMA: preallocated 512 KiB GFP_KERNEL|GFP_DMA32 pool for atomic allocations
[    0.147664][    T1] audit: initializing netlink subsys (disabled)
[    0.147886][   T46] audit: type=2000 audit(0.140:1): state=initialized audit_enabled=0 res=1
[    0.149273][    T1] thermal_sys: Registered thermal governor 'fair_share'
[    0.149283][    T1] thermal_sys: Registered thermal governor 'bang_bang'
[    0.149305][    T1] thermal_sys: Registered thermal governor 'step_wise'
[    0.149322][    T1] thermal_sys: Registered thermal governor 'user_space'
[    0.149930][    T1] cpuidle: using governor ladder
[    0.150167][    T1] cpuidle: using governor menu
[    0.150325][    T1] hw-breakpoint: found 6 breakpoint and 4 watchpoint registers.
[    0.150540][    T1] ASID allocator initialised with 32768 entries
[    0.152277][    T1] Serial: AMBA PL011 UART driver
[    0.177429][    T1] platform ff770000.syscon:phy@f780: Fixing up cyclic dependency with fe330000.mmc
[    0.191355][    T1] platform edp-panel: Fixing up cyclic dependency with ff970000.edp
[    0.202198][    T1] HugeTLB registered 1.00 GiB page size, pre-allocated 0 pages
[    0.202235][    T1] HugeTLB registered 32.0 MiB page size, pre-allocated 0 pages
[    0.202258][    T1] HugeTLB registered 2.00 MiB page size, pre-allocated 0 pages
[    0.202278][    T1] HugeTLB registered 64.0 KiB page size, pre-allocated 0 pages
[    0.738076][    T1] ACPI: Interpreter disabled.
[    0.739181][    T1] iommu: Default domain type: Passthrough 
[    0.739608][    T1] pps_core: LinuxPPS API ver. 1 registered
[    0.739629][    T1] pps_core: Software ver. 5.3.6 - Copyright 2005-2007 Rodolfo Giometti <giometti@linux.it>
[    0.739662][    T1] PTP clock support registered
[    0.739884][    T1] EDAC MC: Ver: 3.0.0
[    0.740889][    T1] Registered efivars operations
[    0.741309][    T1] ima: secureboot mode disabled
[    0.742480][    T1] NetLabel: Initializing
[    0.742503][    T1] NetLabel:  domain hash size = 128
[    0.742518][    T1] NetLabel:  protocols = UNLABELED CIPSOv4 CALIPSO
[    0.742604][    T1] NetLabel:  unlabeled traffic allowed by default
[    0.758843][    T1] vgaarb: loaded
[    0.759190][    T1] clocksource: Switched to clocksource arch_sys_counter
[    0.813624][    T1] VFS: Disk quotas dquot_6.6.0
[    0.813721][    T1] VFS: Dquot-cache hash table entries: 512 (order 0, 4096 bytes)
[    0.814453][    T1] AppArmor: AppArmor Filesystem Enabled
[    0.814543][    T1] pnp: PnP ACPI: disabled
[    0.824643][    T1] NET: Registered PF_INET protocol family
[    0.824972][    T1] IP idents hash table entries: 65536 (order: 7, 524288 bytes, linear)
[    0.827906][    T1] tcp_listen_portaddr_hash hash table entries: 2048 (order: 3, 32768 bytes, linear)
[    0.828020][    T1] TCP established hash table entries: 32768 (order: 6, 262144 bytes, linear)
[    0.828384][    T1] TCP bind hash table entries: 32768 (order: 7, 524288 bytes, linear)
[    0.829065][    T1] TCP: Hash tables configured (established 32768 bind 32768)
[    0.829400][    T1] MPTCP token hash table entries: 4096 (order: 4, 98304 bytes, linear)
[    0.829539][    T1] UDP hash table entries: 2048 (order: 4, 65536 bytes, linear)
[    0.829694][    T1] UDP-Lite hash table entries: 2048 (order: 4, 65536 bytes, linear)
[    0.830067][    T1] NET: Registered PF_UNIX/PF_LOCAL protocol family
[    0.830110][    T1] NET: Registered PF_XDP protocol family
[    0.830133][    T1] PCI: CLS 0 bytes, default 64
[    0.830742][   T85] Trying to unpack rootfs image as initramfs...
[    0.854523][    T1] hw perfevents: enabled with armv8_cortex_a53 PMU driver, 7 counters available
[    0.854998][    T1] hw perfevents: enabled with armv8_cortex_a72 PMU driver, 7 counters available
[    0.855517][    T1] kvm [1]: IPA Size Limit: 40 bits
[    0.858017][    T1] kvm [1]: vgic-v2@fff20000
[    0.858062][    T1] kvm [1]: GIC system register CPU interface enabled
[    0.858490][    T1] kvm [1]: vgic interrupt IRQ18
[    0.858800][    T1] kvm [1]: Hyp mode initialized successfully
[    0.859499][    T1] debugfs: File ':interrupt-controller@fee00000' in directory 'domains' already present!
[    0.859532][    T1] debugfs: File ':interrupt-controller@fee00000' in directory 'domains' already present!
[    0.859556][    T1] debugfs: File ':interrupt-controller@fee00000' in directory 'domains' already present!
[    0.859579][    T1] debugfs: File ':interrupt-controller@fee00000' in directory 'domains' already present!
[    0.859602][    T1] debugfs: File ':interrupt-controller@fee00000' in directory 'domains' already present!
[    0.859624][    T1] debugfs: File ':interrupt-controller@fee00000' in directory 'domains' already present!
[    0.859647][    T1] debugfs: File ':interrupt-controller@fee00000' in directory 'domains' already present!
[    0.859669][    T1] debugfs: File ':interrupt-controller@fee00000' in directory 'domains' already present!
[    0.859692][    T1] debugfs: File ':interrupt-controller@fee00000' in directory 'domains' already present!
[    0.859715][    T1] debugfs: File ':interrupt-controller@fee00000' in directory 'domains' already present!
[    0.859737][    T1] debugfs: File ':interrupt-controller@fee00000' in directory 'domains' already present!
[    0.859759][    T1] debugfs: File ':interrupt-controller@fee00000' in directory 'domains' already present!
[    0.859782][    T1] debugfs: File ':interrupt-controller@fee00000' in directory 'domains' already present!
[    0.859804][    T1] debugfs: File ':interrupt-controller@fee00000' in directory 'domains' already present!
[    0.859826][    T1] debugfs: File ':interrupt-controller@fee00000' in directory 'domains' already present!
[    0.861640][    T1] Initialise system trusted keyrings
[    0.861693][    T1] Key type blacklist registered
[    0.861958][    T1] workingset: timestamp_bits=40 max_order=20 bucket_order=0
[    0.868941][    T1] zbud: loaded
[    0.869991][    T1] integrity: Platform Keyring initialized
[    4.126341][    T1] Key type asymmetric registered
[    4.126413][    T1] Asymmetric key parser 'x509' registered
[    4.126723][    T1] Block layer SCSI generic (bsg) driver version 0.4 loaded (major 244)
[    4.127054][    T1] io scheduler mq-deadline registered
[    4.127086][    T1] io scheduler kyber registered
[    4.127246][    T1] io scheduler bfq registered
[    4.135877][    T1] shpchp: Standard Hot Plug PCI Controller Driver version: 0.4
[    4.160851][    T1] Serial: 8250/16550 driver, 4 ports, IRQ sharing enabled
[    4.163563][    T1] ff1a0000.serial: ttyS2 at MMIO 0xff1a0000 (irq = 35, base_baud = 1500000) is a 16550A
[    4.301407][    T1] printk: console [ttyS2] enabled
[    4.303733][    T1] Serial: AMBA driver
[    4.304996][    T1] msm_serial: driver initialized
[    4.310942][   T16] cacheinfo: Unable to detect cache hierarchy for CPU 0
[    4.313471][    T1] libphy: Fixed MDIO Bus: probed
[    4.315161][    T1] mousedev: PS/2 mouse device common for all mice
[    4.321862][    T1] ledtrig-cpu: registered to indicate activity on CPUs
[    4.324501][    T1] SMCCC: SOC_ID: ARCH_SOC_ID not implemented, skipping ....
[    4.325850][    T1] hid: raw HID events driver (C) Jiri Kosina
[    9.669326][    C1] random: fast init done
[   10.556235][   T85] Freeing initrd memory: 172852K
[   10.559092][    T1] drop_monitor: Initializing network drop monitor service
[   10.612897][    T1] NET: Registered PF_INET6 protocol family
[   10.638094][    T1] Segment Routing with IPv6
[   10.638511][    T1] RPL Segment Routing with IPv6
[   10.641448][    T1] registered taskstats version 1
[   10.644162][    T1] Loading compiled-in X.509 certificates
[   10.644842][    T1] Loaded X.509 cert 'SUSE Linux Enterprise Secure Boot Signkey: a746b64b6cb71f13385638055f46162bac632acd'
[   10.646125][    T1] zswap: loaded using pool lzo/zbud
[   10.647179][    T1] page_owner is disabled
[   10.647928][    T1] Key type ._fscrypt registered
[   10.648360][    T1] Key type .fscrypt registered
[   10.648777][    T1] Key type fscrypt-provisioning registered
[   10.671813][    T1] Key type encrypted registered
[   10.672279][    T1] AppArmor: AppArmor sha1 policy hashing enabled
[   10.673908][    T1] ima: No TPM chip found, activating TPM-bypass!
[   10.674477][    T1] Loading compiled-in module X.509 certificates
[   10.675174][    T1] Loaded X.509 cert 'SUSE Linux Enterprise Secure Boot Signkey: a746b64b6cb71f13385638055f46162bac632acd'
[   10.676173][    T1] ima: Allocated hash algorithm: sha256
[   10.676701][    T1] ima: No architecture policies found
[   10.677225][    T1] evm: Initialising EVM extended attributes:
[   10.677749][    T1] evm: security.selinux
[   10.678112][    T1] evm: security.SMACK64 (disabled)
[   10.678558][    T1] evm: security.SMACK64EXEC (disabled)
[   10.679034][    T1] evm: security.SMACK64TRANSMUTE (disabled)
[   10.679583][    T1] evm: security.SMACK64MMAP (disabled)
[   10.680063][    T1] evm: security.apparmor
[   10.680433][    T1] evm: security.ima
[   10.680764][    T1] evm: security.capability
[   10.681149][    T1] evm: HMAC attrs: 0x1
[   10.719597][    T1] dw-apb-uart ff1a0000.serial: forbid DMA for kernel console
[   10.730922][    T1] Freeing unused kernel memory: 6848K
[   10.779657][    T1] Run /init as init process
[   11.040654][  T138] zram: Added device: zram0
[   11.300483][  T137] zram0: detected capacity change from 0 to 2097152
[   15.390540][    T1] EXT4-fs (zram0): mounting ext2 file system using the ext4 subsystem
[   15.393876][    T1] EXT4-fs (zram0): mounted filesystem without journal. Opts: (null). Quota mode: none.
[   18.750866][  T151] loop: module loaded
[   19.207493][  T180] squashfs: version 4.0 (2009/01/31) Phillip Lougher
[   19.602292][    T1] loop0: detected capacity change from 0 to 285824
[   20.647584][    T1] loop1: detected capacity change from 0 to 30848

>>> openSUSE Leap 15.5 installation program v7.0.32.4 (c) 1996-2020 SUSE LLC  <<<
Starting udev... [   21.108081][  T214] SCSI subsystem initialized
[   21.116635][  T214] alua: device handler registered
[   21.135837][  T217] emc: device handler registered
[   21.155585][  T218] rdac: device handler registered
[   21.327083][  T222] random: nvme: uninitialized urandom read (16 bytes read)
[   23.374927][  T253] pwm-backlight backlight: supply power not found, using dummy regulator
[   23.408058][  T229] usbcore: registered new interface driver usbfs
[   23.408742][  T229] usbcore: registered new interface driver hub
[   23.409532][  T229] usbcore: registered new device driver usb
[   23.430661][  T251] Synopsys Designware Multimedia Card Interface Driver
[   23.433794][  T239] dw_wdt ff848000.watchdog: No valid TOPs array specified
[   23.441473][   T85] pwm-backlight backlight: supply power not found, using dummy regulator
[   23.443546][  T241] rockchip-usb2phy ff770000.syscon:usb2phy@e460: failed to create phy
[   23.453178][  T229] ehci_hcd: USB 2.0 'Enhanced' Host Controller (EHCI) Driver
[   23.459589][   T85] rockchip-usb2phy ff770000.syscon:usb2phy@e460: failed to create phy
[   23.462389][   T85] pwm-backlight backlight: supply power not found, using dummy regulator
[   23.467560][  T243] sdhci: Secure Digital Host Controller Interface driver
[   23.468228][  T243] sdhci: Copyright(c) Pierre Ossman
[   23.473490][  T229] ehci-platform: EHCI generic platform driver
[   23.513821][  T251] dwmmc_rockchip fe320000.mmc: IDMAC supports 32-bit address mode.
[   23.514659][  T251] dwmmc_rockchip fe320000.mmc: Using internal DMA controller.
[   23.515344][  T251] dwmmc_rockchip fe320000.mmc: Version ID is 270a
[   23.516008][  T251] dwmmc_rockchip fe320000.mmc: DW MMC controller at irq 29,32 bit host data width,256 deep fifo
[   23.517342][  T251] dwmmc_rockchip fe320000.mmc: Got CD GPIO
[   23.539714][  T251] mmc_host mmc1: Bus speed (slot 0) = 400000Hz (slot req 400000Hz, actual 400000HZ div = 0)
[   23.545163][  T243] sdhci-pltfm: SDHCI platform and OF driver helper
[   23.550395][   T85] rockchip-usb2phy ff770000.syscon:usb2phy@e460: failed to create phy
[   23.552362][   T85] pwm-backlight backlight: supply power not found, using dummy regulator
[   23.569381][  T257] ohci_hcd: USB 1.1 'Open' Host Controller (OHCI) Driver
[   23.572418][   T85] rockchip-usb2phy ff770000.syscon:usb2phy@e460: failed to create phy
[   23.572869][  T243] mmc0: CQHCI version 5.10
[   23.574422][   T85] pwm-backlight backlight: supply power not found, using dummy regulator
[   23.598952][  T243] mmc0: SDHCI controller on fe330000.mmc [fe330000.mmc] using ADMA
[   23.613061][  T257] ohci-platform: OHCI generic platform driver
[   23.634746][   T56] mmc_host mmc1: Bus speed (slot 0) = 50000000Hz (slot req 50000000Hz, actual 50000000HZ div = 0)
[   23.635893][   T56] mmc1: new high speed SDHC card at address aaaa
[   23.637422][   T85] rockchip-usb2phy ff770000.syscon:usb2phy@e460: failed to create phy
[   23.639922][   T85] pwm-backlight backlight: supply power not found, using dummy regulator
[   23.677814][  T265] mmc0: Command Queue Engine enabled
[   23.678347][  T265] mmc0: new HS400 Enhanced strobe MMC card at address 0001
[   23.733607][  T256] rk_gmac-dwmac fe300000.ethernet: IRQ eth_wake_irq not found
[   23.734291][  T256] rk_gmac-dwmac fe300000.ethernet: IRQ eth_lpi not found
[   23.735081][  T256] rk_gmac-dwmac fe300000.ethernet: PTP uses main clock
[   23.735973][  T256] rk_gmac-dwmac fe300000.ethernet: clock input or output? (input).
[   23.736681][  T256] rk_gmac-dwmac fe300000.ethernet: TX delay(0x28).
[   23.737255][  T256] rk_gmac-dwmac fe300000.ethernet: RX delay(0x11).
[   23.737834][  T256] rk_gmac-dwmac fe300000.ethernet: integrated PHY? (no).
[   23.738509][  T256] rk_gmac-dwmac fe300000.ethernet: cannot get clock clk_mac_speed
[   23.739261][  T256] rk_gmac-dwmac fe300000.ethernet: clock input from PHY
[   23.744893][  T256] rk_gmac-dwmac fe300000.ethernet: init for RGMII
[   23.794751][  T256] rk_gmac-dwmac fe300000.ethernet: User ID: 0x10, Synopsys ID: 0x35
[   23.795520][  T256] rk_gmac-dwmac fe300000.ethernet: 	DWMAC1000
[   23.796070][  T256] rk_gmac-dwmac fe300000.ethernet: DMA HW capability register supported
[   23.796817][  T256] rk_gmac-dwmac fe300000.ethernet: RX Checksum Offload Engine supported
[   23.797563][  T256] rk_gmac-dwmac fe300000.ethernet: COE Type 2
[   23.798108][  T256] rk_gmac-dwmac fe300000.ethernet: TX Checksum insertion supported
[   23.798812][  T256] rk_gmac-dwmac fe300000.ethernet: Wake-Up On Lan supported
[   23.799743][  T256] rk_gmac-dwmac fe300000.ethernet: Normal descriptors
[   23.800398][  T256] rk_gmac-dwmac fe300000.ethernet: Ring mode enabled
[   23.801011][  T256] rk_gmac-dwmac fe300000.ethernet: Enable RX Mitigation via HW Watchdog Timer
[   23.894993][  T233] cryptd: max_cpu_qlen set to 1000
[   23.969235][  T254] rockchip-drm display-subsystem: [drm:rockchip_drm_platform_probe [rockchipdrm]] *ERROR* No available vop found for display-subsystem.
[   24.025217][    T7] rockchip-usb2phy ff770000.syscon:usb2phy@e460: failed to create phy
[   24.028493][    T7] pwm-backlight backlight: supply power not found, using dummy regulator
[   24.086317][   T85] rockchip-usb2phy ff770000.syscon:usb2phy@e460: failed to create phy
[   24.089548][   T85] pwm-backlight backlight: supply power not found, using dummy regulator
[   24.089608][  T256] libphy: stmmac: probed
[   24.090753][  T256] RTL8211E Gigabit Ethernet stmmac-0:00: attached PHY driver (mii_bus:phy_addr=stmmac-0:00, irq=POLL)
[   24.091755][  T256] RTL8211E Gigabit Ethernet stmmac-0:01: attached PHY driver (mii_bus:phy_addr=stmmac-0:01, irq=POLL)
[   24.123549][   T85] rockchip-usb2phy ff770000.syscon:usb2phy@e460: failed to create phy
[   24.126997][   T85] pwm-backlight backlight: supply power not found, using dummy regulator
[   24.319288][  T246] rk808 0-0020: chip id: 0x8090
[   24.358609][  T253] mmcblk1: mmc1:aaaa SC16G 14.8 GiB 
[   24.403271][   T85] rockchip-usb2phy ff770000.syscon:usb2phy@e460: failed to create phy
[   24.404398][  T253]  mmcblk1: p1 p2
[   24.419768][  T245] rk808-regulator rk808-regulator: there is no dvs0 gpio
[   24.420439][  T245] rk808-regulator rk808-regulator: there is no dvs1 gpio
[   24.420632][   T85] pwm-backlight backlight: supply power not found, using dummy regulator
[   24.434571][  T245] vdd_log: supplied by vcc5v0_sys
[   24.434802][  T253] mmcblk0: mmc0:0001 Y2P032 29.1 GiB 
[   24.445235][  T229] input: rk805 pwrkey as /devices/platform/ff3c0000.i2c/i2c-0/0-0020/rk805-pwrkey/input/input0
[   24.445538][   T85] rockchip-usb2phy ff770000.syscon:usb2phy@e460: failed to create phy
[   24.448039][  T245] vdd_cpu_l: supplied by vcc5v0_sys
[   24.449960][   T85] pwm-backlight backlight: supply power not found, using dummy regulator
[   24.450995][  T253]  mmcblk0: p1 p2 p3 p4 p5 p6 p7
[   24.457096][  T253] mmcblk0boot0: mmc0:0001 Y2P032 4.00 MiB 
[   24.460153][  T245] vcc_ddr: supplied by vcc5v0_sys
[   24.461588][  T253] mmcblk0boot1: mmc0:0001 Y2P032 4.00 MiB 
[   24.464684][  T253] mmcblk0rpmb: mmc0:0001 Y2P032 16.0 MiB, chardev (508:0)
[   24.469335][   T85] rockchip-usb2phy ff770000.syscon:usb2phy@e460: failed to create phy
[   24.471157][  T245] vcc3v3_sys: supplied by vcc5v0_sys
[   24.472533][   T85] pwm-backlight backlight: supply power not found, using dummy regulator
[   24.480935][  T245] vcc_buck5: Bringing 3300000uV into 2200000-2200000uV
[   24.492269][  T256] rk808-rtc rk808-rtc: registered as rtc0
[   24.493004][  T245] vcc_buck5: supplied by vcc5v0_sys
[   24.497449][   T85] rockchip-usb2phy ff770000.syscon:usb2phy@e460: failed to create phy
[   24.499024][  T256] rk808-rtc rk808-rtc: setting system clock to 2017-08-05T09:00:52 UTC (1501923652)
[   24.501056][   T85] pwm-backlight backlight: supply power not found, using dummy regulator
[   24.505095][  T245] vcca_0v9: supplied by vcc_buck5
[   24.511838][  T245] vcc_1v8: supplied by vcc_buck5
[   24.519455][  T245] vcc0v9_soc: supplied by vcc_buck5
[   24.520708][   T85] rockchip-usb2phy ff770000.syscon:usb2phy@e460: failed to create phy
[   24.526179][  T245] vcca_1v8: supplied by vcc_buck5
[   24.534574][  T245] vdd1v5_dvp: supplied by vcc_buck5
[   24.540898][  T245] vcc_1v5: supplied by vcc_buck5
[   24.547379][  T245] vcc_3v0: supplied by vcc3v3_sys
[   24.553993][  T245] vccio_sd: supplied by vcc3v3_sys
[   24.567666][  T245] vcc_sd: supplied by vcc3v3_sys
[   24.593421][  T245] vcc5v0_usb: failed to get the current voltage: -EPROBE_DEFER
[   24.594158][  T245] vcc5v0_usb: supplied by vcc5v0_sys
[   24.599897][  T245] vcc3v3_s0: supplied by vcc3v3_sys
[   24.605972][   T85] pwm-backlight backlight: supply power not found, using dummy regulator
[   24.630632][   T85] pwm-backlight backlight: supply power not found, using dummy regulator
[   24.639139][   T85] ehci-platform fe3c0000.usb: EHCI Host Controller
[   24.639865][   T85] ehci-platform fe3c0000.usb: new USB bus registered, assigned bus number 1
[   24.640901][   T85] ehci-platform fe3c0000.usb: irq 33, io mem 0xfe3c0000
[   24.669347][   T85] ehci-platform fe3c0000.usb: USB 2.0 started, EHCI 1.00
[   24.670638][   T85] usb usb1: New USB device found, idVendor=1d6b, idProduct=0002, bcdDevice= 5.14
[   24.671517][   T85] usb usb1: New USB device strings: Mfr=3, Product=2, SerialNumber=1
[   24.672252][   T85] usb usb1: Product: EHCI Host Controller
[   24.672768][   T85] usb usb1: Manufacturer: Linux 5.14.21-150500.53-default ehci_hcd
[   24.673480][   T85] usb usb1: SerialNumber: fe3c0000.usb
[   24.676318][   T85] hub 1-0:1.0: USB hub found
[   24.676983][   T85] hub 1-0:1.0: 1 port detected
[   24.697077][   T85] ohci-platform fe3e0000.usb: Generic Platform OHCI controller
[   24.697821][   T85] ohci-platform fe3e0000.usb: new USB bus registered, assigned bus number 2
[   24.698809][   T85] ohci-platform fe3e0000.usb: irq 34, io mem 0xfe3e0000
[   24.764225][  T251] xhci-hcd xhci-hcd.1.auto: xHCI Host Controller
[   24.764829][  T251] xhci-hcd xhci-hcd.1.auto: new USB bus registered, assigned bus number 3
[   24.765724][  T251] xhci-hcd xhci-hcd.1.auto: hcc params 0x0220fe64 hci version 0x110 quirks 0x0000000002010010
[   24.766684][  T251] xhci-hcd xhci-hcd.1.auto: irq 62, io mem 0xfe900000
[   24.767488][  T251] xhci-hcd xhci-hcd.1.auto: xHCI Host Controller
[   24.768055][  T251] xhci-hcd xhci-hcd.1.auto: new USB bus registered, assigned bus number 4
[   24.768809][  T251] xhci-hcd xhci-hcd.1.auto: Host supports USB 3.0 SuperSpeed
[   24.770395][  T251] usb usb3: New USB device found, idVendor=1d6b, idProduct=0002, bcdDevice= 5.14
[   24.771262][  T251] usb usb3: New USB device strings: Mfr=3, Product=2, SerialNumber=1
[   24.771993][  T251] usb usb3: Product: xHCI Host Controller
[   24.772509][  T251] usb usb3: Manufacturer: Linux 5.14.21-150500.53-default xhci-hcd
[   24.773267][  T251] usb usb3: SerialNumber: xhci-hcd.1.auto
[   24.774969][  T251] hub 3-0:1.0: USB hub found
[   24.775529][  T251] hub 3-0:1.0: 1 port detected
[   24.776954][  T251] usb usb4: We don't know the algorithms for LPM for this host, disabling LPM.
[   24.778120][  T251] usb usb4: New USB device found, idVendor=1d6b, idProduct=0003, bcdDevice= 5.14
[   24.778929][  T251] usb usb4: New USB device strings: Mfr=3, Product=2, SerialNumber=1
[   24.779661][  T251] usb usb4: Product: xHCI Host Controller
[   24.780165][  T251] usb usb4: Manufacturer: Linux 5.14.21-150500.53-default xhci-hcd
[   24.780858][  T251] usb usb4: SerialNumber: xhci-hcd.1.auto
[   24.782421][  T251] hub 4-0:1.0: USB hub found
[   24.782927][  T251] hub 4-0:1.0: 1 port detected
[   24.784558][   T85] usb usb2: New USB device found, idVendor=1d6b, idProduct=0001, bcdDevice= 5.14
[   24.785439][   T85] usb usb2: New USB device strings: Mfr=3, Product=2, SerialNumber=1
[   24.786178][   T85] usb usb2: Product: Generic Platform OHCI controller
[   24.786789][   T85] usb usb2: Manufacturer: Linux 5.14.21-150500.53-default ohci_hcd
[   24.787574][   T85] usb usb2: SerialNumber: fe3e0000.usb
[   24.789524][   T85] hub 2-0:1.0: USB hub found
[   24.790160][   T85] hub 2-0:1.0: 1 port detected
[   24.793300][   T85] pwm-backlight backlight: supply power not found, using dummy regulator
[   25.069401][   T15] usb 3-1: new high-speed USB device number 2 using xhci-hcd
ok
[   25.291158][   T15] usb 3-1: New USB device found, idVendor=05e3, idProduct=0610, bcdDevice= 4.02
[   25.292003][   T15] usb 3-1: New USB device strings: Mfr=1, Product=2, SerialNumber=0
[   25.292720][   T15] usb 3-1: Product: USB2.0 Hub
[   25.293149][   T15] usb 3-1: Manufacturer: GenesysLogic
[   25.346942][   T15] hub 3-1:1.0: USB hub found
[   25.347853][   T15] hub 3-1:1.0: 4 ports detected
[   25.420175][    T7] pwm-backlight backlight: supply power not found, using dummy regulator
[   25.429758][  T261] usb 4-1: new SuperSpeed USB device number 2 using xhci-hcd
[   25.465436][  T261] usb 4-1: New USB device found, idVendor=05e3, idProduct=0616, bcdDevice= 4.02
[   25.466248][  T261] usb 4-1: New USB device strings: Mfr=1, Product=2, SerialNumber=0
[   25.466952][  T261] usb 4-1: Product: USB3.0 Hub
[   25.467372][  T261] usb 4-1: Manufacturer: GenesysLogic
[   25.491156][  T261] hub 4-1:1.0: USB hub found
[   25.492210][  T261] hub 4-1:1.0: 4 ports detected
[   25.498481][    T7] pwm-backlight backlight: supply power not found, using dummy regulator
[   25.729292][   T15] usb 3-1.2: new high-speed USB device number 3 using xhci-hcd
[   25.860387][   T15] usb 3-1.2: New USB device found, idVendor=048d, idProduct=1234, bcdDevice= 1.00
[   25.861247][   T15] usb 3-1.2: New USB device strings: Mfr=1, Product=2, SerialNumber=3
[   25.861979][   T15] usb 3-1.2: Product: UDisk           
[   25.862469][   T15] usb 3-1.2: Manufacturer: General 
[   25.862936][   T15] usb 3-1.2: SerialNumber: Р
[   25.867805][    T7] pwm-backlight backlight: supply power not found, using dummy regulator
[   25.894187][  T236] usb-storage 3-1.2:1.0: USB Mass Storage device detected
[   25.896438][  T236] scsi host0: usb-storage 3-1.2:1.0
[   25.897692][  T236] usbcore: registered new interface driver usb-storage
[   25.900406][    T7] pwm-backlight backlight: supply power not found, using dummy regulator
[   25.907646][  T236] usbcore: registered new interface driver uas
[   26.457067][  T516] RPC: Registered named UNIX socket transport module.
[   26.457681][  T516] RPC: Registered udp transport module.
[   26.458167][  T516] RPC: Registered tcp transport module.
[   26.458652][  T516] RPC: Registered tcp NFSv4.1 backchannel transport module.
[   26.757145][  T520] random: dbus-uuidgen: uninitialized urandom read (12 bytes read)
[   26.757926][  T520] random: dbus-uuidgen: uninitialized urandom read (8 bytes read)
[   26.960959][   T85] scsi 0:0:0:0: Direct-Access     General  UDisk            5.00 PQ: 0 ANSI: 2
[   27.023997][   T85] sd 0:0:0:0: [sda] 61440000 512-byte logical blocks: (31.5 GB/29.3 GiB)
[   27.025319][   T85] sd 0:0:0:0: [sda] Write Protect is off
[   27.026166][   T85] sd 0:0:0:0: [sda] No Caching mode page found
[   27.026726][   T85] sd 0:0:0:0: [sda] Assuming drive cache: write through
[   27.073920][  T521] random: dbus-daemon: uninitialized urandom read (12 bytes read)
[   27.081327][   T85]  sda: sda1 sda2
[   27.083283][   T85] sd 0:0:0:0: [sda] Attached SCSI removable disk
[   27.086771][  T417] pwm-backlight backlight: supply power not found, using dummy regulator
[   28.233371][  T537] urandom_read_iter: 2 callbacks suppressed
[   28.233389][  T537] random: wickedd: uninitialized urandom read (4 bytes read)
[   28.998981][  T541] random: wickedd-auto4: uninitialized urandom read (4 bytes read)
[   29.342432][  T543] random: wickedd-dhcp4: uninitialized urandom read (4 bytes read)
[   29.688400][  T545] random: wickedd-dhcp6: uninitialized urandom read (4 bytes read)
[   30.423110][  T552] No iBFT detected.
GLoading basic drivers...Loading basic drivers
 ok
Hardware detection
Starting hardware detection... ok
(If a driver is not working for you, try booting with brokenmodules=driver_name.)

Activating usb devices... ok
General UDisk
  drivers: uas, usb_storage*
ARM Ethernet controller
  drivers: dwmac_rk*
                                                                                                                                               openSUSE Leap 15.5
Loading basic drivers
Hardware detectionLoading basic drivers
Hardware detection
                                                                                                                                               openSUSE Leap 15.5
Loading basic drivers
Hardware detectionLoading basic drivers
Hardware detection
                                                                                                                                               openSUSE Leap 15.5
Loading basic drivers
Hardware detectionLoading basic drivers
Hardware detection
                                                                                                                                               openSUSE Leap 15.5
Loading basic drivers
Hardware detectionLoading basic drivers
Hardware detection
                                                                                                                                                  openSUSE Leap 15.5
Loading basic drivers
Hardware detectionLoading basic drivers
Hardware detection
                                                                                                                                                  openSUSE Leap 15.5
Loading basic drivers
Hardware detectionLoading basic drivers
Hardware detection
                                                                                                                                                   openSUSE Leap 15.5
Loading basic drivers
Hardware detectionLoading basic drivers
Hardware detection
                                                                                                                                                   openSUSE Leap 15.5
Loading basic drivers
Hardware detectionLoading basic drivers
Hardware detection
Loading Installation System (1/6) -            0%  1%  2%  3%  4%  5%  6%  7%  8%  9% 10% 11% 12% 13% 14% 15% 16% 17% 18% 19% 20% 21% 22% 23% 24% 25% 26% 27% 28% 29% 30% 31% 32% 33% 34% 35% 36% 37% 38% 39% 40% 41% 42% 43% 44% 45% 46% 47% 48% 49% 50% 51% 52% 53% 54% 55% 56% 57% 58% 59% 60% 61% 62% 63% 64% 65% 66% 67% 68% 69% 70% 71% 72% 73% 74% 75% 76% 77% 78% 79% 80% 81% 82% 83% 84% 85% 86% 87% 88% 89% 90% 91% 92% 93% 94% 95% 96% 97% 98% 99%100%
Loading Installation System (2/6) -            0%  1%  2%  3%  4%  5%  6%  7%  8%  9% 10% 11% 12% 13% 14% 15% 16% 17% 18% 19% 20% 21% 22% 23% 24% 25% 26% 27% 28% 29% 30% 31% 32% 33% 34% 35% 36% 37% 38% 39% 40% 41% 42% 43% 44% 45% 46% 47% 48% 49% 50% 51% 52% 53% 54% 55% 56% 57% 58% 59% 60% 61% 62% 63% 64% 65% 66% 67% 68% 69% 70% 71% 72% 73% 74% 75% 76% 77% 78% 79% 80% 81% 82% 83% 84% 85% 86% 87% 88% 89% 90% 91% 92% 93% 94% 95% 96% 97% 98% 99%100%
Loading Installation System (3/6) -            0%  1%  2%  3%  4%  5%  6%  7%  8%  9% 10% 11% 12% 13% 14% 15% 16% 17% 18% 19% 20% 21% 22% 23% 24% 25% 26% 27% 28% 29% 30% 31% 32% 33% 34% 35% 36% 37% 38% 39% 40% 41% 42% 43% 44% 45% 46% 47% 48% 49% 50% 51% 52% 53% 54% 55% 56% 57% 58% 59% 60% 61% 62% 63% 64% 65% 66% 67% 68% 69% 70% 71% 72% 73% 74% 75% 76% 77% 78% 79% 80% 81% 82% 83% 84% 85% 86% 87% 88% 89% 90% 91% 92% 93% 94% 95% 96% 97% 98% 99%100%
Loading Installation System (4/6) -            0%  1%  2%  3%  4%  5%  6%  7%  8%  9% 10% 11% 12% 13% 14% 15% 16% 17% 18% 19% 20% 21% 22% 23% 24% 25% 26% 27% 28% 29% 30% 31% 32% 33% 34% 35% 36% 37% 38% 39% 40% 41% 42% 43% 44% 45% 46% 47% 48% 49% 50% 51% 52% 53% 54% 55% 56% 57% 58% 59% 60% 61% 62% 63% 64% 65% 66% 67% 68% 69% 70% 71% 72% 73% 74% 75% 76% 77% 78% 79% 80% 81% 82% 83% 84% 85% 86% 87% 88% 89% 90% 91% 92% 93% 94% 95% 96% 97% 98% 99%100%
Loading Installation System (5/6) - missing (optional)
Loading Installation System (6/6) -           25% 51% 77%100%

your system time is not correct:
Sat Aug  5 09:03:04 UTC 2017
setting system time to:
Tue May 23 12:34:56 UTC 2023

starting rsyslogd (logging to /dev/tty4)... ok
starting klogd... ok
starting nscd... ok
starting yast...
Starting Installer
                                                                > hal.1: read hal data                                                                > misc.9: kernel log                                                                > misc.1: misc data                                                                > misc.1.1: open serial                                                                > misc.2.1: io                                                                > misc.2.2: dma                                                                > misc.2.3: irq                                                                > misc.3: FPU                                                                > misc.3.1: DMA                                                                > misc.3.2: PIC                                                                > misc.3.3: timer                                                                > misc.3.4: RTC                                                                > pci.1: sysfs drivers                                                                > pci.2: get sysfs pci data                                                                > pci.4: build list                                                                > pci.3: macio                                                                > pci.4: vio                                                                > pci.5: xen                                                                > pci.6: ps3                                                                > pci.7: platform                                                                > pci.8: of_platform                                                                > pci.9: vm                                                                > pci.10: virtio                                                                > pci.11: ibmebus                                                                > pci.12: uisvirtpci                                                                > pci.13: mmc                                                                > pci.14: sdio                                                                > pci.15: nd                                                                > pci.16: visorbus                                                                > pci.17: mdio                                                                > serial.1: read info                                                                > serial.2: build list                                                                > misc.5: misc data                                                                > usb.1: sysfs drivers                                                                > usb.2: usb                                                                > usb.3.1: joydev mod                                                                > usb.3.2: evdev mod                                                                > usb.3.3: input                                                                > usb.3.4: lp                                                                > usb.3.5: serial                                                                > int.2: cdrom                                                                > int.3: media                                                                > int.4: floppy                                                                > int.6: mouse                                                                > int.7: hdb                                                                > int.7.1: modules                                                                > int.8: usbscsi                                                                > int.9: hotplug                                                                > int.10: modem                                                                > int.11: wlan                                                                > int.12: udev                                                                > int.13: device names                                                                > int.16: parent                                                                                                                                > hal.1: read hal data                                                                > cpu.1: cpuinfo                                                                > hal.1: read hal data                                                                > misc.9: kernel log                                                                > misc.1: misc data                                                                > misc.2.1: io                                                                > misc.2.2: dma                                                                > misc.2.3: irq                                                                > misc.3: FPU                                                                > misc.3.1: DMA                                                                > misc.3.2: PIC                                                                > misc.3.3: timer                                                                > misc.3.4: RTC                                                                > pci.1: sysfs drivers                                                                > pci.2: get sysfs pci data                                                                > pci.4: build list                                                                > pci.3: macio                                                                > pci.4: vio                                                                > pci.5: xen                                                                > pci.6: ps3                                                                > pci.7: platform                                                                > pci.8: of_platform                                                                > pci.9: vm                                                                > pci.10: virtio                                                                > pci.11: ibmebus                                                                > pci.12: uisvirtpci                                                                > pci.13: mmc                                                                > pci.14: sdio                                                                > pci.15: nd                                                                > pci.16: visorbus                                                                > pci.17: mdio                                                                > misc.5: misc data                                                                > int.2: cdrom                                                                > int.3: media                                                                > int.4: floppy                                                                > int.6: mouse                                                                > int.7: hdb                                                                > int.7.1: modules                                                                > int.8: usbscsi                                                                > int.9: hotplug                                                                > int.10: modem                                                                > int.11: wlan                                                                > int.12: udev                                                                > int.13: device names                                                                > int.16: parent                                                                > hal.1: read hal data                                                                > misc.9: kernel log                                                                > misc.1: misc data                                                                > misc.2.1: io                                                                > misc.2.2: dma                                                                > misc.2.3: irq                                                                > misc.3: FPU                                                                > misc.3.1: DMA                                                                > misc.3.2: PIC                                                                > misc.3.3: timer                                                                > misc.3.4: RTC                                                                > cpu.1: cpuinfo                                                                > misc.5: misc data                                                                > usb.1: sysfs drivers                                                                > usb.2: usb                                                                > usb.3.1: joydev mod                                                                > usb.3.2: evdev mod                                                                > usb.3.3: input                                                                > usb.3.4: lp                                                                > usb.3.5: serial                                                                > input.1: joydev mod                                                                > input.1.1: evdev mod                                                                > input.2: input                                                                > kbd.2: uml                                                                > cpu.1: cpuinfo                                                                > kbd.3: serial console                                                                > int.2: cdrom                                                                > int.3: media                                                                > int.4: floppy                                                                > int.6: mouse                                                                > int.7: hdb                                                                > int.7.1: modules                                                                > int.8: usbscsi                                                                > int.9: hotplug                                                                > int.10: modem                                                                > int.11: wlan                                                                > int.12: udev                                                                > int.13: device names                                                                > int.16: parent                                                                Sampling every 5 s to /var/log/YaST2/memsample.zcat
removed '/etc/zypp/repos.d/repo-backports-debug-update.repo'
removed '/etc/zypp/repos.d/repo-backports-update.repo'
removed '/etc/zypp/repos.d/repo-sle-debug-update.repo'
removed '/etc/zypp/repos.d/repo-sle-update.repo'
*** Starting YaST ***
                                                                                                                                                                                                                                                                                                                                                                                                                                                                                                                                                                                                                                                                                                                                                                                                                                                                                                                                                                                                                                                                                                                                                                                                                                                                                                                                                                                                                                                                                                                                                                                                                                                                                                                                                                                                                                                                                                                                                                                                                                                                                                                                                                                                                                                                                                                                                                                                                                                                                                                                                                                                                                                                                                                                                                                                                                                                                                                                                                                                                                                                                                                                                                                                                                                                                                                                                                                                                                                                                                                                                                                                                                                                                                                                                                                                                                                                                                                                                                                                                                                                                                                                                                                                                                                                                                                                                                                                                                                                                                                                                                                                                                                                                                                                                                                                                                                                                                                                                                                                                                                                                                                                                                                                                                                                                                                                                                                                                                                                                                                                                                                                                                                                                                                                                                                                                                                                                                                                                                                                                                                                                                                                                                                                                                                                                                                                                                                                                                                                                                                                                                                                                                                                                                                                                                                                                                                                                                                                                                                                                                                                                                                                                                                                                                                                                                              YaST2 - installation @ install                                                                                                                                                                                                                                                                                                                                           Initializing ...                                                                                                                                                                                                                                                                                                                                                                                                                                                                                                                                                                                                                                                                                                                                                                                                                                                                                                                                                                                                                                                                                                                                                                                                                                                                                                                                                                                                                                                                                                                                                                                                                                                                                                                                                                                                                                                                                                                                                                                                                                                                                                                                                                                                                                                                                                                                                                                                                                                                                                                                                                                                                                                                                                                                                                                                                                                                                                                                                                                                                                                                                                                                                                                                                                                                                                                                                                                                                                                                                                                                                                                                                                                                                                                                                                                                                                                                                                                                                                                                                                                                                                                                                                                                                                                                                                                                                                                                                                                                                                                                                                                                                                                                                                                                                                                                                                                                                                                                                                                                                                                                                                                                                                                                                                                                                                                                                                                                                                                                                                                                                                                                                                                                                                                                                                                                                                                                                                                                                                                                                                                                                                                                                                                                                                                                                                                                                       [Help]                                                   [Back]                                                   [Abort]                                                   [Next]                                                                                                                                                                                                                                                                                                                                                                                                                                                                                                                                                                                                                                   [Next]                                                                                                                                                                                      F1 Help  F8 Back  F9 Abort  F10 Next[Next][Help][Next][Back]
                
