

U-Boot TPL 2022.04-g5266117637 (Nov 14 2023 - 14:06:08)
Channel 0: LPDDR3, 800MHz
BW=32 Col=10 Bk=8 CS0 Row=15 CS1 Row=15 CS=2 Die BW=16 Size=2048MB
Channel 1: LPDDR3, 800MHz
BW=32 Col=10 Bk=8 CS0 Row=15 CS1 Row=15 CS=2 Die BW=16 Size=2048MB
256B stride
Trying to boot from BOOTROM
Returning to boot ROM...

U-Boot SPL 2022.04-g5266117637 (Nov 14 2023 - 14:06:08 +0800)
Trying to boot from MMC2


U-Boot 2022.04-g5266117637 (Nov 14 2023 - 14:06:08 +0800)

SoC: Rockchip rk3399
Reset cause: POR
Model: Rockchip RK3399 Toybrick ProD Board
DRAM:  3.9 GiB
PMIC:  RK8090 (on=0x10, off=0x00)

U-Boot TPL 2022.04-g5266117637 (Nov 14 2023 - 14:06:08)
Channel 0: LPDDR3, 800MHz
BW=32 Col=10 Bk=8 CS0 Row=15 CS1 Row=15 CS=2 Die BW=16 Size=2048MB
Channel 1: LPDDR3, 800MHz
BW=32 Col=10 Bk=8 CS0 Row=15 CS1 Row=15 CS=2 Die BW=16 Size=2048MB
256B stride
Trying to boot from BOOTROM
Returning to boot ROM...

U-Boot SPL 2022.04-g5266117637 (Nov 14 2023 - 14:06:08 +0800)
Trying to boot from MMC2


U-Boot 2022.04-g5266117637 (Nov 14 2023 - 14:06:08 +0800)

SoC: Rockchip rk3399
Reset cause: POR
Model: Rockchip RK3399 Toybrick ProD Board
DRAM:  3.9 GiB
PMIC:  RK8090 (on=0x40, off=0x00)
Core:  260 devices, 25 uclasses, devicetree: separate
MMC:   mmc@fe320000: 1, mmc@fe330000: 0
Loading Environment from MMC... OK
In:    serial
Out:   serial
Err:   serial
Model: Rockchip RK3399 Toybrick ProD Board
Net:   eth0: ethernet@fe300000
Hit any key to stop autoboot:  2  1  0 
starting USB...
Bus usb@fe380000: USB EHCI 1.00
Bus usb@fe3c0000: USB EHCI 1.00
Bus usb@fe900000: Register 2000140 NbrPorts 2
Starting the controller
USB XHCI 1.10
scanning bus usb@fe380000 for devices... 2 USB Device(s) found
scanning bus usb@fe3c0000 for devices... 1 USB Device(s) found
scanning bus usb@fe900000 for devices... 5 USB Device(s) found
       scanning usb for storage devices... 2 Storage Device(s) found

Device 0: Vendor: aigo     Rev: 2.00 Prod: U268            
            Type: Removable Hard Disk
            Capacity: 15000.0 MB = 14.6 GB (30720000 x 512)
... is now current device
Scanning usb 0:1...
libfdt fdt_check_header(): FDT_ERR_BADMAGIC
Card did not respond to voltage select! : -110
Scanning disk mmc@fe320000.blk...
Disk mmc@fe320000.blk not ready
Scanning disk mmc@fe330000.blk...
Scanning disk usb_mass_storage.lun0...
Scanning disk usb_mass_storage.lun0...
Found 14 disks
EFI boot manager: Cannot load any image
Found EFI removable media binary efi/boot/bootaa64.efi
966711 bytes read in 45 ms (20.5 MiB/s)
libfdt fdt_check_header(): FDT_ERR_BADMAGIC
Booting /efi\boot\bootaa64.efi
ethernet@fe300000 Waiting for PHY auto negotiation to complete......... TIMEOUT !
Could not initialize PHY ethernet@fe300000
GRUB version 2.06

‚‚‚‚‚‚‚‚‚‚‚‚‚‚îÄ‚‚‚‚‚‚‚‚‚‚‚‚‚‚‚‚‚‚‚‚‚‚‚‚‚‚‚‚‚‚‚‚‚‚‚‚‚‚‚‚‚‚‚‚‚‚‚‚‚‚‚‚‚‚‚‚‚‚‚‚‚‚‚‚‚‚‚‚‚‚‚‚‚‚‚‚‚‚‚‚‚‚‚‚‚îÄ‚‚‚‚‚‚‚‚‚‚‚‚‚‚‚‚‚‚‚‚‚‚‚‚‚‚‚‚‚‚‚‚‚‚‚‚‚‚îÄ‚‚‚‚‚‚‚‚‚‚‚‚‚‚‚‚‚‚‚‚‚‚‚‚‚‚‚‚‚‚‚‚‚‚‚‚‚‚‚‚‚‚‚‚‚‚‚‚‚‚‚‚‚‚‚‚‚‚‚‚‚‚‚‚‚‚‚‚‚‚‚‚‚‚‚‚‚‚‚‚‚‚‚‚‚‚îÄ‚‚‚‚‚‚‚‚‚‚‚‚‚‚‚‚‚‚‚‚‚‚‚‚‚‚‚‚‚‚‚‚‚‚‚‚‚‚‚‚‚‚‚‚‚‚‚‚‚‚‚‚‚‚‚‚‚‚‚‚‚‚‚‚‚‚‚‚‚‚‚‚‚‚‚‚‚‚‚‚‚‚‚‚‚îÄ‚‚‚‚‚‚‚‚‚‚‚‚‚‚     Use the ‚ and ‚ keys to select which entry is highlighted.                                                                      
      Press enter to boot the selected OS, `e' to edit the commands before booting or `c' for a command-line.                           Install Fedora-IoT 39                                                                                                                  *Test this media & install Fedora-IoT 39                                                                                                 Troubleshooting -->                                                                                                                                                                                                                                                                                                                                                                                                                                                                                                                                                                                                                                                                                                                                                                                                                                                                                                                                                                                                                                                                                                                                                                                                                                                                                                                                                                                                                                                                                                                                                                                                                                                                                                                                                                                                                                                                                                                                                                                                                                                                                                                                                                                                                                                                                                                                                                                                                                                                                                                                                                                                                                                                                                                                                                                                                                                                                                                                                        The highlighted entry will be executed automatically in 60s.                                                                               The highlighted entry will be executed automatically in 59s.                                                                                                                                                                                                                                                                                                                                                                   Test this media & install Fedora-IoT 39                                                                                                *Install Fedora-IoT 39                                                                                                                  EFI stub: Decompressing Linux Kernel...
EFI stub: Using DTB from configuration table
EFI stub: Exiting boot services...
[    0.000000] Booting Linux on physical CPU 0x0000000000 [0x410fd034]
[    0.000000] Linux version 6.5.6-300.fc39.aarch64 (mockbuild@f67da981c3f1401b99e509796f7601de) (gcc (GCC) 13.2.1 20230918 (Red Hat 13.2.1-3), GNU ld version 2.40-13.fc39) #1 SMP PREEMPT_DYNAMIC Fri Oct  6 19:36:57 UTC 2023
[    0.000000] KASLR enabled
[    0.000000] Machine model: Rockchip RK3399 Toybrick ProD Board
[    0.000000] efi: EFI v2.9 by Das U-Boot
[    0.000000] efi: ESRT=0xf4eb7040 RTPROP=0xf4eb9040 SMBIOS=0xf4eb5000 MOKvar=0xf4dcb000 RNG=0xeb462040 MEMRESERVE=0xeb461040 
[    0.000000] random: crng init done
[    0.000000] esrt: Reserving ESRT space from 0x00000000f4eb7040 to 0x00000000f4eb7078.
[    0.000000] NUMA: No NUMA configuration found
[    0.000000] NUMA: Faking a node at [mem 0x0000000000200000-0x00000000f7ffffff]
[    0.000000] NUMA: NODE_DATA [mem 0xf7582300-0xf7598fff]
[    0.000000] Zone ranges:
[    0.000000]   DMA      [mem 0x0000000000200000-0x00000000f7ffffff]
[    0.000000]   DMA32    empty
[    0.000000]   Normal   empty
[    0.000000]   Device   empty
[    0.000000] Movable zone start for each node
[    0.000000] Early memory node ranges
[    0.000000]   node   0: [mem 0x0000000000200000-0x00000000f4dcafff]
[    0.000000]   node   0: [mem 0x00000000f4dcb000-0x00000000f4dcbfff]
[    0.000000]   node   0: [mem 0x00000000f4dcc000-0x00000000f4eb4fff]
[    0.000000]   node   0: [mem 0x00000000f4eb5000-0x00000000f4eb5fff]
[    0.000000]   node   0: [mem 0x00000000f4eb6000-0x00000000f4eb8fff]
[    0.000000]   node   0: [mem 0x00000000f4eb9000-0x00000000f4eb9fff]
[    0.000000]   node   0: [mem 0x00000000f4eba000-0x00000000f4ebbfff]
[    0.000000]   node   0: [mem 0x00000000f4ebc000-0x00000000f4ebdfff]
[    0.000000]   node   0: [mem 0x00000000f4ebe000-0x00000000f4ebefff]
[    0.000000]   node   0: [mem 0x00000000f4ebf000-0x00000000f4ec2fff]
[    0.000000]   node   0: [mem 0x00000000f4ec3000-0x00000000f7eeffff]
[    0.000000]   node   0: [mem 0x00000000f7ef0000-0x00000000f7efffff]
[    0.000000]   node   0: [mem 0x00000000f7f00000-0x00000000f7ffffff]
[    0.000000] Initmem setup node 0 [mem 0x0000000000200000-0x00000000f7ffffff]
[    0.000000] On node 0, zone DMA: 512 pages in unavailable ranges
[    0.000000] cma: Reserved 64 MiB at 0x00000000e3200000
[    0.000000] psci: probing for conduit method from DT.
[    0.000000] psci: PSCIv1.1 detected in firmware.
[    0.000000] psci: Using standard PSCI v0.2 function IDs
[    0.000000] psci: MIGRATE_INFO_TYPE not supported.
[    0.000000] psci: SMC Calling Convention v1.2
[    0.000000] percpu: Embedded 33 pages/cpu s95528 r8192 d31448 u135168
[    0.000000] Detected VIPT I-cache on CPU0
[    0.000000] CPU features: detected: GIC system register CPU interface
[    0.000000] CPU features: kernel page table isolation forced ON by KASLR
[    0.000000] CPU features: detected: Kernel page table isolation (KPTI)
[    0.000000] CPU features: detected: ARM erratum 845719
[    0.000000] alternatives: applying boot alternatives
[    0.000000] Kernel command line: BOOT_IMAGE=/images/pxeboot/vmlinuz inst.stage2=hd:LABEL=Fedora-iot-ostree-aarch64-39 ro
[    0.000000] Unknown kernel command line parameters "BOOT_IMAGE=/images/pxeboot/vmlinuz", will be passed to user space.
[    0.000000] Dentry cache hash table entries: 524288 (order: 10, 4194304 bytes, linear)
[    0.000000] Inode-cache hash table entries: 262144 (order: 9, 2097152 bytes, linear)
[    0.000000] Fallback order for Node 0: 0 
[    0.000000] Built 1 zonelists, mobility grouping on.  Total pages: 999432
[    0.000000] Policy zone: DMA
[    0.000000] mem auto-init: stack:all(zero), heap alloc:off, heap free:off
[    0.000000] software IO TLB: area num 8.
[    0.000000] software IO TLB: mapped [mem 0x00000000df200000-0x00000000e3200000] (64MB)
[    0.000000] Memory: 3693224K/4061184K available (18112K kernel code, 4194K rwdata, 15364K rodata, 10112K init, 10754K bss, 302424K reserved, 65536K cma-reserved)
[    0.000000] SLUB: HWalign=64, Order=0-3, MinObjects=0, CPUs=6, Nodes=1
[    0.000000] ftrace: allocating 60136 entries in 235 pages
[    0.000000] ftrace: allocated 235 pages with 6 groups
[    0.000000] trace event string verifier disabled
[    0.000000] Dynamic Preempt: voluntary
[    0.000000] rcu: Preemptible hierarchical RCU implementation.
[    0.000000] rcu: 	RCU restricting CPUs from NR_CPUS=4096 to nr_cpu_ids=6.
[    0.000000] 	Trampoline variant of Tasks RCU enabled.
[    0.000000] 	Rude variant of Tasks RCU enabled.
[    0.000000] 	Tracing variant of Tasks RCU enabled.
[    0.000000] rcu: RCU calculated value of scheduler-enlistment delay is 100 jiffies.
[    0.000000] rcu: Adjusting geometry for rcu_fanout_leaf=16, nr_cpu_ids=6
[    0.000000] NR_IRQS: 64, nr_irqs: 64, preallocated irqs: 0
[    0.000000] GICv3: GIC: Using split EOI/Deactivate mode
[    0.000000] GICv3: 256 SPIs implemented
[    0.000000] GICv3: 0 Extended SPIs implemented
[    0.000000] Root IRQ handler: gic_handle_irq
[    0.000000] GICv3: GICv3 features: 16 PPIs
[    0.000000] GICv3: CPU0: found redistributor 0 region 0:0x00000000fef00000
[    0.000000] ITS [mem 0xfee20000-0xfee3ffff]
[    0.000000] ITS@0x00000000fee20000: allocated 65536 Devices @600000 (flat, esz 8, psz 64K, shr 0)
[    0.000000] ITS: using cache flushing for cmd queue
[    0.000000] GICv3: using LPI property table @0x0000000000680000
[    0.000000] GIC: using cache flushing for LPI property table
[    0.000000] GICv3: CPU0: using allocated LPI pending table @0x0000000000690000
[    0.000000] GICv3: GIC: PPI partition interrupt-partition-0[0] { /cpus/cpu@0[0] /cpus/cpu@1[1] /cpus/cpu@2[2] /cpus/cpu@3[3] }
[    0.000000] GICv3: GIC: PPI partition interrupt-partition-1[1] { /cpus/cpu@100[4] /cpus/cpu@101[5] }
[    0.000000] rcu: srcu_init: Setting srcu_struct sizes based on contention.
[    0.000000] arch_timer: cp15 timer(s) running at 24.00MHz (phys).
[    0.000000] clocksource: arch_sys_counter: mask: 0xffffffffffffff max_cycles: 0x588fe9dc0, max_idle_ns: 440795202592 ns
[    0.000001] sched_clock: 56 bits at 24MHz, resolution 41ns, wraps every 4398046511097ns
[    0.002404] kfence: initialized - using 2097152 bytes for 255 objects at 0x(____ptrval____)-0x(____ptrval____)
[    0.002743] Console: colour dummy device 80x25
[    0.002760] printk: console [tty0] enabled
[    0.004403] Calibrating delay loop (skipped), value calculated using timer frequency.. 48.00 BogoMIPS (lpj=24000)
[    0.004454] pid_max: default: 32768 minimum: 301
[    0.004790] LSM: initializing lsm=lockdown,capability,yama,selinux,bpf,landlock,integrity
[    0.004970] Yama: becoming mindful.
[    0.005010] SELinux:  Initializing.
[    0.005394] LSM support for eBPF active
[    0.005425] landlock: Up and running.
[    0.005612] Mount-cache hash table entries: 8192 (order: 4, 65536 bytes, linear)
[    0.005690] Mountpoint-cache hash table entries: 8192 (order: 4, 65536 bytes, linear)
[    0.007963] cacheinfo: Unable to detect cache hierarchy for CPU 0
[    0.009588] RCU Tasks: Setting shift to 3 and lim to 1 rcu_task_cb_adjust=1.
[    0.009801] RCU Tasks Rude: Setting shift to 3 and lim to 1 rcu_task_cb_adjust=1.
[    0.009972] RCU Tasks Trace: Setting shift to 3 and lim to 1 rcu_task_cb_adjust=1.
[    0.010397] rcu: Hierarchical SRCU implementation.
[    0.010424] rcu: 	Max phase no-delay instances is 400.
[    0.012618] Platform MSI: interrupt-controller@fee20000 domain created
[    0.013083] PCI/MSI: /interrupt-controller@fee00000/interrupt-controller@fee20000 domain created
[    0.013349] fsl-mc MSI: interrupt-controller@fee20000 domain created
[    0.016297] Remapping and enabling EFI services.
[    0.017116] smp: Bringing up secondary CPUs ...
[    0.018198] Detected VIPT I-cache on CPU1
[    0.018297] GICv3: CPU1: found redistributor 1 region 0:0x00000000fef20000
[    0.018320] GICv3: CPU1: using allocated LPI pending table @0x00000000006a0000
[    0.018389] CPU1: Booted secondary processor 0x0000000001 [0x410fd034]
[    0.019655] Detected VIPT I-cache on CPU2
[    0.019742] GICv3: CPU2: found redistributor 2 region 0:0x00000000fef40000
[    0.019763] GICv3: CPU2: using allocated LPI pending table @0x00000000006b0000
[    0.019816] CPU2: Booted secondary processor 0x0000000002 [0x410fd034]
[    0.021014] Detected VIPT I-cache on CPU3
[    0.021103] GICv3: CPU3: found redistributor 3 region 0:0x00000000fef60000
[    0.021123] GICv3: CPU3: using allocated LPI pending table @0x00000000006c0000
[    0.021174] CPU3: Booted secondary processor 0x0000000003 [0x410fd034]
[    0.022371] CPU features: detected: Spectre-v2
[    0.022384] CPU features: detected: Spectre-v3a
[    0.022394] CPU features: detected: Spectre-BHB
[    0.022404] CPU features: detected: ARM erratum 1742098
[    0.022412] CPU features: detected: ARM errata 1165522, 1319367, or 1530923
[    0.022419] Detected PIPT I-cache on CPU4
[    0.022501] GICv3: CPU4: found redistributor 100 region 0:0x00000000fef80000
[    0.022520] GICv3: CPU4: using allocated LPI pending table @0x00000000006d0000
[    0.022567] CPU4: Booted secondary processor 0x0000000100 [0x410fd082]
[    0.023674] Detected PIPT I-cache on CPU5
[    0.023742] GICv3: CPU5: found redistributor 101 region 0:0x00000000fefa0000
[    0.023761] GICv3: CPU5: using allocated LPI pending table @0x00000000006e0000
[    0.023798] CPU5: Booted secondary processor 0x0000000101 [0x410fd082]
[    0.024005] smp: Brought up 1 node, 6 CPUs
[    0.024492] SMP: Total of 6 processors activated.
[    0.024518] CPU features: detected: 32-bit EL0 Support
[    0.024538] CPU features: detected: 32-bit EL1 Support
[    0.024563] CPU features: detected: CRC32 instructions
[    0.024856] CPU features: emulated: Privileged Access Never (PAN) using TTBR0_EL1 switching
[    0.024897] CPU: All CPU(s) started at EL2
[    0.024932] alternatives: applying system-wide alternatives
[    0.030397] devtmpfs: initialized
[    0.045092] clocksource: jiffies: mask: 0xffffffff max_cycles: 0xffffffff, max_idle_ns: 1911260446275000 ns
[    0.045163] futex hash table entries: 2048 (order: 5, 131072 bytes, linear)
[    0.046551] pinctrl core: initialized pinctrl subsystem
[    0.049085] SMBIOS 3.0 present.
[    0.049126] DMI: Unknown Unknown Product/Unknown Product, BIOS 2022.04-g5266117637 04/01/2022
[    0.049803] NET: Registered PF_NETLINK/PF_ROUTE protocol family
[    0.051677] DMA: preallocated 512 KiB GFP_KERNEL pool for atomic allocations
[    0.051998] DMA: preallocated 512 KiB GFP_KERNEL|GFP_DMA pool for atomic allocations
[    0.052436] DMA: preallocated 512 KiB GFP_KERNEL|GFP_DMA32 pool for atomic allocations
[    0.052592] audit: initializing netlink subsys (disabled)
[    0.052887] audit: type=2000 audit(0.046:1): state=initialized audit_enabled=0 res=1
[    0.054310] thermal_sys: Registered thermal governor 'fair_share'
[    0.054321] thermal_sys: Registered thermal governor 'step_wise'
[    0.054343] thermal_sys: Registered thermal governor 'user_space'
[    0.054413] cpuidle: using governor menu
[    0.054651] hw-breakpoint: found 6 breakpoint and 4 watchpoint registers.
[    0.054908] ASID allocator initialised with 32768 entries
[    0.055611] Serial: AMBA PL011 UART driver
[    0.078242] platform fe330000.mmc: Fixed dependency cycle(s) with /syscon@ff770000/phy@f780
[    0.083700] platform pinctrl: Fixed dependency cycle(s) with /pinctrl/npu_clk/npu-ref-clk
[    0.087842] gpio gpiochip0: Static allocation of GPIO base is deprecated, use dynamic allocation.
[    0.088345] rockchip-gpio ff720000.gpio0: probed /pinctrl/gpio0@ff720000
[    0.089044] gpio gpiochip1: Static allocation of GPIO base is deprecated, use dynamic allocation.
[    0.089312] rockchip-gpio ff730000.gpio1: probed /pinctrl/gpio1@ff730000
[    0.089742] gpio gpiochip2: Static allocation of GPIO base is deprecated, use dynamic allocation.
[    0.089981] rockchip-gpio ff780000.gpio2: probed /pinctrl/gpio2@ff780000
[    0.090482] gpio gpiochip3: Static allocation of GPIO base is deprecated, use dynamic allocation.
[    0.090711] rockchip-gpio ff788000.gpio3: probed /pinctrl/gpio3@ff788000
[    0.091129] gpio gpiochip4: Static allocation of GPIO base is deprecated, use dynamic allocation.
[    0.091365] rockchip-gpio ff790000.gpio4: probed /pinctrl/gpio4@ff790000
[    0.093000] platform edp-panel: Fixed dependency cycle(s) with /edp@ff970000/ports/port@1/endpoint@0
[    0.096523] Modules: 2G module region forced by RANDOMIZE_MODULE_REGION_FULL
[    0.096548] Modules: 0 pages in range for non-PLT usage
[    0.096554] Modules: 509600 pages in range for PLT usage
[    0.097960] HugeTLB: registered 1.00 GiB page size, pre-allocated 0 pages
[    0.097992] HugeTLB: 0 KiB vmemmap can be freed for a 1.00 GiB page
[    0.098010] HugeTLB: registered 32.0 MiB page size, pre-allocated 0 pages
[    0.098027] HugeTLB: 0 KiB vmemmap can be freed for a 32.0 MiB page
[    0.098044] HugeTLB: registered 2.00 MiB page size, pre-allocated 0 pages
[    0.098060] HugeTLB: 0 KiB vmemmap can be freed for a 2.00 MiB page
[    0.098076] HugeTLB: registered 64.0 KiB page size, pre-allocated 0 pages
[    0.098091] HugeTLB: 0 KiB vmemmap can be freed for a 64.0 KiB page
[    0.099467] cryptd: max_cpu_qlen set to 1000
[    0.100629] raid6: skipped pq benchmark and selected neonx8
[    0.100652] raid6: using neon recovery algorithm
[    0.101210] fbcon: Taking over console
[    0.101247] ACPI: Interpreter disabled.
[    0.102745] iommu: Default domain type: Translated
[    0.102798] iommu: DMA domain TLB invalidation policy: lazy mode
[    0.103618] SCSI subsystem initialized
[    0.104093] usbcore: registered new interface driver usbfs
[    0.104153] usbcore: registered new interface driver hub
[    0.104212] usbcore: registered new device driver usb
[    0.104591] pps_core: LinuxPPS API ver. 1 registered
[    0.104610] pps_core: Software ver. 5.3.6 - Copyright 2005-2007 Rodolfo Giometti <giometti@linux.it>
[    0.104645] PTP clock support registered
[    0.105049] EDAC MC: Ver: 3.0.0
[    0.106074] scmi_core: SCMI protocol bus registered
[    0.106179] efivars: Registered efivars operations
[    0.107901] NetLabel: Initializing
[    0.107921] NetLabel:  domain hash size = 128
[    0.107935] NetLabel:  protocols = UNLABELED CIPSOv4 CALIPSO
[    0.108019] NetLabel:  unlabeled traffic allowed by default
[    0.108051] mctp: management component transport protocol core
[    0.108066] NET: Registered PF_MCTP protocol family
[    0.108449] vgaarb: loaded
[    0.198248] clocksource: Switched to clocksource arch_sys_counter
[    0.331973] VFS: Disk quotas dquot_6.6.0
[    0.332057] VFS: Dquot-cache hash table entries: 512 (order 0, 4096 bytes)
[    0.332512] pnp: PnP ACPI: disabled
[    0.344655] NET: Registered PF_INET protocol family
[    0.344932] IP idents hash table entries: 65536 (order: 7, 524288 bytes, linear)
[    0.349602] tcp_listen_portaddr_hash hash table entries: 2048 (order: 3, 32768 bytes, linear)
[    0.349682] Table-perturb hash table entries: 65536 (order: 6, 262144 bytes, linear)
[    0.349820] TCP established hash table entries: 32768 (order: 6, 262144 bytes, linear)
[    0.350188] TCP bind hash table entries: 32768 (order: 8, 1048576 bytes, linear)
[    0.351516] TCP: Hash tables configured (established 32768 bind 32768)
[    0.351864] MPTCP token hash table entries: 4096 (order: 4, 98304 bytes, linear)
[    0.352015] UDP hash table entries: 2048 (order: 4, 65536 bytes, linear)
[    0.352167] UDP-Lite hash table entries: 2048 (order: 4, 65536 bytes, linear)
[    0.352576] NET: Registered PF_UNIX/PF_LOCAL protocol family
[    0.352638] NET: Registered PF_XDP protocol family
[    0.352668] PCI: CLS 0 bytes, default 64
[    0.352971] Trying to unpack rootfs image as initramfs...
[    0.353937] kvm [1]: IPA Size Limit: 40 bits
[    0.360489] kvm [1]: vgic-v2@fff20000
[    0.360542] kvm [1]: GIC system register CPU interface enabled
[    0.360584] kvm [1]: vgic interrupt IRQ18
[    0.360631] kvm [1]: Hyp mode initialized successfully
[    0.363205] Initialise system trusted keyrings
[    0.363292] Key type blacklist registered
[    0.363537] workingset: timestamp_bits=37 max_order=20 bucket_order=0
[    0.363686] zbud: loaded
[    0.366168] integrity: Platform Keyring initialized
[    0.366212] integrity: Machine keyring initialized
[    0.413199] NET: Registered PF_ALG protocol family
[    0.413257] xor: measuring software checksum speed
[    0.416697]    8regs           :  2880 MB/sec
[    0.419916]    32regs          :  3073 MB/sec
[    0.423909]    arm64_neon      :  2483 MB/sec
[    0.423926] xor: using function: 32regs (3073 MB/sec)
[    0.423948] Key type asymmetric registered
[    0.423964] Asymmetric key parser 'x509' registered
[   26.671687] Freeing initrd memory: 95788K
[   26.707920] Block layer SCSI generic (bsg) driver version 0.4 loaded (major 244)
[   26.708169] io scheduler mq-deadline registered
[   26.708190] io scheduler kyber registered
[   26.708292] io scheduler bfq registered
[   26.718003] atomic64_test: passed
[   26.749678] Serial: 8250/16550 driver, 32 ports, IRQ sharing enabled
[   26.765392] ff1a0000.serial: ttyS2 at MMIO 0xff1a0000 (irq = 31, base_baud = 1500000) is a 16550A
[   26.765611] printk: console [ttyS2] enabled
[   26.902610] msm_serial: driver initialized
[   26.913310] usbcore: registered new interface driver usbserial_generic
[   26.913943] usbserial: USB Serial support registered for generic
[   26.914726] mousedev: PS/2 mouse device common for all mice
[   26.916855] i2c 0-0020: Fixed dependency cycle(s) with /i2c@ff3c0000/pmic@20/regulators/DCDC_REG4
[   26.917709] i2c 0-0020: Fixed dependency cycle(s) with /i2c@ff3c0000/pmic@20/regulators/DCDC_REG5
[   26.923531] device-mapper: core: CONFIG_IMA_DISABLE_HTABLE is disabled. Duplicate IMA measurements will not be recorded in the IMA log.
[   26.924670] device-mapper: uevent: version 1.0.3
[   26.925388] device-mapper: ioctl: 4.48.0-ioctl (2023-03-01) initialised: dm-devel@redhat.com
[   26.929159] ledtrig-cpu: registered to indicate activity on CPUs
[   26.931055] SMCCC: SOC_ID: ARCH_SOC_ID not implemented, skipping ....
[   26.932619] hid: raw HID events driver (C) Jiri Kosina
[   26.933289] usbcore: registered new interface driver usbhid
[   26.933796] usbhid: USB HID core driver
[   26.937053] hw perfevents: enabled with armv8_cortex_a53 PMU driver, 7 counters available
[   26.939162] hw perfevents: enabled with armv8_cortex_a72 PMU driver, 7 counters available
[   26.943067] drop_monitor: Initializing network drop monitor service
[   27.027105] Initializing XFRM netlink socket
[   27.027725] NET: Registered PF_INET6 protocol family
[   27.065321] Segment Routing with IPv6
[   27.065676] RPL Segment Routing with IPv6
[   27.066105] In-situ OAM (IOAM) with IPv6
[   27.066575] mip6: Mobile IPv6
[   27.066869] NET: Registered PF_PACKET protocol family
[   27.080670] registered taskstats version 1
[   27.082485] Loading compiled-in X.509 certificates
[   27.144830] Loaded X.509 cert 'Fedora kernel signing key: 2e27c890a22cd4b7d41172eff5f0cff7d70b7a4f'
[   27.164210] page_owner is disabled
[   27.165416] Key type .fscrypt registered
[   27.165801] Key type fscrypt-provisioning registered
[   27.169568] Btrfs loaded, zoned=yes, fsverity=yes
[   27.170126] Key type big_key registered
[   27.172093] Key type encrypted registered
[   27.172949] ima: secureboot mode disabled
[   27.173342] ima: No TPM chip found, activating TPM-bypass!
[   27.173845] Loading compiled-in module X.509 certificates
[   27.177487] Loaded X.509 cert 'Fedora kernel signing key: 2e27c890a22cd4b7d41172eff5f0cff7d70b7a4f'
[   27.178332] ima: Allocated hash algorithm: sha256
[   27.178819] ima: No architecture policies found
[   27.179326] evm: Initialising EVM extended attributes:
[   27.179794] evm: security.selinux
[   27.180099] evm: security.SMACK64 (disabled)
[   27.180507] evm: security.SMACK64EXEC (disabled)
[   27.180926] evm: security.SMACK64TRANSMUTE (disabled)
[   27.181396] evm: security.SMACK64MMAP (disabled)
[   27.181814] evm: security.apparmor (disabled)
[   27.182208] evm: security.ima
[   27.182494] evm: security.capability
[   27.182820] evm: HMAC attrs: 0x1
[   27.423604] alg: No test for 842 (842-scomp)
[   27.424288] alg: No test for 842 (842-generic)
[   28.220620] clk: Disabling unused clocks
[   28.221798] dw-apb-uart ff1a0000.serial: forbid DMA for kernel console
[   28.235120] Freeing unused kernel memory: 10112K
[   28.293525] Checked W+X mappings: passed, no W+X pages found
[   28.294086] Run /init as init process
[   28.328391] systemd[1]: System time before build time, advancing clock.
[   28.363542] systemd[1]: systemd 254.5-2.fc39 running in system mode (+PAM +AUDIT +SELINUX -APPARMOR +IMA +SMACK +SECCOMP -GCRYPT +GNUTLS +OPENSSL +ACL +BLKID +CURL +ELFUTILS +FIDO2 +IDN2 -IDN -IPTC +KMOD +LIBCRYPTSETUP +LIBFDISK +PCRE2 +PWQUALITY +P11KIT +QRENCODE +TPM2 +BZIP2 +LZ4 +XZ +ZLIB +ZSTD +BPF_FRAMEWORK +XKBCOMMON +UTMP +SYSVINIT default-hierarchy=unified)
[   28.366480] systemd[1]: Detected architecture arm64.
[   28.366962] systemd[1]: Running in initrd.

Welcome to Fedora Linux 39 (IoT Edition) dracut-059-15.fc39 (Initramfs)!

[   28.373665] systemd[1]: No hostname configured, using default hostname.
[   28.374977] systemd[1]: Hostname set to <localhost>.
[   28.375904] systemd[1]: Initializing machine ID from random generator.
[   28.866549] systemd[1]: bpf-lsm: LSM BPF program attached
[   28.938843] systemd-gpt-auto-generator[198]: EFI loader partition unknown, exiting.
[   28.939609] systemd-gpt-auto-generator[198]: (The boot loader did not set EFI variable LoaderDevicePartUUID.)
[   29.277856] systemd[1]: Queued start job for default target initrd.target.
[   29.292389] systemd[1]: Reached target initrd-root-device.target - Initrd Root Device.
[  OK  ] Reached target initrd-root-device.target - Initrd Root Device.
[   29.297622] systemd[1]: Reached target slices.target - Slice Units.
[  OK  ] Reached target slices.target - Slice Units.
[   29.301495] systemd[1]: Reached target swap.target - Swaps.
[  OK  ] Reached target swap.target - Swaps.
[   29.305456] systemd[1]: Reached target timers.target - Timer Units.
[  OK  ] Reached target timers.target - Timer Units.
[   29.310330] systemd[1]: Listening on dbus.socket - D-Bus System Message Bus Socket.
[  OK  ] Listening on dbus.socket - D-Bus System Message Bus Socket.
[   29.314926] systemd[1]: Listening on iscsid.socket - Open-iSCSI iscsid Socket.
[  OK  ] Listening on iscsid.socket - Open-iSCSI iscsid Socket.
[   29.319935] systemd[1]: Listening on iscsiuio.socket - Open-iSCSI iscsiuio Socket.
[  OK  ] Listening on iscsiuio.socket - Open-iSCSI iscsiuio Socket.
[   29.325437] systemd[1]: Listening on systemd-journald-dev-log.socket - Journal Socket (/dev/log).
[  OK  ] Listening on systemd-journald-dev-‚socket - Journal Socket (/dev/log).
[   29.331533] systemd[1]: Listening on systemd-journald.socket - Journal Socket.
[  OK  ] Listening on systemd-journald.socket - Journal Socket.
[   29.336647] systemd[1]: Listening on systemd-udevd-control.socket - udev Control Socket.
[  OK  ] Listening on systemd-udevd-control.socket - udev Control Socket.
[   29.342307] systemd[1]: Listening on systemd-udevd-kernel.socket - udev Kernel Socket.
[  OK  ] Listening on systemd-udevd-kernel.socket - udev Kernel Socket.
[   29.346472] systemd[1]: Reached target sockets.target - Socket Units.
[  OK  ] Reached target sockets.target - Socket Units.
[   29.370308] systemd[1]: Starting kmod-static-nodes.service - Create List of Static Device Nodes...
         Starting kmod-static-nodes.service‚eate List of Static Device Nodes...
[   29.382856] systemd[1]: Started rngd.service - Hardware RNG Entropy Gatherer Daemon.
[  OK  ] Started rngd.service - Hardware RNG Entropy Gatherer Daemon.
[   29.399884] systemd[1]: Starting systemd-journald.service - Journal Service...
         Starting systemd-journald.service - Journal Service...
[   29.413081] systemd[1]: Starting systemd-modules-load.service - Load Kernel Modules...
         Starting systemd-modules-load.service - Load Kernel Modules...
[   29.425339] systemd[1]: Starting systemd-sysusers.service - Create System Users...
         Starting systemd-sysusers.service - Create System Users...
[   29.444645] systemd[1]: Starting systemd-vconsole-setup.service - Virtual Console Setup...
         Starting systemd-vconsole-setup.service - Virtual Console Setup...
[   29.462705] systemd[1]: Finished kmod-static-nodes.service - Create List of Static Device Nodes.
[  OK  ] Finished kmod-static-nodes.service‚Create List of Static Device Nodes.
[   29.496616] systemd-journald[256]: Collecting audit messages is disabled.
[   29.544453] systemd[1]: Finished systemd-sysusers.service - Create System Users.
[  OK  ] Finished systemd-sysusers.service - Create System Users.
[   29.564426] systemd[1]: Starting systemd-tmpfiles-setup-dev.service - Create Static Device Nodes in /dev...
         Starting systemd-tmpfiles-setup-de‚eate Static Device Nodes in /dev...
[   29.571615] systemd[1]: Started systemd-journald.service - Journal Service.
[  OK  ] Started systemd-journald.service - Journal Service.
[   29.575969] alua: device handler registered
[   29.583061] emc: device handler registered
[   29.590909] rdac: device handler registered
         Starting systemd-tmpfiles-setup.se‚e Volatile Files and Directories...
[  OK  ] Finished systemd-modules-load.service - Load Kernel Modules.
[  OK  ] Finished systemd-tmpfiles-setup-de‚Create Static Device Nodes in /dev.
         Starting systemd-sysctl.service - Apply Kernel Variables...
[  OK  ] Finished systemd-tmpfiles-setup.se‚ate Volatile Files and Directories.
[  OK  ] Finished systemd-sysctl.service - Apply Kernel Variables.
[  OK  ] Finished systemd-vconsole-setup.service - Virtual Console Setup.
         Starting dracut-cmdline-ask.servic‚or additional cmdline parameters...
[  OK  ] Finished dracut-cmdline-ask.servic‚ for additional cmdline parameters.
         Starting dracut-cmdline.service - dracut cmdline hook...
[   31.985965] Loading iSCSI transport class v2.0-870.
[   32.032686] iscsi: registered transport (tcp)
[   32.140190] iscsi: registered transport (qla4xxx)
[   32.140739] QLogic iSCSI HBA Driver
[   32.174086] libcxgbi:libcxgbi_init_module: Chelsio iSCSI driver library libcxgbi v0.9.1-ko (Apr. 2015)
[   32.241637] Chelsio T3 iSCSI Driver cxgb3i v2.0.1-ko (Apr. 2015)
[   32.242749] iscsi: registered transport (cxgb3i)
[   32.432117] Chelsio T4-T6 iSCSI Driver cxgb4i v0.9.5-ko (Apr. 2015)
[   32.432862] iscsi: registered transport (cxgb4i)
[   32.433328] cxgb4i:cxgb4i_init_module: cxgb4i dcb enabled.
[   32.475121] cnic: QLogic cnicDriver v2.5.22 (July 20, 2015)
[   32.498570] QLogic NetXtreme II iSCSI Driver bnx2i v2.7.10.1 (Jul 16, 2014)
[   32.499722] iscsi: registered transport (bnx2i)
[   32.541192] iscsi: registered transport (be2iscsi)
[   32.541670] In beiscsi_module_init, tt=000000001c1c0b3c
[  OK  ] Finished dracut-cmdline.service - dracut cmdline hook.
         Starting dracut-pre-udev.service - dracut pre-udev hook...
[   33.088742] squashfs: version 4.0 (2009/01/31) Phillip Lougher
[   33.480767] hp_sw: device handler registered
[   33.647584] dracut-pre-udev[599]: anaconda-modprobe: Module edd not found
[   33.662408] dracut-pre-udev[599]: anaconda-modprobe: Module iscsi_ibft not found
[   33.972517] async_tx: api initialized (async)
[   35.389531] device-mapper: multipath round-robin: version 1.2.0 loaded
[   36.331534] RPC: Registered named UNIX socket transport module.
[   36.332091] RPC: Registered udp transport module.
[   36.332550] RPC: Registered tcp transport module.
[   36.332977] RPC: Registered tcp-with-tls transport module.
[   36.333494] RPC: Registered tcp NFSv4.1 backchannel transport module.
[  OK  ] Finished dracut-pre-udev.service - dracut pre-udev hook.
         Starting systemd-udevd.service - R‚ager for Device Events and Files...
[  OK  ] Started systemd-udevd.service - Ru‚anager for Device Events and Files.
         Starting dracut-pre-trigger.service - dracut pre-trigger hook...
[  OK  ] Finished dracut-pre-trigger.service - dracut pre-trigger hook.
         Starting systemd-udev-trigger.service - Coldplug All udev Devices...
[  OK  ] Created slice system-modprobe.slice - Slice /system/modprobe.
         Starting modprobe@configfs.service - Load Kernel Module configfs...
[  OK  ] Finished modprobe@configfs.service - Load Kernel Module configfs.
[  OK  ] Finished systemd-udev-trigger.service - Coldplug All udev Devices.
         Mounting sys-kernel-config.mount - Kernel Configuration File System...
[  OK  ] Reached target network.target - Network.
         Starting dracut-initqueue.service - dracut initqueue hook...
         Starting plymouth-start.service - Show Plymouth Boot Screen...
         Starting systemd-udev-settle.servi‚o Complete Device Initialization...
[  OK  ] Mounted sys-kernel-config.mount - Kernel Configuration File System.
1;-1f[  OK  ] Started plymouth-start.service - Show Plymouth Boot Screen.
[  OK  ] Started systemd-ask-password-plymo‚quests to Plymouth Directory Watch.
[  OK  ] Reached target cryptsetup.target - Local Encrypted Volumes.
[  OK  ] Reached target paths.target - Path Units.
[   39.602029] Synopsys Designware Multimedia Card Interface Driver
[   39.651694] sdhci: Secure Digital Host Controller Interface driver
[   39.652323] sdhci: Copyright(c) Pierre Ossman
[   39.661002] dma-pl330 ff6d0000.dma-controller: Loaded driver for PL330 DMAC-241330
[   39.661769] dma-pl330 ff6d0000.dma-controller: 	DBUFF-32x8bytes Num_Chans-6 Num_Peri-12 Num_Events-12
[   39.680269] dma-pl330 ff6e0000.dma-controller: Loaded driver for PL330 DMAC-241330
[   39.680998] dma-pl330 ff6e0000.dma-controller: 	DBUFF-128x8bytes Num_Chans-8 Num_Peri-20 Num_Events-16
[   39.728457] dwmmc_rockchip fe320000.mmc: IDMAC supports 32-bit address mode.
[   39.729134] dwmmc_rockchip fe320000.mmc: Using internal DMA controller.
[   39.729796] dwmmc_rockchip fe320000.mmc: Version ID is 270a
[   39.730375] dwmmc_rockchip fe320000.mmc: DW MMC controller at irq 44,32 bit host data width,256 deep fifo
[   39.731564] dwmmc_rockchip fe320000.mmc: Got CD GPIO
[   39.744331] mmc_host mmc1: Bus speed (slot 0) = 400000Hz (slot req 400000Hz, actual 400000HZ div = 0)
[   39.783806] dw_wdt ff848000.watchdog: No valid TOPs array specified
[   39.784625] sdhci-pltfm: SDHCI platform and OF driver helper
[   39.837494] mmc0: CQHCI version 5.10
[   39.858826] rk3399-dmc-freq ffa80000.dmc: supply center not found, using dummy regulator
[   39.861921] rk3399-dmc-freq ffa80000.dmc: Invalid operating-points in device tree.
[   39.862893] rk3399-dmc-freq: probe of ffa80000.dmc failed with error -22
[   39.869291] mmc0: SDHCI controller on fe330000.mmc [fe330000.mmc] using ADMA
[   39.924747] rk_gmac-dwmac fe300000.ethernet: IRQ eth_wake_irq not found
[   39.925431] rk_gmac-dwmac fe300000.ethernet: IRQ eth_lpi not found
[   39.926187] rk_gmac-dwmac fe300000.ethernet: PTP uses main clock
[   39.928609] rk_gmac-dwmac fe300000.ethernet: clock input or output? (input).
[   39.929338] rk_gmac-dwmac fe300000.ethernet: TX delay(0x28).
[   39.929872] rk_gmac-dwmac fe300000.ethernet: RX delay(0x11).
[   39.930456] rk_gmac-dwmac fe300000.ethernet: integrated PHY? (no).
[   39.932653] rk_gmac-dwmac fe300000.ethernet: clock input from PHY
[   39.934518] mmc0: Command Queue Engine enabled
[   39.934955] mmc0: new HS400 Enhanced strobe MMC card at address 0001
[   39.938320] rk_gmac-dwmac fe300000.ethernet: init for RGMII
[   39.939387] rk_gmac-dwmac fe300000.ethernet: User ID: 0x10, Synopsys ID: 0x35
[   39.940087] rk_gmac-dwmac fe300000.ethernet: 	DWMAC1000
[   39.940642] rk_gmac-dwmac fe300000.ethernet: DMA HW capability register supported
[   39.941365] rk_gmac-dwmac fe300000.ethernet: RX Checksum Offload Engine supported
[   39.942054] rk_gmac-dwmac fe300000.ethernet: COE Type 2
[   39.942584] rk_gmac-dwmac fe300000.ethernet: TX Checksum insertion supported
[   39.943252] rk_gmac-dwmac fe300000.ethernet: Wake-Up On Lan supported
[   39.943992] rk_gmac-dwmac fe300000.ethernet: Normal descriptors
[   39.944570] rk_gmac-dwmac fe300000.ethernet: Ring mode enabled
[   39.945109] rk_gmac-dwmac fe300000.ethernet: Enable RX Mitigation via HW Watchdog Timer
[   40.161907] RTL8211E Gigabit Ethernet stmmac-0:00: attached PHY driver (mii_bus:phy_addr=stmmac-0:00, irq=POLL)
[   40.162927] RTL8211E Gigabit Ethernet stmmac-0:01: attached PHY driver (mii_bus:phy_addr=stmmac-0:01, irq=POLL)
[   40.174479] rockchip-drm display-subsystem: [drm:rockchip_drm_platform_probe [rockchipdrm]] *ERROR* No available vop found for display-subsystem.
[   40.313011] rk808-regulator rk808-regulator: there is no dvs0 gpio
[   40.313830] rk808-regulator rk808-regulator: there is no dvs1 gpio
[   40.323507] rk_gmac-dwmac fe300000.ethernet end0: renamed from eth0
[   40.335961] rk808-rtc rk808-rtc: registered as rtc0
[   40.340768] rk808-rtc rk808-rtc: setting system clock to 2017-08-05T09:01:10 UTC (1501923670)
[   40.344320] systemd-journald[256]: Time jumped backwards, rotating.
[   40.348941] cpu cpu0: OPP table can't be empty
[   40.349108] mmcblk0: mmc0:0001 Y2P032 29.1 GiB
[   40.366834]  mmcblk0: p1 p2 p3 p4 p5 p6 p7
[   40.368585] vcc_buck5: Bringing 3300000uV into 2200000-2200000uV
[   40.372885] mmcblk0boot0: mmc0:0001 Y2P032 4.00 MiB
[   40.377956] mmcblk0boot1: mmc0:0001 Y2P032 4.00 MiB
[   40.383497] mmcblk0rpmb: mmc0:0001 Y2P032 16.0 MiB, chardev (507:0)
[   40.474056] panel-edp edp-panel: Expected bpc in {6,8,10} but got: 0
[   40.538631] rockchip-dp ff970000.edp: no DP phy configured
[   40.546776] xhci-hcd xhci-hcd.1.auto: xHCI Host Controller
[   40.547823] xhci-hcd xhci-hcd.1.auto: new USB bus registered, assigned bus number 1
[   40.548813] xhci-hcd xhci-hcd.1.auto: hcc params 0x0220fe64 hci version 0x110 quirks 0x0000000002000010
[   40.549751] xhci-hcd xhci-hcd.1.auto: irq 75, io mem 0xfe900000
[   40.550686] xhci-hcd xhci-hcd.1.auto: xHCI Host Controller
[   40.551502] xhci-hcd xhci-hcd.1.auto: new USB bus registered, assigned bus number 2
[   40.552215] xhci-hcd xhci-hcd.1.auto: Host supports USB 3.0 SuperSpeed
[   40.552611] ehci-platform fe3c0000.usb: EHCI Host Controller
[   40.553162] usb usb1: New USB device found, idVendor=1d6b, idProduct=0002, bcdDevice= 6.05
[   40.553527] ohci-platform fe3e0000.usb: Generic Platform OHCI controller
[   40.554048] usb usb1: New USB device strings: Mfr=3, Product=2, SerialNumber=1
[   40.555358] usb usb1: Product: xHCI Host Controller
[   40.555804] usb usb1: Manufacturer: Linux 6.5.6-300.fc39.aarch64 xhci-hcd
[   40.556446] usb usb1: SerialNumber: xhci-hcd.1.auto
[   40.557971] hub 1-0:1.0: USB hub found
[   40.558407] hub 1-0:1.0: 1 port detected
[   40.560422] ohci-platform fe3e0000.usb: new USB bus registered, assigned bus number 4
[   40.561123] usb usb2: We don't know the algorithms for LPM for this host, disabling LPM.
[   40.561435] ohci-platform fe3e0000.usb: irq 78, io mem 0xfe3e0000
[   40.562207] usb usb2: New USB device found, idVendor=1d6b, idProduct=0003, bcdDevice= 6.05
[   40.563274] usb usb2: New USB device strings: Mfr=3, Product=2, SerialNumber=1
[   40.563956] usb usb2: Product: xHCI Host Controller
[   40.564449] usb usb2: Manufacturer: Linux 6.5.6-300.fc39.aarch64 xhci-hcd
[   40.565080] usb usb2: SerialNumber: xhci-hcd.1.auto
[   40.575744] ehci-platform fe3c0000.usb: new USB bus registered, assigned bus number 3
[   40.576361] hub 2-0:1.0: USB hub found
[   40.576743] ehci-platform fe3c0000.usb: irq 77, io mem 0xfe3c0000
[   40.576886] hub 2-0:1.0: 1 port detected
[   40.584308] ehci-platform fe3c0000.usb: USB 2.0 started, EHCI 1.00
[   40.585754] usb usb3: New USB device found, idVendor=1d6b, idProduct=0002, bcdDevice= 6.05
[   40.586577] usb usb3: New USB device strings: Mfr=3, Product=2, SerialNumber=1
[   40.587265] usb usb3: Product: EHCI Host Controller
[   40.587722] usb usb3: Manufacturer: Linux 6.5.6-300.fc39.aarch64 ehci_hcd
[   40.588366] usb usb3: SerialNumber: fe3c0000.usb
[   40.590025] hub 3-0:1.0: USB hub found
[   40.590487] hub 3-0:1.0: 1 port detected
[   40.618671] usb usb4: New USB device found, idVendor=1d6b, idProduct=0001, bcdDevice= 6.05
[   40.619503] usb usb4: New USB device strings: Mfr=3, Product=2, SerialNumber=1
[   40.620179] usb usb4: Product: Generic Platform OHCI controller
[   40.620785] usb usb4: Manufacturer: Linux 6.5.6-300.fc39.aarch64 ohci_hcd
[   40.621442] usb usb4: SerialNumber: fe3e0000.usb
[   40.623120] hub 4-0:1.0: USB hub found
[   40.623628] hub 4-0:1.0: 1 port detected
[   40.739822] systemd-gpt-auto-generator[1097]: EFI loader partition unknown, exiting.
[   40.740874] systemd-gpt-auto-generator[1097]: (The boot loader did not set EFI variable LoaderDevicePartUUID.)
[   40.794284] usb 1-1: new high-speed USB device number 2 using xhci-hcd
[   40.932828] usb 1-1: New USB device found, idVendor=05e3, idProduct=0610, bcdDevice= 4.02
[   40.933626] usb 1-1: New USB device strings: Mfr=1, Product=2, SerialNumber=0
[   40.934305] usb 1-1: Product: USB2.0 Hub
[   40.934670] usb 1-1: Manufacturer: GenesysLogic
[   40.969809] hub 1-1:1.0: USB hub found
[   40.970984] hub 1-1:1.0: 4 ports detected
[   41.048883] usb 2-1: new SuperSpeed USB device number 2 using xhci-hcd
[   41.067190] usb 2-1: New USB device found, idVendor=05e3, idProduct=0616, bcdDevice= 4.02
[   41.068038] usb 2-1: New USB device strings: Mfr=1, Product=2, SerialNumber=0
[   41.068752] usb 2-1: Product: USB3.0 Hub
[   41.069124] usb 2-1: Manufacturer: GenesysLogic
[   41.078177] usbcore: registered new device driver onboard-usb-hub
[   41.131125] hub 2-1:1.0: USB hub found
[   41.132050] hub 2-1:1.0: 4 ports detected
[   41.322590] hub 1-1:1.0: USB hub found
[   41.323887] hub 1-1:1.0: 4 ports detected
[   41.482707] hub 1-1:1.0: USB hub found
[   41.484081] hub 1-1:1.0: 4 ports detected
[  OK  ] Finished systemd-udev-settle.servi‚ To Complete Device Initialization.
         Starting multipathd.service - Devi‚pper Multipath Device Controller...
[  OK  ] Stopped systemd-vconsole-setup.service - Virtual Console Setup.
         Stopping systemd-vconsole-setup.service - Virtual Console Setup...
[   41.838421] usb 1-1.2: new high-speed USB device number 3 using xhci-hcd
         Starting systemd-vconsole-setup.service - Virtual Console Setup...
[   41.926474] usb 1-1.2: New USB device found, idVendor=3535, idProduct=5678, bcdDevice= 2.00
[   41.927338] usb 1-1.2: New USB device strings: Mfr=1, Product=2, SerialNumber=3
[   41.928025] usb 1-1.2: Product: U268
[   41.928425] usb 1-1.2: Manufacturer: aigo
[   41.928811] usb 1-1.2: SerialNumber: 7364981145844156463
[   41.977925] usb-storage 1-1.2:1.0: USB Mass Storage device detected
[   41.979804] scsi host0: usb-storage 1-1.2:1.0
[   41.981810] usbcore: registered new interface driver usb-storage
[  OK  ] Started multipathd.service - Devic‚Mapper Multipath Device Controller.
[  OK  ] Reached target local-fs-pre.target‚Preparation for Local File Systems.
[  OK  ] Reached target local-fs.target - Local File Systems.
[   41.996870] usbcore: registered new interface driver uas
[   42.008410] usb 1-1.3: new high-speed USB device number 4 using xhci-hcd
[   42.088549] usb 1-1.3: New USB device found, idVendor=048d, idProduct=1234, bcdDevice= 1.00
[   42.089373] usb 1-1.3: New USB device strings: Mfr=1, Product=2, SerialNumber=3
[   42.090049] usb 1-1.3: Product: UDisk           
[   42.090515] usb 1-1.3: Manufacturer: General 
[   42.090925] usb 1-1.3: SerialNumber: –
[   42.093275] usb-storage 1-1.3:1.0: USB Mass Storage device detected
[   42.095118] scsi host1: usb-storage 1-1.3:1.0
[  OK  ] Finished systemd-vconsole-setup.service - Virtual Console Setup.
[  OK  ] Reached target sysinit.target - System Initialization.
[  OK  ] Reached target basic.target - Basic System.
[   42.987160] scsi 0:0:0:0: Direct-Access     aigo     U268             2.00 PQ: 0 ANSI: 4
[   42.989779] sd 0:0:0:0: Attached scsi generic sg0 type 0
[   42.990609] sd 0:0:0:0: [sda] 30720000 512-byte logical blocks: (15.7 GB/14.6 GiB)
[   42.991658] sd 0:0:0:0: [sda] Write Protect is off
[   42.992660] sd 0:0:0:0: [sda] No Caching mode page found
[   42.993159] sd 0:0:0:0: [sda] Assuming drive cache: write through
[   43.002142] sd 0:0:0:0: [sda] Attached SCSI removable disk
[   43.114083] scsi 1:0:0:0: Direct-Access     General  UDisk            5.00 PQ: 0 ANSI: 2
[   43.116839] sd 1:0:0:0: Attached scsi generic sg1 type 0
[   43.118392] sd 1:0:0:0: [sdb] 61440000 512-byte logical blocks: (31.5 GB/29.3 GiB)
[   43.119879] sd 1:0:0:0: [sdb] Write Protect is off
[   43.121338] sd 1:0:0:0: [sdb] No Caching mode page found
[   43.121858] sd 1:0:0:0: [sdb] Assuming drive cache: write through
[   43.192080]  sdb: sdb1 sdb2 sdb3
[   43.194599] sd 1:0:0:0: [sdb] Attached SCSI removable disk
[   44.762611] dracut-initqueue[1339]: Unknown device "/dev//run/install/repo//images/install.img": No such device
[   44.803861] dracut-initqueue[1340]: Unknown device "/sys/": No such device
[   45.115976] loop: module loaded
[   45.130599] loop0: detected capacity change from 0 to 2393296
[   45.176561] loop1: detected capacity change from 0 to 8388608
[   45.250445] loop2: detected capacity change from 0 to 67108864
[   52.205437] panfrost ff9a0000.gpu: clock rate = 500000000
[   52.216213] panfrost ff9a0000.gpu: clock rate = 500000000
[   52.219905] platform fe380000.usb: deferred probe pending
[   52.220444] platform ff7c0000.phy: deferred probe pending
[   52.220935] platform ff770000.syscon:usb2phy@e450: deferred probe pending
[   52.221577] platform ff9a0000.gpu: deferred probe pending
[   52.222067] platform fe3a0000.usb: deferred probe pending
[   52.222590] platform fe800000.usb: deferred probe pending
[  OK  ] Finished dracut-initqueue.service - dracut initqueue hook.
[  OK  ] Reached target remote-fs-pre.targe‚reparation for Remote File Systems.
[  OK  ] Reached target remote-cryptsetup.target - Remote Encrypted Volumes.
[  OK  ] Reached target remote-fs.target - Remote File Systems.
         Starting dracut-pre-mount.service - dracut pre-mount hook...
[  OK  ] Finished dracut-pre-mount.service - dracut pre-mount hook.
[  OK  ] Reached target initrd-root-fs.target - Initrd Root File System.
         Starting initrd-parse-etc.service ‚ints Configured in the Real Root...
         Stopping multipathd.service - Devi‚pper Multipath Device Controller...
[  OK  ] Finished initrd-parse-etc.service ‚points Configured in the Real Root.
[  OK  ] Stopped multipathd.service - Devic‚Mapper Multipath Device Controller.
[  OK  ] Reached target initrd-fs.target - Initrd File Systems.
[  OK  ] Reached target initrd.target - Initrd Default Target.
         Starting dracut-mount.service - dracut mount hook...
[   53.019671] EXT4-fs (dm-0): mounted filesystem ec669386-6e60-4afe-9bf2-ebe756699a84 r/w with ordered data mode. Quota mode: none.
[  OK  ] Finished dracut-mount.service - dracut mount hook.
         Starting dracut-pre-pivot.service ‚racut pre-pivot and cleanup hook...
[  OK  ] Finished dracut-pre-pivot.service - dracut pre-pivot and cleanup hook.
         Starting initrd-cleanup.service - ‚ing Up and Shutting Down Daemons...
[  OK  ] Stopped target network.target - Network.
[  OK  ] Stopped target remote-cryptsetup.target - Remote Encrypted Volumes.
[  OK  ] Stopped target timers.target - Timer Units.
[  OK  ] Closed dbus.socket - D-Bus System Message Bus Socket.
[  OK  ] Stopped dracut-pre-pivot.service - dracut pre-pivot and cleanup hook.
[  OK  ] Stopped target initrd.target - Initrd Default Target.
[  OK  ] Stopped target basic.target - Basic System.
[  OK  ] Stopped target initrd-root-device.target - Initrd Root Device.
[  OK  ] Stopped target paths.target - Path Units.
[  OK  ] Stopped target remote-fs.target - Remote File Systems.
[  OK  ] Stopped target remote-fs-pre.targe‚reparation for Remote File Systems.
[  OK  ] Stopped target slices.target - Slice Units.
[  OK  ] Stopped target sockets.target - Socket Units.
[  OK  ] Stopped target sysinit.target - System Initialization.
[  OK  ] Stopped target local-fs.target - Local File Systems.
[  OK  ] Stopped target local-fs-pre.target‚Preparation for Local File Systems.
[  OK  ] Stopped target swap.target - Swaps.
[  OK  ] Closed iscsid.socket - Open-iSCSI iscsid Socket.
[  OK  ] Closed iscsiuio.socket - Open-iSCSI iscsiuio Socket.
[  OK  ] Stopped dracut-mount.service - dracut mount hook.
[  OK  ] Stopped dracut-pre-mount.service - dracut pre-mount hook.
[  OK  ] Stopped target cryptsetup.target - Local Encrypted Volumes.
[  OK  ] Stopped dracut-initqueue.service - dracut initqueue hook.
[  OK  ] Stopped kmod-static-nodes.service ‚Create List of Static Device Nodes.
         Starting plymouth-switch-root.serv‚e - Plymouth switch root service...
[  OK  ] Stopped systemd-sysctl.service - Apply Kernel Variables.
[  OK  ] Stopped systemd-modules-load.service - Load Kernel Modules.
[  OK  ] Stopped systemd-tmpfiles-setup.ser‚ate Volatile Files and Directories.
[  OK  ] Stopped systemd-udev-settle.servic‚ To Complete Device Initialization.
[  OK  ] Stopped systemd-udev-trigger.service - Coldplug All udev Devices.
[  OK  ] Stopped dracut-pre-trigger.service - dracut pre-trigger hook.
         Stopping systemd-udevd.service - R‚ager for Device Events and Files...
[  OK  ] Finished initrd-cleanup.service - ‚aning Up and Shutting Down Daemons.
[  OK  ] Stopped systemd-udevd.service - Ru‚anager for Device Events and Files.
[  OK  ] Closed systemd-udevd-control.socket - udev Control Socket.
[  OK  ] Closed systemd-udevd-kernel.socket - udev Kernel Socket.
[  OK  ] Stopped dracut-pre-udev.service - dracut pre-udev hook.
[  OK  ] Stopped dracut-cmdline.service - dracut cmdline hook.
[  OK  ] Stopped dracut-cmdline-ask.service‚ for additional cmdline parameters.
         Starting initrd-udevadm-cleanup-db.service - Cleanup udev Database...
[  OK  ] Stopped systemd-tmpfiles-setup-dev‚Create Static Device Nodes in /dev.
[  OK  ] Stopped systemd-sysusers.service - Create System Users.
[  OK  ] Finished plymouth-switch-root.service - Plymouth switch root service.
[  OK  ] Finished initrd-udevadm-cleanup-db.service - Cleanup udev Database.
[  OK  ] Reached target initrd-switch-root.target - Switch Root.
         Starting initrd-switch-root.service - Switch Root...
[   55.930939] systemd-journald[256]: Received SIGTERM from PID 1 (systemd).
[   59.828161] SELinux:  policy capability network_peer_controls=1
[   59.828769] SELinux:  policy capability open_perms=1
[   59.829219] SELinux:  policy capability extended_socket_class=1
[   59.829772] SELinux:  policy capability always_check_network=0
[   59.830311] SELinux:  policy capability cgroup_seclabel=1
[   59.830797] SELinux:  policy capability nnp_nosuid_transition=1
[   59.831343] SELinux:  policy capability genfs_seclabel_symlinks=1
[   59.831890] SELinux:  policy capability ioctl_skip_cloexec=0
[   60.041998] audit: type=1403 audit(1501923690.200:2): auid=4294967295 ses=4294967295 lsm=selinux res=1
[   60.070924] systemd[1]: Successfully loaded SELinux policy in 839.277ms.
[   60.335860] systemd[1]: System time before build time, advancing clock.
[   60.338039] audit: type=1400 audit(1695772800.001:3): avc:  denied  { write } for  pid=1 comm="systemd" name="core_pattern" dev="proc" ino=15002 scontext=system_u:system_r:kernel_t:s0 tcontext=system_u:object_r:usermodehelper_t:s0 tclass=file permissive=1
[   60.341161] audit: type=1400 audit(1695772800.004:4): avc:  denied  { read } for  pid=1 comm="systemd" name="net" dev="proc" ino=4026531845 scontext=system_u:system_r:kernel_t:s0 tcontext=system_u:object_r:proc_net_t:s0 tclass=lnk_file permissive=1
[   60.392405] audit: type=1400 audit(1695772800.055:5): avc:  denied  { relabelfrom } for  pid=1 comm="systemd" name="/" dev="sysfs" ino=1 scontext=system_u:system_r:kernel_t:s0 tcontext=system_u:object_r:sysfs_t:s0 tclass=dir permissive=1
[   60.394388] audit: type=1400 audit(1695772800.055:6): avc:  denied  { relabelto } for  pid=1 comm="systemd" name="/" dev="sysfs" ino=1 scontext=system_u:system_r:kernel_t:s0 tcontext=system_u:object_r:sysfs_t:s0 tclass=dir permissive=1
[   60.396296] audit: type=1400 audit(1695772800.056:7): avc:  denied  { relabelfrom } for  pid=1 comm="systemd" name="/" dev="devtmpfs" ino=1 scontext=system_u:system_r:kernel_t:s0 tcontext=system_u:object_r:device_t:s0 tclass=dir permissive=1
[   60.398249] audit: type=1400 audit(1695772800.056:8): avc:  denied  { relabelto } for  pid=1 comm="systemd" name="/" dev="devtmpfs" ino=1 scontext=system_u:system_r:kernel_t:s0 tcontext=system_u:object_r:device_t:s0 tclass=dir permissive=1
[   60.400168] audit: type=1400 audit(1695772800.058:9): avc:  denied  { relabelfrom } for  pid=1 comm="systemd" name="/" dev="tmpfs" ino=1 scontext=system_u:system_r:kernel_t:s0 tcontext=system_u:object_r:tmpfs_t:s0 tclass=dir permissive=1
[   60.402069] audit: type=1400 audit(1695772800.058:10): avc:  denied  { relabelto } for  pid=1 comm="systemd" name="/" dev="tmpfs" ino=1 scontext=system_u:system_r:kernel_t:s0 tcontext=system_u:object_r:tmpfs_t:s0 tclass=dir permissive=1
[   60.403963] audit: type=1400 audit(1695772800.059:11): avc:  denied  { relabelfrom } for  pid=1 comm="systemd" name="/" dev="devpts" ino=1 scontext=system_u:system_r:kernel_t:s0 tcontext=system_u:object_r:devpts_t:s0 tclass=dir permissive=1
[   61.046698] systemd[1]: Relabeled /dev, /dev/shm, /run, /sys/fs/cgroup in 645.571ms.
[   61.128646] systemd[1]: systemd 254.5-2.fc39 running in system mode (+PAM +AUDIT +SELINUX -APPARMOR +IMA +SMACK +SECCOMP -GCRYPT +GNUTLS +OPENSSL +ACL +BLKID +CURL +ELFUTILS +FIDO2 +IDN2 -IDN -IPTC +KMOD +LIBCRYPTSETUP +LIBFDISK +PCRE2 +PWQUALITY +P11KIT +QRENCODE +TPM2 +BZIP2 +LZ4 +XZ +ZLIB +ZSTD +BPF_FRAMEWORK +XKBCOMMON +UTMP +SYSVINIT default-hierarchy=unified)
[   61.131579] systemd[1]: Detected architecture arm64.

Welcome to Fedora Linux 39 (IoT Edition)!

[   61.217404] systemd[1]: Initializing machine ID from random generator.
[   61.991881] systemd[1]: bpf-lsm: LSM BPF program attached
[   62.475748] systemd-gpt-auto-generator[1701]: EFI loader partition unknown, exiting.
[   62.476530] systemd-gpt-auto-generator[1701]: (The boot loader did not set EFI variable LoaderDevicePartUUID.)
[   64.322001] zram: Added device: zram0
[   67.054099] kauditd_printk_skb: 111 callbacks suppressed
[   67.054124] audit: type=1400 audit(1695772806.717:123): avc:  denied  { create } for  pid=1 comm="systemd" scontext=system_u:system_r:kernel_t:s0 tcontext=system_u:system_r:kernel_t:s0 tclass=netlink_kobject_uevent_socket permissive=1
[   67.963806] audit: type=1400 audit(1695772807.627:124): avc:  denied  { create } for  pid=1 comm="systemd" scontext=system_u:system_r:kernel_t:s0 tcontext=system_u:system_r:kernel_t:s0 tclass=netlink_audit_socket permissive=1
[   67.969778] systemd[1]: initrd-switch-root.service: Deactivated successfully.
[   67.981471] systemd[1]: Stopped initrd-switch-root.service - Switch Root.
[  OK  ] Stopped initrd-switch-root.service - Switch Root.
[   67.991438] systemd[1]: systemd-journald.service: Scheduled restart job, restart counter is at 1.
[   67.996164] systemd[1]: Created slice system-anaconda\x2dtmux.slice - Slice /system/anaconda-tmux.
[  OK  ] Created slice system-anaconda\x2dt‚lice - Slice /system/anaconda-tmux.
[   68.000654] systemd[1]: Created slice system-sshd\x2dkeygen.slice - Slice /system/sshd-keygen.
[  OK  ] Created slice system-sshd\x2dkeygen.slice - Slice /system/sshd-keygen.
[   68.004793] systemd[1]: Created slice system-systemd\x2dzram\x2dsetup.slice - Slice /system/systemd-zram-setup.
[  OK  ] Created slice system-systemd\x2dzr‚- Slice /system/systemd-zram-setup.
[   68.008907] systemd[1]: Created slice user.slice - User and Session Slice.
[  OK  ] Created slice user.slice - User[   68.010065] systemd[1]: systemd-ask-password-console.path - Dispatch Password Requests to Console Directory Watch was skipped because of an unmet condition check (ConditionPathExists=!/run/plymouth/pid).
 and Session Slice.
[   68.013440] audit: type=1400 audit(1695772807.676:125): avc:  denied  { relabelfrom } for  pid=1 comm="systemd" name="autofs" dev="devtmpfs" ino=92 scontext=system_u:system_r:kernel_t:s0 tcontext=system_u:object_r:autofs_device_t:s0 tclass=chr_file permissive=1
[   68.014260] systemd[1]: Set up automount proc-sys-fs-binfmt_misc.automount - Arbitrary Executable File Formats File System Automount Point.
[   68.015521] audit: type=1400 audit(1695772807.677:126): avc:  denied  { mounton } for  pid=1 comm="systemd" path="/proc/sys/fs/binfmt_misc" dev="proc" ino=24088 scontext=system_u:system_r:kernel_t:s0 tcontext=system_u:object_r:sysctl_fs_t:s0 tclass=dir permissive=1
[  OK  ] Set up automount proc-sys-fs-binfm‚[   68.019420] systemd[1]: Reached target cryptsetup.target - Local Encrypted Volumes.
Ä¶ormats File System Automount Point.
[  OK  ] Reached target cryptsetup.target   68.021079] systemd[1]: Stopped target initrd-switch-root.target - Switch Root.
m - Local Encrypted Volumes.
[   68.022498] systemd[1]: Stopped target initrd-fs.target - Initrd File Systems.
[  OK  ] Stopped target initrd-switch-root.t[   68.023502] systemd[1]: Stopped target initrd-root-fs.target - Initrd Root File System.
arget - Switch Root.
[  OK  ] Stopped target    68.024722] systemd[1]: Reached target integritysetup.target - Local Integrity Protected Volumes.
0;1;39minitrd-fs.target - Initrd File Systems.
[  O[   68.026215] systemd[1]: Reached target paths.target - Path Units.
K  ] Stopped target initrd-root-fs.target - Ini[   68.027089] systemd[1]: Reached target slices.target - Slice Units.
trd Root File System.
[  OK  ] Reached target    68.028385] systemd[1]: Reached target veritysetup.target - Local Verity Protected Volumes.
;39mintegritysetup.targ‚ Local Integrity Protected Volumes.
[  OK  ] Reached target paths.target - Path Units.
[  OK  ] Reached target slices.target - Slice Units.
[  OK  ] Reached target veritysetup.target - Local Verity Protected Volumes.
[   68.039745] systemd[1]: Listening on lvm2-lvmpolld.socket - LVM2 poll daemon socket.
[  OK  ] Listening on lvm2-lvmpolld.socket - LVM2 poll daemon socket.
[   68.052608] systemd[1]: Listening on systemd-coredump.socket - Process Core Dump Socket.
[  OK  ] Listening on systemd-coredump.socket - Process Core Dump Socket.
[   68.054762] systemd[1]: Listening on systemd-initctl.socket - initctl Compatibility Named Pipe.
[  OK  ] Listening on systemd-initctl.socke‚Ä¶- initctl Compatibility Named Pipe.
[   68.058464] systemd[1]: Listening on systemd-journald-audit.socket - Journal Audit Socket.
[  OK  ] Listening on systemd-journald-audit.socket - Journal Audit Socket.
[   68.063676] systemd[1]: Listening on systemd-udevd-control.socket - udev Control Socket.
[  OK  ] Listening on systemd-udevd-control.socket - udev Control Socket.
[   68.066047] systemd[1]: Listening on systemd-udevd-kernel.socket - udev Kernel Socket.
[  OK  ] Listening on systemd-udevd-kernel.socket - udev Kernel Socket.
[   68.069544] systemd[1]: Listening on systemd-userdbd.socket - User Database Manager Socket.
[  OK  ] Listening on systemd-userdbd.socket - User Database Manager Socket.
[   68.090804] systemd[1]: Mounting dev-hugepages.mount - Huge Pages File System...
         Mounting dev-hugepages.mount - Huge Pages File System...
[   68.108340] systemd[1]: Mounting dev-mqueue.mount - POSIX Message Queue File System...
         Mounting dev-mqueue.mount - POSIX Message Queue File System...
[   68.122399] systemd[1]: Mounting sys-kernel-debug.mount - Kernel Debug File System...
         Mounting sys-kernel-debug.mount - Kernel Debug File System...
[   68.133955] audit: type=1400 audit(1695772807.797:127): avc:  denied  { mounton } for  pid=1725 comm="mount" path="/dev/hugepages" dev="devtmpfs" ino=497 scontext=system_u:system_r:kernel_t:s0 tcontext=system_u:object_r:hugetlbfs_t:s0 tclass=dir permissive=1
[   68.136786] systemd[1]: Mounting sys-kernel-tracing.mount - Kernel Trace File System...
         Mounting sys-kernel-tracing.mount - Kernel Trace File System...
[   68.140000] systemd[1]: iscsi-starter.service was skipped because of an unmet condition check (ConditionDirectoryNotEmpty=/var/lib/iscsi/nodes).
[   68.145109] audit: type=1400 audit(1695772807.808:128): avc:  denied  { mounton } for  pid=1727 comm="mount" path="/sys/kernel/debug" dev="sysfs" ino=3537 scontext=system_u:system_r:kernel_t:s0 tcontext=system_u:object_r:sysfs_t:s0 tclass=dir permissive=1
[   68.153394] systemd[1]: Starting kmod-static-nodes.service - Create List of Static Device Nodes...
         Starting kmod-static-nodes.service‚eate List of Static Device Nodes...
[   68.167680] systemd[1]: Starting modprobe@configfs.service - Load Kernel Module configfs...
         Starting modprobe@configfs.service - Load Kernel Module configfs...
[   68.182322] systemd[1]: Starting modprobe@dm_mod.service - Load Kernel Module dm_mod...
         Starting modprobe@dm_mod.service - Load Kernel Module dm_mod...
[   68.196991] systemd[1]: Starting modprobe@drm.service - Load Kernel Module drm...
         Starting modprobe@drm.service - Load Kernel Module drm...
[   68.211703] systemd[1]: Starting modprobe@efi_pstore.service - Load Kernel Module efi_pstore...
         Starting modprobe@efi_pstore.servi‚ - Load Kernel Module efi_pstore...
[   68.226563] systemd[1]: Starting modprobe@fuse.service - Load Kernel Module fuse...
         Starting modprobe@fuse.service - Load Kernel Module fuse...
[   68.241530] systemd[1]: Starting modprobe@loop.service - Load Kernel Module loop...
         Starting modprobe@loop.service - Load Kern[   68.243081] systemd[1]: plymouth-switch-root.service: Deactivated successfully.
el Module loop...
[   68.254635] systemd[1]: Stopped plymouth-switch-root.service - Plymouth switch root service.
[  OK  ] Stopped plymouth-switch-root.service - Plymouth switch root service.
[   68.288424] systemd[1]: Starting systemd-journald.service - Journal Service...
         Starting systemd-journald.service - Journal Service...
[   68.384535] systemd[1]: Starting systemd-modules-load.service - Load Kernel Modules...
         Starting systemd-modules-load.service - Load Kernel Modules...
[   68.386996] fuse: init (API version 7.38)
[   68.401761] systemd[1]: Starting systemd-network-generator.service - Generate network units from Kernel command line...
         Starting systemd-network-generator‚k uni[   68.403296] systemd[1]: systemd-pcrmachine.service - TPM2 PCR Machine ID Measurement was skipped because of an unmet condition check (ConditionPathExists=/sys/firmware/efi/efivars/StubPcrKernelImage-4a67b082-0a4c-41cf-b6c7-440b29bb8c4f).
ts from Kernel command line...
[   68.418750] systemd[1]: Starting systemd-remount-fs.service - Remount Root and Kernel File Systems...
         Starting systemd-remount-fs.servic‚unt Root and Kernel File Systems...
[   68.436388] systemd[1]: Starting systemd-udev-trigger.service - Coldplug All udev Devices...
         Starting systemd-udev-trigger.service - Coldplug All udev Devices...
[   68.454290] systemd[1]: Mounted dev-hugepages.mount - Huge Pages File System.
[  OK  ] Mounted dev-hugepages.mount - Huge Pages File System.
[   68.457692] systemd[1]: Mounted dev-mqueue.mount - POSIX Message Queue File System.
[  OK  ] Mounted dev-mqueue.mount - POSIX Message Queue File System.
[   68.460843] systemd[1]: Mounted sys-kernel-debug.mount - Kernel Debug File System.
[  OK  ] Mounted sys-kernel-debug.mount - Kernel Debug File System.
[   68.463908] systemd[1]: Mounted sys-kernel-tracing.mount - Kernel Trace File System.
[  OK  ] Mounted sys-kernel-tracing.mount - Kernel Trace File System.
[   68.487468] systemd[1]: Finished kmod-static-nodes.service - Create List of Static Device Nodes.
[  OK  ] Finished kmod-static-nodes.service‚Create List of Static Device Nodes.
[   68.493172] systemd[1]: modprobe@configfs.service: Deactivated successfully.
[   68.504397] systemd[1]: Finished modprobe@configfs.service - Load Kernel Module configfs.
[  OK  ] Finished modprobe@configfs.service - Load Kernel Module configfs.
[   68.508747] systemd[1]: modprobe@dm_mod.service: Deactivated successfully.
[   68.522796] systemd[1]: Finished modprobe@dm_mod.service - Load Kernel Module dm_mod.
[  OK  ] Finished modprobe@dm_mod.service - Load Kernel Module dm_mod.
[   68.527069] systemd[1]: modprobe@drm.service: Deactivated successfully.
[   68.534871] systemd-journald[1736]: Collecting audit messages is enabled.
[   68.541220] audit: type=1400 audit(1695772808.204:129): avc:  denied  { getattr } for  pid=1736 comm="systemd-journal" name="/" dev="tmpfs" ino=1 scontext=system_u:system_r:kernel_t:s0 tcontext=system_u:object_r:tmpfs_t:s0 tclass=filesystem permissive=1
[   68.543820] systemd[1]: Finished modprobe@drm.service - Load Kernel Module drm.
[  OK  ] Finished modprobe@drm.service -[   68.545441] audit: type=1130 audit(1695772808.208:130): pid=1 uid=0 auid=4294967295 ses=4294967295 subj=system_u:system_r:kernel_t:s0 msg='unit=modprobe@drm comm="systemd" exe="/usr/lib/systemd/systemd" hostname=? addr=? terminal=? res=success'
 Load Kernel Module drm.
[   68.547641] audit: type=1131 audit(1695772808.208:131): pid=1 uid=0 auid=4294967295 ses=4294967295 subj=system_u:system_r:kernel_t:s0 msg='unit=modprobe@drm comm="systemd" exe="/usr/lib/systemd/systemd" hostname=? addr=? terminal=? res=success'
[   68.552007] systemd[1]: modprobe@efi_pstore.service: Deactivated successfully.
[   68.573477] systemd[1]: Finished modprobe@efi_pstore.service - Load Kernel Module efi_pstore.
[  OK  ] Finished modprobe@efi_pstore.servic[   68.574755] audit: type=1130 audit(1695772808.238:132): pid=1 uid=0 auid=4294967295 ses=4294967295 subj=system_u:system_r:kernel_t:s0 msg='unit=modprobe@efi_pstore comm="systemd" exe="/usr/lib/systemd/systemd" hostname=? addr=? terminal=? res=success'
e - Load Kernel Module efi_pstore.
[   68.578210] systemd[1]: Started systemd-journald.service - Journal Service.
[  OK  ] Started systemd-journald.service - Journal Service.
[  OK  ] Finished modprobe@fuse.service - Load Kernel Module fuse.
[  OK  ] Finished modprobe@loop.service - Load Kernel Module loop.
[  OK  ] Finished systemd-modules-load.service - Load Kernel Modules.
[  OK  ] Finished systemd-network-generator‚ork units from Kernel command line.
[  OK  ] Finished systemd-remount-fs.servic‚mount Root and Kernel File Systems.
[  OK  ] Reached target network-pre.target - Preparation for Network.
         Mounting sys-fs-fuse-connections.mount - FUSE Control File System...
         Starting multipathd.service - Devi‚pper Multipath Device Controller...
         Starting systemd-hwdb-update.service - Rebuild Hardware Database...
         Starting systemd-journal-flush.ser‚sh Journal to Persistent Storage...
         Starting systemd-random-seed.service - Load/Save OS Random Seed...
         Starting systemd-sysctl.service - Apply Kernel Variables...
         Starting systemd-tmpfiles-setup-de‚ Device Nodes in /dev gracefully...
[  OK  ] Mounted sys-fs-fuse-connections.mount - FUSE Control File System.
[   69.065976] systemd-journald[1736]: Received client request to flush runtime journal.
[  OK  ] Finished systemd-journal-flush.ser‚lush Journal to Persistent Storage.
[  OK  ] Finished systemd-random-seed.service - Load/Save OS Random Seed.
[  OK  ] Finished systemd-sysctl.service - Apply Kernel Variables.
[  OK  ] Finished systemd-tmpfiles-setup-de‚ic Device Nodes in /dev gracefully.
         Starting systemd-sysusers.service - Create System Users...
[  OK  ] Started multipathd.service - Devic‚Mapper Multipath Device Controller.
         Starting systemd-userdbd.service - User Database Manager...
[  OK  ] Finished systemd-udev-trigger.service - Coldplug All udev Devices.
         Starting systemd-udev-settle.servi‚o Complete Device Initialization...
[  OK  ] Started systemd-userdbd.service - User Database Manager.
[  OK  ] Finished systemd-sysusers.service - Create System Users.
         Starting systemd-tmpfiles-setup-de‚eate Static Device Nodes in /dev...
[  OK  ] Finished systemd-tmpfiles-setup-de‚Create Static Device Nodes in /dev.
[  OK  ] Reached target local-fs-pre.target‚Preparation for Local File Systems.
[  OK  ] Finished systemd-hwdb-update.service - Rebuild Hardware Database.
         Starting systemd-udevd.service - R‚ager for Device Events and Files...
[  OK  ] Started systemd-udevd.service - Ru‚anager for Device Events and Files.
         Starting modprobe@configfs.service - Load Kernel Module configfs...
[  OK  ] Finished modprobe@configfs.service - Load Kernel Module configfs.
[  OK  ] Found device dev-zram0.device - /dev/zram0.
         Starting systemd-zram-setup@zram0.‚vice - Create swap on /dev/zram0...
[  OK  ] Finished systemd-zram-setup@zram0.service - Create swap on /dev/zram0.
         Activating swap dev-zram0.swap - Compressed Swap on /dev/zram0...
[  OK  ] Activated swap dev-zram0.swap - Compressed Swap on /dev/zram0.
[  OK  ] Reached target swap.target - Swaps.
         Mounting tmp.mount - Temporary Directory /tmp...
[  OK  ] Mounted tmp.mount - Temporary Directory /tmp.
[  OK  ] Reached target local-fs.target - Local File Systems.
         Starting import-state.service - Im‚ork configuration from initramfs...
         Starting ldconfig.service - Rebuild Dynamic Linker Cache...
         Starting plymouth-read-write.servi‚ymouth To Write Out Runtime Data...
[  OK  ] Created slice system-systemd\x2dba‚ - Slice /system/systemd-backlight.
         Starting systemd-backlight@backlig‚rightness of backlight:backlight...
[  OK  ] Finished plymouth-read-write.servi‚Plymouth To Write Out Runtime Data.
[  OK  ] Finished systemd-backlight@backlig‚ Brightness of backlight:backlight.
[  OK  ] Finished import-state.service - Im‚twork configuration from initramfs.
         Starting systemd-tmpfiles-setup.se‚e Volatile Files and Directories...
[  OK  ] Stopped systemd-vconsole-setup.service - Virtual Console Setup.
         Stopping systemd-vconsole-setup.service - Virtual Console Setup...
         Starting systemd-vconsole-setup.service - Virtual Console Setup...
[  OK  ] Finished systemd-tmpfiles-setup.se‚ate Volatile Files and Directories.
         Starting systemd-journal-catalog-u‚ervice - Rebuild Journal Catalog...
         Starting systemd-resolved.service - Network Name Resolution...
         Starting systemd-update-utmp.servi‚ord System Boot/Shutdown in UTMP...
[  OK  ] Finished systemd-update-utmp.servi‚ecord System Boot/Shutdown in UTMP.
[  OK  ] Finished systemd-journal-catalog-u‚.service - Rebuild Journal Catalog.
[  OK  ] Started lvm-activate-fedora-iot.se‚ --autoactivation event fedora-iot.
[  OK  ] Finished systemd-udev-settle.servi‚ To Complete Device Initialization.
[  OK  ] Finished systemd-vconsole-setup.service - Virtual Console Setup.
[  OK  ] Started systemd-resolved.service - Network Name Resolution.
[  OK  ] Reached target nss-lookup.target - Host and Network Name Lookups.
[*     ] Job ldconfig.service/start running (12s / no limit)
[**    ] Job ldconfig.service/start running (13s / no limit)
[***   ] Job ldconfig.service/start running (13s / no limit)
[ ***  ] Job ldconfig.service/start running (14s / no limit)
[  *** ] Job ldconfig.service/start running (14s / no limit)
[   ***] Job ldconfig.service/start running (15s / no limit)
[    **] Job ldconfig.service/start running (15s / no limit)
[     *] Job ldconfig.service/start running (16s / no limit)
[    **] Job ldconfig.service/start running (16s / no limit)
[   ***] Job ldconfig.service/start running (17s / no limit)
[  *** ] Job ldconfig.service/start running (17s / no limit)
[ ***  ] Job ldconfig.service/start running (18s / no limit)
[***   ] Job ldconfig.service/start running (18s / no limit)
[**    ] Job ldconfig.service/start running (19s / no limit)
[*     ] Job ldconfig.service/start running (19s / no limit)
[**    ] Job ldconfig.service/start running (20s / no limit)
[***   ] Job ldconfig.service/start running (20s / no limit)
[ ***  ] Job ldconfig.service/start running (21s / no limit)
[  *** ] Job ldconfig.service/start running (21s / no limit)
[   ***] Job ldconfig.service/start running (22s / no limit)
[    **] Job ldconfig.service/start running (22s / no limit)
[     *] Job ldconfig.service/start running (23s / no limit)
[    **] Job ldconfig.service/start running (23s / no limit)
[   ***] Job ldconfig.service/start running (24s / no limit)
[  *** ] Job ldconfig.service/start running (24s / no limit)
[ ***  ] Job ldconfig.service/start running (25s / no limit)
[  OK  ] Finished ldconfig.service - Rebuild Dynamic Linker Cache.
         Starting systemd-update-done.service - Update is Completed...
[  OK  ] Finished systemd-update-done.service - Update is Completed.
[  OK  ] Reached target sysinit.target - System Initialization.
[  OK  ] Started raid-check.timer - Weekly RAID setup health check.
[  OK  ] Started systemd-tmpfiles-clean.tim‚y Cleanup of Temporary Directories.
[  OK  ] Reached target timers.target - Timer Units.
[  OK  ] Listening on dbus.socket - D-Bus System Message Bus Socket.
[  OK  ] Listening on iscsid.socket - Open-iSCSI iscsid Socket.
[  OK  ] Listening on iscsiuio.socket - Open-iSCSI iscsiuio Socket.
[  OK  ] Reached target sockets.target - Socket Units.
         Starting dbus-broker.service - D-Bus System Message Bus...
[  OK  ] Started dbus-broker.service - D-Bus System Message Bus.
[  OK  ] Reached target basic.target - Basic System.
         Starting anaconda-nm-config.servic‚nda NetworkManager configuration...
         Starting anaconda-pre.service - pre-anaconda logging service...
         Starting brltty.service - Braille display driver for Linux/Unix...
         Starting dracut-shutdown.service -‚store /run/initramfs on shutdown...
         Starting plymouth-quit-wait.servic‚d until boot process finishes up...
         Starting plymouth-quit.service - Terminate Plymouth Boot Screen...
         Starting rsyslog.service - System Logging Service...
         Starting sshd-keygen@ecdsa.service‚nSSH ecdsa Server Key Generation...
         Starting sshd-keygen@ed25519.servi‚SH ed25519 Server Key Generation...
         Starting sshd-keygen@rsa.service -‚penSSH rsa Server Key Generation...
         Starting systemd-logind.service - User Login Management...
[  OK  ] Finished anaconda-nm-config.servic‚conda NetworkManager configuration.
[  OK  ] Finished anaconda-pre.service - pre-anaconda logging service.
[  OK  ] Finished dracut-shutdown.service - Restore /run/initramfs on shutdown.
[  OK  ] Finished plymouth-quit-wait.servic‚old until boot process finishes up.
[  OK  ] Finished plymouth-quit.service - Terminate Plymouth Boot Screen.
cq10;?11;?






















[anaconda]1:main* 2:shell  3:log  4:storage-log  5:program-log  6:packaging-log 






















[anaconda]1:main* 2:shell  3:log  4:storage-log  5:program-log  6:packaging-log 






















[anaconda]1:main* 2:shell  3:log  4:storage-log  5:program-log  6:packaging-log [anaconda]1:main* 2:shell  3:log  4:storage-log >Switch tab: Alt+Tab | Help: F1 Starting installer, one moment...

** (process:2053): WARNING **: 00:00:48.816: expected enumeration type void, but got PyBlockDevPlugin instead** (process:2053): WARNING **: 00:00:48.816: expected enumeration type void, but got PyBlockDevPlugin instead** (process:2053): WARNING **: 00:00:48.816: expected enumeration type void, but got PyBlockDevPlugin instead









** (process:2053): WARNING **: 00:00:48.817: expected enumeration type void, but got PyBlockDevPlugin instead** (process:2053): WARNING **: 00:00:48.817: expected enumeration type void, but got PyBlockDevPlugin instead** (process:2053): WARNING **: 00:00:48.817: expected enumeration type void, but got PyBlockDevPlugin instead** (process:2053): WARNING **: 00:00:48.817: expected enumeration type void, but got PyBlockDevPlugin instead** (process:2053): WARNING **: 00:00:48.817: expected enumeration type void, but got PyBlockDevPlugin instead

** (process:2053): WARNING **: 00:00:48.817: expected enumeration type void, but got PyBlockDevPlugin instead

** (process:2053): WARNING **: 00:00:48.817: expected enumeration type void, but got PyBlockDevPlugin instead




anaconda 39.32.6-2.fc39 for Fedora-IoT 39 started.
 * installation log files are stored in /tmp during the installation
 * shell is available on TTY2 and in second TMUX pane (ctrl+b, then press 2)
 * when reporting a bug add logs from /tmp as separate text/plain attachments

00:01:26 Not asking for VNC because we don't have a network


X or window manager startup failed, falling back to text mode.

================================================================================================================================================================









Installation

1) [x] Language settings                 2) [x] Time settings
       (English (United States))                (America/New_York timezone)
3) [!] Installation Destination          4) [x] Network configuration
       (Processing...)                          (Unknown)
5) [!] Root password                     6) [!] User creation
       (Root account is disabled)               (No user will be created)


Please make a selection from the above ['b' to begin installation, 'h' to help,
'q' to quit, 'r' to refresh]: 3

Probing storage...


================================================================================================================================================================







Installation Destination

1) [ ] DISK: 29.12 GiB (mmcblk0)
2) [ ] UDisk: 29.3 GiB (sdb)
3) [ ] Select all

No disks selected; please select at least one disk to install to.


Please make a selection from the above ['c' to continue, 'h' to help, 'q' to
quit, 'r' to refresh]: 1


================================================================================================================================================================







Installation Destination

1) [x] DISK: 29.12 GiB (mmcblk0)
2) [ ] UDisk: 29.3 GiB (sdb)
3) [ ] Select all

1 disk selected; 29.12 GiB capacity; 28.75 GiB free


Please make a selection from the above ['c' to continue, 'h' to help, 'q' to
quit, 'r' to refresh]: c


================================================================================================================================================================









Partitioning Options

1) [ ] Replace Existing Linux system(s)
2) [x] Use All Space
3) [ ] Use Free Space
4) [ ] Manually assign mount points

Installation requires partitioning of your hard drive. Select what space to use
for the install target or manually assign mount points.


Please make a selection from the above ['c' to continue, 'h' to help, 'q' to
quit, 'r' to refresh]: 3


================================================================================================================================================================









Partitioning Options

1) [ ] Replace Existing Linux system(s)
2) [ ] Use All Space
3) [x] Use Free Space
4) [ ] Manually assign mount points

Installation requires partitioning of your hard drive. Select what space to use
for the install target or manually assign mount points.


Please make a selection from the above ['c' to continue, 'h' to help, 'q' to
quit, 'r' to refresh]: c


================================================================================================================================================================








Partition Scheme Options

1) [ ] Standard Partition
2) [ ] Btrfs
3) [x] LVM
4) [ ] LVM Thin Provisioning

Select a partition scheme configuration.


Please make a selection from the above ['c' to continue, 'h' to help, 'q' to
quit, 'r' to refresh]: c

Saving storage configuration...

Checking storage configuration...



================================================================================================================================================================









Installation

1) [x] Language settings                 2) [x] Time settings
       (English (United States))                (America/New_York timezone)
3) [x] Installation Destination          4) [x] Network configuration
       (Automatic partitioning                  (Unknown)
       selected)
5) [!] Root password                     6) [!] User creation
       (Root account is disabled)               (No user will be created)


Please make a selection from the above ['b' to begin installation, 'h' to help,
'q' to quit, 'r' to refresh]: 5


================================================================================================================================================================



Root password

Please select new root password. You will have to type it twice.

Password: 
Password (confirm): 


================================================================================================================================================================





Question

The password you have provided is weak: The password fails the dictionary check
- it is too simplistic/systematic
Would you like to use it anyway?

Please respond 'yes' or 'no': yes


================================================================================================================================================================









Installation

1) [x] Language settings                 2) [x] Time settings
       (English (United States))                (America/New_York timezone)
3) [x] Installation Destination          4) [x] Network configuration
       (Automatic partitioning                  (Unknown)
       selected)
5) [x] Root password                     6) [ ] User creation
       (Root password is set)                   (No user will be created)


Please make a selection from the above ['b' to begin installation, 'h' to help,
'q' to quit, 'r' to refresh]: b


================================================================================================================================================================

Progress


Setting up the installation environment
.

Configuring storage

Creating ext4 on /dev/mmcblk0p8

Creating lvmpv on /dev/mmcblk0p9

Creating ext4 on /dev/mapper/fedora--iot00-root
.

Running pre-installation scripts


.
Running pre-installation tasks


.
Installing the software

Starting pull of fedora/stable/aarch64/iot from fedora-iot

Writing objects

Writing objects

Writing objects

Writing objects

Writing objects

Writing objects

Writing objects

Writing objects

Writing objects

Writing objects

Writing objects

Writing objects

Writing objects

Writing objects

Writing objects

Writing objects

Writing objects

Writing objects

Writing objects

Writing objects

Writing objects

Writing objects

Writing objects

Writing objects

Writing objects

Writing objects

Writing objects

Writing objects

Writing objects

Writing objects

Writing objects

Writing objects

Writing objects

Writing objects

Writing objects

Writing objects

Writing objects

Writing objects

Writing objects

Writing objects

Writing objects

Writing objects

Writing objects

Writing objects

Writing objects

Writing objects

Writing objects

Writing objects

Writing objects

Writing objects

Writing objects

Writing objects

Writing objects

Writing objects

Writing objects

Writing objects

Writing objects

Writing objects

Writing objects

Writing objects

Writing objects

Writing objects

Writing objects

Writing objects

Writing objects

Writing objects

Writing objects

Writing objects

Writing objects

Writing objects

Writing objects

Writing objects

Writing objects

Writing objects

Writing objects

Writing objects

Writing objects

Writing objects

Writing objects

Writing objects

Writing objects

Writing objects

Writing objects

Writing objects

Writing objects

Writing objects

Writing objects

Writing objects

Writing objects

Writing objects

Writing objects

Writing objects

Writing objects

Writing objects

Writing objects

Writing objects

Writing objects

Writing objects

Writing objects

Writing objects

Writing objects

Writing objects

Writing objects

Writing objects

Writing objects

Writing objects

Writing objects

Writing objects

Writing objects

Writing objects

Writing objects

Writing objects

Writing objects

Writing objects

Writing objects

Writing objects

Writing objects

Writing objects

Writing objects

Writing objects

Writing objects

Writing objects

Writing objects

Writing objects

Writing objects
Writing objects

Writing objects

Writing objects

Writing objects

Writing objects

Writing objects

Writing objects

Writing objects

Writing objects

Writing objects

Writing objects

Writing objects

Writing objects

Writing objects

Writing objects

Writing objects

Writing objects

Writing objects

Writing objects

Writing objects

Writing objects

Writing objects

Writing objects

Writing objects

Writing objects

Writing objects

Writing objects

Writing objects

Writing objects

Writing objects

Writing objects

Writing objects

Writing objects

Writing objects

Writing objects

Writing objects

Writing objects

Writing objects

Writing objects

Writing objects

Writing objects

Writing objects

Writing objects

Writing objects

Writing objects

Writing objects

Writing objects

Writing objects

Writing objects

Writing objects

Writing objects

Writing objects

Writing objects

Writing objects

Writing objects

Writing objects

Writing objects

Writing objects

Writing objects

Writing objects

Writing objects

Writing objects

Writing objects

Writing objects

Writing objects

Writing objects

Writing objects

Writing objects

Writing objects

Writing objects

Writing objects

Writing objects

Writing objects

Writing objects

Writing objects
Writing objects
Writing objects

Writing objects

Writing objects

Writing objects

Writing objects

Writing objects

Writing objects

Writing objects

Writing objects

Writing objects

Writing objects

Writing objects

Writing objects

Writing objects

Writing objects

Writing objects

Writing objects
Writing objects

Writing objects

Writing objects

Writing objects

Writing objects

Writing objects

Writing objects

Writing objects

Writing objects

Writing objects

Writing objects

Writing objects

Writing objects

Writing objects

Writing objects

Writing objects

Writing objects

Writing objects

Writing objects

Writing objects

Writing objects

Writing objects

Writing objects

Writing objects

Writing objects

Writing objects

Writing objects

Writing objects

Writing objects

Writing objects

Writing objects

Writing objects

Writing objects

Writing objects

Writing objects

Writing objects

Writing objects

Writing objects

Writing objects

Writing objects

Writing objects

Writing objects

Writing objects

Writing objects

Writing objects

Writing objects

Writing objects

Writing objects

Writing objects

Writing objects

Writing objects

Writing objects

Writing objects

Writing objects

Writing objects

Writing objects

Writing objects

Writing objects

Writing objects

Writing objects
Writing objects
Writing objects

Writing objects

Writing objects

Writing objects

Writing objects

Writing objects

Writing objects

Writing objects

Writing objects

Writing objects

Writing objects

Writing objects

Writing objects

Writing objects

Preparing deployment of fedora/stable/aarch64/iot

Deployment starting: fedora/stable/aarch64/iot

Deployment complete: fedora/stable/aarch64/iot
.

Configuring storage


.
Installing boot loader


================================================================================================================================================================






Question

The following error occurred while installing the boot loader. The system will
not be bootable. Would you like to ignore this and continue with installation?

Failed to set new efi boot target. This is most likely a kernel or firmware bug.
Please respond 'yes' or 'no': 
Please respond 'yes' or 'no': yes
.

Performing post-installation setup tasks
.

Configuring installed system


.
Writing network configuration
.

Creating users


.
Configuring addons


.
Generating initramfs
....

Storing configuration files and kickstarts
.

Running post-installation scripts
...

Complete!
Installation complete. Press ENTER to quit: 
[terminated]
1;-1f[  OK  ] Removed slice system-anaconda\x2dt‚lice - Slice /system/anaconda-tmux.
         Stopping anaconda.service - Anaconda...
[  OK  ] Started plymouth-reboot.service - Show Plymouth Reboot Screen.
[  OK  ] Stopped anaconda.service - Anaconda.
[  OK  ] Stopped udisks2.service - Disk Manager.
[  OK  ] Stopped target anaconda.target - Anaconda System Services.
         Stopping NetworkManager.service - Network Manager...
         Stopping brltty.service - Braille display driver for Linux/Unix...
[  OK  ] Stopped plymouth-quit-wait.service‚old until boot process finishes up.
[  OK  ] Stopped plymouth-quit.service - Terminate Plymouth Boot Screen.
         Stopping rsyslog.service - System Logging Service...
         Stopping systemd-logind.service - User Login Management...
[  OK  ] Stopped NetworkManager.service - Network Manager.
[  OK  ] Stopped rsyslog.service - System Logging Service.
[  OK  ] Stopped systemd-logind.service - User Login Management.
[  OK  ] Stopped brltty.service - Braille display driver for Linux/Unix.
[  OK  ] Stopped target network-pre.target - Preparation for Network.
[  OK  ] Stopped systemd-network-generator.‚ork units from Kernel command line.
[  OK  ] Stopped lvm2-lvmdbusd.service - LVM2 D-Bus service.
[*     ] Job dracut-shutdown.service/stop running (4s / 45s)
[**    ] Job dracut-shutdown.service/stop running (5s / 45s)
[***   ] Job dracut-shutdown.service/stop running (5s / 45s)
[ ***  ] Job dracut-shutdown.service/stop running (6s / 45s)
[  *** ] Job dracut-shutdown.service/stop running (6s / 45s)
[   ***] Job dracut-shutdown.service/stop running (7s / 45s)
[    **] Job dracut-shutdown.service/stop running (7s / 45s)
[     *] Job dracut-shutdown.service/stop running (8s / 45s)
[    **] Job dracut-shutdown.service/stop running (8s / 45s)
[   ***] Job dracut-shutdown.service/stop running (9s / 45s)
[  *** ] Job dracut-shutdown.service/stop running (9s / 45s)
[ ***  ] Job dracut-shutdown.service/stop running (10s / 45s)
[***   ] Job dracut-shutdown.service/stop running (10s / 45s)
[**    ] Job dracut-shutdown.service/stop running (11s / 45s)
[*     ] Job dracut-shutdown.service/stop running (11s / 45s)
[**    ] Job dracut-shutdown.service/stop running (12s / 45s)
[***   ] Job dracut-shutdown.service/stop running (12s / 45s)
[ ***  ] Job dracut-shutdown.service/stop running (13s / 45s)
[  *** ] Job dracut-shutdown.service/stop running (13s / 45s)
[   ***] Job dracut-shutdown.service/stop running (14s / 45s)
[    **] Job dracut-shutdown.service/stop running (14s / 45s)
[     *] Job dracut-shutdown.service/stop running (15s / 45s)
[    **] Job dracut-shutdown.service/stop running (15s / 45s)
[   ***] Job dracut-shutdown.service/stop running (16s / 45s)
[  *** ] Job dracut-shutdown.service/stop running (16s / 45s)
[ ***  ] Job dracut-shutdown.service/stop running (17s / 45s)
[***   ] Job dracut-shutdown.service/stop running (17s / 45s)
[**    ] Job dracut-shutdown.service/stop running (18s / 45s)
[*     ] Job dracut-shutdown.service/stop running (18s / 45s)
[**    ] Job dracut-shutdown.service/stop running (19s / 45s)
[***   ] Job dracut-shutdown.service/stop running (19s / 45s)
[ ***  ] Job dracut-shutdown.service/stop running (20s / 45s)
[  *** ] Job dracut-shutdown.service/stop running (20s / 45s)
[   ***] Job dracut-shutdown.service/stop running (21s / 45s)
[    **] Job dracut-shutdown.service/stop running (21s / 45s)
[     *] Job dracut-shutdown.service/stop running (22s / 45s)
[    **] Job dracut-shutdown.service/stop running (22s / 45s)
[   ***] Job dracut-shutdown.service/stop running (23s / 45s)
[  *** ] Job dracut-shutdown.service/stop running (23s / 45s)
[ ***  ] Job dracut-shutdown.service/stop running (24s / 45s)
[***   ] Job dracut-shutdown.service/stop running (24s / 45s)
[  OK  ] Stopped dracut-shutdown.service - Restore /run/initramfs on shutdown.
[  OK  ] Stopped target basic.target - Basic System.
[  OK  ] Stopped systemd-ask-password-plymo‚quests to Plymouth Directory Watch.
[  OK  ] Stopped target paths.target - Path Units.
[  OK  ] Stopped target slices.target - Slice Units.
[  OK  ] Removed slice user.slice - User and Session Slice.
[  OK  ] Stopped target sockets.target - Socket Units.
[  OK  ] Closed iscsid.socket - Open-iSCSI iscsid Socket.
[  OK  ] Closed iscsiuio.socket - Open-iSCSI iscsiuio Socket.
         Stopping dbus-broker.service - D-Bus System Message Bus...
         Starting plymouth-switch-root-init‚ll Plymouth To Jump To initramfs...
[  OK  ] Stopped dbus-broker.service - D-Bus System Message Bus.
[  OK  ] Finished plymouth-switch-root-init‚Tell Plymouth To Jump To initramfs.
[  OK  ] Closed dbus.socket - D-Bus System Message Bus Socket.
[  OK  ] Stopped target sysinit.target - System Initialization.
[  OK  ] Unset automount proc-sys-fs-binfmt‚ormats File System Automount Point.
[  OK  ] Stopped target cryptsetup.target - Local Encrypted Volumes.
[  OK  ] Stopped target integritysetup.targ‚ Local Integrity Protected Volumes.
[  OK  ] Stopped target veritysetup.target - Local Verity Protected Volumes.
         Stopping systemd-backlight@backlig‚rightness of backlight:backlight...
         Stopping systemd-resolved.service - Network Name Resolution...
[  OK  ] Stopped systemd-sysctl.service - Apply Kernel Variables.
[  OK  ] Closed systemd-coredump.socket - Process Core Dump Socket.
[  OK  ] Stopped systemd-modules-load.service - Load Kernel Modules.
[  OK  ] Stopped systemd-update-done.service - Update is Completed.
[  OK  ] Stopped ldconfig.service - Rebuild Dynamic Linker Cache.
[  OK  ] Stopped systemd-hwdb-update.service - Rebuild Hardware Database.
[  OK  ] Stopped systemd-journal-catalog-up‚.service - Rebuild Journal Catalog.
         Stopping systemd-update-utmp.servi‚ord System Boot/Shutdown in UTMP...
[  OK  ] Stopped systemd-resolved.service - Network Name Resolution.
[  OK  ] Stopped systemd-backlight@backligh‚ Brightness of backlight:backlight.
[  OK  ] Removed slice system-systemd\x2dba‚ - Slice /system/systemd-backlight.
[  OK  ] Stopped systemd-update-utmp.servic‚ecord System Boot/Shutdown in UTMP.
[  OK  ] Stopped systemd-tmpfiles-setup.ser‚ate Volatile Files and Directories.
[  OK  ] Stopped import-state.service - Imp‚twork configuration from initramfs.
[  OK  ] Stopped target local-fs.target - Local File Systems.
         Unmounting mnt-sysimage-boot-efi.mount - /mnt/sysimage/boot/efi...
         Unmounting mnt-sysimage-dev-pts.mount - /mnt/sysimage/dev/pts...
         Unmounting mnt-sysimage-dev-shm.mount - /mnt/sysimage/dev/shm...
         Unmounting mnt-sysimage-ostree-dep‚3198be837c1d8e76080ad2.0/dev/pts...
         Unmounting mnt-sysimage-ostree-dep‚3198be837c1d8e76080ad2.0/dev/shm...
         Unmounting mnt-sysimage-ostree-dep‚80ad2.0/sys/firmware/efi/efivars...
         Unmounting mnt-sysimage-ostree-dep‚37c1d8e76080ad2.0/sys/fs/selinux...
         Unmounting mnt-sysimage-proc.mount - /mnt/sysimage/proc...
         Unmounting mnt-sysimage-run.mount - /mnt/sysimage/run...
         Unmounting mnt-sysimage-sys-firmwa‚ysimage/sys/firmware/efi/efivars...
         Unmounting mnt-sysimage-sys-fs-sel‚t - /mnt/sysimage/sys/fs/selinux...
         Unmounting mnt-sysimage-tmp.mount - /mnt/sysimage/tmp...
         Unmounting mnt-sysroot-dev-pts.mount - /mnt/sysroot/dev/pts...
         Unmounting mnt-sysroot-dev-shm.mount - /mnt/sysroot/dev/shm...
         Unmounting mnt-sysroot-sys-firmwar‚sysroot/sys/firmware/efi/efivars...
         Unmounting mnt-sysroot-sys-fs-seli‚nt - /mnt/sysroot/sys/fs/selinux...
         Unmounting run-install-repo.mount - /run/install/repo...
         Unmounting tmp.mount - Temporary Directory /tmp...
         Unmounting var-lib-nfs-rpc_pipefs.mount - /var/lib/nfs/rpc_pipefs...
[  OK  ] Unmounted mnt-sysimage-boot-efi.mount - /mnt/sysimage/boot/efi.
[  OK  ] Unmounted mnt-sysimage-dev-pts.mount - /mnt/sysimage/dev/pts.
[  OK  ] Unmounted mnt-sysimage-dev-shm.mount - /mnt/sysimage/dev/shm.
[  OK  ] Unmounted mnt-sysimage-ostree-depl‚483198be837c1d8e76080ad2.0/dev/pts.
